******************************************************************************
            TI ARM Clang Linker PC v3.2.1                      
******************************************************************************
>> Linked Wed Apr 17 21:47:56 2024

OUTPUT FILE NAME:   <AssemblyExamples.out>
ENTRY POINT SYMBOL: "_c_int00_noargs"  address: 000003d9


MEMORY CONFIGURATION

         name            origin    length      used     unused   attr    fill
----------------------  --------  ---------  --------  --------  ----  --------
  FLASH                 00000000   00020000  00000458  0001fba8  R  X
  SRAM                  20200000   00008000  00000204  00007dfc  RW X
  BCR_CONFIG            41c00000   00000080  00000000  00000080  R   
  BSL_CONFIG            41c00100   00000080  00000000  00000080  R   


SEGMENT ALLOCATION MAP

run origin  load origin   length   init length attrs members
----------  ----------- ---------- ----------- ----- -------
00000000    00000000    00000458   00000458    r-x
  00000000    00000000    000000c0   000000c0    r-- .intvecs
  000000c0    000000c0    00000380   00000380    r-x .text
  00000440    00000440    00000018   00000018    r-- .cinit
20200000    20200000    00000004   00000000    rw-
  20200000    20200000    00000004   00000000    rw- .data
20207e00    20207e00    00000200   00000000    rw-
  20207e00    20207e00    00000200   00000000    rw- .stack


SECTION ALLOCATION MAP

 output                                  attributes/
section   page    origin      length       input sections
--------  ----  ----------  ----------   ----------------
.intvecs   0    00000000    000000c0     
                  00000000    000000c0     startup_mspm0g3507_ticlang.o (.intvecs)

.text      0    000000c0    00000380     
                  000000c0    00000264     AssemblyExamples.o (.text)
                  00000324    00000078     libc.a : copy_decompress_lzss.c.obj (.text:decompress:lzss)
                  0000039c    0000003c            : autoinit.c.obj (.text:__TI_auto_init_nobinit_nopinit)
                  000003d8    00000028            : boot_cortex_m.c.obj (.text:_c_int00_noargs)
                  00000400    00000012            : memcpy16.S.obj (.text:TI_memcpy_small)
                  00000412    00000012            : copy_decompress_none.c.obj (.text:decompress:none)
                  00000424    00000008     libclang_rt.builtins.a : aeabi_memcpy.S.obj (.text.__aeabi_memcpy)
                  0000042c    00000004     startup_mspm0g3507_ticlang.o (.text.Default_Handler)
                  00000430    00000004     startup_mspm0g3507_ticlang.o (.text.Reset_Handler)
                  00000434    00000004     libc.a : pre_init.c.obj (.text._system_pre_init)
                  00000438    00000004            : exit.c.obj (.text:abort)
                  0000043c    00000004     --HOLE-- [fill = 0]

.cinit     0    00000440    00000018     
                  00000440    00000008     (__TI_handler_table)
                  00000448    00000007     (.cinit..data.load) [load image, compression = lzss]
                  0000044f    00000001     --HOLE-- [fill = 0]
                  00000450    00000008     (__TI_cinit_table)

.init_array 
*          0    00000000    00000000     UNINITIALIZED

.binit     0    00000000    00000000     

.data      0    20200000    00000004     UNINITIALIZED
                  20200000    00000004     AssemblyExamples.o (.data)

.stack     0    20207e00    00000200     UNINITIALIZED
                  20207e00    00000004     libc.a : boot_cortex_m.c.obj (.stack)
                  20207e04    000001fc     --HOLE--

__llvm_prf_cnts 
*          0    20200000    00000000     UNINITIALIZED

__llvm_prf_bits 
*          0    20200000    00000000     UNINITIALIZED

MODULE SUMMARY

       Module                         code   ro data   rw data
       ------                         ----   -------   -------
    .\
       AssemblyExamples.o             612    0         4      
    +--+------------------------------+------+---------+---------+
       Total:                         612    0         4      
                                                              
    .\ticlang\
       startup_mspm0g3507_ticlang.o   8      192       0      
    +--+------------------------------+------+---------+---------+
       Total:                         8      192       0      
                                                              
    C:\ti\ccs1260\ccs\tools\compiler\ti-cgt-armllvm_3.2.1.LTS\lib\armv6m-ti-none-eabi/c/libc.a
       copy_decompress_lzss.c.obj     120    0         0      
       autoinit.c.obj                 60     0         0      
       boot_cortex_m.c.obj            40     0         0      
       copy_decompress_none.c.obj     18     0         0      
       memcpy16.S.obj                 18     0         0      
       exit.c.obj                     4      0         0      
       pre_init.c.obj                 4      0         0      
    +--+------------------------------+------+---------+---------+
       Total:                         264    0         0      
                                                              
    C:\ti\ccs1260\ccs\tools\compiler\ti-cgt-armllvm_3.2.1.LTS\lib\clang/15.0.7/lib/armv6m-ti-none-eabi/libclang_rt.builtins.a
       aeabi_memcpy.S.obj             8      0         0      
    +--+------------------------------+------+---------+---------+
       Total:                         8      0         0      
                                                              
       Stack:                         0      0         512    
       Linker Generated:              0      23        0      
    +--+------------------------------+------+---------+---------+
       Grand Total:                   892    215       516    


LINKER GENERATED COPY TABLES

__TI_cinit_table @ 00000450 records: 1, size/record: 8, table size: 8
	.data: load addr=00000448, load size=00000007 bytes, run addr=20200000, run size=00000004 bytes, compression=lzss


LINKER GENERATED HANDLER TABLE

__TI_handler_table @ 00000440 records: 2, size/record: 4, table size: 8
	index: 0, handler: __TI_decompress_lzss
	index: 1, handler: __TI_decompress_none


GLOBAL SYMBOLS: SORTED ALPHABETICALLY BY Name 

address   name                          
-------   ----                          
0000042d  ADC0_IRQHandler               
0000042d  ADC1_IRQHandler               
0000042d  AES_IRQHandler                
00000438  C$$EXIT                       
0000042d  CANFD0_IRQHandler             
0000042d  DAC0_IRQHandler               
0000042d  DMA_IRQHandler                
0000042d  Default_Handler               
0000042d  GROUP0_IRQHandler             
0000042d  GROUP1_IRQHandler             
0000042d  HardFault_Handler             
0000042d  I2C0_IRQHandler               
0000042d  I2C1_IRQHandler               
0000042d  NMI_Handler                   
0000042d  PendSV_Handler                
0000042d  RTC_IRQHandler                
00000431  Reset_Handler                 
0000042d  SPI0_IRQHandler               
0000042d  SPI1_IRQHandler               
0000042d  SVC_Handler                   
0000042d  SysTick_Handler               
0000042d  TIMA0_IRQHandler              
0000042d  TIMA1_IRQHandler              
0000042d  TIMG0_IRQHandler              
0000042d  TIMG12_IRQHandler             
0000042d  TIMG6_IRQHandler              
0000042d  TIMG7_IRQHandler              
0000042d  TIMG8_IRQHandler              
00000401  TI_memcpy_small               
0000042d  UART0_IRQHandler              
0000042d  UART1_IRQHandler              
0000042d  UART2_IRQHandler              
0000042d  UART3_IRQHandler              
20208000  __STACK_END                   
00000200  __STACK_SIZE                  
00000000  __TI_ATRegion0_region_sz      
00000000  __TI_ATRegion0_src_addr       
00000000  __TI_ATRegion0_trg_addr       
00000000  __TI_ATRegion1_region_sz      
00000000  __TI_ATRegion1_src_addr       
00000000  __TI_ATRegion1_trg_addr       
00000000  __TI_ATRegion2_region_sz      
00000000  __TI_ATRegion2_src_addr       
00000000  __TI_ATRegion2_trg_addr       
00000450  __TI_CINIT_Base               
00000458  __TI_CINIT_Limit              
00000458  __TI_CINIT_Warm               
00000440  __TI_Handler_Table_Base       
00000448  __TI_Handler_Table_Limit      
0000039d  __TI_auto_init_nobinit_nopinit
00000325  __TI_decompress_lzss          
00000413  __TI_decompress_none          
ffffffff  __TI_pprof_out_hndl           
ffffffff  __TI_prof_data_size           
ffffffff  __TI_prof_data_start          
00000000  __TI_static_base__            
00000425  __aeabi_memcpy                
00000425  __aeabi_memcpy4               
00000425  __aeabi_memcpy8               
ffffffff  __binit__                     
UNDEFED   __mpu_init                    
20207e00  __stack                       
20200000  __start___llvm_prf_bits       
20200000  __start___llvm_prf_cnts       
20200000  __stop___llvm_prf_bits        
20200000  __stop___llvm_prf_cnts        
000003d9  _c_int00_noargs               
UNDEFED   _system_post_cinit            
00000435  _system_pre_init              
00000439  abort                         
ffffffff  binit                         
00000000  interruptVectors              
000000c0  main                          


GLOBAL SYMBOLS: SORTED BY Symbol Address 

address   name                          
-------   ----                          
00000000  __TI_ATRegion0_region_sz      
00000000  __TI_ATRegion0_src_addr       
00000000  __TI_ATRegion0_trg_addr       
00000000  __TI_ATRegion1_region_sz      
00000000  __TI_ATRegion1_src_addr       
00000000  __TI_ATRegion1_trg_addr       
00000000  __TI_ATRegion2_region_sz      
00000000  __TI_ATRegion2_src_addr       
00000000  __TI_ATRegion2_trg_addr       
00000000  __TI_static_base__            
00000000  interruptVectors              
000000c0  main                          
00000200  __STACK_SIZE                  
00000325  __TI_decompress_lzss          
0000039d  __TI_auto_init_nobinit_nopinit
000003d9  _c_int00_noargs               
00000401  TI_memcpy_small               
00000413  __TI_decompress_none          
00000425  __aeabi_memcpy                
00000425  __aeabi_memcpy4               
00000425  __aeabi_memcpy8               
0000042d  ADC0_IRQHandler               
0000042d  ADC1_IRQHandler               
0000042d  AES_IRQHandler                
0000042d  CANFD0_IRQHandler             
0000042d  DAC0_IRQHandler               
0000042d  DMA_IRQHandler                
0000042d  Default_Handler               
0000042d  GROUP0_IRQHandler             
0000042d  GROUP1_IRQHandler             
0000042d  HardFault_Handler             
0000042d  I2C0_IRQHandler               
0000042d  I2C1_IRQHandler               
0000042d  NMI_Handler                   
0000042d  PendSV_Handler                
0000042d  RTC_IRQHandler                
0000042d  SPI0_IRQHandler               
0000042d  SPI1_IRQHandler               
0000042d  SVC_Handler                   
0000042d  SysTick_Handler               
0000042d  TIMA0_IRQHandler              
0000042d  TIMA1_IRQHandler              
0000042d  TIMG0_IRQHandler              
0000042d  TIMG12_IRQHandler             
0000042d  TIMG6_IRQHandler              
0000042d  TIMG7_IRQHandler              
0000042d  TIMG8_IRQHandler              
0000042d  UART0_IRQHandler              
0000042d  UART1_IRQHandler              
0000042d  UART2_IRQHandler              
0000042d  UART3_IRQHandler              
00000431  Reset_Handler                 
00000435  _system_pre_init              
00000438  C$$EXIT                       
00000439  abort                         
00000440  __TI_Handler_Table_Base       
00000448  __TI_Handler_Table_Limit      
00000450  __TI_CINIT_Base               
00000458  __TI_CINIT_Limit              
00000458  __TI_CINIT_Warm               
20200000  __start___llvm_prf_bits       
20200000  __start___llvm_prf_cnts       
20200000  __stop___llvm_prf_bits        
20200000  __stop___llvm_prf_cnts        
20207e00  __stack                       
20208000  __STACK_END                   
ffffffff  __TI_pprof_out_hndl           
ffffffff  __TI_prof_data_size           
ffffffff  __TI_prof_data_start          
ffffffff  __binit__                     
ffffffff  binit                         
UNDEFED   __mpu_init                    
UNDEFED   _system_post_cinit            

[73 symbols]
