******************************************************************************
            TI ARM Clang Linker PC v3.2.1                      
******************************************************************************
>> Linked Sat Apr 13 12:43:18 2024

OUTPUT FILE NAME:   <SDCFile.out>
ENTRY POINT SYMBOL: "_c_int00_noargs"  address: 0000428d


MEMORY CONFIGURATION

         name            origin    length      used     unused   attr    fill
----------------------  --------  ---------  --------  --------  ----  --------
  FLASH                 00000000   00020000  00004a68  0001b598  R  X
  SRAM                  20200000   00008000  00000cb4  0000734c  RW X
  BCR_CONFIG            41c00000   00000080  00000000  00000080  R   
  BSL_CONFIG            41c00100   00000080  00000000  00000080  R   


SEGMENT ALLOCATION MAP

run origin  load origin   length   init length attrs members
----------  ----------- ---------- ----------- ----- -------
00000000    00000000    00004a68   00004a68    r-x
  00000000    00000000    000000c0   000000c0    r-- .intvecs
  000000c0    000000c0    00004360   00004360    r-x .text
  00004420    00004420    00000610   00000610    r-- .rodata
  00004a30    00004a30    00000038   00000038    r-- .cinit
20200000    20200000    00000ab7   00000000    rw-
  20200000    20200000    0000089d   00000000    rw- .bss
  202008a0    202008a0    00000200   00000000    rw- .sysmem
  20200aa0    20200aa0    00000017   00000000    rw- .data
20207e00    20207e00    00000200   00000000    rw-
  20207e00    20207e00    00000200   00000000    rw- .stack


SECTION ALLOCATION MAP

 output                                  attributes/
section   page    origin      length       input sections
--------  ----  ----------  ----------   ----------------
.intvecs   0    00000000    000000c0     
                  00000000    000000c0     startup_mspm0g3507_ticlang.o (.intvecs)

.text      0    000000c0    00004360     
                  000000c0    0000059c     ff.o (.text.find_volume)
                  0000065c    00000318     ff.o (.text.create_name)
                  00000974    000002b8     diskio.o (.text.disk_ioctl)
                  00000c2c    00000298     ff.o (.text.f_read)
                  00000ec4    00000270     ff.o (.text.f_open)
                  00001134    00000228     diskio.o (.text.disk_initialize)
                  0000135c    00000204     SDCFile.o (.text.main)
                  00001560    000001d0     ff.o (.text.put_fat)
                  00001730    000001cc     ff.o (.text.dir_next)
                  000018fc    000001b4     Clock.o (.text.Clock_Init80MHz)
                  00001ab0    000001a0     ST7735_SDC.o (.text.ST7735_DrawCharS)
                  00001c50    0000016c     ff.o (.text.create_chain)
                  00001dbc    00000158     ff.o (.text.get_fat)
                  00001f14    00000144     ff.o (.text.sync_fs)
                  00002058    00000140     diskio.o (.text.SPI1_Init)
                  00002198    00000128     TExaS.o (.text.ADC_Init)
                  000022c0    00000126     diskio.o (.text.send_cmd)
                  000023e6    00000124     ff.o (.text.dir_sdi)
                  0000250a    00000120     ff.o (.text.follow_path)
                  0000262a    00000002     libclang_rt.builtins.a : aeabi_div0.c.obj (.text.__aeabi_idiv0)
                  0000262c    00000118     ST7735_SDC.o (.text.ST7735_FillRect)
                  00002744    00000118     diskio.o (.text.disk_write)
                  0000285c    00000114     ff.o (.text.f_sync)
                  00002970    000000e8     TExaS.o (.text.UART_Init)
                  00002a58    000000e4     diskio.o (.text.disk_read)
                  00002b3c    000000d0     ST7735_SDC.o (.text.ST7735_OutChar)
                  00002c0c    000000b8     ff.o (.text.check_fs)
                  00002cc4    000000b8     ff.o (.text.remove_chain)
                  00002d7c    000000ae     ff.o (.text.get_ldnumber)
                  00002e2a    00000002     --HOLE-- [fill = 0]
                  00002e2c    000000ac     Timer.o (.text.TimerA1_IntArm)
                  00002ed8    000000ac     SDCFile.o (.text.diskError)
                  00002f84    000000a8     DAC.o (.text.DAC_Init)
                  0000302c    000000a8     Timer.o (.text.TimerG6_IntArm)
                  000030d4    000000a8     Timer.o (.text.TimerG7_IntArm)
                  0000317c    000000a6     ff.o (.text.dir_find)
                  00003222    000000a2     ST7735_SDC.o (.text.commandList)
                  000032c4    000000a2     ff.o (.text.dir_alloc)
                  00003366    00000002     --HOLE-- [fill = 0]
                  00003368    00000098     ST7735_SDC.o (.text.ST7735_InitR)
                  00003400    00000098     ff.o (.text.f_mount)
                  00003498    0000008e     ff.o (.text.sync_window)
                  00003526    00000002     --HOLE-- [fill = 0]
                  00003528    00000088     ST7735_SDC.o (.text.setAddrWindow)
                  000035b0    00000084     ST7735_SDC.o (.text.ST7735_DrawString)
                  00003634    00000084     ST7735_SDC.o (.text.ST7735_OutUDec)
                  000036b8    0000007c     LaunchPad.o (.text.LaunchPad_Init)
                  00003734    0000007c     SDCFile.o (.text.TIMA1_IRQHandler)
                  000037b0    00000078     diskio.o (.text.rcvr_datablock)
                  00003828    00000078     libc.a : copy_decompress_lzss.c.obj (.text:decompress:lzss)
                  000038a0    00000076     diskio.o (.text.xmit_datablock)
                  00003916    00000002     --HOLE-- [fill = 0]
                  00003918    00000070     ST7735_SDC.o (.text.ST7735_DrawPixel)
                  00003988    00000070     ST7735_SDC.o (.text.TFT_OutCommand)
                  000039f8    00000070     diskio.o (.text.disk_timerproc)
                  00003a68    0000006c     ST7735_SDC.o (.text.TFT_OutData)
                  00003ad4    00000068     ff.o (.text.validate)
                  00003b3c    00000062     ff.o (.text.move_window)
                  00003b9e    00000060     ff.o (.text.dir_register)
                  00003bfe    00000002     --HOLE-- [fill = 0]
                  00003c00    00000058     TExaS.o (.text.TExaS_Init)
                  00003c58    00000054     ST7735_SDC.o (.text.fillmessage)
                  00003cac    00000054     ff.o (.text.mem_cmp)
                  00003d00    00000050     diskio.o (.text.wait_ready)
                  00003d50    00000050     diskio.o (.text.xmit_spi_multi)
                  00003da0    00000048     diskio.o (.text.xchg_spi)
                  00003de8    00000044     diskio.o (.text.select)
                  00003e2c    00000040     SPI.o (.text.SPI_Reset)
                  00003e6c    00000040     TExaS.o (.text.TIMG7_IRQHandler)
                  00003eac    00000040     libclang_rt.builtins.a : aeabi_uidivmod.S.obj (.text.__aeabi_uidivmod)
                  00003eec    00000040     ff.o (.text.chk_chr)
                  00003f2c    00000040     ff.o (.text.f_close)
                  00003f6c    0000003c     diskio.o (.text.rcvr_spi)
                  00003fa8    0000003c     libc.a : autoinit.c.obj (.text:__TI_auto_init_nobinit_nopinit)
                  00003fe4    00000038     LaunchPad.o (.text.ActivatePortA_B)
                  0000401c    00000036     ff.o (.text.clust2sect)
                  00004052    00000036     ff.o (.text.ld_clust)
                  00004088    00000034     Clock.o (.text.Clock_Delay1ms)
                  000040bc    00000034     ST7735_SDC.o (.text.ST7735_SetCursor)
                  000040f0    00000034     ff.o (.text.mem_cpy)
                  00004124    00000032     ST7735_SDC.o (.text.ST7735_Color565)
                  00004156    00000002     --HOLE-- [fill = 0]
                  00004158    00000030     diskio.o (.text.disk_status)
                  00004188    0000002c     ST7735_SDC.o (.text.ST7735_FillScreen)
                  000041b4    0000002c     ST7735_SDC.o (.text.commonInit)
                  000041e0    0000002c     diskio.o (.text.init_spi)
                  0000420c    0000002c     diskio.o (.text.rcvr_spi_multi)
                  00004238    0000002a     ff.o (.text.mem_set)
                  00004262    00000002     --HOLE-- [fill = 0]
                  00004264    00000028     TExaS.o (.text.ADC_Start)
                  0000428c    00000028     libc.a : boot_cortex_m.c.obj (.text:_c_int00_noargs)
                  000042b4    00000026     ST7735_SDC.o (.text.ST7735_OutString)
                  000042da    00000026     ff.o (.text.st_clust)
                  00004300    00000024     diskio.o (.text.CS_Init)
                  00004324    0000001e     ST7735_SDC.o (.text.pushColor)
                  00004342    00000002     --HOLE-- [fill = 0]
                  00004344    00000018     diskio.o (.text.TIMG6_IRQHandler)
                  0000435c    00000018     diskio.o (.text.deselect)
                  00004374    00000014     DAC.o (.text.DAC_Out)
                  00004388    00000014     ST7735_SDC.o (.text.ST7735_SetTextColor)
                  0000439c    00000012     libc.a : memcpy16.S.obj (.text:TI_memcpy_small)
                  000043ae    00000012            : copy_decompress_none.c.obj (.text:decompress:none)
                  000043c0    00000010     Clock.o (.text.Clock_Delay)
                  000043d0    00000010     libc.a : copy_zero_init.c.obj (.text:decompress:ZI)
                  000043e0    0000000e            : memset16.S.obj (.text:TI_memset_small)
                  000043ee    00000002     --HOLE-- [fill = 0]
                  000043f0    0000000c     Clock.o (.text.Clock_Freq)
                  000043fc    0000000c     libclang_rt.builtins.a : aeabi_memset.S.obj (.text.__aeabi_memclr)
                  00004408    00000008                            : aeabi_memcpy.S.obj (.text.__aeabi_memcpy)
                  00004410    00000004     startup_mspm0g3507_ticlang.o (.text.Default_Handler)
                  00004414    00000004     startup_mspm0g3507_ticlang.o (.text.Reset_Handler)
                  00004418    00000004     libc.a : pre_init.c.obj (.text._system_pre_init)
                  0000441c    00000004            : exit.c.obj (.text:abort)

.cinit     0    00004a30    00000038     
                  00004a30    00000013     (.cinit..data.load) [load image, compression = lzss]
                  00004a43    00000001     --HOLE-- [fill = 0]
                  00004a44    0000000c     (__TI_handler_table)
                  00004a50    00000008     (.cinit..bss.load) [load image, compression = zero_init]
                  00004a58    00000010     (__TI_cinit_table)

.rodata    0    00004420    00000610     
                  00004420    000004fb     ST7735_SDC.o (.rodata.Font)
                  0000491b    0000003b     ST7735_SDC.o (.rodata.Rcmd1)
                  00004956    0000002b     ST7735_SDC.o (.rodata.Rcmd3)
                  00004981    00000016     ST7735_SDC.o (.rodata.str1.159551548923005986091)
                  00004997    00000011     SDCFile.o (.rodata.str1.15861611179804067521)
                  000049a8    00000010     SDCFile.o (.rodata.str1.142618843498618066281)
                  000049b8    0000000f     ff.o (.rodata.str1.16995173958778585751)
                  000049c7    0000000e     SDCFile.o (.rodata.str1.52217460877480346491)
                  000049d5    0000000d     ST7735_SDC.o (.rodata.Rcmd2green)
                  000049e2    0000000d     ST7735_SDC.o (.rodata.Rcmd2red)
                  000049ef    0000000b     SDCFile.o (.rodata.str1.101117276156166494571)
                  000049fa    0000000b     SDCFile.o (.rodata.str1.27962326698918281431)
                  00004a05    0000000a     SDCFile.o (.rodata.str1.37365988124517768441)
                  00004a0f    0000000a     SDCFile.o (.rodata.str1.50800248367228937661)
                  00004a19    00000007     SDCFile.o (.rodata.str1.15349288096963254891)
                  00004a20    00000006     SDCFile.o (.rodata.str1.34949670211540104411)
                  00004a26    00000006     SDCFile.o (.rodata.str1.35652507944692682991)
                  00004a2c    00000001     SDCFile.o (.rodata.str1.38744879990070687131)
                  00004a2d    00000003     --HOLE-- [fill = 0]

.init_array 
*          0    00000000    00000000     UNINITIALIZED

.binit     0    00000000    00000000     

.bss       0    20200000    0000089d     UNINITIALIZED
                  20200000    00000234     SDCFile.o (.bss.g_sFatFs)
                  20200234    00000224     (.common:Handle)
                  20200458    00000200     (.common:SoundBuf)
                  20200658    00000200     (.common:SoundBuf2)
                  20200858    0000000c     (.common:Message)
                  20200864    00000004     ff.o (.bss.FatFs)
                  20200868    00000004     diskio.o (.bss.Timer1)
                  2020086c    00000004     diskio.o (.bss.Timer2)
                  20200870    00000004     (.common:BufCount)
                  20200874    00000004     (.common:Count)
                  20200878    00000004     (.common:LCDresetFlag)
                  2020087c    00000004     (.common:Messageindex)
                  20200880    00000004     (.common:TExaSLogic)
                  20200884    00000004     (.common:TExaSadc)
                  20200888    00000004     (.common:back)
                  2020088c    00000004     (.common:flag)
                  20200890    00000004     (.common:front)
                  20200894    00000002     ff.o (.bss.Fsid)
                  20200896    00000001     diskio.o (.bss.CardType)
                  20200897    00000001     ST7735_SDC.o (.bss.ColStart)
                  20200898    00000001     ST7735_SDC.o (.bss.RowStart)
                  20200899    00000001     ST7735_SDC.o (.bss.TabColor)
                  2020089a    00000001     (.common:Fresult)
                  2020089b    00000001     (.common:MountFresult)
                  2020089c    00000001     (.common:Result)

.sysmem    0    202008a0    00000200     UNINITIALIZED
                  202008a0    00000010     libc.a : memory.c.obj (.sysmem)
                  202008b0    000001f0     --HOLE--

.data      0    20200aa0    00000017     UNINITIALIZED
                  20200aa0    00000004     Clock.o (.data.BusFreq)
                  20200aa4    00000004     SDCFile.o (.data.IdleTime)
                  20200aa8    00000004     ST7735_SDC.o (.data.StX)
                  20200aac    00000004     ST7735_SDC.o (.data.StY)
                  20200ab0    00000002     ST7735_SDC.o (.data.StTextColor)
                  20200ab2    00000002     ST7735_SDC.o (.data._height)
                  20200ab4    00000002     ST7735_SDC.o (.data._width)
                  20200ab6    00000001     diskio.o (.data.Stat)

.stack     0    20207e00    00000200     UNINITIALIZED
                  20207e00    00000004     libc.a : boot_cortex_m.c.obj (.stack)
                  20207e04    000001fc     --HOLE--

__llvm_prf_cnts 
*          0    20200000    00000000     UNINITIALIZED

__llvm_prf_bits 
*          0    20200000    00000000     UNINITIALIZED

MODULE SUMMARY

       Module                         code    ro data   rw data
       ------                         ----    -------   -------
    .\
       ff.o                           8242    15        6      
       ST7735_SDC.o                   2312    1425      33     
       diskio.o                       3300    0         14     
       SDCFile.o                      812     109       2163   
       TExaS.o                        720     0         8      
       Clock.o                        516     0         4      
       Timer.o                        508     0         0      
       DAC.o                          188     0         0      
       LaunchPad.o                    180     0         0      
       SPI.o                          64      0         0      
    +--+------------------------------+-------+---------+---------+
       Total:                         16842   1549      2228   
                                                               
    .\ticlang\
       startup_mspm0g3507_ticlang.o   8       192       0      
    +--+------------------------------+-------+---------+---------+
       Total:                         8       192       0      
                                                               
    C:\ti\ccs1260\ccs\tools\compiler\ti-cgt-armllvm_3.2.1.LTS\lib\armv6m-ti-none-eabi/c/libc.a
       copy_decompress_lzss.c.obj     120     0         0      
       autoinit.c.obj                 60      0         0      
       boot_cortex_m.c.obj            40      0         0      
       copy_decompress_none.c.obj     18      0         0      
       memcpy16.S.obj                 18      0         0      
       copy_zero_init.c.obj           16      0         0      
       memset16.S.obj                 14      0         0      
       exit.c.obj                     4       0         0      
       pre_init.c.obj                 4       0         0      
    +--+------------------------------+-------+---------+---------+
       Total:                         294     0         0      
                                                               
    C:\ti\ccs1260\ccs\tools\compiler\ti-cgt-armllvm_3.2.1.LTS\lib\clang/15.0.7/lib/armv6m-ti-none-eabi/libclang_rt.builtins.a
       aeabi_uidivmod.S.obj           64      0         0      
       aeabi_memset.S.obj             12      0         0      
       aeabi_memcpy.S.obj             8       0         0      
       aeabi_div0.c.obj               2       0         0      
    +--+------------------------------+-------+---------+---------+
       Total:                         86      0         0      
                                                               
       Heap:                          0       0         512    
       Stack:                         0       0         512    
       Linker Generated:              0       55        0      
    +--+------------------------------+-------+---------+---------+
       Grand Total:                   17230   1796      3252   


LINKER GENERATED COPY TABLES

__TI_cinit_table @ 00004a58 records: 2, size/record: 8, table size: 16
	.data: load addr=00004a30, load size=00000013 bytes, run addr=20200aa0, run size=00000017 bytes, compression=lzss
	.bss: load addr=00004a50, load size=00000008 bytes, run addr=20200000, run size=0000089d bytes, compression=zero_init


LINKER GENERATED HANDLER TABLE

__TI_handler_table @ 00004a44 records: 3, size/record: 4, table size: 12
	index: 0, handler: __TI_decompress_lzss
	index: 1, handler: __TI_decompress_none
	index: 2, handler: __TI_zero_init


GLOBAL SYMBOLS: SORTED ALPHABETICALLY BY Name 

address   name                          
-------   ----                          
00004411  ADC0_IRQHandler               
00004411  ADC1_IRQHandler               
00002199  ADC_Init                      
00004265  ADC_Start                     
00004411  AES_IRQHandler                
00003fe5  ActivatePortA_B               
20200870  BufCount                      
20200aa0  BusFreq                       
0000441c  C$$EXIT                       
00004411  CANFD0_IRQHandler             
00004301  CS_Init                       
000043c1  Clock_Delay                   
00004089  Clock_Delay1ms                
000043f1  Clock_Freq                    
000018fd  Clock_Init80MHz               
20200874  Count                         
00004411  DAC0_IRQHandler               
00002f85  DAC_Init                      
00004375  DAC_Out                       
00004411  DMA_IRQHandler                
00004411  Default_Handler               
2020089a  Fresult                       
00004411  GROUP0_IRQHandler             
00004411  GROUP1_IRQHandler             
20200234  Handle                        
00004411  HardFault_Handler             
00004411  I2C0_IRQHandler               
00004411  I2C1_IRQHandler               
20200aa4  IdleTime                      
20200878  LCDresetFlag                  
000036b9  LaunchPad_Init                
20200858  Message                       
2020087c  Messageindex                  
2020089b  MountFresult                  
00004411  NMI_Handler                   
00004411  PendSV_Handler                
00004411  RTC_IRQHandler                
00004415  Reset_Handler                 
2020089c  Result                        
00004411  SPI0_IRQHandler               
00004411  SPI1_IRQHandler               
00002059  SPI1_Init                     
00003e2d  SPI_Reset                     
00004125  ST7735_Color565               
00001ab1  ST7735_DrawCharS              
00003919  ST7735_DrawPixel              
000035b1  ST7735_DrawString             
0000262d  ST7735_FillRect               
00004189  ST7735_FillScreen             
00003369  ST7735_InitR                  
00002b3d  ST7735_OutChar                
000042b5  ST7735_OutString              
00003635  ST7735_OutUDec                
000040bd  ST7735_SetCursor              
00004389  ST7735_SetTextColor           
00004411  SVC_Handler                   
20200458  SoundBuf                      
20200658  SoundBuf2                     
20200ab0  StTextColor                   
20200aa8  StX                           
20200aac  StY                           
00004411  SysTick_Handler               
20200880  TExaSLogic                    
00003c01  TExaS_Init                    
20200884  TExaSadc                      
00003989  TFT_OutCommand                
00003a69  TFT_OutData                   
00004411  TIMA0_IRQHandler              
00003735  TIMA1_IRQHandler              
00004411  TIMG0_IRQHandler              
00004411  TIMG12_IRQHandler             
00004345  TIMG6_IRQHandler              
00003e6d  TIMG7_IRQHandler              
00004411  TIMG8_IRQHandler              
0000439d  TI_memcpy_small               
000043e1  TI_memset_small               
00002e2d  TimerA1_IntArm                
0000302d  TimerG6_IntArm                
000030d5  TimerG7_IntArm                
00004411  UART0_IRQHandler              
00004411  UART1_IRQHandler              
00004411  UART2_IRQHandler              
00004411  UART3_IRQHandler              
00002971  UART_Init                     
20208000  __STACK_END                   
00000200  __STACK_SIZE                  
00000200  __SYSMEM_SIZE                 
00000000  __TI_ATRegion0_region_sz      
00000000  __TI_ATRegion0_src_addr       
00000000  __TI_ATRegion0_trg_addr       
00000000  __TI_ATRegion1_region_sz      
00000000  __TI_ATRegion1_src_addr       
00000000  __TI_ATRegion1_trg_addr       
00000000  __TI_ATRegion2_region_sz      
00000000  __TI_ATRegion2_src_addr       
00000000  __TI_ATRegion2_trg_addr       
00004a58  __TI_CINIT_Base               
00004a68  __TI_CINIT_Limit              
00004a68  __TI_CINIT_Warm               
00004a44  __TI_Handler_Table_Base       
00004a50  __TI_Handler_Table_Limit      
00003fa9  __TI_auto_init_nobinit_nopinit
00003829  __TI_decompress_lzss          
000043af  __TI_decompress_none          
ffffffff  __TI_pprof_out_hndl           
ffffffff  __TI_prof_data_size           
ffffffff  __TI_prof_data_start          
00000000  __TI_static_base__            
000043d1  __TI_zero_init                
0000262b  __aeabi_idiv0                 
000043fd  __aeabi_memclr                
000043fd  __aeabi_memclr4               
000043fd  __aeabi_memclr8               
00004409  __aeabi_memcpy                
00004409  __aeabi_memcpy4               
00004409  __aeabi_memcpy8               
00003ead  __aeabi_uidiv                 
00003ead  __aeabi_uidivmod              
ffffffff  __binit__                     
UNDEFED   __mpu_init                    
20207e00  __stack                       
20200000  __start___llvm_prf_bits       
20200000  __start___llvm_prf_cnts       
20200000  __stop___llvm_prf_bits        
20200000  __stop___llvm_prf_cnts        
0000428d  _c_int00_noargs               
202008a0  _sys_memory                   
UNDEFED   _system_post_cinit            
00004419  _system_pre_init              
0000441d  abort                         
20200888  back                          
ffffffff  binit                         
0000401d  clust2sect                    
00002ed9  diskError                     
00001135  disk_initialize               
00000975  disk_ioctl                    
00002a59  disk_read                     
00004159  disk_status                   
000039f9  disk_timerproc                
00002745  disk_write                    
00003f2d  f_close                       
00003401  f_mount                       
00000ec5  f_open                        
00000c2d  f_read                        
0000285d  f_sync                        
00003c59  fillmessage                   
2020088c  flag                          
20200890  front                         
00001dbd  get_fat                       
00000000  interruptVectors              
0000135d  main                          
00001561  put_fat                       


GLOBAL SYMBOLS: SORTED BY Symbol Address 

address   name                          
-------   ----                          
00000000  __TI_ATRegion0_region_sz      
00000000  __TI_ATRegion0_src_addr       
00000000  __TI_ATRegion0_trg_addr       
00000000  __TI_ATRegion1_region_sz      
00000000  __TI_ATRegion1_src_addr       
00000000  __TI_ATRegion1_trg_addr       
00000000  __TI_ATRegion2_region_sz      
00000000  __TI_ATRegion2_src_addr       
00000000  __TI_ATRegion2_trg_addr       
00000000  __TI_static_base__            
00000000  interruptVectors              
00000200  __STACK_SIZE                  
00000200  __SYSMEM_SIZE                 
00000975  disk_ioctl                    
00000c2d  f_read                        
00000ec5  f_open                        
00001135  disk_initialize               
0000135d  main                          
00001561  put_fat                       
000018fd  Clock_Init80MHz               
00001ab1  ST7735_DrawCharS              
00001dbd  get_fat                       
00002059  SPI1_Init                     
00002199  ADC_Init                      
0000262b  __aeabi_idiv0                 
0000262d  ST7735_FillRect               
00002745  disk_write                    
0000285d  f_sync                        
00002971  UART_Init                     
00002a59  disk_read                     
00002b3d  ST7735_OutChar                
00002e2d  TimerA1_IntArm                
00002ed9  diskError                     
00002f85  DAC_Init                      
0000302d  TimerG6_IntArm                
000030d5  TimerG7_IntArm                
00003369  ST7735_InitR                  
00003401  f_mount                       
000035b1  ST7735_DrawString             
00003635  ST7735_OutUDec                
000036b9  LaunchPad_Init                
00003735  TIMA1_IRQHandler              
00003829  __TI_decompress_lzss          
00003919  ST7735_DrawPixel              
00003989  TFT_OutCommand                
000039f9  disk_timerproc                
00003a69  TFT_OutData                   
00003c01  TExaS_Init                    
00003c59  fillmessage                   
00003e2d  SPI_Reset                     
00003e6d  TIMG7_IRQHandler              
00003ead  __aeabi_uidiv                 
00003ead  __aeabi_uidivmod              
00003f2d  f_close                       
00003fa9  __TI_auto_init_nobinit_nopinit
00003fe5  ActivatePortA_B               
0000401d  clust2sect                    
00004089  Clock_Delay1ms                
000040bd  ST7735_SetCursor              
00004125  ST7735_Color565               
00004159  disk_status                   
00004189  ST7735_FillScreen             
00004265  ADC_Start                     
0000428d  _c_int00_noargs               
000042b5  ST7735_OutString              
00004301  CS_Init                       
00004345  TIMG6_IRQHandler              
00004375  DAC_Out                       
00004389  ST7735_SetTextColor           
0000439d  TI_memcpy_small               
000043af  __TI_decompress_none          
000043c1  Clock_Delay                   
000043d1  __TI_zero_init                
000043e1  TI_memset_small               
000043f1  Clock_Freq                    
000043fd  __aeabi_memclr                
000043fd  __aeabi_memclr4               
000043fd  __aeabi_memclr8               
00004409  __aeabi_memcpy                
00004409  __aeabi_memcpy4               
00004409  __aeabi_memcpy8               
00004411  ADC0_IRQHandler               
00004411  ADC1_IRQHandler               
00004411  AES_IRQHandler                
00004411  CANFD0_IRQHandler             
00004411  DAC0_IRQHandler               
00004411  DMA_IRQHandler                
00004411  Default_Handler               
00004411  GROUP0_IRQHandler             
00004411  GROUP1_IRQHandler             
00004411  HardFault_Handler             
00004411  I2C0_IRQHandler               
00004411  I2C1_IRQHandler               
00004411  NMI_Handler                   
00004411  PendSV_Handler                
00004411  RTC_IRQHandler                
00004411  SPI0_IRQHandler               
00004411  SPI1_IRQHandler               
00004411  SVC_Handler                   
00004411  SysTick_Handler               
00004411  TIMA0_IRQHandler              
00004411  TIMG0_IRQHandler              
00004411  TIMG12_IRQHandler             
00004411  TIMG8_IRQHandler              
00004411  UART0_IRQHandler              
00004411  UART1_IRQHandler              
00004411  UART2_IRQHandler              
00004411  UART3_IRQHandler              
00004415  Reset_Handler                 
00004419  _system_pre_init              
0000441c  C$$EXIT                       
0000441d  abort                         
00004a44  __TI_Handler_Table_Base       
00004a50  __TI_Handler_Table_Limit      
00004a58  __TI_CINIT_Base               
00004a68  __TI_CINIT_Limit              
00004a68  __TI_CINIT_Warm               
20200000  __start___llvm_prf_bits       
20200000  __start___llvm_prf_cnts       
20200000  __stop___llvm_prf_bits        
20200000  __stop___llvm_prf_cnts        
20200234  Handle                        
20200458  SoundBuf                      
20200658  SoundBuf2                     
20200858  Message                       
20200870  BufCount                      
20200874  Count                         
20200878  LCDresetFlag                  
2020087c  Messageindex                  
20200880  TExaSLogic                    
20200884  TExaSadc                      
20200888  back                          
2020088c  flag                          
20200890  front                         
2020089a  Fresult                       
2020089b  MountFresult                  
2020089c  Result                        
202008a0  _sys_memory                   
20200aa0  BusFreq                       
20200aa4  IdleTime                      
20200aa8  StX                           
20200aac  StY                           
20200ab0  StTextColor                   
20207e00  __stack                       
20208000  __STACK_END                   
ffffffff  __TI_pprof_out_hndl           
ffffffff  __TI_prof_data_size           
ffffffff  __TI_prof_data_start          
ffffffff  __binit__                     
ffffffff  binit                         
UNDEFED   __mpu_init                    
UNDEFED   _system_post_cinit            

[152 symbols]
