******************************************************************************
            TI ARM Clang Linker PC v3.2.1                      
******************************************************************************
>> Linked Mon Jan 22 16:17:22 2024

OUTPUT FILE NAME:   <TrafficLightFSM.out>
ENTRY POINT SYMBOL: "_c_int00_noargs"  address: 00000429


MEMORY CONFIGURATION

         name            origin    length      used     unused   attr    fill
----------------------  --------  ---------  --------  --------  ----  --------
  FLASH                 00000000   00020000  00000548  0001fab8  R  X
  SRAM                  20200000   00008000  00000208  00007df8  RW X
  BCR_CONFIG            41c00000   00000080  00000000  00000080  R   
  BSL_CONFIG            41c00100   00000080  00000000  00000080  R   


SEGMENT ALLOCATION MAP

run origin  load origin   length   init length attrs members
----------  ----------- ---------- ----------- ----- -------
00000000    00000000    00000548   00000548    r-x
  00000000    00000000    000000c0   000000c0    r-- .intvecs
  000000c0    000000c0    00000418   00000418    r-x .text
  000004d8    000004d8    00000040   00000040    r-- .rodata
  00000518    00000518    00000030   00000030    r-- .cinit
20200000    20200000    00000008   00000000    rw-
  20200000    20200000    00000004   00000000    rw- .bss
  20200004    20200004    00000004   00000000    rw- .data
20207e00    20207e00    00000200   00000000    rw-
  20207e00    20207e00    00000200   00000000    rw- .stack


SECTION ALLOCATION MAP

 output                                  attributes/
section   page    origin      length       input sections
--------  ----  ----------  ----------   ----------------
.intvecs   0    00000000    000000c0     
                  00000000    000000c0     startup_mspm0g3507_ticlang.o (.intvecs)

.text      0    000000c0    00000418     
                  000000c0    000001b4     Clock.o (.text.Clock_Init80MHz)
                  00000274    00000078     libc.a : copy_decompress_lzss.c.obj (.text:decompress:lzss)
                  000002ec    00000068     TrafficLightmain.o (.text.Stepper_Init)
                  00000354    00000064     TrafficLightmain.o (.text.main)
                  000003b8    0000003c     libc.a : autoinit.c.obj (.text:__TI_auto_init_nobinit_nopinit)
                  000003f4    00000034     Clock.o (.text.SysTick_Wait)
                  00000428    00000028     libc.a : boot_cortex_m.c.obj (.text:_c_int00_noargs)
                  00000450    00000020     Clock.o (.text.SysTick_Init)
                  00000470    00000016     libc.a : copy_zero_init.c.obj (.text:decompress:ZI:__TI_zero_init_nomemset)
                  00000486    00000012            : memcpy16.S.obj (.text:TI_memcpy_small)
                  00000498    00000012            : copy_decompress_none.c.obj (.text:decompress:none)
                  000004aa    00000010     Clock.o (.text.Clock_Delay)
                  000004ba    00000002     --HOLE-- [fill = 0]
                  000004bc    00000008     libclang_rt.builtins.a : aeabi_memcpy.S.obj (.text.__aeabi_memcpy)
                  000004c4    00000004     startup_mspm0g3507_ticlang.o (.text.Default_Handler)
                  000004c8    00000004     startup_mspm0g3507_ticlang.o (.text.Reset_Handler)
                  000004cc    00000004     libc.a : pre_init.c.obj (.text._system_pre_init)
                  000004d0    00000004            : exit.c.obj (.text:abort)
                  000004d4    00000004     --HOLE-- [fill = 0]

.cinit     0    00000518    00000030     
                  00000518    0000000c     (__TI_handler_table)
                  00000524    00000008     (.cinit..bss.load) [load image, compression = zero_init]
                  0000052c    00000008     (.cinit..data.load) [load image, compression = lzss]
                  00000534    00000010     (__TI_cinit_table)
                  00000544    00000004     --HOLE-- [fill = 0]

.rodata    0    000004d8    00000040     
                  000004d8    00000040     TrafficLightmain.o (.rodata.FSM)

.init_array 
*          0    00000000    00000000     UNINITIALIZED

.binit     0    00000000    00000000     

.bss       0    20200000    00000004     UNINITIALIZED
                  20200000    00000004     (.common:Pt)

.data      0    20200004    00000004     UNINITIALIZED
                  20200004    00000004     Clock.o (.data.BusFreq)

.stack     0    20207e00    00000200     UNINITIALIZED
                  20207e00    00000004     libc.a : boot_cortex_m.c.obj (.stack)
                  20207e04    000001fc     --HOLE--

__llvm_prf_cnts 
*          0    20200000    00000000     UNINITIALIZED

__llvm_prf_bits 
*          0    20200000    00000000     UNINITIALIZED

MODULE SUMMARY

       Module                         code   ro data   rw data
       ------                         ----   -------   -------
    .\
       Clock.o                        536    0         4      
       TrafficLightmain.o             204    64        4      
    +--+------------------------------+------+---------+---------+
       Total:                         740    64        8      
                                                              
    .\ticlang\
       startup_mspm0g3507_ticlang.o   8      192       0      
    +--+------------------------------+------+---------+---------+
       Total:                         8      192       0      
                                                              
    C:\ti\ccs1260\ccs\tools\compiler\ti-cgt-armllvm_3.2.1.LTS\lib\armv6m-ti-none-eabi/c/libc.a
       copy_decompress_lzss.c.obj     120    0         0      
       autoinit.c.obj                 60     0         0      
       boot_cortex_m.c.obj            40     0         0      
       copy_zero_init.c.obj           22     0         0      
       copy_decompress_none.c.obj     18     0         0      
       memcpy16.S.obj                 18     0         0      
       exit.c.obj                     4      0         0      
       pre_init.c.obj                 4      0         0      
    +--+------------------------------+------+---------+---------+
       Total:                         286    0         0      
                                                              
    C:\ti\ccs1260\ccs\tools\compiler\ti-cgt-armllvm_3.2.1.LTS\lib\clang/15.0.7/lib/armv6m-ti-none-eabi/libclang_rt.builtins.a
       aeabi_memcpy.S.obj             8      0         0      
    +--+------------------------------+------+---------+---------+
       Total:                         8      0         0      
                                                              
       Stack:                         0      0         512    
       Linker Generated:              0      44        0      
    +--+------------------------------+------+---------+---------+
       Grand Total:                   1042   300       520    


LINKER GENERATED COPY TABLES

__TI_cinit_table @ 00000534 records: 2, size/record: 8, table size: 16
	.bss: load addr=00000524, load size=00000008 bytes, run addr=20200000, run size=00000004 bytes, compression=zero_init
	.data: load addr=0000052c, load size=00000008 bytes, run addr=20200004, run size=00000004 bytes, compression=lzss


LINKER GENERATED HANDLER TABLE

__TI_handler_table @ 00000518 records: 3, size/record: 4, table size: 12
	index: 0, handler: __TI_decompress_lzss
	index: 1, handler: __TI_decompress_none
	index: 2, handler: __TI_zero_init


GLOBAL SYMBOLS: SORTED ALPHABETICALLY BY Name 

address   name                          
-------   ----                          
000004c5  ADC0_IRQHandler               
000004c5  ADC1_IRQHandler               
000004c5  AES_IRQHandler                
20200004  BusFreq                       
000004d0  C$$EXIT                       
000004c5  CANFD0_IRQHandler             
000004ab  Clock_Delay                   
000000c1  Clock_Init80MHz               
000004c5  DAC0_IRQHandler               
000004c5  DMA_IRQHandler                
000004c5  Default_Handler               
000004d8  FSM                           
000004c5  GROUP0_IRQHandler             
000004c5  GROUP1_IRQHandler             
000004c5  HardFault_Handler             
000004c5  I2C0_IRQHandler               
000004c5  I2C1_IRQHandler               
000004c5  NMI_Handler                   
000004c5  PendSV_Handler                
20200000  Pt                            
000004c5  RTC_IRQHandler                
000004c9  Reset_Handler                 
000004c5  SPI0_IRQHandler               
000004c5  SPI1_IRQHandler               
000004c5  SVC_Handler                   
000002ed  Stepper_Init                  
000004c5  SysTick_Handler               
00000451  SysTick_Init                  
000003f5  SysTick_Wait                  
000004c5  TIMA0_IRQHandler              
000004c5  TIMA1_IRQHandler              
000004c5  TIMG0_IRQHandler              
000004c5  TIMG12_IRQHandler             
000004c5  TIMG6_IRQHandler              
000004c5  TIMG7_IRQHandler              
000004c5  TIMG8_IRQHandler              
00000487  TI_memcpy_small               
000004c5  UART0_IRQHandler              
000004c5  UART1_IRQHandler              
000004c5  UART2_IRQHandler              
000004c5  UART3_IRQHandler              
20208000  __STACK_END                   
00000200  __STACK_SIZE                  
00000000  __TI_ATRegion0_region_sz      
00000000  __TI_ATRegion0_src_addr       
00000000  __TI_ATRegion0_trg_addr       
00000000  __TI_ATRegion1_region_sz      
00000000  __TI_ATRegion1_src_addr       
00000000  __TI_ATRegion1_trg_addr       
00000000  __TI_ATRegion2_region_sz      
00000000  __TI_ATRegion2_src_addr       
00000000  __TI_ATRegion2_trg_addr       
00000534  __TI_CINIT_Base               
00000544  __TI_CINIT_Limit              
00000544  __TI_CINIT_Warm               
00000518  __TI_Handler_Table_Base       
00000524  __TI_Handler_Table_Limit      
000003b9  __TI_auto_init_nobinit_nopinit
00000275  __TI_decompress_lzss          
00000499  __TI_decompress_none          
ffffffff  __TI_pprof_out_hndl           
ffffffff  __TI_prof_data_size           
ffffffff  __TI_prof_data_start          
00000000  __TI_static_base__            
00000471  __TI_zero_init_nomemset       
000004bd  __aeabi_memcpy                
000004bd  __aeabi_memcpy4               
000004bd  __aeabi_memcpy8               
ffffffff  __binit__                     
UNDEFED   __mpu_init                    
20207e00  __stack                       
20200000  __start___llvm_prf_bits       
20200000  __start___llvm_prf_cnts       
20200000  __stop___llvm_prf_bits        
20200000  __stop___llvm_prf_cnts        
00000429  _c_int00_noargs               
UNDEFED   _system_post_cinit            
000004cd  _system_pre_init              
000004d1  abort                         
ffffffff  binit                         
00000000  interruptVectors              
00000355  main                          


GLOBAL SYMBOLS: SORTED BY Symbol Address 

address   name                          
-------   ----                          
00000000  __TI_ATRegion0_region_sz      
00000000  __TI_ATRegion0_src_addr       
00000000  __TI_ATRegion0_trg_addr       
00000000  __TI_ATRegion1_region_sz      
00000000  __TI_ATRegion1_src_addr       
00000000  __TI_ATRegion1_trg_addr       
00000000  __TI_ATRegion2_region_sz      
00000000  __TI_ATRegion2_src_addr       
00000000  __TI_ATRegion2_trg_addr       
00000000  __TI_static_base__            
00000000  interruptVectors              
000000c1  Clock_Init80MHz               
00000200  __STACK_SIZE                  
00000275  __TI_decompress_lzss          
000002ed  Stepper_Init                  
00000355  main                          
000003b9  __TI_auto_init_nobinit_nopinit
000003f5  SysTick_Wait                  
00000429  _c_int00_noargs               
00000451  SysTick_Init                  
00000471  __TI_zero_init_nomemset       
00000487  TI_memcpy_small               
00000499  __TI_decompress_none          
000004ab  Clock_Delay                   
000004bd  __aeabi_memcpy                
000004bd  __aeabi_memcpy4               
000004bd  __aeabi_memcpy8               
000004c5  ADC0_IRQHandler               
000004c5  ADC1_IRQHandler               
000004c5  AES_IRQHandler                
000004c5  CANFD0_IRQHandler             
000004c5  DAC0_IRQHandler               
000004c5  DMA_IRQHandler                
000004c5  Default_Handler               
000004c5  GROUP0_IRQHandler             
000004c5  GROUP1_IRQHandler             
000004c5  HardFault_Handler             
000004c5  I2C0_IRQHandler               
000004c5  I2C1_IRQHandler               
000004c5  NMI_Handler                   
000004c5  PendSV_Handler                
000004c5  RTC_IRQHandler                
000004c5  SPI0_IRQHandler               
000004c5  SPI1_IRQHandler               
000004c5  SVC_Handler                   
000004c5  SysTick_Handler               
000004c5  TIMA0_IRQHandler              
000004c5  TIMA1_IRQHandler              
000004c5  TIMG0_IRQHandler              
000004c5  TIMG12_IRQHandler             
000004c5  TIMG6_IRQHandler              
000004c5  TIMG7_IRQHandler              
000004c5  TIMG8_IRQHandler              
000004c5  UART0_IRQHandler              
000004c5  UART1_IRQHandler              
000004c5  UART2_IRQHandler              
000004c5  UART3_IRQHandler              
000004c9  Reset_Handler                 
000004cd  _system_pre_init              
000004d0  C$$EXIT                       
000004d1  abort                         
000004d8  FSM                           
00000518  __TI_Handler_Table_Base       
00000524  __TI_Handler_Table_Limit      
00000534  __TI_CINIT_Base               
00000544  __TI_CINIT_Limit              
00000544  __TI_CINIT_Warm               
20200000  Pt                            
20200000  __start___llvm_prf_bits       
20200000  __start___llvm_prf_cnts       
20200000  __stop___llvm_prf_bits        
20200000  __stop___llvm_prf_cnts        
20200004  BusFreq                       
20207e00  __stack                       
20208000  __STACK_END                   
ffffffff  __TI_pprof_out_hndl           
ffffffff  __TI_prof_data_size           
ffffffff  __TI_prof_data_start          
ffffffff  __binit__                     
ffffffff  binit                         
UNDEFED   __mpu_init                    
UNDEFED   _system_post_cinit            

[82 symbols]
