******************************************************************************
            TI ARM Clang Linker PC v3.2.1                      
******************************************************************************
>> Linked Mon Jan 22 16:17:31 2024

OUTPUT FILE NAME:   <UART_busywait.out>
ENTRY POINT SYMBOL: "_c_int00_noargs"  address: 00001e89


MEMORY CONFIGURATION

         name            origin    length      used     unused   attr    fill
----------------------  --------  ---------  --------  --------  ----  --------
  FLASH                 00000000   00020000  000022e0  0001dd20  R  X
  SRAM                  20200000   00008000  000007a9  00007857  RW X
  BCR_CONFIG            41c00000   00000080  00000000  00000080  R   
  BSL_CONFIG            41c00100   00000080  00000000  00000080  R   


SEGMENT ALLOCATION MAP

run origin  load origin   length   init length attrs members
----------  ----------- ---------- ----------- ----- -------
00000000    00000000    000022e0   000022e0    r-x
  00000000    00000000    000000c0   000000c0    r-- .intvecs
  000000c0    000000c0    00002050   00002050    r-x .text
  00002110    00002110    00000140   00000140    r-- .rodata
  00002250    00002250    00000090   00000090    r-- .cinit
20200000    20200000    000005ac   00000000    rw-
  20200000    20200000    00000200   00000000    rw- .sysmem
  20200200    20200200    000001dd   00000000    rw- .data
  202003e0    202003e0    000001cc   00000000    rw- .bss
20207e00    20207e00    00000200   00000000    rw-
  20207e00    20207e00    00000200   00000000    rw- .stack


SECTION ALLOCATION MAP

 output                                  attributes/
section   page    origin      length       input sections
--------  ----  ----------  ----------   ----------------
.intvecs   0    00000000    000000c0     
                  00000000    000000c0     startup_mspm0g3507_ticlang.o (.intvecs)

.text      0    000000c0    00002050     
                  000000c0    00000888     libc.a : _printfi.c.obj (.text:__TI_printfi_nofloat)
                  00000948    00000160            : fopen.c.obj (.text._openfile)
                  00000aa8    00000134     Clock.o (.text.Clock_Init40MHz)
                  00000bdc    0000012c     libc.a : memory.c.obj (.text.aligned_alloc)
                  00000d08    00000104            : fputs.c.obj (.text.fputs)
                  00000e0c    000000ec     libsysbm.a : add_device.c.obj (.text.add_device)
                  00000ef8    000000ec     libc.a : memory.c.obj (.text.free)
                  00000fe4    000000e8     UARTbusywait.o (.text.UART_Init)
                  000010cc    000000dc     libc.a : setvbuf.c.obj (.text.setvbuf)
                  000011a8    000000a8     libsysbm.a : open.c.obj (.text.open)
                  00001250    000000a2     libclang_rt.builtins.a : udivmoddi4.S.obj (.text)
                  000012f2    00000002                            : aeabi_div0.c.obj (.text.__aeabi_idiv0)
                  000012f4    0000009c     libc.a : fputc.c.obj (.text.fputc)
                  00001390    00000094     UART.o (.text.UART_InitPrintf)
                  00001424    0000007c     LaunchPad.o (.text.LaunchPad_Init)
                  000014a0    0000007c     libc.a : fclose.c.obj (.text.__TI_closefile)
                  0000151c    00000078            : copy_decompress_lzss.c.obj (.text:decompress:lzss)
                  00001594    0000006c     libsysbm.a : hostlseek.c.obj (.text.HOSTlseek)
                  00001600    0000006c                : hostrename.c.obj (.text.HOSTrename)
                  0000166c    0000006c     libc.a : fseek.c.obj (.text.fseeko)
                  000016d8    00000068            : getdevice.c.obj (.text.getdevice)
                  00001740    00000064            : _io_perm.c.obj (.text.__TI_wrt_ok)
                  000017a4    00000064            : memory.c.obj (.text.split)
                  00001808    00000060     libsysbm.a : hostopen.c.obj (.text.HOSTopen)
                  00001868    0000005c     libc.a : printf.c.obj (.text.printf)
                  000018c4    00000058     libsysbm.a : hostread.c.obj (.text.HOSTread)
                  0000191c    00000058                : hostwrite.c.obj (.text.HOSTwrite)
                  00001974    00000052     libc.a : fflush.c.obj (.text.__TI_doflush)
                  000019c6    00000002     libclang_rt.builtins.a : aeabi_div0.c.obj (.text.__aeabi_ldiv0)
                  000019c8    00000050     libsysbm.a : close.c.obj (.text.close)
                  00001a18    00000048                : hostclose.c.obj (.text.HOSTclose)
                  00001a60    00000048                : hostunlink.c.obj (.text.HOSTunlink)
                  00001aa8    00000040     libclang_rt.builtins.a : aeabi_uidivmod.S.obj (.text.__aeabi_uidivmod)
                  00001ae8    00000040     libc.a : fopen.c.obj (.text._search_fp)
                  00001b28    00000040            : atoi.c.obj (.text.atoi)
                  00001b68    0000003c            : autoinit.c.obj (.text:__TI_auto_init_nobinit_nopinit)
                  00001ba4    0000003a     libclang_rt.builtins.a : muldsi3.S.obj (.text.__muldsi3)
                  00001bde    00000002     libc.a : _lock.c.obj (.text._nop)
                  00001be0    00000038     LaunchPad.o (.text.ActivatePortA_B)
                  00001c18    00000038     libc.a : getdevice.c.obj (.text.finddevice)
                  00001c50    00000034            : fopen.c.obj (.text.__TI_cleanup)
                  00001c84    00000034     libsysbm.a : trgmsg.c.obj (.text.__TI_readmsg)
                  00001cb8    00000034                : trgmsg.c.obj (.text.__TI_writemsg)
                  00001cec    00000034     libc.a : exit.c.obj (.text.exit)
                  00001d20    00000034            : fopen.c.obj (.text.freopen)
                  00001d54    00000034     UART.o (.text.uart_write)
                  00001d88    00000030     libc.a : fopen.c.obj (.text.fopen)
                  00001db8    0000002c     UARTbusywait.o (.text.UART_OutChar)
                  00001de4    0000002c     libsysbm.a : unlink.c.obj (.text.unlink)
                  00001e10    00000028     libc.a : memory.c.obj (.text.free_list_insert)
                  00001e38    00000028     libsysbm.a : lseek.c.obj (.text.lseek)
                  00001e60    00000028                : write.c.obj (.text.write)
                  00001e88    00000028     libc.a : boot_cortex_m.c.obj (.text:_c_int00_noargs)
                  00001eb0    00000026     UART.o (.text.uart_read)
                  00001ed6    00000002     --HOLE-- [fill = 0]
                  00001ed8    00000024     libclang_rt.builtins.a : muldi3.S.obj (.text.__muldi3)
                  00001efc    00000024     UARTbusywaitTestmain.o (.text.main)
                  00001f20    00000022     libc.a : memccpy.c.obj (.text.memccpy)
                  00001f42    00000002     --HOLE-- [fill = 0]
                  00001f44    00000020     UARTbusywait.o (.text.UART_InChar)
                  00001f64    0000001e     libclang_rt.builtins.a : ashldi3.S.obj (.text.__ashldi3)
                  00001f82    00000002     --HOLE-- [fill = 0]
                  00001f84    0000001c     libc.a : memory.c.obj (.text.free_list_remove)
                  00001fa0    00000016            : copy_zero_init.c.obj (.text:decompress:ZI:__TI_zero_init_nomemset)
                  00001fb6    00000002     --HOLE-- [fill = 0]
                  00001fb8    00000014     libclang_rt.builtins.a : aeabi_uldivmod.S.obj (.text.__aeabi_uldivmod)
                  00001fcc    00000014     UART.o (.text.uart_open)
                  00001fe0    00000012     libsysbm.a : hostrename.c.obj (.text.strcpy)
                  00001ff2    00000012     libc.a : memcpy16.S.obj (.text:TI_memcpy_small)
                  00002004    00000012            : copy_decompress_none.c.obj (.text:decompress:none)
                  00002016    00000010     Clock.o (.text.Clock_Delay)
                  00002026    00000010     libc.a : wcslen.c.obj (.text.wcslen)
                  00002036    0000000e            : memory.c.obj (.text.OUTLINED_FUNCTION_0)
                  00002044    0000000e     libclang_rt.builtins.a : aeabi_memset.S.obj (.text.__aeabi_memset)
                  00002052    0000000e     libc.a : _printfi.c.obj (.text.strlen)
                  00002060    0000000e     libsysbm.a : hostrename.c.obj (.text.strlen)
                  0000206e    0000000e     UART.o (.text.uart_lseek)
                  0000207c    0000000e     libc.a : memset16.S.obj (.text:TI_memset_small)
                  0000208a    00000002     --HOLE-- [fill = 0]
                  0000208c    0000000c     Clock.o (.text.Clock_Freq)
                  00002098    0000000c     libclang_rt.builtins.a : aeabi_memset.S.obj (.text.__aeabi_memclr)
                  000020a4    0000000c     libc.a : memory.c.obj (.text.malloc)
                  000020b0    0000000c     UART.o (.text.uart_rename)
                  000020bc    0000000a     UART.o (.text.uart_close)
                  000020c6    0000000a     UART.o (.text.uart_unlink)
                  000020d0    00000008     libc.a : aeabi_portable.c.obj (.text.__aeabi_errno_addr)
                  000020d8    00000008     libclang_rt.builtins.a : aeabi_memcpy.S.obj (.text.__aeabi_memcpy)
                  000020e0    00000008     libc.a : printf.c.obj (.text._outc)
                  000020e8    00000008            : printf.c.obj (.text._outs)
                  000020f0    00000008            : fseek.c.obj (.text.fseek)
                  000020f8    00000008     libsysbm.a : remove.c.obj (.text.remove)
                  00002100    00000004     startup_mspm0g3507_ticlang.o (.text.Default_Handler)
                  00002104    00000004     startup_mspm0g3507_ticlang.o (.text.Reset_Handler)
                  00002108    00000004     libc.a : pre_init.c.obj (.text._system_pre_init)
                  0000210c    00000004            : exit.c.obj (.text:abort)

.cinit     0    00002250    00000090     
                  00002250    00000067     (.cinit..data.load) [load image, compression = lzss]
                  000022b7    00000001     --HOLE-- [fill = 0]
                  000022b8    0000000c     (__TI_handler_table)
                  000022c4    00000008     (.cinit..bss.load) [load image, compression = zero_init]
                  000022cc    00000010     (__TI_cinit_table)
                  000022dc    00000004     --HOLE-- [fill = 0]

.rodata    0    00002110    00000140     
                  00002110    00000101     libc.a : aeabi_ctype.S.obj (.rodata:__aeabi_ctype_table_)
                  00002211    00000011            : _printfi.c.obj (.rodata.str1.11645776875810915891)
                  00002222    00000011            : _printfi.c.obj (.rodata.str1.44690500295887128011)
                  00002233    0000000c     UARTbusywaitTestmain.o (.rodata.str1.109188603289613937811)
                  0000223f    00000006     UART.o (.rodata.str1.44678817133351328541)
                  00002245    00000005     UART.o (.rodata.str1.26948397228850515911)
                  0000224a    00000002     UART.o (.rodata.str1.90796292192229232571)
                  0000224c    00000004     --HOLE-- [fill = 0]

.init_array 
*          0    00000000    00000000     UNINITIALIZED

.binit     0    00000000    00000000     

.sysmem    0    20200000    00000200     UNINITIALIZED
                  20200000    00000010     libc.a : memory.c.obj (.sysmem)
                  20200010    000001f0     --HOLE--

.data      0    20200200    000001dd     UNINITIALIZED
                  20200200    000000f0     libc.a : defs.c.obj (.data._ftable)
                  202002f0    00000078     libsysbm.a : host_device.c.obj (.data._device)
                  20200368    00000050                : host_device.c.obj (.data._stream)
                  202003b8    00000008     libc.a : exit.c.obj (.data..L_MergedGlobals)
                  202003c0    00000004     Clock.o (.data.BusFreq)
                  202003c4    00000004     libc.a : defs.c.obj (.data.__TI_ft_end)
                  202003c8    00000004            : aeabi_portable.c.obj (.data.__aeabi_errno)
                  202003cc    00000004            : _lock.c.obj (.data._lock)
                  202003d0    00000004            : _lock.c.obj (.data._unlock)
                  202003d4    00000001     libsysbm.a : add_device.c.obj (.data.add_device.device_init)
                  202003d5    00000003     --HOLE--
                  202003d8    00000001     libc.a : memory.c.obj (.data.memory_is_initialized)
                  202003d9    00000003     --HOLE--
                  202003dc    00000001     libsysbm.a : open.c.obj (.data.open.stream_init)

.bss       0    202003e0    000001cc     UNINITIALIZED
                  202003e0    00000120     libsysbm.a : trgmsg.c.obj (.bss:_CIOBUF_)
                  20200500    000000a0     libc.a : defs.c.obj (.bss.__TI_tmpnams)
                  202005a0    00000008     libsysbm.a : hostopen.c.obj (.bss.parmbuf)
                  202005a8    00000004     libc.a : memory.c.obj (.bss.sys_free)

.stack     0    20207e00    00000200     UNINITIALIZED
                  20207e00    00000004     libc.a : boot_cortex_m.c.obj (.stack)
                  20207e04    000001fc     --HOLE--

__llvm_prf_cnts 
*          0    20200000    00000000     UNINITIALIZED

__llvm_prf_bits 
*          0    20200000    00000000     UNINITIALIZED

MODULE SUMMARY

       Module                         code   ro data   rw data
       ------                         ----   -------   -------
    .\
       Clock.o                        336    0         4      
       UART.o                         304    13        0      
       UARTbusywait.o                 308    0         0      
       LaunchPad.o                    180    0         0      
       UARTbusywaitTestmain.o         36     12        0      
    +--+------------------------------+------+---------+---------+
       Total:                         1164   25        4      
                                                              
    .\ticlang\
       startup_mspm0g3507_ticlang.o   8      192       0      
    +--+------------------------------+------+---------+---------+
       Total:                         8      192       0      
                                                              
    C:\ti\ccs1260\ccs\tools\compiler\ti-cgt-armllvm_3.2.1.LTS\lib\armv6m-ti-none-eabi/c/libc.a
       _printfi.c.obj                 2198   34        0      
       memory.c.obj                   730    0         5      
       fopen.c.obj                    568    0         0      
       defs.c.obj                     0      0         404    
       fputs.c.obj                    260    0         0      
       aeabi_ctype.S.obj              0      257       0      
       setvbuf.c.obj                  220    0         0      
       getdevice.c.obj                160    0         0      
       fputc.c.obj                    156    0         0      
       fclose.c.obj                   124    0         0      
       copy_decompress_lzss.c.obj     120    0         0      
       fseek.c.obj                    116    0         0      
       printf.c.obj                   108    0         0      
       _io_perm.c.obj                 100    0         0      
       fflush.c.obj                   82     0         0      
       atoi.c.obj                     64     0         0      
       exit.c.obj                     56     0         8      
       autoinit.c.obj                 60     0         0      
       boot_cortex_m.c.obj            40     0         0      
       memccpy.c.obj                  34     0         0      
       copy_zero_init.c.obj           22     0         0      
       copy_decompress_none.c.obj     18     0         0      
       memcpy16.S.obj                 18     0         0      
       wcslen.c.obj                   16     0         0      
       memset16.S.obj                 14     0         0      
       aeabi_portable.c.obj           8      0         4      
       _lock.c.obj                    2      0         8      
       pre_init.c.obj                 4      0         0      
    +--+------------------------------+------+---------+---------+
       Total:                         5298   291       429    
                                                              
    C:\ti\ccs1260\ccs\tools\compiler\ti-cgt-armllvm_3.2.1.LTS\lib\armv6m-ti-none-eabi/c/libsysbm.a
       trgmsg.c.obj                   104    0         288    
       add_device.c.obj               236    0         1      
       host_device.c.obj              0      0         200    
       open.c.obj                     168    0         1      
       hostrename.c.obj               140    0         0      
       hostlseek.c.obj                108    0         0      
       hostopen.c.obj                 96     0         8      
       hostread.c.obj                 88     0         0      
       hostwrite.c.obj                88     0         0      
       close.c.obj                    80     0         0      
       hostclose.c.obj                72     0         0      
       hostunlink.c.obj               72     0         0      
       unlink.c.obj                   44     0         0      
       lseek.c.obj                    40     0         0      
       write.c.obj                    40     0         0      
       remove.c.obj                   8      0         0      
    +--+------------------------------+------+---------+---------+
       Total:                         1384   0         498    
                                                              
    C:\ti\ccs1260\ccs\tools\compiler\ti-cgt-armllvm_3.2.1.LTS\lib\clang/15.0.7/lib/armv6m-ti-none-eabi/libclang_rt.builtins.a
       udivmoddi4.S.obj               162    0         0      
       aeabi_uidivmod.S.obj           64     0         0      
       muldsi3.S.obj                  58     0         0      
       muldi3.S.obj                   36     0         0      
       ashldi3.S.obj                  30     0         0      
       aeabi_memset.S.obj             26     0         0      
       aeabi_uldivmod.S.obj           20     0         0      
       aeabi_memcpy.S.obj             8      0         0      
       aeabi_div0.c.obj               4      0         0      
    +--+------------------------------+------+---------+---------+
       Total:                         408    0         0      
                                                              
       Heap:                          0      0         512    
       Stack:                         0      0         512    
       Linker Generated:              0      139       0      
    +--+------------------------------+------+---------+---------+
       Grand Total:                   8262   647       1955   


LINKER GENERATED COPY TABLES

__TI_cinit_table @ 000022cc records: 2, size/record: 8, table size: 16
	.data: load addr=00002250, load size=00000067 bytes, run addr=20200200, run size=000001dd bytes, compression=lzss
	.bss: load addr=000022c4, load size=00000008 bytes, run addr=202003e0, run size=000001cc bytes, compression=zero_init


LINKER GENERATED HANDLER TABLE

__TI_handler_table @ 000022b8 records: 3, size/record: 4, table size: 12
	index: 0, handler: __TI_decompress_lzss
	index: 1, handler: __TI_decompress_none
	index: 2, handler: __TI_zero_init


GLOBAL SYMBOLS: SORTED ALPHABETICALLY BY Name 

address   name                          
-------   ----                          
00002101  ADC0_IRQHandler               
00002101  ADC1_IRQHandler               
00002101  AES_IRQHandler                
00001be1  ActivatePortA_B               
202003c0  BusFreq                       
0000210c  C$$EXIT                       
00001ce5  C$$IO$$                       
00002101  CANFD0_IRQHandler             
00002017  Clock_Delay                   
0000208d  Clock_Freq                    
00000aa9  Clock_Init40MHz               
00002101  DAC0_IRQHandler               
00002101  DMA_IRQHandler                
00002101  Default_Handler               
00002101  GROUP0_IRQHandler             
00002101  GROUP1_IRQHandler             
00001a19  HOSTclose                     
00001595  HOSTlseek                     
00001809  HOSTopen                      
000018c5  HOSTread                      
00001601  HOSTrename                    
00001a61  HOSTunlink                    
0000191d  HOSTwrite                     
00002101  HardFault_Handler             
00002101  I2C0_IRQHandler               
00002101  I2C1_IRQHandler               
00001425  LaunchPad_Init                
00002101  NMI_Handler                   
00002101  PendSV_Handler                
00002101  RTC_IRQHandler                
00002105  Reset_Handler                 
00002101  SPI0_IRQHandler               
00002101  SPI1_IRQHandler               
00002101  SVC_Handler                   
00002101  SysTick_Handler               
00002101  TIMA0_IRQHandler              
00002101  TIMA1_IRQHandler              
00002101  TIMG0_IRQHandler              
00002101  TIMG12_IRQHandler             
00002101  TIMG6_IRQHandler              
00002101  TIMG7_IRQHandler              
00002101  TIMG8_IRQHandler              
00001ff3  TI_memcpy_small               
0000207d  TI_memset_small               
00002101  UART0_IRQHandler              
00002101  UART1_IRQHandler              
00002101  UART2_IRQHandler              
00002101  UART3_IRQHandler              
00001f45  UART_InChar                   
00000fe5  UART_Init                     
00001391  UART_InitPrintf               
00001db9  UART_OutChar                  
202003e0  _CIOBUF_                      
202003e0  __CIOBUF_                     
20208000  __STACK_END                   
00000200  __STACK_SIZE                  
00000200  __SYSMEM_SIZE                 
00000000  __TI_ATRegion0_region_sz      
00000000  __TI_ATRegion0_src_addr       
00000000  __TI_ATRegion0_trg_addr       
00000000  __TI_ATRegion1_region_sz      
00000000  __TI_ATRegion1_src_addr       
00000000  __TI_ATRegion1_trg_addr       
00000000  __TI_ATRegion2_region_sz      
00000000  __TI_ATRegion2_src_addr       
00000000  __TI_ATRegion2_trg_addr       
000022cc  __TI_CINIT_Base               
000022dc  __TI_CINIT_Limit              
000022dc  __TI_CINIT_Warm               
000022b8  __TI_Handler_Table_Base       
000022c4  __TI_Handler_Table_Limit      
00001b69  __TI_auto_init_nobinit_nopinit
00001c51  __TI_cleanup                  
202003b8  __TI_cleanup_ptr              
000014a1  __TI_closefile                
0000151d  __TI_decompress_lzss          
00002005  __TI_decompress_none          
00001975  __TI_doflush                  
202003bc  __TI_dtors_ptr                
202003c4  __TI_ft_end                   
ffffffff  __TI_pprof_out_hndl           
000000c1  __TI_printfi_nofloat          
ffffffff  __TI_prof_data_size           
ffffffff  __TI_prof_data_start          
00001c85  __TI_readmsg                  
00000000  __TI_static_base__            
20200500  __TI_tmpnams                  
00001cb9  __TI_writemsg                 
00001741  __TI_wrt_ok                   
00001fa1  __TI_zero_init_nomemset       
00002110  __aeabi_ctype_table_          
00002110  __aeabi_ctype_table_C         
202003c8  __aeabi_errno                 
000020d1  __aeabi_errno_addr            
000012f3  __aeabi_idiv0                 
000019c7  __aeabi_ldiv0                 
00001f65  __aeabi_llsl                  
00001ed9  __aeabi_lmul                  
00002099  __aeabi_memclr                
00002099  __aeabi_memclr4               
00002099  __aeabi_memclr8               
000020d9  __aeabi_memcpy                
000020d9  __aeabi_memcpy4               
000020d9  __aeabi_memcpy8               
00002045  __aeabi_memset                
00002045  __aeabi_memset4               
00002045  __aeabi_memset8               
00001aa9  __aeabi_uidiv                 
00001aa9  __aeabi_uidivmod              
00001fb9  __aeabi_uldivmod              
00001f65  __ashldi3                     
ffffffff  __binit__                     
UNDEFED   __mpu_init                    
00001ed9  __muldi3                      
00001ba5  __muldsi3                     
20207e00  __stack                       
20200000  __start___llvm_prf_bits       
20200000  __start___llvm_prf_cnts       
20200000  __stop___llvm_prf_bits        
20200000  __stop___llvm_prf_cnts        
00001251  __udivmoddi4                  
00001e89  _c_int00_noargs               
202002f0  _device                       
20200200  _ftable                       
202003cc  _lock                         
00001bdf  _nop                          
20200368  _stream                       
20200000  _sys_memory                   
UNDEFED   _system_post_cinit            
00002109  _system_pre_init              
202003d0  _unlock                       
0000210d  abort                         
00000e0d  add_device                    
00000bdd  aligned_alloc                 
00001b29  atoi                          
ffffffff  binit                         
000019c9  close                         
00001ced  exit                          
00001c19  finddevice                    
00001d89  fopen                         
000012f5  fputc                         
00000d09  fputs                         
00000ef9  free                          
00001d21  freopen                       
000020f1  fseek                         
0000166d  fseeko                        
000016d9  getdevice                     
00000000  interruptVectors              
00001e39  lseek                         
00001efd  main                          
000020a5  malloc                        
00000bdd  memalign                      
00001f21  memccpy                       
000011a9  open                          
202005a0  parmbuf                       
00001869  printf                        
000020f9  remove                        
000010cd  setvbuf                       
000020bd  uart_close                    
0000206f  uart_lseek                    
00001fcd  uart_open                     
00001eb1  uart_read                     
000020b1  uart_rename                   
000020c7  uart_unlink                   
00001d55  uart_write                    
00001de5  unlink                        
00002027  wcslen                        
00001e61  write                         


GLOBAL SYMBOLS: SORTED BY Symbol Address 

address   name                          
-------   ----                          
00000000  __TI_ATRegion0_region_sz      
00000000  __TI_ATRegion0_src_addr       
00000000  __TI_ATRegion0_trg_addr       
00000000  __TI_ATRegion1_region_sz      
00000000  __TI_ATRegion1_src_addr       
00000000  __TI_ATRegion1_trg_addr       
00000000  __TI_ATRegion2_region_sz      
00000000  __TI_ATRegion2_src_addr       
00000000  __TI_ATRegion2_trg_addr       
00000000  __TI_static_base__            
00000000  interruptVectors              
000000c1  __TI_printfi_nofloat          
00000200  __STACK_SIZE                  
00000200  __SYSMEM_SIZE                 
00000aa9  Clock_Init40MHz               
00000bdd  aligned_alloc                 
00000bdd  memalign                      
00000d09  fputs                         
00000e0d  add_device                    
00000ef9  free                          
00000fe5  UART_Init                     
000010cd  setvbuf                       
000011a9  open                          
00001251  __udivmoddi4                  
000012f3  __aeabi_idiv0                 
000012f5  fputc                         
00001391  UART_InitPrintf               
00001425  LaunchPad_Init                
000014a1  __TI_closefile                
0000151d  __TI_decompress_lzss          
00001595  HOSTlseek                     
00001601  HOSTrename                    
0000166d  fseeko                        
000016d9  getdevice                     
00001741  __TI_wrt_ok                   
00001809  HOSTopen                      
00001869  printf                        
000018c5  HOSTread                      
0000191d  HOSTwrite                     
00001975  __TI_doflush                  
000019c7  __aeabi_ldiv0                 
000019c9  close                         
00001a19  HOSTclose                     
00001a61  HOSTunlink                    
00001aa9  __aeabi_uidiv                 
00001aa9  __aeabi_uidivmod              
00001b29  atoi                          
00001b69  __TI_auto_init_nobinit_nopinit
00001ba5  __muldsi3                     
00001bdf  _nop                          
00001be1  ActivatePortA_B               
00001c19  finddevice                    
00001c51  __TI_cleanup                  
00001c85  __TI_readmsg                  
00001cb9  __TI_writemsg                 
00001ce5  C$$IO$$                       
00001ced  exit                          
00001d21  freopen                       
00001d55  uart_write                    
00001d89  fopen                         
00001db9  UART_OutChar                  
00001de5  unlink                        
00001e39  lseek                         
00001e61  write                         
00001e89  _c_int00_noargs               
00001eb1  uart_read                     
00001ed9  __aeabi_lmul                  
00001ed9  __muldi3                      
00001efd  main                          
00001f21  memccpy                       
00001f45  UART_InChar                   
00001f65  __aeabi_llsl                  
00001f65  __ashldi3                     
00001fa1  __TI_zero_init_nomemset       
00001fb9  __aeabi_uldivmod              
00001fcd  uart_open                     
00001ff3  TI_memcpy_small               
00002005  __TI_decompress_none          
00002017  Clock_Delay                   
00002027  wcslen                        
00002045  __aeabi_memset                
00002045  __aeabi_memset4               
00002045  __aeabi_memset8               
0000206f  uart_lseek                    
0000207d  TI_memset_small               
0000208d  Clock_Freq                    
00002099  __aeabi_memclr                
00002099  __aeabi_memclr4               
00002099  __aeabi_memclr8               
000020a5  malloc                        
000020b1  uart_rename                   
000020bd  uart_close                    
000020c7  uart_unlink                   
000020d1  __aeabi_errno_addr            
000020d9  __aeabi_memcpy                
000020d9  __aeabi_memcpy4               
000020d9  __aeabi_memcpy8               
000020f1  fseek                         
000020f9  remove                        
00002101  ADC0_IRQHandler               
00002101  ADC1_IRQHandler               
00002101  AES_IRQHandler                
00002101  CANFD0_IRQHandler             
00002101  DAC0_IRQHandler               
00002101  DMA_IRQHandler                
00002101  Default_Handler               
00002101  GROUP0_IRQHandler             
00002101  GROUP1_IRQHandler             
00002101  HardFault_Handler             
00002101  I2C0_IRQHandler               
00002101  I2C1_IRQHandler               
00002101  NMI_Handler                   
00002101  PendSV_Handler                
00002101  RTC_IRQHandler                
00002101  SPI0_IRQHandler               
00002101  SPI1_IRQHandler               
00002101  SVC_Handler                   
00002101  SysTick_Handler               
00002101  TIMA0_IRQHandler              
00002101  TIMA1_IRQHandler              
00002101  TIMG0_IRQHandler              
00002101  TIMG12_IRQHandler             
00002101  TIMG6_IRQHandler              
00002101  TIMG7_IRQHandler              
00002101  TIMG8_IRQHandler              
00002101  UART0_IRQHandler              
00002101  UART1_IRQHandler              
00002101  UART2_IRQHandler              
00002101  UART3_IRQHandler              
00002105  Reset_Handler                 
00002109  _system_pre_init              
0000210c  C$$EXIT                       
0000210d  abort                         
00002110  __aeabi_ctype_table_          
00002110  __aeabi_ctype_table_C         
000022b8  __TI_Handler_Table_Base       
000022c4  __TI_Handler_Table_Limit      
000022cc  __TI_CINIT_Base               
000022dc  __TI_CINIT_Limit              
000022dc  __TI_CINIT_Warm               
20200000  __start___llvm_prf_bits       
20200000  __start___llvm_prf_cnts       
20200000  __stop___llvm_prf_bits        
20200000  __stop___llvm_prf_cnts        
20200000  _sys_memory                   
20200200  _ftable                       
202002f0  _device                       
20200368  _stream                       
202003b8  __TI_cleanup_ptr              
202003bc  __TI_dtors_ptr                
202003c0  BusFreq                       
202003c4  __TI_ft_end                   
202003c8  __aeabi_errno                 
202003cc  _lock                         
202003d0  _unlock                       
202003e0  _CIOBUF_                      
202003e0  __CIOBUF_                     
20200500  __TI_tmpnams                  
202005a0  parmbuf                       
20207e00  __stack                       
20208000  __STACK_END                   
ffffffff  __TI_pprof_out_hndl           
ffffffff  __TI_prof_data_size           
ffffffff  __TI_prof_data_start          
ffffffff  __binit__                     
ffffffff  binit                         
UNDEFED   __mpu_init                    
UNDEFED   _system_post_cinit            

[168 symbols]
