******************************************************************************
            TI ARM Clang Linker PC v3.2.1                      
******************************************************************************
>> Linked Mon Jan 22 16:17:18 2024

OUTPUT FILE NAME:   <ToggleLED.out>
ENTRY POINT SYMBOL: "_c_int00_noargs"  address: 000001e9


MEMORY CONFIGURATION

         name            origin    length      used     unused   attr    fill
----------------------  --------  ---------  --------  --------  ----  --------
  FLASH                 00000000   00020000  00000260  0001fda0  R  X
  SRAM                  20200000   00008000  00000204  00007dfc  RW X
  BCR_CONFIG            41c00000   00000080  00000000  00000080  R   
  BSL_CONFIG            41c00100   00000080  00000000  00000080  R   


SEGMENT ALLOCATION MAP

run origin  load origin   length   init length attrs members
----------  ----------- ---------- ----------- ----- -------
00000000    00000000    00000260   00000260    r-x
  00000000    00000000    000000c0   000000c0    r-- .intvecs
  000000c0    000000c0    00000188   00000188    r-x .text
  00000248    00000248    00000018   00000018    r-- .cinit
20200000    20200000    00000004   00000000    rw-
  20200000    20200000    00000004   00000000    rw- .bss
20207e00    20207e00    00000200   00000000    rw-
  20207e00    20207e00    00000200   00000000    rw- .stack


SECTION ALLOCATION MAP

 output                                  attributes/
section   page    origin      length       input sections
--------  ----  ----------  ----------   ----------------
.intvecs   0    00000000    000000c0     
                  00000000    000000c0     startup_mspm0g3507_ticlang.o (.intvecs)

.text      0    000000c0    00000188     
                  000000c0    0000007c     LaunchPad.o (.text.LaunchPad_Init)
                  0000013c    0000003c     libc.a : autoinit.c.obj (.text:__TI_auto_init_nobinit_nopinit)
                  00000178    00000038     LaunchPad.o (.text.ActivatePortA_B)
                  000001b0    00000038     ToggleLEDmain.o (.text.main)
                  000001e8    00000028     libc.a : boot_cortex_m.c.obj (.text:_c_int00_noargs)
                  00000210    00000016            : copy_zero_init.c.obj (.text:decompress:ZI:__TI_zero_init_nomemset)
                  00000226    00000010     Clock.o (.text.Clock_Delay)
                  00000236    00000004     startup_mspm0g3507_ticlang.o (.text.Default_Handler)
                  0000023a    00000004     startup_mspm0g3507_ticlang.o (.text.Reset_Handler)
                  0000023e    00000004     libc.a : pre_init.c.obj (.text._system_pre_init)
                  00000242    00000004            : exit.c.obj (.text:abort)
                  00000246    00000002     --HOLE-- [fill = 0]

.cinit     0    00000248    00000018     
                  00000248    00000008     (.cinit..bss.load) [load image, compression = zero_init]
                  00000250    00000004     (__TI_handler_table)
                  00000254    00000008     (__TI_cinit_table)
                  0000025c    00000004     --HOLE-- [fill = 0]

.init_array 
*          0    00000000    00000000     UNINITIALIZED

.binit     0    00000000    00000000     

.bss       0    20200000    00000004     UNINITIALIZED
                  20200000    00000004     (.common:Time)

.stack     0    20207e00    00000200     UNINITIALIZED
                  20207e00    00000004     libc.a : boot_cortex_m.c.obj (.stack)
                  20207e04    000001fc     --HOLE--

__llvm_prf_cnts 
*          0    20200000    00000000     UNINITIALIZED

__llvm_prf_bits 
*          0    20200000    00000000     UNINITIALIZED

MODULE SUMMARY

       Module                         code   ro data   rw data
       ------                         ----   -------   -------
    .\
       LaunchPad.o                    180    0         0      
       ToggleLEDmain.o                56     0         4      
       Clock.o                        16     0         0      
    +--+------------------------------+------+---------+---------+
       Total:                         252    0         4      
                                                              
    .\ticlang\
       startup_mspm0g3507_ticlang.o   8      192       0      
    +--+------------------------------+------+---------+---------+
       Total:                         8      192       0      
                                                              
    C:\ti\ccs1260\ccs\tools\compiler\ti-cgt-armllvm_3.2.1.LTS\lib\armv6m-ti-none-eabi/c/libc.a
       autoinit.c.obj                 60     0         0      
       boot_cortex_m.c.obj            40     0         0      
       copy_zero_init.c.obj           22     0         0      
       exit.c.obj                     4      0         0      
       pre_init.c.obj                 4      0         0      
    +--+------------------------------+------+---------+---------+
       Total:                         130    0         0      
                                                              
       Stack:                         0      0         512    
       Linker Generated:              0      20        0      
    +--+------------------------------+------+---------+---------+
       Grand Total:                   390    212       516    


LINKER GENERATED COPY TABLES

__TI_cinit_table @ 00000254 records: 1, size/record: 8, table size: 8
	.bss: load addr=00000248, load size=00000008 bytes, run addr=20200000, run size=00000004 bytes, compression=zero_init


LINKER GENERATED HANDLER TABLE

__TI_handler_table @ 00000250 records: 1, size/record: 4, table size: 4
	index: 0, handler: __TI_zero_init


GLOBAL SYMBOLS: SORTED ALPHABETICALLY BY Name 

address   name                          
-------   ----                          
00000237  ADC0_IRQHandler               
00000237  ADC1_IRQHandler               
00000237  AES_IRQHandler                
00000179  ActivatePortA_B               
00000242  C$$EXIT                       
00000237  CANFD0_IRQHandler             
00000227  Clock_Delay                   
00000237  DAC0_IRQHandler               
00000237  DMA_IRQHandler                
00000237  Default_Handler               
00000237  GROUP0_IRQHandler             
00000237  GROUP1_IRQHandler             
00000237  HardFault_Handler             
00000237  I2C0_IRQHandler               
00000237  I2C1_IRQHandler               
000000c1  LaunchPad_Init                
00000237  NMI_Handler                   
00000237  PendSV_Handler                
00000237  RTC_IRQHandler                
0000023b  Reset_Handler                 
00000237  SPI0_IRQHandler               
00000237  SPI1_IRQHandler               
00000237  SVC_Handler                   
00000237  SysTick_Handler               
00000237  TIMA0_IRQHandler              
00000237  TIMA1_IRQHandler              
00000237  TIMG0_IRQHandler              
00000237  TIMG12_IRQHandler             
00000237  TIMG6_IRQHandler              
00000237  TIMG7_IRQHandler              
00000237  TIMG8_IRQHandler              
20200000  Time                          
00000237  UART0_IRQHandler              
00000237  UART1_IRQHandler              
00000237  UART2_IRQHandler              
00000237  UART3_IRQHandler              
20208000  __STACK_END                   
00000200  __STACK_SIZE                  
00000000  __TI_ATRegion0_region_sz      
00000000  __TI_ATRegion0_src_addr       
00000000  __TI_ATRegion0_trg_addr       
00000000  __TI_ATRegion1_region_sz      
00000000  __TI_ATRegion1_src_addr       
00000000  __TI_ATRegion1_trg_addr       
00000000  __TI_ATRegion2_region_sz      
00000000  __TI_ATRegion2_src_addr       
00000000  __TI_ATRegion2_trg_addr       
00000254  __TI_CINIT_Base               
0000025c  __TI_CINIT_Limit              
0000025c  __TI_CINIT_Warm               
00000250  __TI_Handler_Table_Base       
00000254  __TI_Handler_Table_Limit      
0000013d  __TI_auto_init_nobinit_nopinit
ffffffff  __TI_pprof_out_hndl           
ffffffff  __TI_prof_data_size           
ffffffff  __TI_prof_data_start          
00000000  __TI_static_base__            
00000211  __TI_zero_init_nomemset       
ffffffff  __binit__                     
UNDEFED   __mpu_init                    
20207e00  __stack                       
20200000  __start___llvm_prf_bits       
20200000  __start___llvm_prf_cnts       
20200000  __stop___llvm_prf_bits        
20200000  __stop___llvm_prf_cnts        
000001e9  _c_int00_noargs               
UNDEFED   _system_post_cinit            
0000023f  _system_pre_init              
00000243  abort                         
ffffffff  binit                         
00000000  interruptVectors              
000001b1  main                          


GLOBAL SYMBOLS: SORTED BY Symbol Address 

address   name                          
-------   ----                          
00000000  __TI_ATRegion0_region_sz      
00000000  __TI_ATRegion0_src_addr       
00000000  __TI_ATRegion0_trg_addr       
00000000  __TI_ATRegion1_region_sz      
00000000  __TI_ATRegion1_src_addr       
00000000  __TI_ATRegion1_trg_addr       
00000000  __TI_ATRegion2_region_sz      
00000000  __TI_ATRegion2_src_addr       
00000000  __TI_ATRegion2_trg_addr       
00000000  __TI_static_base__            
00000000  interruptVectors              
000000c1  LaunchPad_Init                
0000013d  __TI_auto_init_nobinit_nopinit
00000179  ActivatePortA_B               
000001b1  main                          
000001e9  _c_int00_noargs               
00000200  __STACK_SIZE                  
00000211  __TI_zero_init_nomemset       
00000227  Clock_Delay                   
00000237  ADC0_IRQHandler               
00000237  ADC1_IRQHandler               
00000237  AES_IRQHandler                
00000237  CANFD0_IRQHandler             
00000237  DAC0_IRQHandler               
00000237  DMA_IRQHandler                
00000237  Default_Handler               
00000237  GROUP0_IRQHandler             
00000237  GROUP1_IRQHandler             
00000237  HardFault_Handler             
00000237  I2C0_IRQHandler               
00000237  I2C1_IRQHandler               
00000237  NMI_Handler                   
00000237  PendSV_Handler                
00000237  RTC_IRQHandler                
00000237  SPI0_IRQHandler               
00000237  SPI1_IRQHandler               
00000237  SVC_Handler                   
00000237  SysTick_Handler               
00000237  TIMA0_IRQHandler              
00000237  TIMA1_IRQHandler              
00000237  TIMG0_IRQHandler              
00000237  TIMG12_IRQHandler             
00000237  TIMG6_IRQHandler              
00000237  TIMG7_IRQHandler              
00000237  TIMG8_IRQHandler              
00000237  UART0_IRQHandler              
00000237  UART1_IRQHandler              
00000237  UART2_IRQHandler              
00000237  UART3_IRQHandler              
0000023b  Reset_Handler                 
0000023f  _system_pre_init              
00000242  C$$EXIT                       
00000243  abort                         
00000250  __TI_Handler_Table_Base       
00000254  __TI_CINIT_Base               
00000254  __TI_Handler_Table_Limit      
0000025c  __TI_CINIT_Limit              
0000025c  __TI_CINIT_Warm               
20200000  Time                          
20200000  __start___llvm_prf_bits       
20200000  __start___llvm_prf_cnts       
20200000  __stop___llvm_prf_bits        
20200000  __stop___llvm_prf_cnts        
20207e00  __stack                       
20208000  __STACK_END                   
ffffffff  __TI_pprof_out_hndl           
ffffffff  __TI_prof_data_size           
ffffffff  __TI_prof_data_start          
ffffffff  __binit__                     
ffffffff  binit                         
UNDEFED   __mpu_init                    
UNDEFED   _system_post_cinit            

[72 symbols]
