******************************************************************************
            TI ARM Clang Linker PC v3.2.1                      
******************************************************************************
>> Linked Mon Jan 22 16:16:13 2024

OUTPUT FILE NAME:   <EdgeTriggeredInt.out>
ENTRY POINT SYMBOL: "_c_int00_noargs"  address: 00000221


MEMORY CONFIGURATION

         name            origin    length      used     unused   attr    fill
----------------------  --------  ---------  --------  --------  ----  --------
  FLASH                 00000000   00020000  000002c0  0001fd40  R  X
  SRAM                  20200000   00008000  00000204  00007dfc  RW X
  BCR_CONFIG            41c00000   00000080  00000000  00000080  R   
  BSL_CONFIG            41c00100   00000080  00000000  00000080  R   


SEGMENT ALLOCATION MAP

run origin  load origin   length   init length attrs members
----------  ----------- ---------- ----------- ----- -------
00000000    00000000    000002c0   000002c0    r-x
  00000000    00000000    000000c0   000000c0    r-- .intvecs
  000000c0    000000c0    000001e8   000001e8    r-x .text
  000002a8    000002a8    00000018   00000018    r-- .cinit
20200000    20200000    00000004   00000000    rw-
  20200000    20200000    00000004   00000000    rw- .bss
20207e00    20207e00    00000200   00000000    rw-
  20207e00    20207e00    00000200   00000000    rw- .stack


SECTION ALLOCATION MAP

 output                                  attributes/
section   page    origin      length       input sections
--------  ----  ----------  ----------   ----------------
.intvecs   0    00000000    000000c0     
                  00000000    000000c0     startup_mspm0g3507_ticlang.o (.intvecs)

.text      0    000000c0    000001e8     
                  000000c0    0000007c     LaunchPad.o (.text.LaunchPad_Init)
                  0000013c    00000044     EdgeTriggered.o (.text.EdgeTriggered_Init)
                  00000180    0000003c     libc.a : autoinit.c.obj (.text:__TI_auto_init_nobinit_nopinit)
                  000001bc    00000038     LaunchPad.o (.text.ActivatePortA_B)
                  000001f4    0000002c     EdgeTriggeredIntmain.o (.text.main)
                  00000220    00000028     libc.a : boot_cortex_m.c.obj (.text:_c_int00_noargs)
                  00000248    00000024     EdgeTriggeredIntmain.o (.text.GROUP1_IRQHandler)
                  0000026c    00000016     libc.a : copy_zero_init.c.obj (.text:decompress:ZI:__TI_zero_init_nomemset)
                  00000282    00000010     Clock.o (.text.Clock_Delay)
                  00000292    00000004     startup_mspm0g3507_ticlang.o (.text.Default_Handler)
                  00000296    00000004     startup_mspm0g3507_ticlang.o (.text.Reset_Handler)
                  0000029a    00000004     libc.a : pre_init.c.obj (.text._system_pre_init)
                  0000029e    00000004            : exit.c.obj (.text:abort)
                  000002a2    00000006     --HOLE-- [fill = 0]

.cinit     0    000002a8    00000018     
                  000002a8    00000008     (.cinit..bss.load) [load image, compression = zero_init]
                  000002b0    00000004     (__TI_handler_table)
                  000002b4    00000008     (__TI_cinit_table)
                  000002bc    00000004     --HOLE-- [fill = 0]

.init_array 
*          0    00000000    00000000     UNINITIALIZED

.binit     0    00000000    00000000     

.bss       0    20200000    00000004     UNINITIALIZED
                  20200000    00000004     (.common:Count)

.stack     0    20207e00    00000200     UNINITIALIZED
                  20207e00    00000004     libc.a : boot_cortex_m.c.obj (.stack)
                  20207e04    000001fc     --HOLE--

__llvm_prf_cnts 
*          0    20200000    00000000     UNINITIALIZED

__llvm_prf_bits 
*          0    20200000    00000000     UNINITIALIZED

MODULE SUMMARY

       Module                         code   ro data   rw data
       ------                         ----   -------   -------
    .\
       LaunchPad.o                    180    0         0      
       EdgeTriggeredIntmain.o         80     0         4      
       EdgeTriggered.o                68     0         0      
       Clock.o                        16     0         0      
    +--+------------------------------+------+---------+---------+
       Total:                         344    0         4      
                                                              
    .\ticlang\
       startup_mspm0g3507_ticlang.o   8      192       0      
    +--+------------------------------+------+---------+---------+
       Total:                         8      192       0      
                                                              
    C:\ti\ccs1260\ccs\tools\compiler\ti-cgt-armllvm_3.2.1.LTS\lib\armv6m-ti-none-eabi/c/libc.a
       autoinit.c.obj                 60     0         0      
       boot_cortex_m.c.obj            40     0         0      
       copy_zero_init.c.obj           22     0         0      
       exit.c.obj                     4      0         0      
       pre_init.c.obj                 4      0         0      
    +--+------------------------------+------+---------+---------+
       Total:                         130    0         0      
                                                              
       Stack:                         0      0         512    
       Linker Generated:              0      20        0      
    +--+------------------------------+------+---------+---------+
       Grand Total:                   482    212       516    


LINKER GENERATED COPY TABLES

__TI_cinit_table @ 000002b4 records: 1, size/record: 8, table size: 8
	.bss: load addr=000002a8, load size=00000008 bytes, run addr=20200000, run size=00000004 bytes, compression=zero_init


LINKER GENERATED HANDLER TABLE

__TI_handler_table @ 000002b0 records: 1, size/record: 4, table size: 4
	index: 0, handler: __TI_zero_init


GLOBAL SYMBOLS: SORTED ALPHABETICALLY BY Name 

address   name                          
-------   ----                          
00000293  ADC0_IRQHandler               
00000293  ADC1_IRQHandler               
00000293  AES_IRQHandler                
000001bd  ActivatePortA_B               
0000029e  C$$EXIT                       
00000293  CANFD0_IRQHandler             
00000283  Clock_Delay                   
20200000  Count                         
00000293  DAC0_IRQHandler               
00000293  DMA_IRQHandler                
00000293  Default_Handler               
0000013d  EdgeTriggered_Init            
00000293  GROUP0_IRQHandler             
00000249  GROUP1_IRQHandler             
00000293  HardFault_Handler             
00000293  I2C0_IRQHandler               
00000293  I2C1_IRQHandler               
000000c1  LaunchPad_Init                
00000293  NMI_Handler                   
00000293  PendSV_Handler                
00000293  RTC_IRQHandler                
00000297  Reset_Handler                 
00000293  SPI0_IRQHandler               
00000293  SPI1_IRQHandler               
00000293  SVC_Handler                   
00000293  SysTick_Handler               
00000293  TIMA0_IRQHandler              
00000293  TIMA1_IRQHandler              
00000293  TIMG0_IRQHandler              
00000293  TIMG12_IRQHandler             
00000293  TIMG6_IRQHandler              
00000293  TIMG7_IRQHandler              
00000293  TIMG8_IRQHandler              
00000293  UART0_IRQHandler              
00000293  UART1_IRQHandler              
00000293  UART2_IRQHandler              
00000293  UART3_IRQHandler              
20208000  __STACK_END                   
00000200  __STACK_SIZE                  
00000000  __TI_ATRegion0_region_sz      
00000000  __TI_ATRegion0_src_addr       
00000000  __TI_ATRegion0_trg_addr       
00000000  __TI_ATRegion1_region_sz      
00000000  __TI_ATRegion1_src_addr       
00000000  __TI_ATRegion1_trg_addr       
00000000  __TI_ATRegion2_region_sz      
00000000  __TI_ATRegion2_src_addr       
00000000  __TI_ATRegion2_trg_addr       
000002b4  __TI_CINIT_Base               
000002bc  __TI_CINIT_Limit              
000002bc  __TI_CINIT_Warm               
000002b0  __TI_Handler_Table_Base       
000002b4  __TI_Handler_Table_Limit      
00000181  __TI_auto_init_nobinit_nopinit
ffffffff  __TI_pprof_out_hndl           
ffffffff  __TI_prof_data_size           
ffffffff  __TI_prof_data_start          
00000000  __TI_static_base__            
0000026d  __TI_zero_init_nomemset       
ffffffff  __binit__                     
UNDEFED   __mpu_init                    
20207e00  __stack                       
20200000  __start___llvm_prf_bits       
20200000  __start___llvm_prf_cnts       
20200000  __stop___llvm_prf_bits        
20200000  __stop___llvm_prf_cnts        
00000221  _c_int00_noargs               
UNDEFED   _system_post_cinit            
0000029b  _system_pre_init              
0000029f  abort                         
ffffffff  binit                         
00000000  interruptVectors              
000001f5  main                          


GLOBAL SYMBOLS: SORTED BY Symbol Address 

address   name                          
-------   ----                          
00000000  __TI_ATRegion0_region_sz      
00000000  __TI_ATRegion0_src_addr       
00000000  __TI_ATRegion0_trg_addr       
00000000  __TI_ATRegion1_region_sz      
00000000  __TI_ATRegion1_src_addr       
00000000  __TI_ATRegion1_trg_addr       
00000000  __TI_ATRegion2_region_sz      
00000000  __TI_ATRegion2_src_addr       
00000000  __TI_ATRegion2_trg_addr       
00000000  __TI_static_base__            
00000000  interruptVectors              
000000c1  LaunchPad_Init                
0000013d  EdgeTriggered_Init            
00000181  __TI_auto_init_nobinit_nopinit
000001bd  ActivatePortA_B               
000001f5  main                          
00000200  __STACK_SIZE                  
00000221  _c_int00_noargs               
00000249  GROUP1_IRQHandler             
0000026d  __TI_zero_init_nomemset       
00000283  Clock_Delay                   
00000293  ADC0_IRQHandler               
00000293  ADC1_IRQHandler               
00000293  AES_IRQHandler                
00000293  CANFD0_IRQHandler             
00000293  DAC0_IRQHandler               
00000293  DMA_IRQHandler                
00000293  Default_Handler               
00000293  GROUP0_IRQHandler             
00000293  HardFault_Handler             
00000293  I2C0_IRQHandler               
00000293  I2C1_IRQHandler               
00000293  NMI_Handler                   
00000293  PendSV_Handler                
00000293  RTC_IRQHandler                
00000293  SPI0_IRQHandler               
00000293  SPI1_IRQHandler               
00000293  SVC_Handler                   
00000293  SysTick_Handler               
00000293  TIMA0_IRQHandler              
00000293  TIMA1_IRQHandler              
00000293  TIMG0_IRQHandler              
00000293  TIMG12_IRQHandler             
00000293  TIMG6_IRQHandler              
00000293  TIMG7_IRQHandler              
00000293  TIMG8_IRQHandler              
00000293  UART0_IRQHandler              
00000293  UART1_IRQHandler              
00000293  UART2_IRQHandler              
00000293  UART3_IRQHandler              
00000297  Reset_Handler                 
0000029b  _system_pre_init              
0000029e  C$$EXIT                       
0000029f  abort                         
000002b0  __TI_Handler_Table_Base       
000002b4  __TI_CINIT_Base               
000002b4  __TI_Handler_Table_Limit      
000002bc  __TI_CINIT_Limit              
000002bc  __TI_CINIT_Warm               
20200000  Count                         
20200000  __start___llvm_prf_bits       
20200000  __start___llvm_prf_cnts       
20200000  __stop___llvm_prf_bits        
20200000  __stop___llvm_prf_cnts        
20207e00  __stack                       
20208000  __STACK_END                   
ffffffff  __TI_pprof_out_hndl           
ffffffff  __TI_prof_data_size           
ffffffff  __TI_prof_data_start          
ffffffff  __binit__                     
ffffffff  binit                         
UNDEFED   __mpu_init                    
UNDEFED   _system_post_cinit            

[73 symbols]
