******************************************************************************
            TI ARM Clang Linker PC v3.2.1                      
******************************************************************************
>> Linked Mon Jan 22 16:16:30 2024

OUTPUT FILE NAME:   <InputOutputAsm.out>
ENTRY POINT SYMBOL: "_c_int00_noinit_noargs"  address: 00000289


MEMORY CONFIGURATION

         name            origin    length      used     unused   attr    fill
----------------------  --------  ---------  --------  --------  ----  --------
  FLASH                 00000000   00020000  000002b8  0001fd48  R  X
  SRAM                  20200000   00008000  00000200  00007e00  RW X
  BCR_CONFIG            41c00000   00000080  00000000  00000080  R   
  BSL_CONFIG            41c00100   00000080  00000000  00000080  R   


SEGMENT ALLOCATION MAP

run origin  load origin   length   init length attrs members
----------  ----------- ---------- ----------- ----- -------
00000000    00000000    000002b8   000002b8    r-x
  00000000    00000000    000000c0   000000c0    r-- .intvecs
  000000c0    000000c0    000001f8   000001f8    r-x .text
20207e00    20207e00    00000200   00000000    rw-
  20207e00    20207e00    00000200   00000000    rw- .stack


SECTION ALLOCATION MAP

 output                                  attributes/
section   page    origin      length       input sections
--------  ----  ----------  ----------   ----------------
.intvecs   0    00000000    000000c0     
                  00000000    000000c0     startup_mspm0g3507_ticlang.o (.intvecs)

.text      0    000000c0    000001f8     
                  000000c0    000001c8     InputOutput.o (.text)
                  00000288    00000020     libc.a : boot_cortex_m.c.obj (.text:_c_int00_noinit_noargs)
                  000002a8    00000004     startup_mspm0g3507_ticlang.o (.text.Default_Handler)
                  000002ac    00000004     startup_mspm0g3507_ticlang.o (.text.Reset_Handler)
                  000002b0    00000004     libc.a : pre_init.c.obj (.text._system_pre_init)
                  000002b4    00000004            : exit.c.obj (.text:abort)

.cinit     0    00000000    00000000     

.init_array 
*          0    00000000    00000000     UNINITIALIZED

.binit     0    00000000    00000000     

.stack     0    20207e00    00000200     UNINITIALIZED
                  20207e00    00000004     libc.a : boot_cortex_m.c.obj (.stack)
                  20207e04    000001fc     --HOLE--

__llvm_prf_cnts 
*          0    20200000    00000000     UNINITIALIZED

__llvm_prf_bits 
*          0    20200000    00000000     UNINITIALIZED

MODULE SUMMARY

       Module                         code   ro data   rw data
       ------                         ----   -------   -------
    .\
       InputOutput.o                  456    0         0      
    +--+------------------------------+------+---------+---------+
       Total:                         456    0         0      
                                                              
    .\ticlang\
       startup_mspm0g3507_ticlang.o   8      192       0      
    +--+------------------------------+------+---------+---------+
       Total:                         8      192       0      
                                                              
    C:\ti\ccs1260\ccs\tools\compiler\ti-cgt-armllvm_3.2.1.LTS\lib\armv6m-ti-none-eabi/c/libc.a
       boot_cortex_m.c.obj            32     0         0      
       exit.c.obj                     4      0         0      
       pre_init.c.obj                 4      0         0      
    +--+------------------------------+------+---------+---------+
       Total:                         40     0         0      
                                                              
       Stack:                         0      0         512    
    +--+------------------------------+------+---------+---------+
       Grand Total:                   504    192       512    


GLOBAL SYMBOLS: SORTED ALPHABETICALLY BY Name 

address   name                    
-------   ----                    
000002a9  ADC0_IRQHandler         
000002a9  ADC1_IRQHandler         
000002a9  AES_IRQHandler          
000002b4  C$$EXIT                 
000002a9  CANFD0_IRQHandler       
000002a9  DAC0_IRQHandler         
000002a9  DMA_IRQHandler          
000002a9  Default_Handler         
000002a9  GROUP0_IRQHandler       
000002a9  GROUP1_IRQHandler       
000002a9  HardFault_Handler       
000002a9  I2C0_IRQHandler         
000002a9  I2C1_IRQHandler         
000002a9  NMI_Handler             
000002a9  PendSV_Handler          
000002a9  RTC_IRQHandler          
000002ad  Reset_Handler           
000002a9  SPI0_IRQHandler         
000002a9  SPI1_IRQHandler         
000002a9  SVC_Handler             
000002a9  SysTick_Handler         
000002a9  TIMA0_IRQHandler        
000002a9  TIMA1_IRQHandler        
000002a9  TIMG0_IRQHandler        
000002a9  TIMG12_IRQHandler       
000002a9  TIMG6_IRQHandler        
000002a9  TIMG7_IRQHandler        
000002a9  TIMG8_IRQHandler        
000002a9  UART0_IRQHandler        
000002a9  UART1_IRQHandler        
000002a9  UART2_IRQHandler        
000002a9  UART3_IRQHandler        
20208000  __STACK_END             
00000200  __STACK_SIZE            
00000000  __TI_ATRegion0_region_sz
00000000  __TI_ATRegion0_src_addr 
00000000  __TI_ATRegion0_trg_addr 
00000000  __TI_ATRegion1_region_sz
00000000  __TI_ATRegion1_src_addr 
00000000  __TI_ATRegion1_trg_addr 
00000000  __TI_ATRegion2_region_sz
00000000  __TI_ATRegion2_src_addr 
00000000  __TI_ATRegion2_trg_addr 
00000000  __TI_CINIT_Base         
00000000  __TI_CINIT_Limit        
00000000  __TI_CINIT_Warm         
ffffffff  __TI_pprof_out_hndl     
ffffffff  __TI_prof_data_size     
ffffffff  __TI_prof_data_start    
00000000  __TI_static_base__      
ffffffff  __binit__               
UNDEFED   __mpu_init              
20207e00  __stack                 
20200000  __start___llvm_prf_bits 
20200000  __start___llvm_prf_cnts 
20200000  __stop___llvm_prf_bits  
20200000  __stop___llvm_prf_cnts  
00000289  _c_int00_noinit_noargs  
000002b1  _system_pre_init        
000002b5  abort                   
ffffffff  binit                   
00000000  interruptVectors        
00000118  main                    


GLOBAL SYMBOLS: SORTED BY Symbol Address 

address   name                    
-------   ----                    
00000000  __TI_ATRegion0_region_sz
00000000  __TI_ATRegion0_src_addr 
00000000  __TI_ATRegion0_trg_addr 
00000000  __TI_ATRegion1_region_sz
00000000  __TI_ATRegion1_src_addr 
00000000  __TI_ATRegion1_trg_addr 
00000000  __TI_ATRegion2_region_sz
00000000  __TI_ATRegion2_src_addr 
00000000  __TI_ATRegion2_trg_addr 
00000000  __TI_CINIT_Base         
00000000  __TI_CINIT_Limit        
00000000  __TI_CINIT_Warm         
00000000  __TI_static_base__      
00000000  interruptVectors        
00000118  main                    
00000200  __STACK_SIZE            
00000289  _c_int00_noinit_noargs  
000002a9  ADC0_IRQHandler         
000002a9  ADC1_IRQHandler         
000002a9  AES_IRQHandler          
000002a9  CANFD0_IRQHandler       
000002a9  DAC0_IRQHandler         
000002a9  DMA_IRQHandler          
000002a9  Default_Handler         
000002a9  GROUP0_IRQHandler       
000002a9  GROUP1_IRQHandler       
000002a9  HardFault_Handler       
000002a9  I2C0_IRQHandler         
000002a9  I2C1_IRQHandler         
000002a9  NMI_Handler             
000002a9  PendSV_Handler          
000002a9  RTC_IRQHandler          
000002a9  SPI0_IRQHandler         
000002a9  SPI1_IRQHandler         
000002a9  SVC_Handler             
000002a9  SysTick_Handler         
000002a9  TIMA0_IRQHandler        
000002a9  TIMA1_IRQHandler        
000002a9  TIMG0_IRQHandler        
000002a9  TIMG12_IRQHandler       
000002a9  TIMG6_IRQHandler        
000002a9  TIMG7_IRQHandler        
000002a9  TIMG8_IRQHandler        
000002a9  UART0_IRQHandler        
000002a9  UART1_IRQHandler        
000002a9  UART2_IRQHandler        
000002a9  UART3_IRQHandler        
000002ad  Reset_Handler           
000002b1  _system_pre_init        
000002b4  C$$EXIT                 
000002b5  abort                   
20200000  __start___llvm_prf_bits 
20200000  __start___llvm_prf_cnts 
20200000  __stop___llvm_prf_bits  
20200000  __stop___llvm_prf_cnts  
20207e00  __stack                 
20208000  __STACK_END             
ffffffff  __TI_pprof_out_hndl     
ffffffff  __TI_prof_data_size     
ffffffff  __TI_prof_data_start    
ffffffff  __binit__               
ffffffff  binit                   
UNDEFED   __mpu_init              

[63 symbols]
