******************************************************************************
            TI ARM Clang Linker PC v3.2.1                      
******************************************************************************
>> Linked Mon Jan 22 16:16:33 2024

OUTPUT FILE NAME:   <NotGate.out>
ENTRY POINT SYMBOL: "_c_int00_noargs"  address: 00000181


MEMORY CONFIGURATION

         name            origin    length      used     unused   attr    fill
----------------------  --------  ---------  --------  --------  ----  --------
  FLASH                 00000000   00020000  000001f8  0001fe08  R  X
  SRAM                  20200000   00008000  00000208  00007df8  RW X
  BCR_CONFIG            41c00000   00000080  00000000  00000080  R   
  BSL_CONFIG            41c00100   00000080  00000000  00000080  R   


SEGMENT ALLOCATION MAP

run origin  load origin   length   init length attrs members
----------  ----------- ---------- ----------- ----- -------
00000000    00000000    000001f8   000001f8    r-x
  00000000    00000000    000000c0   000000c0    r-- .intvecs
  000000c0    000000c0    00000120   00000120    r-x .text
  000001e0    000001e0    00000018   00000018    r-- .cinit
20200000    20200000    00000008   00000000    rw-
  20200000    20200000    00000008   00000000    rw- .bss
20207e00    20207e00    00000200   00000000    rw-
  20207e00    20207e00    00000200   00000000    rw- .stack


SECTION ALLOCATION MAP

 output                                  attributes/
section   page    origin      length       input sections
--------  ----  ----------  ----------   ----------------
.intvecs   0    00000000    000000c0     
                  00000000    000000c0     startup_mspm0g3507_ticlang.o (.intvecs)

.text      0    000000c0    00000120     
                  000000c0    00000048     NotGate.o (.text.Init)
                  00000108    0000003c     NotGate.o (.text.main)
                  00000144    0000003c     libc.a : autoinit.c.obj (.text:__TI_auto_init_nobinit_nopinit)
                  00000180    00000028            : boot_cortex_m.c.obj (.text:_c_int00_noargs)
                  000001a8    00000016            : copy_zero_init.c.obj (.text:decompress:ZI:__TI_zero_init_nomemset)
                  000001be    00000010     Clock.o (.text.Clock_Delay)
                  000001ce    00000004     startup_mspm0g3507_ticlang.o (.text.Default_Handler)
                  000001d2    00000004     startup_mspm0g3507_ticlang.o (.text.Reset_Handler)
                  000001d6    00000004     libc.a : pre_init.c.obj (.text._system_pre_init)
                  000001da    00000004            : exit.c.obj (.text:abort)
                  000001de    00000002     --HOLE-- [fill = 0]

.cinit     0    000001e0    00000018     
                  000001e0    00000008     (.cinit..bss.load) [load image, compression = zero_init]
                  000001e8    00000004     (__TI_handler_table)
                  000001ec    00000008     (__TI_cinit_table)
                  000001f4    00000004     --HOLE-- [fill = 0]

.init_array 
*          0    00000000    00000000     UNINITIALIZED

.binit     0    00000000    00000000     

.bss       0    20200000    00000008     UNINITIALIZED
                  20200000    00000004     (.common:Input)
                  20200004    00000004     (.common:Output)

.stack     0    20207e00    00000200     UNINITIALIZED
                  20207e00    00000004     libc.a : boot_cortex_m.c.obj (.stack)
                  20207e04    000001fc     --HOLE--

__llvm_prf_cnts 
*          0    20200000    00000000     UNINITIALIZED

__llvm_prf_bits 
*          0    20200000    00000000     UNINITIALIZED

MODULE SUMMARY

       Module                         code   ro data   rw data
       ------                         ----   -------   -------
    .\
       NotGate.o                      132    0         8      
       Clock.o                        16     0         0      
    +--+------------------------------+------+---------+---------+
       Total:                         148    0         8      
                                                              
    .\ticlang\
       startup_mspm0g3507_ticlang.o   8      192       0      
    +--+------------------------------+------+---------+---------+
       Total:                         8      192       0      
                                                              
    C:\ti\ccs1260\ccs\tools\compiler\ti-cgt-armllvm_3.2.1.LTS\lib\armv6m-ti-none-eabi/c/libc.a
       autoinit.c.obj                 60     0         0      
       boot_cortex_m.c.obj            40     0         0      
       copy_zero_init.c.obj           22     0         0      
       exit.c.obj                     4      0         0      
       pre_init.c.obj                 4      0         0      
    +--+------------------------------+------+---------+---------+
       Total:                         130    0         0      
                                                              
       Stack:                         0      0         512    
       Linker Generated:              0      20        0      
    +--+------------------------------+------+---------+---------+
       Grand Total:                   286    212       520    


LINKER GENERATED COPY TABLES

__TI_cinit_table @ 000001ec records: 1, size/record: 8, table size: 8
	.bss: load addr=000001e0, load size=00000008 bytes, run addr=20200000, run size=00000008 bytes, compression=zero_init


LINKER GENERATED HANDLER TABLE

__TI_handler_table @ 000001e8 records: 1, size/record: 4, table size: 4
	index: 0, handler: __TI_zero_init


GLOBAL SYMBOLS: SORTED ALPHABETICALLY BY Name 

address   name                          
-------   ----                          
000001cf  ADC0_IRQHandler               
000001cf  ADC1_IRQHandler               
000001cf  AES_IRQHandler                
000001da  C$$EXIT                       
000001cf  CANFD0_IRQHandler             
000001bf  Clock_Delay                   
000001cf  DAC0_IRQHandler               
000001cf  DMA_IRQHandler                
000001cf  Default_Handler               
000001cf  GROUP0_IRQHandler             
000001cf  GROUP1_IRQHandler             
000001cf  HardFault_Handler             
000001cf  I2C0_IRQHandler               
000001cf  I2C1_IRQHandler               
000000c1  Init                          
20200000  Input                         
000001cf  NMI_Handler                   
20200004  Output                        
000001cf  PendSV_Handler                
000001cf  RTC_IRQHandler                
000001d3  Reset_Handler                 
000001cf  SPI0_IRQHandler               
000001cf  SPI1_IRQHandler               
000001cf  SVC_Handler                   
000001cf  SysTick_Handler               
000001cf  TIMA0_IRQHandler              
000001cf  TIMA1_IRQHandler              
000001cf  TIMG0_IRQHandler              
000001cf  TIMG12_IRQHandler             
000001cf  TIMG6_IRQHandler              
000001cf  TIMG7_IRQHandler              
000001cf  TIMG8_IRQHandler              
000001cf  UART0_IRQHandler              
000001cf  UART1_IRQHandler              
000001cf  UART2_IRQHandler              
000001cf  UART3_IRQHandler              
20208000  __STACK_END                   
00000200  __STACK_SIZE                  
00000000  __TI_ATRegion0_region_sz      
00000000  __TI_ATRegion0_src_addr       
00000000  __TI_ATRegion0_trg_addr       
00000000  __TI_ATRegion1_region_sz      
00000000  __TI_ATRegion1_src_addr       
00000000  __TI_ATRegion1_trg_addr       
00000000  __TI_ATRegion2_region_sz      
00000000  __TI_ATRegion2_src_addr       
00000000  __TI_ATRegion2_trg_addr       
000001ec  __TI_CINIT_Base               
000001f4  __TI_CINIT_Limit              
000001f4  __TI_CINIT_Warm               
000001e8  __TI_Handler_Table_Base       
000001ec  __TI_Handler_Table_Limit      
00000145  __TI_auto_init_nobinit_nopinit
ffffffff  __TI_pprof_out_hndl           
ffffffff  __TI_prof_data_size           
ffffffff  __TI_prof_data_start          
00000000  __TI_static_base__            
000001a9  __TI_zero_init_nomemset       
ffffffff  __binit__                     
UNDEFED   __mpu_init                    
20207e00  __stack                       
20200000  __start___llvm_prf_bits       
20200000  __start___llvm_prf_cnts       
20200000  __stop___llvm_prf_bits        
20200000  __stop___llvm_prf_cnts        
00000181  _c_int00_noargs               
UNDEFED   _system_post_cinit            
000001d7  _system_pre_init              
000001db  abort                         
ffffffff  binit                         
00000000  interruptVectors              
00000109  main                          


GLOBAL SYMBOLS: SORTED BY Symbol Address 

address   name                          
-------   ----                          
00000000  __TI_ATRegion0_region_sz      
00000000  __TI_ATRegion0_src_addr       
00000000  __TI_ATRegion0_trg_addr       
00000000  __TI_ATRegion1_region_sz      
00000000  __TI_ATRegion1_src_addr       
00000000  __TI_ATRegion1_trg_addr       
00000000  __TI_ATRegion2_region_sz      
00000000  __TI_ATRegion2_src_addr       
00000000  __TI_ATRegion2_trg_addr       
00000000  __TI_static_base__            
00000000  interruptVectors              
000000c1  Init                          
00000109  main                          
00000145  __TI_auto_init_nobinit_nopinit
00000181  _c_int00_noargs               
000001a9  __TI_zero_init_nomemset       
000001bf  Clock_Delay                   
000001cf  ADC0_IRQHandler               
000001cf  ADC1_IRQHandler               
000001cf  AES_IRQHandler                
000001cf  CANFD0_IRQHandler             
000001cf  DAC0_IRQHandler               
000001cf  DMA_IRQHandler                
000001cf  Default_Handler               
000001cf  GROUP0_IRQHandler             
000001cf  GROUP1_IRQHandler             
000001cf  HardFault_Handler             
000001cf  I2C0_IRQHandler               
000001cf  I2C1_IRQHandler               
000001cf  NMI_Handler                   
000001cf  PendSV_Handler                
000001cf  RTC_IRQHandler                
000001cf  SPI0_IRQHandler               
000001cf  SPI1_IRQHandler               
000001cf  SVC_Handler                   
000001cf  SysTick_Handler               
000001cf  TIMA0_IRQHandler              
000001cf  TIMA1_IRQHandler              
000001cf  TIMG0_IRQHandler              
000001cf  TIMG12_IRQHandler             
000001cf  TIMG6_IRQHandler              
000001cf  TIMG7_IRQHandler              
000001cf  TIMG8_IRQHandler              
000001cf  UART0_IRQHandler              
000001cf  UART1_IRQHandler              
000001cf  UART2_IRQHandler              
000001cf  UART3_IRQHandler              
000001d3  Reset_Handler                 
000001d7  _system_pre_init              
000001da  C$$EXIT                       
000001db  abort                         
000001e8  __TI_Handler_Table_Base       
000001ec  __TI_CINIT_Base               
000001ec  __TI_Handler_Table_Limit      
000001f4  __TI_CINIT_Limit              
000001f4  __TI_CINIT_Warm               
00000200  __STACK_SIZE                  
20200000  Input                         
20200000  __start___llvm_prf_bits       
20200000  __start___llvm_prf_cnts       
20200000  __stop___llvm_prf_bits        
20200000  __stop___llvm_prf_cnts        
20200004  Output                        
20207e00  __stack                       
20208000  __STACK_END                   
ffffffff  __TI_pprof_out_hndl           
ffffffff  __TI_prof_data_size           
ffffffff  __TI_prof_data_start          
ffffffff  __binit__                     
ffffffff  binit                         
UNDEFED   __mpu_init                    
UNDEFED   _system_post_cinit            

[72 symbols]
