******************************************************************************
            TI ARM Clang Linker PC v3.2.1                      
******************************************************************************
>> Linked Mon Jan 22 16:17:14 2024

OUTPUT FILE NAME:   <TimerPeriodicInt.out>
ENTRY POINT SYMBOL: "_c_int00_noargs"  address: 00000571


MEMORY CONFIGURATION

         name            origin    length      used     unused   attr    fill
----------------------  --------  ---------  --------  --------  ----  --------
  FLASH                 00000000   00020000  00000630  0001f9d0  R  X
  SRAM                  20200000   00008000  00000208  00007df8  RW X
  BCR_CONFIG            41c00000   00000080  00000000  00000080  R   
  BSL_CONFIG            41c00100   00000080  00000000  00000080  R   


SEGMENT ALLOCATION MAP

run origin  load origin   length   init length attrs members
----------  ----------- ---------- ----------- ----- -------
00000000    00000000    00000630   00000630    r-x
  00000000    00000000    000000c0   000000c0    r-- .intvecs
  000000c0    000000c0    00000540   00000540    r-x .text
  00000600    00000600    00000030   00000030    r-- .cinit
20200000    20200000    00000008   00000000    rw-
  20200000    20200000    00000004   00000000    rw- .bss
  20200004    20200004    00000004   00000000    rw- .data
20207e00    20207e00    00000200   00000000    rw-
  20207e00    20207e00    00000200   00000000    rw- .stack


SECTION ALLOCATION MAP

 output                                  attributes/
section   page    origin      length       input sections
--------  ----  ----------  ----------   ----------------
.intvecs   0    00000000    000000c0     
                  00000000    000000c0     startup_mspm0g3507_ticlang.o (.intvecs)

.text      0    000000c0    00000540     
                  000000c0    00000134     Clock.o (.text.Clock_Init40MHz)
                  000001f4    000000a4     Timer.o (.text.TimerG0_IntArm)
                  00000298    0000007c     LaunchPad.o (.text.LaunchPad_Init)
                  00000314    00000078     libc.a : copy_decompress_lzss.c.obj (.text:decompress:lzss)
                  0000038c    0000003c     TimerPeriodicIntmain.o (.text.main)
                  000003c8    0000003c     libc.a : autoinit.c.obj (.text:__TI_auto_init_nobinit_nopinit)
                  00000404    00000038     LaunchPad.o (.text.ActivatePortA_B)
                  0000043c    0000002c     TimerPeriodicIntmain.o (.text.TIMA0_IRQHandler)
                  00000468    0000002c     TimerPeriodicIntmain.o (.text.TIMA1_IRQHandler)
                  00000494    0000002c     TimerPeriodicIntmain.o (.text.TIMG0_IRQHandler)
                  000004c0    0000002c     TimerPeriodicIntmain.o (.text.TIMG12_IRQHandler)
                  000004ec    0000002c     TimerPeriodicIntmain.o (.text.TIMG6_IRQHandler)
                  00000518    0000002c     TimerPeriodicIntmain.o (.text.TIMG7_IRQHandler)
                  00000544    0000002c     TimerPeriodicIntmain.o (.text.TIMG8_IRQHandler)
                  00000570    00000028     libc.a : boot_cortex_m.c.obj (.text:_c_int00_noargs)
                  00000598    00000016            : copy_zero_init.c.obj (.text:decompress:ZI:__TI_zero_init_nomemset)
                  000005ae    00000012            : memcpy16.S.obj (.text:TI_memcpy_small)
                  000005c0    00000012            : copy_decompress_none.c.obj (.text:decompress:none)
                  000005d2    00000010     Clock.o (.text.Clock_Delay)
                  000005e2    00000002     --HOLE-- [fill = 0]
                  000005e4    00000008     libclang_rt.builtins.a : aeabi_memcpy.S.obj (.text.__aeabi_memcpy)
                  000005ec    00000004     startup_mspm0g3507_ticlang.o (.text.Default_Handler)
                  000005f0    00000004     startup_mspm0g3507_ticlang.o (.text.Reset_Handler)
                  000005f4    00000004     libc.a : pre_init.c.obj (.text._system_pre_init)
                  000005f8    00000004            : exit.c.obj (.text:abort)
                  000005fc    00000004     --HOLE-- [fill = 0]

.cinit     0    00000600    00000030     
                  00000600    0000000c     (__TI_handler_table)
                  0000060c    00000008     (.cinit..bss.load) [load image, compression = zero_init]
                  00000614    00000008     (.cinit..data.load) [load image, compression = lzss]
                  0000061c    00000010     (__TI_cinit_table)
                  0000062c    00000004     --HOLE-- [fill = 0]

.init_array 
*          0    00000000    00000000     UNINITIALIZED

.binit     0    00000000    00000000     

.bss       0    20200000    00000004     UNINITIALIZED
                  20200000    00000004     (.common:count)

.data      0    20200004    00000004     UNINITIALIZED
                  20200004    00000004     Clock.o (.data.BusFreq)

.stack     0    20207e00    00000200     UNINITIALIZED
                  20207e00    00000004     libc.a : boot_cortex_m.c.obj (.stack)
                  20207e04    000001fc     --HOLE--

__llvm_prf_cnts 
*          0    20200000    00000000     UNINITIALIZED

__llvm_prf_bits 
*          0    20200000    00000000     UNINITIALIZED

MODULE SUMMARY

       Module                         code   ro data   rw data
       ------                         ----   -------   -------
    .\
       TimerPeriodicIntmain.o         368    0         4      
       Clock.o                        324    0         4      
       LaunchPad.o                    180    0         0      
       Timer.o                        164    0         0      
    +--+------------------------------+------+---------+---------+
       Total:                         1036   0         8      
                                                              
    .\ticlang\
       startup_mspm0g3507_ticlang.o   8      192       0      
    +--+------------------------------+------+---------+---------+
       Total:                         8      192       0      
                                                              
    C:\ti\ccs1260\ccs\tools\compiler\ti-cgt-armllvm_3.2.1.LTS\lib\armv6m-ti-none-eabi/c/libc.a
       copy_decompress_lzss.c.obj     120    0         0      
       autoinit.c.obj                 60     0         0      
       boot_cortex_m.c.obj            40     0         0      
       copy_zero_init.c.obj           22     0         0      
       copy_decompress_none.c.obj     18     0         0      
       memcpy16.S.obj                 18     0         0      
       exit.c.obj                     4      0         0      
       pre_init.c.obj                 4      0         0      
    +--+------------------------------+------+---------+---------+
       Total:                         286    0         0      
                                                              
    C:\ti\ccs1260\ccs\tools\compiler\ti-cgt-armllvm_3.2.1.LTS\lib\clang/15.0.7/lib/armv6m-ti-none-eabi/libclang_rt.builtins.a
       aeabi_memcpy.S.obj             8      0         0      
    +--+------------------------------+------+---------+---------+
       Total:                         8      0         0      
                                                              
       Stack:                         0      0         512    
       Linker Generated:              0      44        0      
    +--+------------------------------+------+---------+---------+
       Grand Total:                   1338   236       520    


LINKER GENERATED COPY TABLES

__TI_cinit_table @ 0000061c records: 2, size/record: 8, table size: 16
	.bss: load addr=0000060c, load size=00000008 bytes, run addr=20200000, run size=00000004 bytes, compression=zero_init
	.data: load addr=00000614, load size=00000008 bytes, run addr=20200004, run size=00000004 bytes, compression=lzss


LINKER GENERATED HANDLER TABLE

__TI_handler_table @ 00000600 records: 3, size/record: 4, table size: 12
	index: 0, handler: __TI_decompress_lzss
	index: 1, handler: __TI_decompress_none
	index: 2, handler: __TI_zero_init


GLOBAL SYMBOLS: SORTED ALPHABETICALLY BY Name 

address   name                          
-------   ----                          
000005ed  ADC0_IRQHandler               
000005ed  ADC1_IRQHandler               
000005ed  AES_IRQHandler                
00000405  ActivatePortA_B               
20200004  BusFreq                       
000005f8  C$$EXIT                       
000005ed  CANFD0_IRQHandler             
000005d3  Clock_Delay                   
000000c1  Clock_Init40MHz               
000005ed  DAC0_IRQHandler               
000005ed  DMA_IRQHandler                
000005ed  Default_Handler               
000005ed  GROUP0_IRQHandler             
000005ed  GROUP1_IRQHandler             
000005ed  HardFault_Handler             
000005ed  I2C0_IRQHandler               
000005ed  I2C1_IRQHandler               
00000299  LaunchPad_Init                
000005ed  NMI_Handler                   
000005ed  PendSV_Handler                
000005ed  RTC_IRQHandler                
000005f1  Reset_Handler                 
000005ed  SPI0_IRQHandler               
000005ed  SPI1_IRQHandler               
000005ed  SVC_Handler                   
000005ed  SysTick_Handler               
0000043d  TIMA0_IRQHandler              
00000469  TIMA1_IRQHandler              
00000495  TIMG0_IRQHandler              
000004c1  TIMG12_IRQHandler             
000004ed  TIMG6_IRQHandler              
00000519  TIMG7_IRQHandler              
00000545  TIMG8_IRQHandler              
000005af  TI_memcpy_small               
000001f5  TimerG0_IntArm                
000005ed  UART0_IRQHandler              
000005ed  UART1_IRQHandler              
000005ed  UART2_IRQHandler              
000005ed  UART3_IRQHandler              
20208000  __STACK_END                   
00000200  __STACK_SIZE                  
00000000  __TI_ATRegion0_region_sz      
00000000  __TI_ATRegion0_src_addr       
00000000  __TI_ATRegion0_trg_addr       
00000000  __TI_ATRegion1_region_sz      
00000000  __TI_ATRegion1_src_addr       
00000000  __TI_ATRegion1_trg_addr       
00000000  __TI_ATRegion2_region_sz      
00000000  __TI_ATRegion2_src_addr       
00000000  __TI_ATRegion2_trg_addr       
0000061c  __TI_CINIT_Base               
0000062c  __TI_CINIT_Limit              
0000062c  __TI_CINIT_Warm               
00000600  __TI_Handler_Table_Base       
0000060c  __TI_Handler_Table_Limit      
000003c9  __TI_auto_init_nobinit_nopinit
00000315  __TI_decompress_lzss          
000005c1  __TI_decompress_none          
ffffffff  __TI_pprof_out_hndl           
ffffffff  __TI_prof_data_size           
ffffffff  __TI_prof_data_start          
00000000  __TI_static_base__            
00000599  __TI_zero_init_nomemset       
000005e5  __aeabi_memcpy                
000005e5  __aeabi_memcpy4               
000005e5  __aeabi_memcpy8               
ffffffff  __binit__                     
UNDEFED   __mpu_init                    
20207e00  __stack                       
20200000  __start___llvm_prf_bits       
20200000  __start___llvm_prf_cnts       
20200000  __stop___llvm_prf_bits        
20200000  __stop___llvm_prf_cnts        
00000571  _c_int00_noargs               
UNDEFED   _system_post_cinit            
000005f5  _system_pre_init              
000005f9  abort                         
ffffffff  binit                         
20200000  count                         
00000000  interruptVectors              
0000038d  main                          


GLOBAL SYMBOLS: SORTED BY Symbol Address 

address   name                          
-------   ----                          
00000000  __TI_ATRegion0_region_sz      
00000000  __TI_ATRegion0_src_addr       
00000000  __TI_ATRegion0_trg_addr       
00000000  __TI_ATRegion1_region_sz      
00000000  __TI_ATRegion1_src_addr       
00000000  __TI_ATRegion1_trg_addr       
00000000  __TI_ATRegion2_region_sz      
00000000  __TI_ATRegion2_src_addr       
00000000  __TI_ATRegion2_trg_addr       
00000000  __TI_static_base__            
00000000  interruptVectors              
000000c1  Clock_Init40MHz               
000001f5  TimerG0_IntArm                
00000200  __STACK_SIZE                  
00000299  LaunchPad_Init                
00000315  __TI_decompress_lzss          
0000038d  main                          
000003c9  __TI_auto_init_nobinit_nopinit
00000405  ActivatePortA_B               
0000043d  TIMA0_IRQHandler              
00000469  TIMA1_IRQHandler              
00000495  TIMG0_IRQHandler              
000004c1  TIMG12_IRQHandler             
000004ed  TIMG6_IRQHandler              
00000519  TIMG7_IRQHandler              
00000545  TIMG8_IRQHandler              
00000571  _c_int00_noargs               
00000599  __TI_zero_init_nomemset       
000005af  TI_memcpy_small               
000005c1  __TI_decompress_none          
000005d3  Clock_Delay                   
000005e5  __aeabi_memcpy                
000005e5  __aeabi_memcpy4               
000005e5  __aeabi_memcpy8               
000005ed  ADC0_IRQHandler               
000005ed  ADC1_IRQHandler               
000005ed  AES_IRQHandler                
000005ed  CANFD0_IRQHandler             
000005ed  DAC0_IRQHandler               
000005ed  DMA_IRQHandler                
000005ed  Default_Handler               
000005ed  GROUP0_IRQHandler             
000005ed  GROUP1_IRQHandler             
000005ed  HardFault_Handler             
000005ed  I2C0_IRQHandler               
000005ed  I2C1_IRQHandler               
000005ed  NMI_Handler                   
000005ed  PendSV_Handler                
000005ed  RTC_IRQHandler                
000005ed  SPI0_IRQHandler               
000005ed  SPI1_IRQHandler               
000005ed  SVC_Handler                   
000005ed  SysTick_Handler               
000005ed  UART0_IRQHandler              
000005ed  UART1_IRQHandler              
000005ed  UART2_IRQHandler              
000005ed  UART3_IRQHandler              
000005f1  Reset_Handler                 
000005f5  _system_pre_init              
000005f8  C$$EXIT                       
000005f9  abort                         
00000600  __TI_Handler_Table_Base       
0000060c  __TI_Handler_Table_Limit      
0000061c  __TI_CINIT_Base               
0000062c  __TI_CINIT_Limit              
0000062c  __TI_CINIT_Warm               
20200000  __start___llvm_prf_bits       
20200000  __start___llvm_prf_cnts       
20200000  __stop___llvm_prf_bits        
20200000  __stop___llvm_prf_cnts        
20200000  count                         
20200004  BusFreq                       
20207e00  __stack                       
20208000  __STACK_END                   
ffffffff  __TI_pprof_out_hndl           
ffffffff  __TI_prof_data_size           
ffffffff  __TI_prof_data_start          
ffffffff  __binit__                     
ffffffff  binit                         
UNDEFED   __mpu_init                    
UNDEFED   _system_post_cinit            

[81 symbols]
