******************************************************************************
            TI ARM Clang Linker PC v3.2.1                      
******************************************************************************
>> Linked Mon Jan 22 16:17:26 2024

OUTPUT FILE NAME:   <TrafficLightFSMasm.out>
ENTRY POINT SYMBOL: "_c_int00_noargs"  address: 00000495


MEMORY CONFIGURATION

         name            origin    length      used     unused   attr    fill
----------------------  --------  ---------  --------  --------  ----  --------
  FLASH                 00000000   00020000  00000540  0001fac0  R  X
  SRAM                  20200000   00008000  00000204  00007dfc  RW X
  BCR_CONFIG            41c00000   00000080  00000000  00000080  R   
  BSL_CONFIG            41c00100   00000080  00000000  00000080  R   


SEGMENT ALLOCATION MAP

run origin  load origin   length   init length attrs members
----------  ----------- ---------- ----------- ----- -------
00000000    00000000    00000540   00000540    r-x
  00000000    00000000    000000c0   000000c0    r-- .intvecs
  000000c0    000000c0    00000468   00000468    r-x .text
  00000528    00000528    00000018   00000018    r-- .cinit
20200000    20200000    00000004   00000000    rw-
  20200000    20200000    00000004   00000000    rw- .data
20207e00    20207e00    00000200   00000000    rw-
  20207e00    20207e00    00000200   00000000    rw- .stack


SECTION ALLOCATION MAP

 output                                  attributes/
section   page    origin      length       input sections
--------  ----  ----------  ----------   ----------------
.intvecs   0    00000000    000000c0     
                  00000000    000000c0     startup_mspm0g3507_ticlang.o (.intvecs)

.text      0    000000c0    00000468     
                  000000c0    000001b4     Clock.o (.text.Clock_Init80MHz)
                  00000274    00000138     TrafficLightFSM.o (.text)
                  000003ac    00000078     libc.a : copy_decompress_lzss.c.obj (.text:decompress:lzss)
                  00000424    0000003c            : autoinit.c.obj (.text:__TI_auto_init_nobinit_nopinit)
                  00000460    00000034     Clock.o (.text.SysTick_Wait)
                  00000494    00000028     libc.a : boot_cortex_m.c.obj (.text:_c_int00_noargs)
                  000004bc    00000020     Clock.o (.text.SysTick_Init)
                  000004dc    00000012     libc.a : memcpy16.S.obj (.text:TI_memcpy_small)
                  000004ee    00000012            : copy_decompress_none.c.obj (.text:decompress:none)
                  00000500    00000010     Clock.o (.text.Clock_Delay)
                  00000510    00000008     libclang_rt.builtins.a : aeabi_memcpy.S.obj (.text.__aeabi_memcpy)
                  00000518    00000004     startup_mspm0g3507_ticlang.o (.text.Default_Handler)
                  0000051c    00000004     startup_mspm0g3507_ticlang.o (.text.Reset_Handler)
                  00000520    00000004     libc.a : pre_init.c.obj (.text._system_pre_init)
                  00000524    00000004            : exit.c.obj (.text:abort)

.cinit     0    00000528    00000018     
                  00000528    00000008     (.cinit..data.load) [load image, compression = lzss]
                  00000530    00000008     (__TI_handler_table)
                  00000538    00000008     (__TI_cinit_table)

.init_array 
*          0    00000000    00000000     UNINITIALIZED

.binit     0    00000000    00000000     

.data      0    20200000    00000004     UNINITIALIZED
                  20200000    00000004     Clock.o (.data.BusFreq)

.stack     0    20207e00    00000200     UNINITIALIZED
                  20207e00    00000004     libc.a : boot_cortex_m.c.obj (.stack)
                  20207e04    000001fc     --HOLE--

__llvm_prf_cnts 
*          0    20200000    00000000     UNINITIALIZED

__llvm_prf_bits 
*          0    20200000    00000000     UNINITIALIZED

MODULE SUMMARY

       Module                         code   ro data   rw data
       ------                         ----   -------   -------
    .\
       Clock.o                        536    0         4      
       TrafficLightFSM.o              312    0         0      
    +--+------------------------------+------+---------+---------+
       Total:                         848    0         4      
                                                              
    .\ticlang\
       startup_mspm0g3507_ticlang.o   8      192       0      
    +--+------------------------------+------+---------+---------+
       Total:                         8      192       0      
                                                              
    C:\ti\ccs1260\ccs\tools\compiler\ti-cgt-armllvm_3.2.1.LTS\lib\armv6m-ti-none-eabi/c/libc.a
       copy_decompress_lzss.c.obj     120    0         0      
       autoinit.c.obj                 60     0         0      
       boot_cortex_m.c.obj            40     0         0      
       copy_decompress_none.c.obj     18     0         0      
       memcpy16.S.obj                 18     0         0      
       exit.c.obj                     4      0         0      
       pre_init.c.obj                 4      0         0      
    +--+------------------------------+------+---------+---------+
       Total:                         264    0         0      
                                                              
    C:\ti\ccs1260\ccs\tools\compiler\ti-cgt-armllvm_3.2.1.LTS\lib\clang/15.0.7/lib/armv6m-ti-none-eabi/libclang_rt.builtins.a
       aeabi_memcpy.S.obj             8      0         0      
    +--+------------------------------+------+---------+---------+
       Total:                         8      0         0      
                                                              
       Stack:                         0      0         512    
       Linker Generated:              0      24        0      
    +--+------------------------------+------+---------+---------+
       Grand Total:                   1128   216       516    


LINKER GENERATED COPY TABLES

__TI_cinit_table @ 00000538 records: 1, size/record: 8, table size: 8
	.data: load addr=00000528, load size=00000008 bytes, run addr=20200000, run size=00000004 bytes, compression=lzss


LINKER GENERATED HANDLER TABLE

__TI_handler_table @ 00000530 records: 2, size/record: 4, table size: 8
	index: 0, handler: __TI_decompress_lzss
	index: 1, handler: __TI_decompress_none


GLOBAL SYMBOLS: SORTED ALPHABETICALLY BY Name 

address   name                          
-------   ----                          
00000519  ADC0_IRQHandler               
00000519  ADC1_IRQHandler               
00000519  AES_IRQHandler                
20200000  BusFreq                       
00000524  C$$EXIT                       
00000519  CANFD0_IRQHandler             
00000501  Clock_Delay                   
000000c1  Clock_Init80MHz               
00000519  DAC0_IRQHandler               
00000519  DMA_IRQHandler                
00000519  Default_Handler               
00000519  GROUP0_IRQHandler             
00000519  GROUP1_IRQHandler             
00000519  HardFault_Handler             
00000519  I2C0_IRQHandler               
00000519  I2C1_IRQHandler               
00000519  NMI_Handler                   
00000519  PendSV_Handler                
00000519  RTC_IRQHandler                
0000051d  Reset_Handler                 
00000519  SPI0_IRQHandler               
00000519  SPI1_IRQHandler               
00000519  SVC_Handler                   
00000519  SysTick_Handler               
000004bd  SysTick_Init                  
00000461  SysTick_Wait                  
00000519  TIMA0_IRQHandler              
00000519  TIMA1_IRQHandler              
00000519  TIMG0_IRQHandler              
00000519  TIMG12_IRQHandler             
00000519  TIMG6_IRQHandler              
00000519  TIMG7_IRQHandler              
00000519  TIMG8_IRQHandler              
000004dd  TI_memcpy_small               
00000519  UART0_IRQHandler              
00000519  UART1_IRQHandler              
00000519  UART2_IRQHandler              
00000519  UART3_IRQHandler              
20208000  __STACK_END                   
00000200  __STACK_SIZE                  
00000000  __TI_ATRegion0_region_sz      
00000000  __TI_ATRegion0_src_addr       
00000000  __TI_ATRegion0_trg_addr       
00000000  __TI_ATRegion1_region_sz      
00000000  __TI_ATRegion1_src_addr       
00000000  __TI_ATRegion1_trg_addr       
00000000  __TI_ATRegion2_region_sz      
00000000  __TI_ATRegion2_src_addr       
00000000  __TI_ATRegion2_trg_addr       
00000538  __TI_CINIT_Base               
00000540  __TI_CINIT_Limit              
00000540  __TI_CINIT_Warm               
00000530  __TI_Handler_Table_Base       
00000538  __TI_Handler_Table_Limit      
00000425  __TI_auto_init_nobinit_nopinit
000003ad  __TI_decompress_lzss          
000004ef  __TI_decompress_none          
ffffffff  __TI_pprof_out_hndl           
ffffffff  __TI_prof_data_size           
ffffffff  __TI_prof_data_start          
00000000  __TI_static_base__            
00000511  __aeabi_memcpy                
00000511  __aeabi_memcpy4               
00000511  __aeabi_memcpy8               
ffffffff  __binit__                     
UNDEFED   __mpu_init                    
20207e00  __stack                       
20200000  __start___llvm_prf_bits       
20200000  __start___llvm_prf_cnts       
20200000  __stop___llvm_prf_bits        
20200000  __stop___llvm_prf_cnts        
00000495  _c_int00_noargs               
UNDEFED   _system_post_cinit            
00000521  _system_pre_init              
00000525  abort                         
ffffffff  binit                         
00000000  interruptVectors              
000002b4  main                          


GLOBAL SYMBOLS: SORTED BY Symbol Address 

address   name                          
-------   ----                          
00000000  __TI_ATRegion0_region_sz      
00000000  __TI_ATRegion0_src_addr       
00000000  __TI_ATRegion0_trg_addr       
00000000  __TI_ATRegion1_region_sz      
00000000  __TI_ATRegion1_src_addr       
00000000  __TI_ATRegion1_trg_addr       
00000000  __TI_ATRegion2_region_sz      
00000000  __TI_ATRegion2_src_addr       
00000000  __TI_ATRegion2_trg_addr       
00000000  __TI_static_base__            
00000000  interruptVectors              
000000c1  Clock_Init80MHz               
00000200  __STACK_SIZE                  
000002b4  main                          
000003ad  __TI_decompress_lzss          
00000425  __TI_auto_init_nobinit_nopinit
00000461  SysTick_Wait                  
00000495  _c_int00_noargs               
000004bd  SysTick_Init                  
000004dd  TI_memcpy_small               
000004ef  __TI_decompress_none          
00000501  Clock_Delay                   
00000511  __aeabi_memcpy                
00000511  __aeabi_memcpy4               
00000511  __aeabi_memcpy8               
00000519  ADC0_IRQHandler               
00000519  ADC1_IRQHandler               
00000519  AES_IRQHandler                
00000519  CANFD0_IRQHandler             
00000519  DAC0_IRQHandler               
00000519  DMA_IRQHandler                
00000519  Default_Handler               
00000519  GROUP0_IRQHandler             
00000519  GROUP1_IRQHandler             
00000519  HardFault_Handler             
00000519  I2C0_IRQHandler               
00000519  I2C1_IRQHandler               
00000519  NMI_Handler                   
00000519  PendSV_Handler                
00000519  RTC_IRQHandler                
00000519  SPI0_IRQHandler               
00000519  SPI1_IRQHandler               
00000519  SVC_Handler                   
00000519  SysTick_Handler               
00000519  TIMA0_IRQHandler              
00000519  TIMA1_IRQHandler              
00000519  TIMG0_IRQHandler              
00000519  TIMG12_IRQHandler             
00000519  TIMG6_IRQHandler              
00000519  TIMG7_IRQHandler              
00000519  TIMG8_IRQHandler              
00000519  UART0_IRQHandler              
00000519  UART1_IRQHandler              
00000519  UART2_IRQHandler              
00000519  UART3_IRQHandler              
0000051d  Reset_Handler                 
00000521  _system_pre_init              
00000524  C$$EXIT                       
00000525  abort                         
00000530  __TI_Handler_Table_Base       
00000538  __TI_CINIT_Base               
00000538  __TI_Handler_Table_Limit      
00000540  __TI_CINIT_Limit              
00000540  __TI_CINIT_Warm               
20200000  BusFreq                       
20200000  __start___llvm_prf_bits       
20200000  __start___llvm_prf_cnts       
20200000  __stop___llvm_prf_bits        
20200000  __stop___llvm_prf_cnts        
20207e00  __stack                       
20208000  __STACK_END                   
ffffffff  __TI_pprof_out_hndl           
ffffffff  __TI_prof_data_size           
ffffffff  __TI_prof_data_start          
ffffffff  __binit__                     
ffffffff  binit                         
UNDEFED   __mpu_init                    
UNDEFED   _system_post_cinit            

[78 symbols]
