******************************************************************************
            TI ARM Clang Linker PC v3.2.1                      
******************************************************************************
>> Linked Sun Feb  4 22:22:18 2024

OUTPUT FILE NAME:   <NotGateAsm.out>
ENTRY POINT SYMBOL: "_c_int00_noargs"  address: 00000881


MEMORY CONFIGURATION

         name            origin    length      used     unused   attr    fill
----------------------  --------  ---------  --------  --------  ----  --------
  FLASH                 00000000   00020000  00000938  0001f6c8  R  X
  SRAM                  20200000   00008000  00000288  00007d78  RW X
  BCR_CONFIG            41c00000   00000080  00000000  00000080  R   
  BSL_CONFIG            41c00100   00000080  00000000  00000080  R   


SEGMENT ALLOCATION MAP

run origin  load origin   length   init length attrs members
----------  ----------- ---------- ----------- ----- -------
00000000    00000000    00000938   00000938    r-x
  00000000    00000000    000000c0   000000c0    r-- .intvecs
  000000c0    000000c0    00000858   00000858    r-x .text
  00000918    00000918    00000020   00000020    r-- .cinit
20200000    20200000    00000088   00000000    rw-
  20200000    20200000    00000088   00000000    rw- .data
20207e00    20207e00    00000200   00000000    rw-
  20207e00    20207e00    00000200   00000000    rw- .stack


SECTION ALLOCATION MAP

 output                                  attributes/
section   page    origin      length       input sections
--------  ----  ----------  ----------   ----------------
.intvecs   0    00000000    000000c0     
                  00000000    000000c0     startup_mspm0g3507_ticlang.o (.intvecs)

.text      0    000000c0    00000858     
                  000000c0    00000484     NotGate.o (.text)
                  00000544    000001b4     Clock.o (.text.Clock_Init80MHz)
                  000006f8    00000078     Clock.o (.text.TimerG8_Init)
                  00000770    00000078     libc.a : copy_decompress_lzss.c.obj (.text:decompress:lzss)
                  000007e8    0000003c            : autoinit.c.obj (.text:__TI_auto_init_nobinit_nopinit)
                  00000824    00000034     Clock.o (.text.SysTick_Wait)
                  00000858    00000028     Clock.o (.text.SysTick_Wait10ms)
                  00000880    00000028     libc.a : boot_cortex_m.c.obj (.text:_c_int00_noargs)
                  000008a8    00000020     Clock.o (.text.SysTick_Init)
                  000008c8    00000012     libc.a : memcpy16.S.obj (.text:TI_memcpy_small)
                  000008da    00000012            : copy_decompress_none.c.obj (.text:decompress:none)
                  000008ec    00000010     Clock.o (.text.Clock_Delay)
                  000008fc    00000008     libclang_rt.builtins.a : aeabi_memcpy.S.obj (.text.__aeabi_memcpy)
                  00000904    00000004     startup_mspm0g3507_ticlang.o (.text.Default_Handler)
                  00000908    00000004     startup_mspm0g3507_ticlang.o (.text.Reset_Handler)
                  0000090c    00000004     libc.a : pre_init.c.obj (.text._system_pre_init)
                  00000910    00000004            : exit.c.obj (.text:abort)
                  00000914    00000004     --HOLE-- [fill = 0]

.cinit     0    00000918    00000020     
                  00000918    0000000b     (.cinit..data.load) [load image, compression = lzss]
                  00000923    00000001     --HOLE-- [fill = 0]
                  00000924    00000008     (__TI_handler_table)
                  0000092c    00000008     (__TI_cinit_table)
                  00000934    00000004     --HOLE-- [fill = 0]

.init_array 
*          0    00000000    00000000     UNINITIALIZED

.binit     0    00000000    00000000     

.data      0    20200000    00000088     UNINITIALIZED
                  20200000    00000084     NotGate.o (.data)
                  20200084    00000004     Clock.o (.data.BusFreq)

.stack     0    20207e00    00000200     UNINITIALIZED
                  20207e00    00000004     libc.a : boot_cortex_m.c.obj (.stack)
                  20207e04    000001fc     --HOLE--

__llvm_prf_cnts 
*          0    20200000    00000000     UNINITIALIZED

__llvm_prf_bits 
*          0    20200000    00000000     UNINITIALIZED

MODULE SUMMARY

       Module                         code   ro data   rw data
       ------                         ----   -------   -------
    .\
       NotGate.o                      1156   0         132    
       Clock.o                        696    0         4      
    +--+------------------------------+------+---------+---------+
       Total:                         1852   0         136    
                                                              
    .\ticlang\
       startup_mspm0g3507_ticlang.o   8      192       0      
    +--+------------------------------+------+---------+---------+
       Total:                         8      192       0      
                                                              
    C:\ti\ccs1260\ccs\tools\compiler\ti-cgt-armllvm_3.2.1.LTS\lib\armv6m-ti-none-eabi/c/libc.a
       copy_decompress_lzss.c.obj     120    0         0      
       autoinit.c.obj                 60     0         0      
       boot_cortex_m.c.obj            40     0         0      
       copy_decompress_none.c.obj     18     0         0      
       memcpy16.S.obj                 18     0         0      
       exit.c.obj                     4      0         0      
       pre_init.c.obj                 4      0         0      
    +--+------------------------------+------+---------+---------+
       Total:                         264    0         0      
                                                              
    C:\ti\ccs1260\ccs\tools\compiler\ti-cgt-armllvm_3.2.1.LTS\lib\clang/15.0.7/lib/armv6m-ti-none-eabi/libclang_rt.builtins.a
       aeabi_memcpy.S.obj             8      0         0      
    +--+------------------------------+------+---------+---------+
       Total:                         8      0         0      
                                                              
       Stack:                         0      0         512    
       Linker Generated:              0      27        0      
    +--+------------------------------+------+---------+---------+
       Grand Total:                   2132   219       648    


LINKER GENERATED COPY TABLES

__TI_cinit_table @ 0000092c records: 1, size/record: 8, table size: 8
	.data: load addr=00000918, load size=0000000b bytes, run addr=20200000, run size=00000088 bytes, compression=lzss


LINKER GENERATED HANDLER TABLE

__TI_handler_table @ 00000924 records: 2, size/record: 4, table size: 8
	index: 0, handler: __TI_decompress_lzss
	index: 1, handler: __TI_decompress_none


GLOBAL SYMBOLS: SORTED ALPHABETICALLY BY Name 

address   name                          
-------   ----                          
00000905  ADC0_IRQHandler               
00000905  ADC1_IRQHandler               
00000905  AES_IRQHandler                
20200084  BusFreq                       
00000910  C$$EXIT                       
00000905  CANFD0_IRQHandler             
000008ed  Clock_Delay                   
00000545  Clock_Init80MHz               
00000905  DAC0_IRQHandler               
00000905  DMA_IRQHandler                
00000905  Default_Handler               
00000905  GROUP0_IRQHandler             
00000905  GROUP1_IRQHandler             
00000905  HardFault_Handler             
00000905  I2C0_IRQHandler               
00000905  I2C1_IRQHandler               
00000905  NMI_Handler                   
00000905  PendSV_Handler                
00000905  RTC_IRQHandler                
00000909  Reset_Handler                 
00000905  SPI0_IRQHandler               
00000905  SPI1_IRQHandler               
00000905  SVC_Handler                   
00000905  SysTick_Handler               
000008a9  SysTick_Init                  
00000825  SysTick_Wait                  
00000859  SysTick_Wait10ms              
00000905  TIMA0_IRQHandler              
00000905  TIMA1_IRQHandler              
00000905  TIMG0_IRQHandler              
00000905  TIMG12_IRQHandler             
00000905  TIMG6_IRQHandler              
00000905  TIMG7_IRQHandler              
00000905  TIMG8_IRQHandler              
000008c9  TI_memcpy_small               
000006f9  TimerG8_Init                  
00000905  UART0_IRQHandler              
00000905  UART1_IRQHandler              
00000905  UART2_IRQHandler              
00000905  UART3_IRQHandler              
20208000  __STACK_END                   
00000200  __STACK_SIZE                  
00000000  __TI_ATRegion0_region_sz      
00000000  __TI_ATRegion0_src_addr       
00000000  __TI_ATRegion0_trg_addr       
00000000  __TI_ATRegion1_region_sz      
00000000  __TI_ATRegion1_src_addr       
00000000  __TI_ATRegion1_trg_addr       
00000000  __TI_ATRegion2_region_sz      
00000000  __TI_ATRegion2_src_addr       
00000000  __TI_ATRegion2_trg_addr       
0000092c  __TI_CINIT_Base               
00000934  __TI_CINIT_Limit              
00000934  __TI_CINIT_Warm               
00000924  __TI_Handler_Table_Base       
0000092c  __TI_Handler_Table_Limit      
000007e9  __TI_auto_init_nobinit_nopinit
00000771  __TI_decompress_lzss          
000008db  __TI_decompress_none          
ffffffff  __TI_pprof_out_hndl           
ffffffff  __TI_prof_data_size           
ffffffff  __TI_prof_data_start          
00000000  __TI_static_base__            
000008fd  __aeabi_memcpy                
000008fd  __aeabi_memcpy4               
000008fd  __aeabi_memcpy8               
ffffffff  __binit__                     
UNDEFED   __mpu_init                    
20207e00  __stack                       
20200000  __start___llvm_prf_bits       
20200000  __start___llvm_prf_cnts       
20200000  __stop___llvm_prf_bits        
20200000  __stop___llvm_prf_cnts        
00000881  _c_int00_noargs               
UNDEFED   _system_post_cinit            
0000090d  _system_pre_init              
00000911  abort                         
ffffffff  binit                         
00000000  interruptVectors              
000000c0  main                          


GLOBAL SYMBOLS: SORTED BY Symbol Address 

address   name                          
-------   ----                          
00000000  __TI_ATRegion0_region_sz      
00000000  __TI_ATRegion0_src_addr       
00000000  __TI_ATRegion0_trg_addr       
00000000  __TI_ATRegion1_region_sz      
00000000  __TI_ATRegion1_src_addr       
00000000  __TI_ATRegion1_trg_addr       
00000000  __TI_ATRegion2_region_sz      
00000000  __TI_ATRegion2_src_addr       
00000000  __TI_ATRegion2_trg_addr       
00000000  __TI_static_base__            
00000000  interruptVectors              
000000c0  main                          
00000200  __STACK_SIZE                  
00000545  Clock_Init80MHz               
000006f9  TimerG8_Init                  
00000771  __TI_decompress_lzss          
000007e9  __TI_auto_init_nobinit_nopinit
00000825  SysTick_Wait                  
00000859  SysTick_Wait10ms              
00000881  _c_int00_noargs               
000008a9  SysTick_Init                  
000008c9  TI_memcpy_small               
000008db  __TI_decompress_none          
000008ed  Clock_Delay                   
000008fd  __aeabi_memcpy                
000008fd  __aeabi_memcpy4               
000008fd  __aeabi_memcpy8               
00000905  ADC0_IRQHandler               
00000905  ADC1_IRQHandler               
00000905  AES_IRQHandler                
00000905  CANFD0_IRQHandler             
00000905  DAC0_IRQHandler               
00000905  DMA_IRQHandler                
00000905  Default_Handler               
00000905  GROUP0_IRQHandler             
00000905  GROUP1_IRQHandler             
00000905  HardFault_Handler             
00000905  I2C0_IRQHandler               
00000905  I2C1_IRQHandler               
00000905  NMI_Handler                   
00000905  PendSV_Handler                
00000905  RTC_IRQHandler                
00000905  SPI0_IRQHandler               
00000905  SPI1_IRQHandler               
00000905  SVC_Handler                   
00000905  SysTick_Handler               
00000905  TIMA0_IRQHandler              
00000905  TIMA1_IRQHandler              
00000905  TIMG0_IRQHandler              
00000905  TIMG12_IRQHandler             
00000905  TIMG6_IRQHandler              
00000905  TIMG7_IRQHandler              
00000905  TIMG8_IRQHandler              
00000905  UART0_IRQHandler              
00000905  UART1_IRQHandler              
00000905  UART2_IRQHandler              
00000905  UART3_IRQHandler              
00000909  Reset_Handler                 
0000090d  _system_pre_init              
00000910  C$$EXIT                       
00000911  abort                         
00000924  __TI_Handler_Table_Base       
0000092c  __TI_CINIT_Base               
0000092c  __TI_Handler_Table_Limit      
00000934  __TI_CINIT_Limit              
00000934  __TI_CINIT_Warm               
20200000  __start___llvm_prf_bits       
20200000  __start___llvm_prf_cnts       
20200000  __stop___llvm_prf_bits        
20200000  __stop___llvm_prf_cnts        
20200084  BusFreq                       
20207e00  __stack                       
20208000  __STACK_END                   
ffffffff  __TI_pprof_out_hndl           
ffffffff  __TI_prof_data_size           
ffffffff  __TI_prof_data_start          
ffffffff  __binit__                     
ffffffff  binit                         
UNDEFED   __mpu_init                    
UNDEFED   _system_post_cinit            

[80 symbols]
