******************************************************************************
            TI ARM Clang Linker PC v3.2.1                      
******************************************************************************
>> Linked Mon Jan 22 16:17:00 2024

OUTPUT FILE NAME:   <TExaS.out>
ENTRY POINT SYMBOL: "_c_int00_noargs"  address: 0000085d


MEMORY CONFIGURATION

         name            origin    length      used     unused   attr    fill
----------------------  --------  ---------  --------  --------  ----  --------
  FLASH                 00000000   00020000  00000928  0001f6d8  R  X
  SRAM                  20200000   00008000  0000020c  00007df4  RW X
  BCR_CONFIG            41c00000   00000080  00000000  00000080  R   
  BSL_CONFIG            41c00100   00000080  00000000  00000080  R   


SEGMENT ALLOCATION MAP

run origin  load origin   length   init length attrs members
----------  ----------- ---------- ----------- ----- -------
00000000    00000000    00000928   00000928    r-x
  00000000    00000000    000000c0   000000c0    r-- .intvecs
  000000c0    000000c0    00000838   00000838    r-x .text
  000008f8    000008f8    00000030   00000030    r-- .cinit
20200000    20200000    0000000c   00000000    rw-
  20200000    20200000    00000008   00000000    rw- .bss
  20200008    20200008    00000004   00000000    rw- .data
20207e00    20207e00    00000200   00000000    rw-
  20207e00    20207e00    00000200   00000000    rw- .stack


SECTION ALLOCATION MAP

 output                                  attributes/
section   page    origin      length       input sections
--------  ----  ----------  ----------   ----------------
.intvecs   0    00000000    000000c0     
                  00000000    000000c0     startup_mspm0g3507_ticlang.o (.intvecs)

.text      0    000000c0    00000838     
                  000000c0    000001b4     Clock.o (.text.Clock_Init80MHz)
                  00000274    00000128     TExaS.o (.text.ADC_Init)
                  0000039c    000000e8     TExaS.o (.text.UART_Init)
                  00000484    000000a8     Timer.o (.text.TimerG7_IntArm)
                  0000052c    0000007c     LaunchPad.o (.text.LaunchPad_Init)
                  000005a8    00000078     libc.a : copy_decompress_lzss.c.obj (.text:decompress:lzss)
                  00000620    00000070     TExaSTestmain.o (.text.main)
                  00000690    00000058     TExaS.o (.text.TExaS_Init)
                  000006e8    00000058     TExaS.o (.text.TExaS_LaunchPadLogic)
                  00000740    00000040     TExaS.o (.text.TIMG7_IRQHandler)
                  00000780    00000040     libclang_rt.builtins.a : aeabi_uidivmod.S.obj (.text.__aeabi_uidivmod)
                  000007c0    0000003c     libc.a : autoinit.c.obj (.text:__TI_auto_init_nobinit_nopinit)
                  000007fc    00000038     LaunchPad.o (.text.ActivatePortA_B)
                  00000834    00000028     TExaS.o (.text.ADC_Start)
                  0000085c    00000028     libc.a : boot_cortex_m.c.obj (.text:_c_int00_noargs)
                  00000884    00000016            : copy_zero_init.c.obj (.text:decompress:ZI:__TI_zero_init_nomemset)
                  0000089a    00000012            : memcpy16.S.obj (.text:TI_memcpy_small)
                  000008ac    00000012            : copy_decompress_none.c.obj (.text:decompress:none)
                  000008be    00000010     Clock.o (.text.Clock_Delay)
                  000008ce    00000002     libclang_rt.builtins.a : aeabi_div0.c.obj (.text.__aeabi_idiv0)
                  000008d0    0000000c     Clock.o (.text.Clock_Freq)
                  000008dc    00000008     libclang_rt.builtins.a : aeabi_memcpy.S.obj (.text.__aeabi_memcpy)
                  000008e4    00000004     startup_mspm0g3507_ticlang.o (.text.Default_Handler)
                  000008e8    00000004     startup_mspm0g3507_ticlang.o (.text.Reset_Handler)
                  000008ec    00000004     libc.a : pre_init.c.obj (.text._system_pre_init)
                  000008f0    00000004            : exit.c.obj (.text:abort)
                  000008f4    00000004     --HOLE-- [fill = 0]

.cinit     0    000008f8    00000030     
                  000008f8    0000000c     (__TI_handler_table)
                  00000904    00000008     (.cinit..bss.load) [load image, compression = zero_init]
                  0000090c    00000008     (.cinit..data.load) [load image, compression = lzss]
                  00000914    00000010     (__TI_cinit_table)
                  00000924    00000004     --HOLE-- [fill = 0]

.init_array 
*          0    00000000    00000000     UNINITIALIZED

.binit     0    00000000    00000000     

.bss       0    20200000    00000008     UNINITIALIZED
                  20200000    00000004     (.common:TExaSLogic)
                  20200004    00000004     (.common:TExaSadc)

.data      0    20200008    00000004     UNINITIALIZED
                  20200008    00000004     Clock.o (.data.BusFreq)

.stack     0    20207e00    00000200     UNINITIALIZED
                  20207e00    00000004     libc.a : boot_cortex_m.c.obj (.stack)
                  20207e04    000001fc     --HOLE--

__llvm_prf_cnts 
*          0    20200000    00000000     UNINITIALIZED

__llvm_prf_bits 
*          0    20200000    00000000     UNINITIALIZED

MODULE SUMMARY

       Module                         code   ro data   rw data
       ------                         ----   -------   -------
    .\
       TExaS.o                        808    0         8      
       Clock.o                        464    0         4      
       LaunchPad.o                    180    0         0      
       Timer.o                        168    0         0      
       TExaSTestmain.o                112    0         0      
    +--+------------------------------+------+---------+---------+
       Total:                         1732   0         12     
                                                              
    .\ticlang\
       startup_mspm0g3507_ticlang.o   8      192       0      
    +--+------------------------------+------+---------+---------+
       Total:                         8      192       0      
                                                              
    C:\ti\ccs1260\ccs\tools\compiler\ti-cgt-armllvm_3.2.1.LTS\lib\armv6m-ti-none-eabi/c/libc.a
       copy_decompress_lzss.c.obj     120    0         0      
       autoinit.c.obj                 60     0         0      
       boot_cortex_m.c.obj            40     0         0      
       copy_zero_init.c.obj           22     0         0      
       copy_decompress_none.c.obj     18     0         0      
       memcpy16.S.obj                 18     0         0      
       exit.c.obj                     4      0         0      
       pre_init.c.obj                 4      0         0      
    +--+------------------------------+------+---------+---------+
       Total:                         286    0         0      
                                                              
    C:\ti\ccs1260\ccs\tools\compiler\ti-cgt-armllvm_3.2.1.LTS\lib\clang/15.0.7/lib/armv6m-ti-none-eabi/libclang_rt.builtins.a
       aeabi_uidivmod.S.obj           64     0         0      
       aeabi_memcpy.S.obj             8      0         0      
       aeabi_div0.c.obj               2      0         0      
    +--+------------------------------+------+---------+---------+
       Total:                         74     0         0      
                                                              
       Stack:                         0      0         512    
       Linker Generated:              0      44        0      
    +--+------------------------------+------+---------+---------+
       Grand Total:                   2100   236       524    


LINKER GENERATED COPY TABLES

__TI_cinit_table @ 00000914 records: 2, size/record: 8, table size: 16
	.bss: load addr=00000904, load size=00000008 bytes, run addr=20200000, run size=00000008 bytes, compression=zero_init
	.data: load addr=0000090c, load size=00000008 bytes, run addr=20200008, run size=00000004 bytes, compression=lzss


LINKER GENERATED HANDLER TABLE

__TI_handler_table @ 000008f8 records: 3, size/record: 4, table size: 12
	index: 0, handler: __TI_decompress_lzss
	index: 1, handler: __TI_decompress_none
	index: 2, handler: __TI_zero_init


GLOBAL SYMBOLS: SORTED ALPHABETICALLY BY Name 

address   name                          
-------   ----                          
000008e5  ADC0_IRQHandler               
000008e5  ADC1_IRQHandler               
00000275  ADC_Init                      
00000835  ADC_Start                     
000008e5  AES_IRQHandler                
000007fd  ActivatePortA_B               
20200008  BusFreq                       
000008f0  C$$EXIT                       
000008e5  CANFD0_IRQHandler             
000008bf  Clock_Delay                   
000008d1  Clock_Freq                    
000000c1  Clock_Init80MHz               
000008e5  DAC0_IRQHandler               
000008e5  DMA_IRQHandler                
000008e5  Default_Handler               
000008e5  GROUP0_IRQHandler             
000008e5  GROUP1_IRQHandler             
000008e5  HardFault_Handler             
000008e5  I2C0_IRQHandler               
000008e5  I2C1_IRQHandler               
0000052d  LaunchPad_Init                
000008e5  NMI_Handler                   
000008e5  PendSV_Handler                
000008e5  RTC_IRQHandler                
000008e9  Reset_Handler                 
000008e5  SPI0_IRQHandler               
000008e5  SPI1_IRQHandler               
000008e5  SVC_Handler                   
000008e5  SysTick_Handler               
20200000  TExaSLogic                    
00000691  TExaS_Init                    
000006e9  TExaS_LaunchPadLogic          
20200004  TExaSadc                      
000008e5  TIMA0_IRQHandler              
000008e5  TIMA1_IRQHandler              
000008e5  TIMG0_IRQHandler              
000008e5  TIMG12_IRQHandler             
000008e5  TIMG6_IRQHandler              
00000741  TIMG7_IRQHandler              
000008e5  TIMG8_IRQHandler              
0000089b  TI_memcpy_small               
00000485  TimerG7_IntArm                
000008e5  UART0_IRQHandler              
000008e5  UART1_IRQHandler              
000008e5  UART2_IRQHandler              
000008e5  UART3_IRQHandler              
0000039d  UART_Init                     
20208000  __STACK_END                   
00000200  __STACK_SIZE                  
00000000  __TI_ATRegion0_region_sz      
00000000  __TI_ATRegion0_src_addr       
00000000  __TI_ATRegion0_trg_addr       
00000000  __TI_ATRegion1_region_sz      
00000000  __TI_ATRegion1_src_addr       
00000000  __TI_ATRegion1_trg_addr       
00000000  __TI_ATRegion2_region_sz      
00000000  __TI_ATRegion2_src_addr       
00000000  __TI_ATRegion2_trg_addr       
00000914  __TI_CINIT_Base               
00000924  __TI_CINIT_Limit              
00000924  __TI_CINIT_Warm               
000008f8  __TI_Handler_Table_Base       
00000904  __TI_Handler_Table_Limit      
000007c1  __TI_auto_init_nobinit_nopinit
000005a9  __TI_decompress_lzss          
000008ad  __TI_decompress_none          
ffffffff  __TI_pprof_out_hndl           
ffffffff  __TI_prof_data_size           
ffffffff  __TI_prof_data_start          
00000000  __TI_static_base__            
00000885  __TI_zero_init_nomemset       
000008cf  __aeabi_idiv0                 
000008dd  __aeabi_memcpy                
000008dd  __aeabi_memcpy4               
000008dd  __aeabi_memcpy8               
00000781  __aeabi_uidiv                 
00000781  __aeabi_uidivmod              
ffffffff  __binit__                     
UNDEFED   __mpu_init                    
20207e00  __stack                       
20200000  __start___llvm_prf_bits       
20200000  __start___llvm_prf_cnts       
20200000  __stop___llvm_prf_bits        
20200000  __stop___llvm_prf_cnts        
0000085d  _c_int00_noargs               
UNDEFED   _system_post_cinit            
000008ed  _system_pre_init              
000008f1  abort                         
ffffffff  binit                         
00000000  interruptVectors              
00000621  main                          


GLOBAL SYMBOLS: SORTED BY Symbol Address 

address   name                          
-------   ----                          
00000000  __TI_ATRegion0_region_sz      
00000000  __TI_ATRegion0_src_addr       
00000000  __TI_ATRegion0_trg_addr       
00000000  __TI_ATRegion1_region_sz      
00000000  __TI_ATRegion1_src_addr       
00000000  __TI_ATRegion1_trg_addr       
00000000  __TI_ATRegion2_region_sz      
00000000  __TI_ATRegion2_src_addr       
00000000  __TI_ATRegion2_trg_addr       
00000000  __TI_static_base__            
00000000  interruptVectors              
000000c1  Clock_Init80MHz               
00000200  __STACK_SIZE                  
00000275  ADC_Init                      
0000039d  UART_Init                     
00000485  TimerG7_IntArm                
0000052d  LaunchPad_Init                
000005a9  __TI_decompress_lzss          
00000621  main                          
00000691  TExaS_Init                    
000006e9  TExaS_LaunchPadLogic          
00000741  TIMG7_IRQHandler              
00000781  __aeabi_uidiv                 
00000781  __aeabi_uidivmod              
000007c1  __TI_auto_init_nobinit_nopinit
000007fd  ActivatePortA_B               
00000835  ADC_Start                     
0000085d  _c_int00_noargs               
00000885  __TI_zero_init_nomemset       
0000089b  TI_memcpy_small               
000008ad  __TI_decompress_none          
000008bf  Clock_Delay                   
000008cf  __aeabi_idiv0                 
000008d1  Clock_Freq                    
000008dd  __aeabi_memcpy                
000008dd  __aeabi_memcpy4               
000008dd  __aeabi_memcpy8               
000008e5  ADC0_IRQHandler               
000008e5  ADC1_IRQHandler               
000008e5  AES_IRQHandler                
000008e5  CANFD0_IRQHandler             
000008e5  DAC0_IRQHandler               
000008e5  DMA_IRQHandler                
000008e5  Default_Handler               
000008e5  GROUP0_IRQHandler             
000008e5  GROUP1_IRQHandler             
000008e5  HardFault_Handler             
000008e5  I2C0_IRQHandler               
000008e5  I2C1_IRQHandler               
000008e5  NMI_Handler                   
000008e5  PendSV_Handler                
000008e5  RTC_IRQHandler                
000008e5  SPI0_IRQHandler               
000008e5  SPI1_IRQHandler               
000008e5  SVC_Handler                   
000008e5  SysTick_Handler               
000008e5  TIMA0_IRQHandler              
000008e5  TIMA1_IRQHandler              
000008e5  TIMG0_IRQHandler              
000008e5  TIMG12_IRQHandler             
000008e5  TIMG6_IRQHandler              
000008e5  TIMG8_IRQHandler              
000008e5  UART0_IRQHandler              
000008e5  UART1_IRQHandler              
000008e5  UART2_IRQHandler              
000008e5  UART3_IRQHandler              
000008e9  Reset_Handler                 
000008ed  _system_pre_init              
000008f0  C$$EXIT                       
000008f1  abort                         
000008f8  __TI_Handler_Table_Base       
00000904  __TI_Handler_Table_Limit      
00000914  __TI_CINIT_Base               
00000924  __TI_CINIT_Limit              
00000924  __TI_CINIT_Warm               
20200000  TExaSLogic                    
20200000  __start___llvm_prf_bits       
20200000  __start___llvm_prf_cnts       
20200000  __stop___llvm_prf_bits        
20200000  __stop___llvm_prf_cnts        
20200004  TExaSadc                      
20200008  BusFreq                       
20207e00  __stack                       
20208000  __STACK_END                   
ffffffff  __TI_pprof_out_hndl           
ffffffff  __TI_prof_data_size           
ffffffff  __TI_prof_data_start          
ffffffff  __binit__                     
ffffffff  binit                         
UNDEFED   __mpu_init                    
UNDEFED   _system_post_cinit            

[91 symbols]
