******************************************************************************
            TI ARM Clang Linker PC v3.2.1                      
******************************************************************************
>> Linked Mon Jan 22 16:17:36 2024

OUTPUT FILE NAME:   <UART_ints.out>
ENTRY POINT SYMBOL: "_c_int00_noargs"  address: 000021fd


MEMORY CONFIGURATION

         name            origin    length      used     unused   attr    fill
----------------------  --------  ---------  --------  --------  ----  --------
  FLASH                 00000000   00020000  000026e8  0001d918  R  X
  SRAM                  20200000   00008000  00000811  000077ef  RW X
  BCR_CONFIG            41c00000   00000080  00000000  00000080  R   
  BSL_CONFIG            41c00100   00000080  00000000  00000080  R   


SEGMENT ALLOCATION MAP

run origin  load origin   length   init length attrs members
----------  ----------- ---------- ----------- ----- -------
00000000    00000000    000024b8   000024b8    r-x
  00000000    00000000    000000c0   000000c0    r-- .intvecs
  000000c0    000000c0    000023f8   000023f8    r-x .text
000024c0    000024c0    00000230   00000230    r--
  000024c0    000024c0    000001a0   000001a0    r-- .rodata
  00002660    00002660    00000090   00000090    r-- .cinit
20200000    20200000    00000615   00000000    rw-
  20200000    20200000    00000234   00000000    rw- .bss
  20200238    20200238    00000200   00000000    rw- .sysmem
  20200438    20200438    000001dd   00000000    rw- .data
20207e00    20207e00    00000200   00000000    rw-
  20207e00    20207e00    00000200   00000000    rw- .stack


SECTION ALLOCATION MAP

 output                                  attributes/
section   page    origin      length       input sections
--------  ----  ----------  ----------   ----------------
.intvecs   0    00000000    000000c0     
                  00000000    000000c0     startup_mspm0g3507_ticlang.o (.intvecs)

.text      0    000000c0    000023f8     
                  000000c0    00000888     libc.a : _printfi.c.obj (.text:__TI_printfi_nofloat)
                  00000948    00000160            : fopen.c.obj (.text._openfile)
                  00000aa8    00000134     Clock.o (.text.Clock_Init40MHz)
                  00000bdc    00000130     UARTints.o (.text.UART_Init)
                  00000d0c    0000012c     libc.a : memory.c.obj (.text.aligned_alloc)
                  00000e38    00000104            : fputs.c.obj (.text.fputs)
                  00000f3c    000000ec     libsysbm.a : add_device.c.obj (.text.add_device)
                  00001028    000000ec     libc.a : memory.c.obj (.text.free)
                  00001114    000000dc            : setvbuf.c.obj (.text.setvbuf)
                  000011f0    000000a8     libsysbm.a : open.c.obj (.text.open)
                  00001298    000000a2     libclang_rt.builtins.a : udivmoddi4.S.obj (.text)
                  0000133a    00000002                            : aeabi_div0.c.obj (.text.__aeabi_idiv0)
                  0000133c    0000009c     libc.a : fputc.c.obj (.text.fputc)
                  000013d8    00000094     UART.o (.text.UART_InitPrintf)
                  0000146c    0000008e     UART.o (.text.UART_InUDec)
                  000014fa    00000002     libclang_rt.builtins.a : aeabi_div0.c.obj (.text.__aeabi_ldiv0)
                  000014fc    0000007c     LaunchPad.o (.text.LaunchPad_Init)
                  00001578    0000007c     libc.a : fclose.c.obj (.text.__TI_closefile)
                  000015f4    00000078            : copy_decompress_lzss.c.obj (.text:decompress:lzss)
                  0000166c    0000006c     libsysbm.a : hostlseek.c.obj (.text.HOSTlseek)
                  000016d8    0000006c                : hostrename.c.obj (.text.HOSTrename)
                  00001744    0000006c     libc.a : fseek.c.obj (.text.fseeko)
                  000017b0    00000068            : getdevice.c.obj (.text.getdevice)
                  00001818    00000064            : _io_perm.c.obj (.text.__TI_wrt_ok)
                  0000187c    00000064            : memory.c.obj (.text.split)
                  000018e0    00000060     libsysbm.a : hostopen.c.obj (.text.HOSTopen)
                  00001940    0000005c     UARTints.o (.text.UART0_IRQHandler)
                  0000199c    0000005c     libc.a : printf.c.obj (.text.printf)
                  000019f8    00000058     libsysbm.a : hostread.c.obj (.text.HOSTread)
                  00001a50    00000058                : hostwrite.c.obj (.text.HOSTwrite)
                  00001aa8    00000058     UARTints.o (.text.copyHardwareToSoftware)
                  00001b00    00000058     UARTintsTestmain.o (.text.main)
                  00001b58    00000052     libc.a : fflush.c.obj (.text.__TI_doflush)
                  00001baa    00000002            : _lock.c.obj (.text._nop)
                  00001bac    00000050     libsysbm.a : close.c.obj (.text.close)
                  00001bfc    0000004c     FIFO.o (.text.RxFifo_Get)
                  00001c48    0000004c     FIFO.o (.text.RxFifo_Put)
                  00001c94    0000004c     FIFO.o (.text.TxFifo_Get)
                  00001ce0    0000004c     FIFO.o (.text.TxFifo_Put)
                  00001d2c    0000004c     UARTints.o (.text.copySoftwareToHardware)
                  00001d78    00000048     libsysbm.a : hostclose.c.obj (.text.HOSTclose)
                  00001dc0    00000048                : hostunlink.c.obj (.text.HOSTunlink)
                  00001e08    00000040     UARTints.o (.text.UART_OutChar)
                  00001e48    00000040     libclang_rt.builtins.a : aeabi_uidivmod.S.obj (.text.__aeabi_uidivmod)
                  00001e88    00000040     libc.a : fopen.c.obj (.text._search_fp)
                  00001ec8    00000040            : atoi.c.obj (.text.atoi)
                  00001f08    0000003c            : autoinit.c.obj (.text:__TI_auto_init_nobinit_nopinit)
                  00001f44    0000003a     libclang_rt.builtins.a : muldsi3.S.obj (.text.__muldsi3)
                  00001f7e    00000002     --HOLE-- [fill = 0]
                  00001f80    00000038     LaunchPad.o (.text.ActivatePortA_B)
                  00001fb8    00000038     libc.a : getdevice.c.obj (.text.finddevice)
                  00001ff0    00000034            : fopen.c.obj (.text.__TI_cleanup)
                  00002024    00000034     libsysbm.a : trgmsg.c.obj (.text.__TI_readmsg)
                  00002058    00000034                : trgmsg.c.obj (.text.__TI_writemsg)
                  0000208c    00000034     libc.a : exit.c.obj (.text.exit)
                  000020c0    00000034            : fopen.c.obj (.text.freopen)
                  000020f4    00000034     UART.o (.text.uart_write)
                  00002128    00000030     libc.a : fopen.c.obj (.text.fopen)
                  00002158    0000002c     libsysbm.a : unlink.c.obj (.text.unlink)
                  00002184    00000028     libc.a : memory.c.obj (.text.free_list_insert)
                  000021ac    00000028     libsysbm.a : lseek.c.obj (.text.lseek)
                  000021d4    00000028                : write.c.obj (.text.write)
                  000021fc    00000028     libc.a : boot_cortex_m.c.obj (.text:_c_int00_noargs)
                  00002224    00000026     UART.o (.text.uart_read)
                  0000224a    00000002     --HOLE-- [fill = 0]
                  0000224c    00000024     libclang_rt.builtins.a : muldi3.S.obj (.text.__muldi3)
                  00002270    00000022     UARTints.o (.text.UART_InChar)
                  00002292    00000022     libc.a : memccpy.c.obj (.text.memccpy)
                  000022b4    0000001e     libclang_rt.builtins.a : ashldi3.S.obj (.text.__ashldi3)
                  000022d2    00000002     --HOLE-- [fill = 0]
                  000022d4    0000001c     libc.a : memory.c.obj (.text.free_list_remove)
                  000022f0    00000018     FIFO.o (.text.RxFifo_Size)
                  00002308    00000018     FIFO.o (.text.TxFifo_Size)
                  00002320    00000016     libc.a : copy_zero_init.c.obj (.text:decompress:ZI:__TI_zero_init_nomemset)
                  00002336    00000002     --HOLE-- [fill = 0]
                  00002338    00000014     FIFO.o (.text.RxFifo_Init)
                  0000234c    00000014     FIFO.o (.text.TxFifo_Init)
                  00002360    00000014     libclang_rt.builtins.a : aeabi_uldivmod.S.obj (.text.__aeabi_uldivmod)
                  00002374    00000014     UART.o (.text.uart_open)
                  00002388    00000012     libsysbm.a : hostrename.c.obj (.text.strcpy)
                  0000239a    00000012     libc.a : memcpy16.S.obj (.text:TI_memcpy_small)
                  000023ac    00000012            : copy_decompress_none.c.obj (.text:decompress:none)
                  000023be    00000010     Clock.o (.text.Clock_Delay)
                  000023ce    00000010     libc.a : wcslen.c.obj (.text.wcslen)
                  000023de    0000000e            : memory.c.obj (.text.OUTLINED_FUNCTION_0)
                  000023ec    0000000e     libclang_rt.builtins.a : aeabi_memset.S.obj (.text.__aeabi_memset)
                  000023fa    0000000e     libc.a : _printfi.c.obj (.text.strlen)
                  00002408    0000000e     libsysbm.a : hostrename.c.obj (.text.strlen)
                  00002416    0000000e     UART.o (.text.uart_lseek)
                  00002424    0000000e     libc.a : memset16.S.obj (.text:TI_memset_small)
                  00002432    00000002     --HOLE-- [fill = 0]
                  00002434    0000000c     Clock.o (.text.Clock_Freq)
                  00002440    0000000c     libclang_rt.builtins.a : aeabi_memset.S.obj (.text.__aeabi_memclr)
                  0000244c    0000000c     libc.a : memory.c.obj (.text.malloc)
                  00002458    0000000c     UART.o (.text.uart_rename)
                  00002464    0000000a     UART.o (.text.uart_close)
                  0000246e    0000000a     UART.o (.text.uart_unlink)
                  00002478    00000008     libc.a : aeabi_portable.c.obj (.text.__aeabi_errno_addr)
                  00002480    00000008     libclang_rt.builtins.a : aeabi_memcpy.S.obj (.text.__aeabi_memcpy)
                  00002488    00000008     libc.a : printf.c.obj (.text._outc)
                  00002490    00000008            : printf.c.obj (.text._outs)
                  00002498    00000008            : fseek.c.obj (.text.fseek)
                  000024a0    00000008     libsysbm.a : remove.c.obj (.text.remove)
                  000024a8    00000004     startup_mspm0g3507_ticlang.o (.text.Default_Handler)
                  000024ac    00000004     startup_mspm0g3507_ticlang.o (.text.Reset_Handler)
                  000024b0    00000004     libc.a : pre_init.c.obj (.text._system_pre_init)
                  000024b4    00000004            : exit.c.obj (.text:abort)

.cinit     0    00002660    00000090     
                  00002660    00000066     (.cinit..data.load) [load image, compression = lzss]
                  000026c6    00000002     --HOLE-- [fill = 0]
                  000026c8    0000000c     (__TI_handler_table)
                  000026d4    00000008     (.cinit..bss.load) [load image, compression = zero_init]
                  000026dc    00000010     (__TI_cinit_table)
                  000026ec    00000004     --HOLE-- [fill = 0]

.rodata    0    000024c0    000001a0     
                  000024c0    00000101     libc.a : aeabi_ctype.S.obj (.rodata:__aeabi_ctype_table_)
                  000025c1    00000039     UARTintsTestmain.o (.rodata.str1.150681994619744533701)
                  000025fa    00000021     UARTintsTestmain.o (.rodata.str1.72634602973139288441)
                  0000261b    00000011     libc.a : _printfi.c.obj (.rodata.str1.11645776875810915891)
                  0000262c    00000011            : _printfi.c.obj (.rodata.str1.44690500295887128011)
                  0000263d    00000011     UARTintsTestmain.o (.rodata.str1.60406973971266912381)
                  0000264e    00000006     UART.o (.rodata.str1.44678817133351328541)
                  00002654    00000005     UART.o (.rodata.str1.26948397228850515911)
                  00002659    00000002     UART.o (.rodata.str1.90796292192229232571)
                  0000265b    00000005     --HOLE-- [fill = 0]

.init_array 
*          0    00000000    00000000     UNINITIALIZED

.binit     0    00000000    00000000     

.bss       0    20200000    00000234     UNINITIALIZED
                  20200000    00000120     libsysbm.a : trgmsg.c.obj (.bss:_CIOBUF_)
                  20200120    000000a0     libc.a : defs.c.obj (.bss.__TI_tmpnams)
                  202001c0    00000040     FIFO.o (.bss.TxFifo)
                  20200200    00000010     FIFO.o (.bss.RxFifo)
                  20200210    00000008     libsysbm.a : hostopen.c.obj (.bss.parmbuf)
                  20200218    00000004     libc.a : memory.c.obj (.bss.sys_free)
                  2020021c    00000004     (.common:RxGetI)
                  20200220    00000004     (.common:RxPutI)
                  20200224    00000004     (.common:TxGetI)
                  20200228    00000004     (.common:TxPutI)
                  2020022c    00000004     (.common:area)
                  20200230    00000004     (.common:side)

.sysmem    0    20200238    00000200     UNINITIALIZED
                  20200238    00000010     libc.a : memory.c.obj (.sysmem)
                  20200248    000001f0     --HOLE--

.data      0    20200438    000001dd     UNINITIALIZED
                  20200438    000000f0     libc.a : defs.c.obj (.data._ftable)
                  20200528    00000078     libsysbm.a : host_device.c.obj (.data._device)
                  202005a0    00000050                : host_device.c.obj (.data._stream)
                  202005f0    00000008     libc.a : exit.c.obj (.data..L_MergedGlobals)
                  202005f8    00000004     Clock.o (.data.BusFreq)
                  202005fc    00000004     libc.a : defs.c.obj (.data.__TI_ft_end)
                  20200600    00000004            : aeabi_portable.c.obj (.data.__aeabi_errno)
                  20200604    00000004            : _lock.c.obj (.data._lock)
                  20200608    00000004            : _lock.c.obj (.data._unlock)
                  2020060c    00000001     libsysbm.a : add_device.c.obj (.data.add_device.device_init)
                  2020060d    00000003     --HOLE--
                  20200610    00000001     libc.a : memory.c.obj (.data.memory_is_initialized)
                  20200611    00000003     --HOLE--
                  20200614    00000001     libsysbm.a : open.c.obj (.data.open.stream_init)

.stack     0    20207e00    00000200     UNINITIALIZED
                  20207e00    00000004     libc.a : boot_cortex_m.c.obj (.stack)
                  20207e04    000001fc     --HOLE--

__llvm_prf_cnts 
*          0    20200000    00000000     UNINITIALIZED

__llvm_prf_bits 
*          0    20200000    00000000     UNINITIALIZED

MODULE SUMMARY

       Module                         code   ro data   rw data
       ------                         ----   -------   -------
    .\
       UARTints.o                     658    0         0      
       FIFO.o                         392    0         96     
       UART.o                         446    13        0      
       Clock.o                        336    0         4      
       UARTintsTestmain.o             88     107       8      
       LaunchPad.o                    180    0         0      
    +--+------------------------------+------+---------+---------+
       Total:                         2100   120       108    
                                                              
    .\ticlang\
       startup_mspm0g3507_ticlang.o   8      192       0      
    +--+------------------------------+------+---------+---------+
       Total:                         8      192       0      
                                                              
    C:\ti\ccs1260\ccs\tools\compiler\ti-cgt-armllvm_3.2.1.LTS\lib\armv6m-ti-none-eabi/c/libc.a
       _printfi.c.obj                 2198   34        0      
       memory.c.obj                   730    0         5      
       fopen.c.obj                    568    0         0      
       defs.c.obj                     0      0         404    
       fputs.c.obj                    260    0         0      
       aeabi_ctype.S.obj              0      257       0      
       setvbuf.c.obj                  220    0         0      
       getdevice.c.obj                160    0         0      
       fputc.c.obj                    156    0         0      
       fclose.c.obj                   124    0         0      
       copy_decompress_lzss.c.obj     120    0         0      
       fseek.c.obj                    116    0         0      
       printf.c.obj                   108    0         0      
       _io_perm.c.obj                 100    0         0      
       fflush.c.obj                   82     0         0      
       atoi.c.obj                     64     0         0      
       exit.c.obj                     56     0         8      
       autoinit.c.obj                 60     0         0      
       boot_cortex_m.c.obj            40     0         0      
       memccpy.c.obj                  34     0         0      
       copy_zero_init.c.obj           22     0         0      
       copy_decompress_none.c.obj     18     0         0      
       memcpy16.S.obj                 18     0         0      
       wcslen.c.obj                   16     0         0      
       memset16.S.obj                 14     0         0      
       aeabi_portable.c.obj           8      0         4      
       _lock.c.obj                    2      0         8      
       pre_init.c.obj                 4      0         0      
    +--+------------------------------+------+---------+---------+
       Total:                         5298   291       429    
                                                              
    C:\ti\ccs1260\ccs\tools\compiler\ti-cgt-armllvm_3.2.1.LTS\lib\armv6m-ti-none-eabi/c/libsysbm.a
       trgmsg.c.obj                   104    0         288    
       add_device.c.obj               236    0         1      
       host_device.c.obj              0      0         200    
       open.c.obj                     168    0         1      
       hostrename.c.obj               140    0         0      
       hostlseek.c.obj                108    0         0      
       hostopen.c.obj                 96     0         8      
       hostread.c.obj                 88     0         0      
       hostwrite.c.obj                88     0         0      
       close.c.obj                    80     0         0      
       hostclose.c.obj                72     0         0      
       hostunlink.c.obj               72     0         0      
       unlink.c.obj                   44     0         0      
       lseek.c.obj                    40     0         0      
       write.c.obj                    40     0         0      
       remove.c.obj                   8      0         0      
    +--+------------------------------+------+---------+---------+
       Total:                         1384   0         498    
                                                              
    C:\ti\ccs1260\ccs\tools\compiler\ti-cgt-armllvm_3.2.1.LTS\lib\clang/15.0.7/lib/armv6m-ti-none-eabi/libclang_rt.builtins.a
       udivmoddi4.S.obj               162    0         0      
       aeabi_uidivmod.S.obj           64     0         0      
       muldsi3.S.obj                  58     0         0      
       muldi3.S.obj                   36     0         0      
       ashldi3.S.obj                  30     0         0      
       aeabi_memset.S.obj             26     0         0      
       aeabi_uldivmod.S.obj           20     0         0      
       aeabi_memcpy.S.obj             8      0         0      
       aeabi_div0.c.obj               4      0         0      
    +--+------------------------------+------+---------+---------+
       Total:                         408    0         0      
                                                              
       Heap:                          0      0         512    
       Stack:                         0      0         512    
       Linker Generated:              0      138       0      
    +--+------------------------------+------+---------+---------+
       Grand Total:                   9198   741       2059   


LINKER GENERATED COPY TABLES

__TI_cinit_table @ 000026dc records: 2, size/record: 8, table size: 16
	.data: load addr=00002660, load size=00000066 bytes, run addr=20200438, run size=000001dd bytes, compression=lzss
	.bss: load addr=000026d4, load size=00000008 bytes, run addr=20200000, run size=00000234 bytes, compression=zero_init


LINKER GENERATED HANDLER TABLE

__TI_handler_table @ 000026c8 records: 3, size/record: 4, table size: 12
	index: 0, handler: __TI_decompress_lzss
	index: 1, handler: __TI_decompress_none
	index: 2, handler: __TI_zero_init


GLOBAL SYMBOLS: SORTED ALPHABETICALLY BY Name 

address   name                          
-------   ----                          
000024a9  ADC0_IRQHandler               
000024a9  ADC1_IRQHandler               
000024a9  AES_IRQHandler                
00001f81  ActivatePortA_B               
202005f8  BusFreq                       
000024b4  C$$EXIT                       
00002085  C$$IO$$                       
000024a9  CANFD0_IRQHandler             
000023bf  Clock_Delay                   
00002435  Clock_Freq                    
00000aa9  Clock_Init40MHz               
000024a9  DAC0_IRQHandler               
000024a9  DMA_IRQHandler                
000024a9  Default_Handler               
000024a9  GROUP0_IRQHandler             
000024a9  GROUP1_IRQHandler             
00001d79  HOSTclose                     
0000166d  HOSTlseek                     
000018e1  HOSTopen                      
000019f9  HOSTread                      
000016d9  HOSTrename                    
00001dc1  HOSTunlink                    
00001a51  HOSTwrite                     
000024a9  HardFault_Handler             
000024a9  I2C0_IRQHandler               
000024a9  I2C1_IRQHandler               
000014fd  LaunchPad_Init                
000024a9  NMI_Handler                   
000024a9  PendSV_Handler                
000024a9  RTC_IRQHandler                
000024ad  Reset_Handler                 
00001bfd  RxFifo_Get                    
00002339  RxFifo_Init                   
00001c49  RxFifo_Put                    
000022f1  RxFifo_Size                   
2020021c  RxGetI                        
20200220  RxPutI                        
000024a9  SPI0_IRQHandler               
000024a9  SPI1_IRQHandler               
000024a9  SVC_Handler                   
000024a9  SysTick_Handler               
000024a9  TIMA0_IRQHandler              
000024a9  TIMA1_IRQHandler              
000024a9  TIMG0_IRQHandler              
000024a9  TIMG12_IRQHandler             
000024a9  TIMG6_IRQHandler              
000024a9  TIMG7_IRQHandler              
000024a9  TIMG8_IRQHandler              
0000239b  TI_memcpy_small               
00002425  TI_memset_small               
00001c95  TxFifo_Get                    
0000234d  TxFifo_Init                   
00001ce1  TxFifo_Put                    
00002309  TxFifo_Size                   
20200224  TxGetI                        
20200228  TxPutI                        
00001941  UART0_IRQHandler              
000024a9  UART1_IRQHandler              
000024a9  UART2_IRQHandler              
000024a9  UART3_IRQHandler              
00002271  UART_InChar                   
0000146d  UART_InUDec                   
00000bdd  UART_Init                     
000013d9  UART_InitPrintf               
00001e09  UART_OutChar                  
20200000  _CIOBUF_                      
20200000  __CIOBUF_                     
20208000  __STACK_END                   
00000200  __STACK_SIZE                  
00000200  __SYSMEM_SIZE                 
00000000  __TI_ATRegion0_region_sz      
00000000  __TI_ATRegion0_src_addr       
00000000  __TI_ATRegion0_trg_addr       
00000000  __TI_ATRegion1_region_sz      
00000000  __TI_ATRegion1_src_addr       
00000000  __TI_ATRegion1_trg_addr       
00000000  __TI_ATRegion2_region_sz      
00000000  __TI_ATRegion2_src_addr       
00000000  __TI_ATRegion2_trg_addr       
000026dc  __TI_CINIT_Base               
000026ec  __TI_CINIT_Limit              
000026ec  __TI_CINIT_Warm               
000026c8  __TI_Handler_Table_Base       
000026d4  __TI_Handler_Table_Limit      
00001f09  __TI_auto_init_nobinit_nopinit
00001ff1  __TI_cleanup                  
202005f0  __TI_cleanup_ptr              
00001579  __TI_closefile                
000015f5  __TI_decompress_lzss          
000023ad  __TI_decompress_none          
00001b59  __TI_doflush                  
202005f4  __TI_dtors_ptr                
202005fc  __TI_ft_end                   
ffffffff  __TI_pprof_out_hndl           
000000c1  __TI_printfi_nofloat          
ffffffff  __TI_prof_data_size           
ffffffff  __TI_prof_data_start          
00002025  __TI_readmsg                  
00000000  __TI_static_base__            
20200120  __TI_tmpnams                  
00002059  __TI_writemsg                 
00001819  __TI_wrt_ok                   
00002321  __TI_zero_init_nomemset       
000024c0  __aeabi_ctype_table_          
000024c0  __aeabi_ctype_table_C         
20200600  __aeabi_errno                 
00002479  __aeabi_errno_addr            
0000133b  __aeabi_idiv0                 
000014fb  __aeabi_ldiv0                 
000022b5  __aeabi_llsl                  
0000224d  __aeabi_lmul                  
00002441  __aeabi_memclr                
00002441  __aeabi_memclr4               
00002441  __aeabi_memclr8               
00002481  __aeabi_memcpy                
00002481  __aeabi_memcpy4               
00002481  __aeabi_memcpy8               
000023ed  __aeabi_memset                
000023ed  __aeabi_memset4               
000023ed  __aeabi_memset8               
00001e49  __aeabi_uidiv                 
00001e49  __aeabi_uidivmod              
00002361  __aeabi_uldivmod              
000022b5  __ashldi3                     
ffffffff  __binit__                     
UNDEFED   __mpu_init                    
0000224d  __muldi3                      
00001f45  __muldsi3                     
20207e00  __stack                       
20200000  __start___llvm_prf_bits       
20200000  __start___llvm_prf_cnts       
20200000  __stop___llvm_prf_bits        
20200000  __stop___llvm_prf_cnts        
00001299  __udivmoddi4                  
000021fd  _c_int00_noargs               
20200528  _device                       
20200438  _ftable                       
20200604  _lock                         
00001bab  _nop                          
202005a0  _stream                       
20200238  _sys_memory                   
UNDEFED   _system_post_cinit            
000024b1  _system_pre_init              
20200608  _unlock                       
000024b5  abort                         
00000f3d  add_device                    
00000d0d  aligned_alloc                 
2020022c  area                          
00001ec9  atoi                          
ffffffff  binit                         
00001bad  close                         
0000208d  exit                          
00001fb9  finddevice                    
00002129  fopen                         
0000133d  fputc                         
00000e39  fputs                         
00001029  free                          
000020c1  freopen                       
00002499  fseek                         
00001745  fseeko                        
000017b1  getdevice                     
00000000  interruptVectors              
000021ad  lseek                         
00001b01  main                          
0000244d  malloc                        
00000d0d  memalign                      
00002293  memccpy                       
000011f1  open                          
20200210  parmbuf                       
0000199d  printf                        
000024a1  remove                        
00001115  setvbuf                       
20200230  side                          
00002465  uart_close                    
00002417  uart_lseek                    
00002375  uart_open                     
00002225  uart_read                     
00002459  uart_rename                   
0000246f  uart_unlink                   
000020f5  uart_write                    
00002159  unlink                        
000023cf  wcslen                        
000021d5  write                         


GLOBAL SYMBOLS: SORTED BY Symbol Address 

address   name                          
-------   ----                          
00000000  __TI_ATRegion0_region_sz      
00000000  __TI_ATRegion0_src_addr       
00000000  __TI_ATRegion0_trg_addr       
00000000  __TI_ATRegion1_region_sz      
00000000  __TI_ATRegion1_src_addr       
00000000  __TI_ATRegion1_trg_addr       
00000000  __TI_ATRegion2_region_sz      
00000000  __TI_ATRegion2_src_addr       
00000000  __TI_ATRegion2_trg_addr       
00000000  __TI_static_base__            
00000000  interruptVectors              
000000c1  __TI_printfi_nofloat          
00000200  __STACK_SIZE                  
00000200  __SYSMEM_SIZE                 
00000aa9  Clock_Init40MHz               
00000bdd  UART_Init                     
00000d0d  aligned_alloc                 
00000d0d  memalign                      
00000e39  fputs                         
00000f3d  add_device                    
00001029  free                          
00001115  setvbuf                       
000011f1  open                          
00001299  __udivmoddi4                  
0000133b  __aeabi_idiv0                 
0000133d  fputc                         
000013d9  UART_InitPrintf               
0000146d  UART_InUDec                   
000014fb  __aeabi_ldiv0                 
000014fd  LaunchPad_Init                
00001579  __TI_closefile                
000015f5  __TI_decompress_lzss          
0000166d  HOSTlseek                     
000016d9  HOSTrename                    
00001745  fseeko                        
000017b1  getdevice                     
00001819  __TI_wrt_ok                   
000018e1  HOSTopen                      
00001941  UART0_IRQHandler              
0000199d  printf                        
000019f9  HOSTread                      
00001a51  HOSTwrite                     
00001b01  main                          
00001b59  __TI_doflush                  
00001bab  _nop                          
00001bad  close                         
00001bfd  RxFifo_Get                    
00001c49  RxFifo_Put                    
00001c95  TxFifo_Get                    
00001ce1  TxFifo_Put                    
00001d79  HOSTclose                     
00001dc1  HOSTunlink                    
00001e09  UART_OutChar                  
00001e49  __aeabi_uidiv                 
00001e49  __aeabi_uidivmod              
00001ec9  atoi                          
00001f09  __TI_auto_init_nobinit_nopinit
00001f45  __muldsi3                     
00001f81  ActivatePortA_B               
00001fb9  finddevice                    
00001ff1  __TI_cleanup                  
00002025  __TI_readmsg                  
00002059  __TI_writemsg                 
00002085  C$$IO$$                       
0000208d  exit                          
000020c1  freopen                       
000020f5  uart_write                    
00002129  fopen                         
00002159  unlink                        
000021ad  lseek                         
000021d5  write                         
000021fd  _c_int00_noargs               
00002225  uart_read                     
0000224d  __aeabi_lmul                  
0000224d  __muldi3                      
00002271  UART_InChar                   
00002293  memccpy                       
000022b5  __aeabi_llsl                  
000022b5  __ashldi3                     
000022f1  RxFifo_Size                   
00002309  TxFifo_Size                   
00002321  __TI_zero_init_nomemset       
00002339  RxFifo_Init                   
0000234d  TxFifo_Init                   
00002361  __aeabi_uldivmod              
00002375  uart_open                     
0000239b  TI_memcpy_small               
000023ad  __TI_decompress_none          
000023bf  Clock_Delay                   
000023cf  wcslen                        
000023ed  __aeabi_memset                
000023ed  __aeabi_memset4               
000023ed  __aeabi_memset8               
00002417  uart_lseek                    
00002425  TI_memset_small               
00002435  Clock_Freq                    
00002441  __aeabi_memclr                
00002441  __aeabi_memclr4               
00002441  __aeabi_memclr8               
0000244d  malloc                        
00002459  uart_rename                   
00002465  uart_close                    
0000246f  uart_unlink                   
00002479  __aeabi_errno_addr            
00002481  __aeabi_memcpy                
00002481  __aeabi_memcpy4               
00002481  __aeabi_memcpy8               
00002499  fseek                         
000024a1  remove                        
000024a9  ADC0_IRQHandler               
000024a9  ADC1_IRQHandler               
000024a9  AES_IRQHandler                
000024a9  CANFD0_IRQHandler             
000024a9  DAC0_IRQHandler               
000024a9  DMA_IRQHandler                
000024a9  Default_Handler               
000024a9  GROUP0_IRQHandler             
000024a9  GROUP1_IRQHandler             
000024a9  HardFault_Handler             
000024a9  I2C0_IRQHandler               
000024a9  I2C1_IRQHandler               
000024a9  NMI_Handler                   
000024a9  PendSV_Handler                
000024a9  RTC_IRQHandler                
000024a9  SPI0_IRQHandler               
000024a9  SPI1_IRQHandler               
000024a9  SVC_Handler                   
000024a9  SysTick_Handler               
000024a9  TIMA0_IRQHandler              
000024a9  TIMA1_IRQHandler              
000024a9  TIMG0_IRQHandler              
000024a9  TIMG12_IRQHandler             
000024a9  TIMG6_IRQHandler              
000024a9  TIMG7_IRQHandler              
000024a9  TIMG8_IRQHandler              
000024a9  UART1_IRQHandler              
000024a9  UART2_IRQHandler              
000024a9  UART3_IRQHandler              
000024ad  Reset_Handler                 
000024b1  _system_pre_init              
000024b4  C$$EXIT                       
000024b5  abort                         
000024c0  __aeabi_ctype_table_          
000024c0  __aeabi_ctype_table_C         
000026c8  __TI_Handler_Table_Base       
000026d4  __TI_Handler_Table_Limit      
000026dc  __TI_CINIT_Base               
000026ec  __TI_CINIT_Limit              
000026ec  __TI_CINIT_Warm               
20200000  _CIOBUF_                      
20200000  __CIOBUF_                     
20200000  __start___llvm_prf_bits       
20200000  __start___llvm_prf_cnts       
20200000  __stop___llvm_prf_bits        
20200000  __stop___llvm_prf_cnts        
20200120  __TI_tmpnams                  
20200210  parmbuf                       
2020021c  RxGetI                        
20200220  RxPutI                        
20200224  TxGetI                        
20200228  TxPutI                        
2020022c  area                          
20200230  side                          
20200238  _sys_memory                   
20200438  _ftable                       
20200528  _device                       
202005a0  _stream                       
202005f0  __TI_cleanup_ptr              
202005f4  __TI_dtors_ptr                
202005f8  BusFreq                       
202005fc  __TI_ft_end                   
20200600  __aeabi_errno                 
20200604  _lock                         
20200608  _unlock                       
20207e00  __stack                       
20208000  __STACK_END                   
ffffffff  __TI_pprof_out_hndl           
ffffffff  __TI_prof_data_size           
ffffffff  __TI_prof_data_start          
ffffffff  __binit__                     
ffffffff  binit                         
UNDEFED   __mpu_init                    
UNDEFED   _system_post_cinit            

[183 symbols]
