******************************************************************************
            TI ARM Clang Linker PC v3.2.1                      
******************************************************************************
>> Linked Mon Jan 22 16:14:17 2024

OUTPUT FILE NAME:   <CrystalfontzLCD.out>
ENTRY POINT SYMBOL: "_c_int00_noargs"  address: 00001171


MEMORY CONFIGURATION

         name            origin    length      used     unused   attr    fill
----------------------  --------  ---------  --------  --------  ----  --------
  FLASH                 00000000   00020000  000017f8  0001e808  R  X
  SRAM                  20200000   00008000  00000226  00007dda  RW X
  BCR_CONFIG            41c00000   00000080  00000000  00000080  R   
  BSL_CONFIG            41c00100   00000080  00000000  00000080  R   


SEGMENT ALLOCATION MAP

run origin  load origin   length   init length attrs members
----------  ----------- ---------- ----------- ----- -------
00000000    00000000    000017f8   000017f8    r-x
  00000000    00000000    000000c0   000000c0    r-- .intvecs
  000000c0    000000c0    00001170   00001170    r-x .text
  00001230    00001230    00000590   00000590    r-- .rodata
  000017c0    000017c0    00000038   00000038    r-- .cinit
20200000    20200000    00000026   00000000    rw-
  20200000    20200000    00000014   00000000    rw- .bss
  20200014    20200014    00000012   00000000    rw- .data
20207e00    20207e00    00000200   00000000    rw-
  20207e00    20207e00    00000200   00000000    rw- .stack


SECTION ALLOCATION MAP

 output                                  attributes/
section   page    origin      length       input sections
--------  ----  ----------  ----------   ----------------
.intvecs   0    00000000    000000c0     
                  00000000    000000c0     startup_mspm0g3507_ticlang.o (.intvecs)

.text      0    000000c0    00001170     
                  000000c0    00000218     LCD.o (.text.LCD_Drawaxes)
                  000002d8    000001a8     LCD.o (.text.LCD_DrawChar)
                  00000480    00000134     Clock.o (.text.Clock_Init40MHz)
                  000005b4    00000118     LCD.o (.text.LCD_FillRect)
                  000006cc    000000f8     SPI.o (.text.SPI_Init)
                  000007c4    000000f4     ADC.o (.text.ADC0_Init)
                  000008b8    000000b0     LCD.o (.text.LCD_DrawFastHLine)
                  00000968    000000b0     LCD.o (.text.LCD_DrawFastVLine)
                  00000a18    000000a2     LCD.o (.text.commandList)
                  00000aba    00000002     libclang_rt.builtins.a : aeabi_div0.c.obj (.text.__aeabi_idiv0)
                  00000abc    0000009c     LCDtestmain.o (.text.main)
                  00000b58    00000090     LCD.o (.text.LCD_PlotPoint)
                  00000be8    00000090     LCD.o (.text.ST7735_InitR)
                  00000c78    00000088     LCD.o (.text.setAddrWindow)
                  00000d00    0000007c     LaunchPad.o (.text.LaunchPad_Init)
                  00000d7c    00000078     libc.a : copy_decompress_lzss.c.obj (.text:decompress:lzss)
                  00000df4    00000070     LCD.o (.text.LCD_DrawPixel)
                  00000e64    00000056     libclang_rt.builtins.a : aeabi_idivmod.S.obj (.text.__aeabi_idivmod)
                  00000eba    00000002     --HOLE-- [fill = 0]
                  00000ebc    00000048     SPI.o (.text.SPI_OutCommand)
                  00000f04    00000044     ADC.o (.text.ADC0_In)
                  00000f48    00000040     SPI.o (.text.SPI_Reset)
                  00000f88    00000040     libclang_rt.builtins.a : aeabi_uidivmod.S.obj (.text.__aeabi_uidivmod)
                  00000fc8    0000003c     libc.a : autoinit.c.obj (.text:__TI_auto_init_nobinit_nopinit)
                  00001004    00000038     LaunchPad.o (.text.ActivatePortA_B)
                  0000103c    00000038     LCD.o (.text.LCD_PlotIncrement)
                  00001074    00000038     SPI.o (.text.SPI_OutData)
                  000010ac    00000034     Clock.o (.text.Clock_Delay1ms)
                  000010e0    00000034     LCD.o (.text.LCD_SetCursor)
                  00001114    00000030     LCD.o (.text.commonInit)
                  00001144    0000002c     LCD.o (.text.LCD_FillScreen)
                  00001170    00000028     libc.a : boot_cortex_m.c.obj (.text:_c_int00_noargs)
                  00001198    0000001e     LCD.o (.text.pushColor)
                  000011b6    00000016     libc.a : copy_zero_init.c.obj (.text:decompress:ZI:__TI_zero_init_nomemset)
                  000011cc    00000012            : memcpy16.S.obj (.text:TI_memcpy_small)
                  000011de    00000012            : copy_decompress_none.c.obj (.text:decompress:none)
                  000011f0    00000010     Clock.o (.text.Clock_Delay)
                  00001200    0000000c     Clock.o (.text.Clock_Freq)
                  0000120c    0000000a     LCD.o (.text.LCD_Init)
                  00001216    00000002     --HOLE-- [fill = 0]
                  00001218    00000008     libclang_rt.builtins.a : aeabi_memcpy.S.obj (.text.__aeabi_memcpy)
                  00001220    00000004     startup_mspm0g3507_ticlang.o (.text.Default_Handler)
                  00001224    00000004     startup_mspm0g3507_ticlang.o (.text.Reset_Handler)
                  00001228    00000004     libc.a : pre_init.c.obj (.text._system_pre_init)
                  0000122c    00000004            : exit.c.obj (.text:abort)

.cinit     0    000017c0    00000038     
                  000017c0    00000012     (.cinit..data.load) [load image, compression = lzss]
                  000017d2    00000002     --HOLE-- [fill = 0]
                  000017d4    0000000c     (__TI_handler_table)
                  000017e0    00000008     (.cinit..bss.load) [load image, compression = zero_init]
                  000017e8    00000010     (__TI_cinit_table)

.rodata    0    00001230    00000590     
                  00001230    00000500     LCD.o (.rodata.Font)
                  00001730    0000003b     LCD.o (.rodata.Rcmd1)
                  0000176b    0000002b     LCD.o (.rodata.Rcmd3)
                  00001796    0000000d     LCD.o (.rodata.Rcmd2green)
                  000017a3    0000000d     LCD.o (.rodata.Rcmd2red)
                  000017b0    00000006     LCDtestmain.o (.rodata.str1.19884677561356643701)
                  000017b6    00000005     LCDtestmain.o (.rodata.str1.52734175196788552141)
                  000017bb    00000001     LCDtestmain.o (.rodata.str1.106970152214334458601)
                  000017bc    00000004     --HOLE-- [fill = 0]

.init_array 
*          0    00000000    00000000     UNINITIALIZED

.binit     0    00000000    00000000     

.bss       0    20200000    00000014     UNINITIALIZED
                  20200000    00000004     (.common:TimeIndex)
                  20200004    00000004     (.common:Ymax)
                  20200008    00000004     (.common:Ymin)
                  2020000c    00000004     (.common:Yrange)
                  20200010    00000002     (.common:PlotBGColor)
                  20200012    00000001     LCD.o (.bss.ColStart)
                  20200013    00000001     LCD.o (.bss.RowStart)

.data      0    20200014    00000012     UNINITIALIZED
                  20200014    00000004     Clock.o (.data.BusFreq)
                  20200018    00000004     LCD.o (.data.StX)
                  2020001c    00000004     LCD.o (.data.StY)
                  20200020    00000002     LCD.o (.data.StTextColor)
                  20200022    00000002     LCD.o (.data._height)
                  20200024    00000002     LCD.o (.data._width)

.stack     0    20207e00    00000200     UNINITIALIZED
                  20207e00    00000004     libc.a : boot_cortex_m.c.obj (.stack)
                  20207e04    000001fc     --HOLE--

__llvm_prf_cnts 
*          0    20200000    00000000     UNINITIALIZED

__llvm_prf_bits 
*          0    20200000    00000000     UNINITIALIZED

MODULE SUMMARY

       Module                         code   ro data   rw data
       ------                         ----   -------   -------
    .\
       LCD.o                          2530   1408      34     
       SPI.o                          440    0         0      
       Clock.o                        388    0         4      
       ADC.o                          312    0         0      
       LaunchPad.o                    180    0         0      
       LCDtestmain.o                  156    12        0      
    +--+------------------------------+------+---------+---------+
       Total:                         4006   1420      38     
                                                              
    .\ticlang\
       startup_mspm0g3507_ticlang.o   8      192       0      
    +--+------------------------------+------+---------+---------+
       Total:                         8      192       0      
                                                              
    C:\ti\ccs1260\ccs\tools\compiler\ti-cgt-armllvm_3.2.1.LTS\lib\armv6m-ti-none-eabi/c/libc.a
       copy_decompress_lzss.c.obj     120    0         0      
       autoinit.c.obj                 60     0         0      
       boot_cortex_m.c.obj            40     0         0      
       copy_zero_init.c.obj           22     0         0      
       copy_decompress_none.c.obj     18     0         0      
       memcpy16.S.obj                 18     0         0      
       exit.c.obj                     4      0         0      
       pre_init.c.obj                 4      0         0      
    +--+------------------------------+------+---------+---------+
       Total:                         286    0         0      
                                                              
    C:\ti\ccs1260\ccs\tools\compiler\ti-cgt-armllvm_3.2.1.LTS\lib\clang/15.0.7/lib/armv6m-ti-none-eabi/libclang_rt.builtins.a
       aeabi_idivmod.S.obj            86     0         0      
       aeabi_uidivmod.S.obj           64     0         0      
       aeabi_memcpy.S.obj             8      0         0      
       aeabi_div0.c.obj               2      0         0      
    +--+------------------------------+------+---------+---------+
       Total:                         160    0         0      
                                                              
       Stack:                         0      0         512    
       Linker Generated:              0      54        0      
    +--+------------------------------+------+---------+---------+
       Grand Total:                   4460   1666      550    


LINKER GENERATED COPY TABLES

__TI_cinit_table @ 000017e8 records: 2, size/record: 8, table size: 16
	.data: load addr=000017c0, load size=00000012 bytes, run addr=20200014, run size=00000012 bytes, compression=lzss
	.bss: load addr=000017e0, load size=00000008 bytes, run addr=20200000, run size=00000014 bytes, compression=zero_init


LINKER GENERATED HANDLER TABLE

__TI_handler_table @ 000017d4 records: 3, size/record: 4, table size: 12
	index: 0, handler: __TI_decompress_lzss
	index: 1, handler: __TI_decompress_none
	index: 2, handler: __TI_zero_init


GLOBAL SYMBOLS: SORTED ALPHABETICALLY BY Name 

address   name                          
-------   ----                          
00001221  ADC0_IRQHandler               
00000f05  ADC0_In                       
000007c5  ADC0_Init                     
00001221  ADC1_IRQHandler               
00001221  AES_IRQHandler                
00001005  ActivatePortA_B               
20200014  BusFreq                       
0000122c  C$$EXIT                       
00001221  CANFD0_IRQHandler             
000011f1  Clock_Delay                   
000010ad  Clock_Delay1ms                
00001201  Clock_Freq                    
00000481  Clock_Init40MHz               
00001221  DAC0_IRQHandler               
00001221  DMA_IRQHandler                
00001221  Default_Handler               
00001221  GROUP0_IRQHandler             
00001221  GROUP1_IRQHandler             
00001221  HardFault_Handler             
00001221  I2C0_IRQHandler               
00001221  I2C1_IRQHandler               
000002d9  LCD_DrawChar                  
000008b9  LCD_DrawFastHLine             
00000969  LCD_DrawFastVLine             
00000df5  LCD_DrawPixel                 
000000c1  LCD_Drawaxes                  
000005b5  LCD_FillRect                  
00001145  LCD_FillScreen                
0000120d  LCD_Init                      
0000103d  LCD_PlotIncrement             
00000b59  LCD_PlotPoint                 
000010e1  LCD_SetCursor                 
00000d01  LaunchPad_Init                
00001221  NMI_Handler                   
00001221  PendSV_Handler                
20200010  PlotBGColor                   
00001221  RTC_IRQHandler                
00001225  Reset_Handler                 
00001221  SPI0_IRQHandler               
00001221  SPI1_IRQHandler               
000006cd  SPI_Init                      
00000ebd  SPI_OutCommand                
00001075  SPI_OutData                   
00000f49  SPI_Reset                     
00001221  SVC_Handler                   
20200020  StTextColor                   
20200018  StX                           
2020001c  StY                           
00001221  SysTick_Handler               
00001221  TIMA0_IRQHandler              
00001221  TIMA1_IRQHandler              
00001221  TIMG0_IRQHandler              
00001221  TIMG12_IRQHandler             
00001221  TIMG6_IRQHandler              
00001221  TIMG7_IRQHandler              
00001221  TIMG8_IRQHandler              
000011cd  TI_memcpy_small               
20200000  TimeIndex                     
00001221  UART0_IRQHandler              
00001221  UART1_IRQHandler              
00001221  UART2_IRQHandler              
00001221  UART3_IRQHandler              
20200004  Ymax                          
20200008  Ymin                          
2020000c  Yrange                        
20208000  __STACK_END                   
00000200  __STACK_SIZE                  
00000000  __TI_ATRegion0_region_sz      
00000000  __TI_ATRegion0_src_addr       
00000000  __TI_ATRegion0_trg_addr       
00000000  __TI_ATRegion1_region_sz      
00000000  __TI_ATRegion1_src_addr       
00000000  __TI_ATRegion1_trg_addr       
00000000  __TI_ATRegion2_region_sz      
00000000  __TI_ATRegion2_src_addr       
00000000  __TI_ATRegion2_trg_addr       
000017e8  __TI_CINIT_Base               
000017f8  __TI_CINIT_Limit              
000017f8  __TI_CINIT_Warm               
000017d4  __TI_Handler_Table_Base       
000017e0  __TI_Handler_Table_Limit      
00000fc9  __TI_auto_init_nobinit_nopinit
00000d7d  __TI_decompress_lzss          
000011df  __TI_decompress_none          
ffffffff  __TI_pprof_out_hndl           
ffffffff  __TI_prof_data_size           
ffffffff  __TI_prof_data_start          
00000000  __TI_static_base__            
000011b7  __TI_zero_init_nomemset       
00000e65  __aeabi_idiv                  
00000abb  __aeabi_idiv0                 
00000e65  __aeabi_idivmod               
00001219  __aeabi_memcpy                
00001219  __aeabi_memcpy4               
00001219  __aeabi_memcpy8               
00000f89  __aeabi_uidiv                 
00000f89  __aeabi_uidivmod              
ffffffff  __binit__                     
UNDEFED   __mpu_init                    
20207e00  __stack                       
20200000  __start___llvm_prf_bits       
20200000  __start___llvm_prf_cnts       
20200000  __stop___llvm_prf_bits        
20200000  __stop___llvm_prf_cnts        
00001171  _c_int00_noargs               
UNDEFED   _system_post_cinit            
00001229  _system_pre_init              
0000122d  abort                         
ffffffff  binit                         
00000000  interruptVectors              
00000abd  main                          


GLOBAL SYMBOLS: SORTED BY Symbol Address 

address   name                          
-------   ----                          
00000000  __TI_ATRegion0_region_sz      
00000000  __TI_ATRegion0_src_addr       
00000000  __TI_ATRegion0_trg_addr       
00000000  __TI_ATRegion1_region_sz      
00000000  __TI_ATRegion1_src_addr       
00000000  __TI_ATRegion1_trg_addr       
00000000  __TI_ATRegion2_region_sz      
00000000  __TI_ATRegion2_src_addr       
00000000  __TI_ATRegion2_trg_addr       
00000000  __TI_static_base__            
00000000  interruptVectors              
000000c1  LCD_Drawaxes                  
00000200  __STACK_SIZE                  
000002d9  LCD_DrawChar                  
00000481  Clock_Init40MHz               
000005b5  LCD_FillRect                  
000006cd  SPI_Init                      
000007c5  ADC0_Init                     
000008b9  LCD_DrawFastHLine             
00000969  LCD_DrawFastVLine             
00000abb  __aeabi_idiv0                 
00000abd  main                          
00000b59  LCD_PlotPoint                 
00000d01  LaunchPad_Init                
00000d7d  __TI_decompress_lzss          
00000df5  LCD_DrawPixel                 
00000e65  __aeabi_idiv                  
00000e65  __aeabi_idivmod               
00000ebd  SPI_OutCommand                
00000f05  ADC0_In                       
00000f49  SPI_Reset                     
00000f89  __aeabi_uidiv                 
00000f89  __aeabi_uidivmod              
00000fc9  __TI_auto_init_nobinit_nopinit
00001005  ActivatePortA_B               
0000103d  LCD_PlotIncrement             
00001075  SPI_OutData                   
000010ad  Clock_Delay1ms                
000010e1  LCD_SetCursor                 
00001145  LCD_FillScreen                
00001171  _c_int00_noargs               
000011b7  __TI_zero_init_nomemset       
000011cd  TI_memcpy_small               
000011df  __TI_decompress_none          
000011f1  Clock_Delay                   
00001201  Clock_Freq                    
0000120d  LCD_Init                      
00001219  __aeabi_memcpy                
00001219  __aeabi_memcpy4               
00001219  __aeabi_memcpy8               
00001221  ADC0_IRQHandler               
00001221  ADC1_IRQHandler               
00001221  AES_IRQHandler                
00001221  CANFD0_IRQHandler             
00001221  DAC0_IRQHandler               
00001221  DMA_IRQHandler                
00001221  Default_Handler               
00001221  GROUP0_IRQHandler             
00001221  GROUP1_IRQHandler             
00001221  HardFault_Handler             
00001221  I2C0_IRQHandler               
00001221  I2C1_IRQHandler               
00001221  NMI_Handler                   
00001221  PendSV_Handler                
00001221  RTC_IRQHandler                
00001221  SPI0_IRQHandler               
00001221  SPI1_IRQHandler               
00001221  SVC_Handler                   
00001221  SysTick_Handler               
00001221  TIMA0_IRQHandler              
00001221  TIMA1_IRQHandler              
00001221  TIMG0_IRQHandler              
00001221  TIMG12_IRQHandler             
00001221  TIMG6_IRQHandler              
00001221  TIMG7_IRQHandler              
00001221  TIMG8_IRQHandler              
00001221  UART0_IRQHandler              
00001221  UART1_IRQHandler              
00001221  UART2_IRQHandler              
00001221  UART3_IRQHandler              
00001225  Reset_Handler                 
00001229  _system_pre_init              
0000122c  C$$EXIT                       
0000122d  abort                         
000017d4  __TI_Handler_Table_Base       
000017e0  __TI_Handler_Table_Limit      
000017e8  __TI_CINIT_Base               
000017f8  __TI_CINIT_Limit              
000017f8  __TI_CINIT_Warm               
20200000  TimeIndex                     
20200000  __start___llvm_prf_bits       
20200000  __start___llvm_prf_cnts       
20200000  __stop___llvm_prf_bits        
20200000  __stop___llvm_prf_cnts        
20200004  Ymax                          
20200008  Ymin                          
2020000c  Yrange                        
20200010  PlotBGColor                   
20200014  BusFreq                       
20200018  StX                           
2020001c  StY                           
20200020  StTextColor                   
20207e00  __stack                       
20208000  __STACK_END                   
ffffffff  __TI_pprof_out_hndl           
ffffffff  __TI_prof_data_size           
ffffffff  __TI_prof_data_start          
ffffffff  __binit__                     
ffffffff  binit                         
UNDEFED   __mpu_init                    
UNDEFED   _system_post_cinit            

[111 symbols]
