******************************************************************************
            TI ARM Clang Linker PC v3.2.1                      
******************************************************************************
>> Linked Mon Jan 22 16:14:22 2024

OUTPUT FILE NAME:   <DAC.out>
ENTRY POINT SYMBOL: "_c_int00_noargs"  address: 000005ad


MEMORY CONFIGURATION

         name            origin    length      used     unused   attr    fill
----------------------  --------  ---------  --------  --------  ----  --------
  FLASH                 00000000   00020000  00000700  0001f900  R  X
  SRAM                  20200000   00008000  00000208  00007df8  RW X
  BCR_CONFIG            41c00000   00000080  00000000  00000080  R   
  BSL_CONFIG            41c00100   00000080  00000000  00000080  R   


SEGMENT ALLOCATION MAP

run origin  load origin   length   init length attrs members
----------  ----------- ---------- ----------- ----- -------
00000000    00000000    00000700   00000700    r-x
  00000000    00000000    000000c0   000000c0    r-- .intvecs
  000000c0    000000c0    00000590   00000590    r-x .text
  00000650    00000650    00000080   00000080    r-- .rodata
  000006d0    000006d0    00000030   00000030    r-- .cinit
20200000    20200000    00000008   00000000    rw-
  20200000    20200000    00000004   00000000    rw- .bss
  20200004    20200004    00000004   00000000    rw- .data
20207e00    20207e00    00000200   00000000    rw-
  20207e00    20207e00    00000200   00000000    rw- .stack


SECTION ALLOCATION MAP

 output                                  attributes/
section   page    origin      length       input sections
--------  ----  ----------  ----------   ----------------
.intvecs   0    00000000    000000c0     
                  00000000    000000c0     startup_mspm0g3507_ticlang.o (.intvecs)

.text      0    000000c0    00000590     
                  000000c0    000001b4     Clock.o (.text.Clock_Init80MHz)
                  00000274    000000a8     DAC.o (.text.DAC_Init)
                  0000031c    000000a4     Timer.o (.text.TimerG0_IntArm)
                  000003c0    0000007c     LaunchPad.o (.text.LaunchPad_Init)
                  0000043c    00000078     libc.a : copy_decompress_lzss.c.obj (.text:decompress:lzss)
                  000004b4    00000050     DACtestmain.o (.text.TIMG0_IRQHandler)
                  00000504    0000003c     libc.a : autoinit.c.obj (.text:__TI_auto_init_nobinit_nopinit)
                  00000540    00000038     LaunchPad.o (.text.ActivatePortA_B)
                  00000578    00000034     DACtestmain.o (.text.main)
                  000005ac    00000028     libc.a : boot_cortex_m.c.obj (.text:_c_int00_noargs)
                  000005d4    00000016            : copy_zero_init.c.obj (.text:decompress:ZI:__TI_zero_init_nomemset)
                  000005ea    00000002     --HOLE-- [fill = 0]
                  000005ec    00000014     DAC.o (.text.DAC_Out)
                  00000600    00000012     libc.a : memcpy16.S.obj (.text:TI_memcpy_small)
                  00000612    00000012            : copy_decompress_none.c.obj (.text:decompress:none)
                  00000624    00000010     Clock.o (.text.Clock_Delay)
                  00000634    00000008     libclang_rt.builtins.a : aeabi_memcpy.S.obj (.text.__aeabi_memcpy)
                  0000063c    00000004     startup_mspm0g3507_ticlang.o (.text.Default_Handler)
                  00000640    00000004     startup_mspm0g3507_ticlang.o (.text.Reset_Handler)
                  00000644    00000004     libc.a : pre_init.c.obj (.text._system_pre_init)
                  00000648    00000004            : exit.c.obj (.text:abort)
                  0000064c    00000004     --HOLE-- [fill = 0]

.cinit     0    000006d0    00000030     
                  000006d0    0000000c     (__TI_handler_table)
                  000006dc    00000008     (.cinit..bss.load) [load image, compression = zero_init]
                  000006e4    00000008     (.cinit..data.load) [load image, compression = lzss]
                  000006ec    00000010     (__TI_cinit_table)
                  000006fc    00000004     --HOLE-- [fill = 0]

.rodata    0    00000650    00000080     
                  00000650    00000080     DACtestmain.o (.rodata.Wave)

.init_array 
*          0    00000000    00000000     UNINITIALIZED

.binit     0    00000000    00000000     

.bss       0    20200000    00000004     UNINITIALIZED
                  20200000    00000004     (.common:Index)

.data      0    20200004    00000004     UNINITIALIZED
                  20200004    00000004     Clock.o (.data.BusFreq)

.stack     0    20207e00    00000200     UNINITIALIZED
                  20207e00    00000004     libc.a : boot_cortex_m.c.obj (.stack)
                  20207e04    000001fc     --HOLE--

__llvm_prf_cnts 
*          0    20200000    00000000     UNINITIALIZED

__llvm_prf_bits 
*          0    20200000    00000000     UNINITIALIZED

MODULE SUMMARY

       Module                         code   ro data   rw data
       ------                         ----   -------   -------
    .\
       Clock.o                        452    0         4      
       DACtestmain.o                  132    128       4      
       DAC.o                          188    0         0      
       LaunchPad.o                    180    0         0      
       Timer.o                        164    0         0      
    +--+------------------------------+------+---------+---------+
       Total:                         1116   128       8      
                                                              
    .\ticlang\
       startup_mspm0g3507_ticlang.o   8      192       0      
    +--+------------------------------+------+---------+---------+
       Total:                         8      192       0      
                                                              
    C:\ti\ccs1260\ccs\tools\compiler\ti-cgt-armllvm_3.2.1.LTS\lib\armv6m-ti-none-eabi/c/libc.a
       copy_decompress_lzss.c.obj     120    0         0      
       autoinit.c.obj                 60     0         0      
       boot_cortex_m.c.obj            40     0         0      
       copy_zero_init.c.obj           22     0         0      
       copy_decompress_none.c.obj     18     0         0      
       memcpy16.S.obj                 18     0         0      
       exit.c.obj                     4      0         0      
       pre_init.c.obj                 4      0         0      
    +--+------------------------------+------+---------+---------+
       Total:                         286    0         0      
                                                              
    C:\ti\ccs1260\ccs\tools\compiler\ti-cgt-armllvm_3.2.1.LTS\lib\clang/15.0.7/lib/armv6m-ti-none-eabi/libclang_rt.builtins.a
       aeabi_memcpy.S.obj             8      0         0      
    +--+------------------------------+------+---------+---------+
       Total:                         8      0         0      
                                                              
       Stack:                         0      0         512    
       Linker Generated:              0      44        0      
    +--+------------------------------+------+---------+---------+
       Grand Total:                   1418   364       520    


LINKER GENERATED COPY TABLES

__TI_cinit_table @ 000006ec records: 2, size/record: 8, table size: 16
	.bss: load addr=000006dc, load size=00000008 bytes, run addr=20200000, run size=00000004 bytes, compression=zero_init
	.data: load addr=000006e4, load size=00000008 bytes, run addr=20200004, run size=00000004 bytes, compression=lzss


LINKER GENERATED HANDLER TABLE

__TI_handler_table @ 000006d0 records: 3, size/record: 4, table size: 12
	index: 0, handler: __TI_decompress_lzss
	index: 1, handler: __TI_decompress_none
	index: 2, handler: __TI_zero_init


GLOBAL SYMBOLS: SORTED ALPHABETICALLY BY Name 

address   name                          
-------   ----                          
0000063d  ADC0_IRQHandler               
0000063d  ADC1_IRQHandler               
0000063d  AES_IRQHandler                
00000541  ActivatePortA_B               
20200004  BusFreq                       
00000648  C$$EXIT                       
0000063d  CANFD0_IRQHandler             
00000625  Clock_Delay                   
000000c1  Clock_Init80MHz               
0000063d  DAC0_IRQHandler               
00000275  DAC_Init                      
000005ed  DAC_Out                       
0000063d  DMA_IRQHandler                
0000063d  Default_Handler               
0000063d  GROUP0_IRQHandler             
0000063d  GROUP1_IRQHandler             
0000063d  HardFault_Handler             
0000063d  I2C0_IRQHandler               
0000063d  I2C1_IRQHandler               
20200000  Index                         
000003c1  LaunchPad_Init                
0000063d  NMI_Handler                   
0000063d  PendSV_Handler                
0000063d  RTC_IRQHandler                
00000641  Reset_Handler                 
0000063d  SPI0_IRQHandler               
0000063d  SPI1_IRQHandler               
0000063d  SVC_Handler                   
0000063d  SysTick_Handler               
0000063d  TIMA0_IRQHandler              
0000063d  TIMA1_IRQHandler              
000004b5  TIMG0_IRQHandler              
0000063d  TIMG12_IRQHandler             
0000063d  TIMG6_IRQHandler              
0000063d  TIMG7_IRQHandler              
0000063d  TIMG8_IRQHandler              
00000601  TI_memcpy_small               
0000031d  TimerG0_IntArm                
0000063d  UART0_IRQHandler              
0000063d  UART1_IRQHandler              
0000063d  UART2_IRQHandler              
0000063d  UART3_IRQHandler              
00000650  Wave                          
20208000  __STACK_END                   
00000200  __STACK_SIZE                  
00000000  __TI_ATRegion0_region_sz      
00000000  __TI_ATRegion0_src_addr       
00000000  __TI_ATRegion0_trg_addr       
00000000  __TI_ATRegion1_region_sz      
00000000  __TI_ATRegion1_src_addr       
00000000  __TI_ATRegion1_trg_addr       
00000000  __TI_ATRegion2_region_sz      
00000000  __TI_ATRegion2_src_addr       
00000000  __TI_ATRegion2_trg_addr       
000006ec  __TI_CINIT_Base               
000006fc  __TI_CINIT_Limit              
000006fc  __TI_CINIT_Warm               
000006d0  __TI_Handler_Table_Base       
000006dc  __TI_Handler_Table_Limit      
00000505  __TI_auto_init_nobinit_nopinit
0000043d  __TI_decompress_lzss          
00000613  __TI_decompress_none          
ffffffff  __TI_pprof_out_hndl           
ffffffff  __TI_prof_data_size           
ffffffff  __TI_prof_data_start          
00000000  __TI_static_base__            
000005d5  __TI_zero_init_nomemset       
00000635  __aeabi_memcpy                
00000635  __aeabi_memcpy4               
00000635  __aeabi_memcpy8               
ffffffff  __binit__                     
UNDEFED   __mpu_init                    
20207e00  __stack                       
20200000  __start___llvm_prf_bits       
20200000  __start___llvm_prf_cnts       
20200000  __stop___llvm_prf_bits        
20200000  __stop___llvm_prf_cnts        
000005ad  _c_int00_noargs               
UNDEFED   _system_post_cinit            
00000645  _system_pre_init              
00000649  abort                         
ffffffff  binit                         
00000000  interruptVectors              
00000579  main                          


GLOBAL SYMBOLS: SORTED BY Symbol Address 

address   name                          
-------   ----                          
00000000  __TI_ATRegion0_region_sz      
00000000  __TI_ATRegion0_src_addr       
00000000  __TI_ATRegion0_trg_addr       
00000000  __TI_ATRegion1_region_sz      
00000000  __TI_ATRegion1_src_addr       
00000000  __TI_ATRegion1_trg_addr       
00000000  __TI_ATRegion2_region_sz      
00000000  __TI_ATRegion2_src_addr       
00000000  __TI_ATRegion2_trg_addr       
00000000  __TI_static_base__            
00000000  interruptVectors              
000000c1  Clock_Init80MHz               
00000200  __STACK_SIZE                  
00000275  DAC_Init                      
0000031d  TimerG0_IntArm                
000003c1  LaunchPad_Init                
0000043d  __TI_decompress_lzss          
000004b5  TIMG0_IRQHandler              
00000505  __TI_auto_init_nobinit_nopinit
00000541  ActivatePortA_B               
00000579  main                          
000005ad  _c_int00_noargs               
000005d5  __TI_zero_init_nomemset       
000005ed  DAC_Out                       
00000601  TI_memcpy_small               
00000613  __TI_decompress_none          
00000625  Clock_Delay                   
00000635  __aeabi_memcpy                
00000635  __aeabi_memcpy4               
00000635  __aeabi_memcpy8               
0000063d  ADC0_IRQHandler               
0000063d  ADC1_IRQHandler               
0000063d  AES_IRQHandler                
0000063d  CANFD0_IRQHandler             
0000063d  DAC0_IRQHandler               
0000063d  DMA_IRQHandler                
0000063d  Default_Handler               
0000063d  GROUP0_IRQHandler             
0000063d  GROUP1_IRQHandler             
0000063d  HardFault_Handler             
0000063d  I2C0_IRQHandler               
0000063d  I2C1_IRQHandler               
0000063d  NMI_Handler                   
0000063d  PendSV_Handler                
0000063d  RTC_IRQHandler                
0000063d  SPI0_IRQHandler               
0000063d  SPI1_IRQHandler               
0000063d  SVC_Handler                   
0000063d  SysTick_Handler               
0000063d  TIMA0_IRQHandler              
0000063d  TIMA1_IRQHandler              
0000063d  TIMG12_IRQHandler             
0000063d  TIMG6_IRQHandler              
0000063d  TIMG7_IRQHandler              
0000063d  TIMG8_IRQHandler              
0000063d  UART0_IRQHandler              
0000063d  UART1_IRQHandler              
0000063d  UART2_IRQHandler              
0000063d  UART3_IRQHandler              
00000641  Reset_Handler                 
00000645  _system_pre_init              
00000648  C$$EXIT                       
00000649  abort                         
00000650  Wave                          
000006d0  __TI_Handler_Table_Base       
000006dc  __TI_Handler_Table_Limit      
000006ec  __TI_CINIT_Base               
000006fc  __TI_CINIT_Limit              
000006fc  __TI_CINIT_Warm               
20200000  Index                         
20200000  __start___llvm_prf_bits       
20200000  __start___llvm_prf_cnts       
20200000  __stop___llvm_prf_bits        
20200000  __stop___llvm_prf_cnts        
20200004  BusFreq                       
20207e00  __stack                       
20208000  __STACK_END                   
ffffffff  __TI_pprof_out_hndl           
ffffffff  __TI_prof_data_size           
ffffffff  __TI_prof_data_start          
ffffffff  __binit__                     
ffffffff  binit                         
UNDEFED   __mpu_init                    
UNDEFED   _system_post_cinit            

[84 symbols]
