******************************************************************************
            TI ARM Clang Linker PC v3.2.1                      
******************************************************************************
>> Linked Thu Apr 25 12:55:23 2024

OUTPUT FILE NAME:   <ECE319K_Lab9H.out>
ENTRY POINT SYMBOL: "_c_int00_noargs"  address: 0001ddbd


MEMORY CONFIGURATION

         name            origin    length      used     unused   attr    fill
----------------------  --------  ---------  --------  --------  ----  --------
  FLASH                 00000000   00020000  0001e480  00001b80  R  X
  SRAM                  20200000   00008000  00005169  00002e97  RW X
  BCR_CONFIG            41c00000   00000080  00000000  00000080  R   
  BSL_CONFIG            41c00100   00000080  00000000  00000080  R   


SEGMENT ALLOCATION MAP

run origin  load origin   length   init length attrs members
----------  ----------- ---------- ----------- ----- -------
00000000    00000000    0001e480   0001e480    r-x
  00000000    00000000    000000c0   000000c0    r-- .intvecs
  000000c0    000000c0    00019128   00019128    r-- .rodata
  000191e8    000191e8    00005160   00005160    r-x .text
  0001e348    0001e348    00000018   00000018    r-- .init_array
  0001e360    0001e360    00000120   00000120    r-- .cinit
20200000    20200000    00004f70   00000000    rw-
  20200000    20200000    00004730   00000000    rw- .bss
  20204730    20204730    00000639   00000000    rw- .data
  20204d70    20204d70    00000200   00000000    rw- .sysmem
20207e00    20207e00    00000200   00000000    rw-
  20207e00    20207e00    00000200   00000000    rw- .stack


SECTION ALLOCATION MAP

 output                                  attributes/
section   page    origin      length       input sections
--------  ----  ----------  ----------   ----------------
.intvecs   0    00000000    000000c0     
                  00000000    000000c0     startup_mspm0g3507_ticlang.o (.intvecs)

.binit     0    00000000    00000000     

.text      0    000191e8    00005160     
                  000191e8    000004a4     GamePlay.o (.text._ZN4Bike12updateCornerEPKt)
                  0001968c    00000394     GamePlay.o (.text._ZN4Bike7displayEv)
                  00019a20    00000210     ST7735.o (.text._Z17ST7735_DrawBitmapssPKtss)
                  00019c30    000001b4     Clock.o (.text._Z15Clock_Init80MHzi)
                  00019de4    000001b0     menu.o (.text._Z11menu_updatev)
                  00019f94    000001ac     GamePlay.o (.text._ZN4Bike14updateLocationEi)
                  0001a140    000001a0     ST7735.o (.text._Z16ST7735_DrawCharSsscssh)
                  0001a2e0    00000198     GamePlay.o (.text._ZN8Gameplay6updateEii)
                  0001a478    00000160     libc.a : fopen.c.obj (.text._openfile)
                  0001a5d8    0000013c     Lab9HMain.o (.text.TIMG12_IRQHandler)
                  0001a714    00000138     GamePlay.o (.text._ZN8Gameplay9countDownEv)
                  0001a84c    0000012c     libc.a : memory.c.obj (.text.aligned_alloc)
                  0001a978    00000128     TExaS.o (.text._Z8ADC_InitP10ADC12_Regsjj)
                  0001aaa0    00000128     libc++.a : string.cpp.obj (.text._ZNSt3__112basic_stringIcNS_11char_traitsIcEENS_9allocatorIcEEEaSERKS5_)
                  0001abc8    00000118     ST7735.o (.text._Z15ST7735_FillRectsssst)
                  0001ace0    00000104     menu.o (.text._Z20periodic_menu_updatei)
                  0001ade4    000000f8     SPI.o (.text._Z8SPI_Initv)
                  0001aedc    000000f4     ST7735.o (.text._Z18ST7735_SetRotationh)
                  0001afd0    000000f4     menu.o (.text._Z2upv)
                  0001b0c4    000000ec     libsysbm.a : add_device.c.obj (.text.add_device)
                  0001b1b0    000000ec     libc.a : memory.c.obj (.text.free)
                  0001b29c    000000e8     TExaS.o (.text._Z9UART_Initv)
                  0001b384    000000dc     libc.a : setvbuf.c.obj (.text.setvbuf)
                  0001b460    000000d8     menu.o (.text._Z9changeSetv)
                  0001b538    000000d4     Lab9HMain.o (.text.main)
                  0001b60c    000000d0     ST7735.o (.text._Z14ST7735_OutCharc)
                  0001b6dc    000000cc     menu.o (.text._Z4downv)
                  0001b7a8    000000c0     UART1_RX.o (.text._Z10UART1_Initv)
                  0001b868    000000b8     GamePlay.o (.text._ZN8Gameplay11updateLivesEv)
                  0001b920    000000b4     GamePlay.o (.text._Z10gameUpdatei)
                  0001b9d4    000000b4     menu.o (.text.__cxx_global_var_init.5)
                  0001ba88    000000b0     ST7735.o (.text._Z20ST7735_DrawFastHLinessst)
                  0001bb38    000000b0     ST7735.o (.text._Z20ST7735_DrawFastVLinessst)
                  0001bbe8    000000b0     menu.o (.text.__cxx_global_var_init)
                  0001bc98    000000a8     Timer.o (.text._Z14TimerG7_IntArmtjj)
                  0001bd40    000000a8     libsysbm.a : open.c.obj (.text.open)
                  0001bde8    000000a2     ST7735.o (.text._ZL11commandListPKh)
                  0001be8a    00000002     libclang_rt.builtins.a : aeabi_div0.c.obj (.text.__aeabi_idiv0)
                  0001be8c    000000a0     ST7735.o (.text._Z17ST7735_InitPrintfv)
                  0001bf2c    000000a0     menu.o (.text._ZN4MenuC2EPA4_NSt3__112basic_stringIcNS0_11char_traitsIcEENS0_9allocatorIcEEEEiPKi)
                  0001bfcc    0000009c     libc.a : aeabi_atexit.c.obj (.text.atexit_register)
                  0001c068    00000098     ST7735.o (.text._Z12ST7735_InitR10initRFlags)
                  0001c100    00000098     GamePlay.o (.text._ZN4Bike12displayCrashEv)
                  0001c198    00000098     Joystick2.o (.text._ZN9Joystick213JoyStick_InitEv)
                  0001c230    00000094     Timer.o (.text._Z15TimerG12_IntArmjj)
                  0001c2c4    00000092     GamePlay.o (.text._ZN4Bike10collisionsES_)
                  0001c356    00000092     GamePlay.o (.text._ZN8GameplayC2Eiib)
                  0001c3e8    00000090     UART1_RX.o (.text.UART1_IRQHandler)
                  0001c478    00000090     GameDoneMenu.o (.text._Z12printWinLosev)
                  0001c508    00000090     menu.o (.text.__cxx_global_var_init.13)
                  0001c598    00000088     ST7735.o (.text._ZL13setAddrWindowhhhh)
                  0001c620    00000084     ST7735.o (.text._Z17ST7735_DrawStringttPKcs)
                  0001c6a4    00000080     UART0_TX.o (.text._Z10UART0_Initv)
                  0001c724    0000007c     UART2.o (.text.UART2_IRQHandler)
                  0001c7a0    0000007c     LaunchPad.o (.text._Z14LaunchPad_Initv)
                  0001c81c    0000007c     GamePlay.o (.text._ZN4Bike8newPointEii)
                  0001c898    0000007c     libc.a : fclose.c.obj (.text.__TI_closefile)
                  0001c914    00000078            : copy_decompress_lzss.c.obj (.text:decompress:lzss)
                  0001c98c    00000070     ST7735.o (.text._Z16ST7735_DrawPixelsst)
                  0001c9fc    0000006c     libsysbm.a : hostlseek.c.obj (.text.HOSTlseek)
                  0001ca68    0000006c                : hostrename.c.obj (.text.HOSTrename)
                  0001cad4    0000006c     Joystick2.o (.text._ZN9Joystick27ConvertEPiS0_)
                  0001cb40    0000006c     libc.a : aeabi_atexit.c.obj (.text.__cxa_finalize)
                  0001cbac    00000068            : getdevice.c.obj (.text.getdevice)
                  0001cc14    00000064     menu.o (.text.__cxx_global_var_init.21)
                  0001cc78    00000064     libc.a : memory.c.obj (.text.split)
                  0001ccdc    00000060     libsysbm.a : hostopen.c.obj (.text.HOSTopen)
                  0001cd3c    00000058                : hostread.c.obj (.text.HOSTread)
                  0001cd94    00000058                : hostwrite.c.obj (.text.HOSTwrite)
                  0001cdec    00000058     TExaS.o (.text._Z10TExaS_InitP10ADC12_RegsjPFhvE)
                  0001ce44    00000058     Switch.o (.text._Z11Switch_Initv)
                  0001ce9c    00000056     GamePlay.o (.text._ZN4Bike5clearEv)
                  0001cef2    00000002     libc.a : _lock.c.obj (.text._nop)
                  0001cef4    00000056     libclang_rt.builtins.a : aeabi_idivmod.S.obj (.text.__aeabi_idivmod)
                  0001cf4a    00000002     --HOLE-- [fill = 0]
                  0001cf4c    00000054     Sound.o (.text._Z10Sound_Initv)
                  0001cfa0    00000054     FIFO2.o (.text._ZN5Queue3GetEPc)
                  0001cff4    00000054     FIFO2.o (.text._ZN5Queue3PutEc)
                  0001d048    00000054     libc++.a : string.cpp.obj (.text._ZNSt3__112basic_stringIcNS_11char_traitsIcEENS_9allocatorIcEEE6__initEPKcj)
                  0001d09c    00000054     libc++abi.a : stdlib_new_delete.cpp.obj (.text._Znwj)
                  0001d0f0    00000054     libc.a : autoinit.c.obj (.text:__TI_auto_init_nobinit)
                  0001d144    00000052            : fflush.c.obj (.text.__TI_doflush)
                  0001d196    00000002     --HOLE-- [fill = 0]
                  0001d198    00000050     libsysbm.a : close.c.obj (.text.close)
                  0001d1e8    00000048                : hostclose.c.obj (.text.HOSTclose)
                  0001d230    00000048                : hostunlink.c.obj (.text.HOSTunlink)
                  0001d278    00000048     SPI.o (.text._Z14SPI_OutCommandc)
                  0001d2c0    00000046     GamePlay.o (.text._ZN4BikeC2Eibb)
                  0001d306    00000002     --HOLE-- [fill = 0]
                  0001d308    00000044     Sound.o (.text.SysTick_Handler)
                  0001d34c    00000044     Sound.o (.text._Z11Sound_StartPKhj)
                  0001d390    00000044     LED.o (.text._Z8LED_Initv)
                  0001d3d4    00000044     GamePlay.o (.text._ZN4Bike5resetEv)
                  0001d418    00000040     TExaS.o (.text.TIMG7_IRQHandler)
                  0001d458    00000040     SPI.o (.text._Z9SPI_Resetv)
                  0001d498    00000040     GamePlay.o (.text._ZN4Bike12firstDisplayEv)
                  0001d4d8    00000040     GamePlay.o (.text._ZN8Gameplay8gameOverEv)
                  0001d518    00000040     libclang_rt.builtins.a : aeabi_uidivmod.S.obj (.text.__aeabi_uidivmod)
                  0001d558    00000040     libc.a : fopen.c.obj (.text._search_fp)
                  0001d598    0000003c     DAC5.o (.text._Z9DAC5_Initv)
                  0001d5d4    0000003c     GamePlay.o (.text._ZN8Gameplay15toggleAbilitiesEbb)
                  0001d610    0000003c     GamePlay.o (.text.__cxx_global_var_init.1)
                  0001d64c    0000003c     GamePlay.o (.text.__cxx_global_var_init)
                  0001d688    00000038     GamePlay.o (.text._Z10getAbilityv)
                  0001d6c0    00000038     SPI.o (.text._Z11SPI_OutDatac)
                  0001d6f8    00000038     GameDoneMenu.o (.text._Z12updateScreeni)
                  0001d730    00000038     LaunchPad.o (.text._Z15ActivatePortA_Bv)
                  0001d768    00000038     GamePlay.o (.text._ZN8Gameplay8newRoundEv)
                  0001d7a0    00000038     libc.a : getdevice.c.obj (.text.finddevice)
                  0001d7d8    00000034     ST7735.o (.text._Z12ST7735_writeiPKcj)
                  0001d80c    00000034     UART1_RX.o (.text._Z12UART1_InCharv)
                  0001d840    00000034     Clock.o (.text._Z14Clock_Delay1msj)
                  0001d874    00000034     ST7735.o (.text._Z16ST7735_SetCursorjj)
                  0001d8a8    00000034     UART1_RX.o (.text._ZL22copyHardwareToSoftwarev)
                  0001d8dc    00000034     libc.a : fopen.c.obj (.text.__TI_cleanup)
                  0001d910    00000034     libsysbm.a : trgmsg.c.obj (.text.__TI_readmsg)
                  0001d944    00000034                : trgmsg.c.obj (.text.__TI_writemsg)
                  0001d978    00000034     libc.a : exit.c.obj (.text.exit)
                  0001d9ac    00000034            : fopen.c.obj (.text.freopen)
                  0001d9e0    00000032     ST7735.o (.text._Z15ST7735_Color565hhh)
                  0001da12    00000032     menu.o (.text._ZNSt3__112basic_stringIcNS_11char_traitsIcEENS_9allocatorIcEEEC2B6v15007IDnEEPKc)
                  0001da44    00000030     LED.o (.text._Z6LED_Onj)
                  0001da74    00000030     LED.o (.text._Z7LED_Offj)
                  0001daa4    00000030     ST7735.o (.text._ZL10commonInitPKh)
                  0001dad4    00000030     menu.o (.text.__cxx_global_array_dtor.22)
                  0001db04    00000030     libc.a : fopen.c.obj (.text.fopen)
                  0001db34    0000002e     menu.o (.text._ZN4MenuD2Ev)
                  0001db62    0000002e     menu.o (.text._ZNKSt3__112basic_stringIcNS_11char_traitsIcEENS_9allocatorIcEEE13__get_pointerB6v15007Ev)
                  0001db90    0000002c     menu.o (.text._Z12tronMenuInitv)
                  0001dbbc    0000002c     ST7735.o (.text._Z17ST7735_FillScreent)
                  0001dbe8    0000002c     GamePlay.o (.text._Z8gameInitv)
                  0001dc14    0000002c     Switch.o (.text._Z9Switch_Inv)
                  0001dc40    0000002c     menu.o (.text.__cxx_global_array_dtor.12)
                  0001dc6c    0000002c     menu.o (.text.__cxx_global_array_dtor.20)
                  0001dc98    0000002c     menu.o (.text.__cxx_global_array_dtor)
                  0001dcc4    0000002c     GamePlay.o (.text.__cxx_global_var_init.2)
                  0001dcf0    0000002c     libsysbm.a : unlink.c.obj (.text.unlink)
                  0001dd1c    00000028     TExaS.o (.text._Z9ADC_StartP10ADC12_Regs)
                  0001dd44    00000028     libc.a : memory.c.obj (.text.free_list_insert)
                  0001dd6c    00000028            : memmov.c.obj (.text.memmove)
                  0001dd94    00000028     libsysbm.a : write.c.obj (.text.write)
                  0001ddbc    00000028     libc.a : boot_cortex_m.c.obj (.text:_c_int00_noargs)
                  0001dde4    00000026     menu.o (.text._ZNSt3__112basic_stringIcNS_11char_traitsIcEENS_9allocatorIcEEE6__zeroB6v15007Ev)
                  0001de0a    00000002     --HOLE-- [fill = 0]
                  0001de0c    00000024     DAC5.o (.text._Z8DAC5_Outh)
                  0001de30    00000024     menu.o (.text._ZNSt3__112basic_stringIcNS_11char_traitsIcEENS_9allocatorIcEEEC2B6v15007Ev)
                  0001de54    00000022     ST7735.o (.text._Z20ST7735_InvertDisplayi)
                  0001de76    00000002     --HOLE-- [fill = 0]
                  0001de78    00000020     Sound.o (.text._Z14SysTick_IntArmjj)
                  0001de98    0000001e     ST7735.o (.text._ZL9pushColort)
                  0001deb6    0000001e     menu.o (.text._ZNSt3__117__compressed_pairINS_12basic_stringIcNS_11char_traitsIcEENS_9allocatorIcEEE5__repES5_EC2B6v15007INS_18__default_init_tagESA_EEOT_OT0_)
                  0001ded4    0000001c     libc.a : memory.c.obj (.text.free_list_remove)
                  0001def0    00000018     UART0_TX.o (.text._Z13UART0_OutCharc)
                  0001df08    00000016     ST7735.o (.text._Z11ST7735_openPKcji)
                  0001df1e    00000016     ST7735.o (.text._Z11ST7735_readiPcj)
                  0001df34    00000016     GamePlay.o (.text._ZN4Bike11turnOffLineEb)
                  0001df4a    00000016     GamePlay.o (.text._ZN4Bike5crashEv)
                  0001df60    00000016     Joystick2.o (.text._ZN9Joystick2C2Ejj)
                  0001df76    00000016     menu.o (.text._ZNKSt3__112basic_stringIcNS_11char_traitsIcEENS_9allocatorIcEEE19__get_short_pointerB6v15007Ev)
                  0001df8c    00000016     menu.o (.text._ZNKSt3__112basic_stringIcNS_11char_traitsIcEENS_9allocatorIcEEE9__is_longB6v15007Ev)
                  0001dfa2    00000014     menu.o (.text._GLOBAL__sub_I_menu.cpp)
                  0001dfb6    00000002     --HOLE-- [fill = 0]
                  0001dfb8    00000014     Sound.o (.text._Z10Sound_Menuv)
                  0001dfcc    00000014     Sound.o (.text._Z12Sound_Selectv)
                  0001dfe0    00000014     GamePlay.o (.text._ZN4BikeC2Ev)
                  0001dff4    00000014     menu.o (.text._ZNKSt3__112basic_stringIcNS_11char_traitsIcEENS_9allocatorIcEEE4dataB6v15007Ev)
                  0001e008    00000014     libc++.a : string.cpp.obj (.text._ZNSt3__112basic_stringIcNS_11char_traitsIcEENS_9allocatorIcEEED2Ev)
                  0001e01c    00000014     menu.o (.text._ZNSt3__122__compressed_pair_elemINS_9allocatorIcEELi1ELb1EEC2B6v15007ENS_18__default_init_tagE)
                  0001e030    00000014     menu.o (.text._ZNSt3__19allocatorIcEC2B6v15007Ev)
                  0001e044    00000014     libc.a : aeabi_atexit.c.obj (.text.__cxa_atexit)
                  0001e058    00000014     Lab9HMain.o (.text.__cxx_global_var_init)
                  0001e06c    00000012     FIFO2.o (.text._ZN5Queue6IsFullEv)
                  0001e07e    00000012     FIFO2.o (.text._ZN5QueueC2Ev)
                  0001e090    00000012     menu.o (.text._ZNKSt3__112basic_stringIcNS_11char_traitsIcEENS_9allocatorIcEEE18__get_long_pointerB6v15007Ev)
                  0001e0a2    00000012     libsysbm.a : hostrename.c.obj (.text.strcpy)
                  0001e0b4    00000012     libc.a : memcpy16.S.obj (.text:TI_memcpy_small)
                  0001e0c6    00000012            : copy_decompress_none.c.obj (.text:decompress:none)
                  0001e0d8    00000010     GamePlay.o (.text._GLOBAL__sub_I_GamePlay.cpp)
                  0001e0e8    00000010     menu.o (.text._Z10menuIsDonev)
                  0001e0f8    00000010     Clock.o (.text._Z11Clock_Delayj)
                  0001e108    00000010     GamePlay.o (.text._Z12gameFinishedv)
                  0001e118    00000010     GameDoneMenu.o (.text._Z12readyForMenuv)
                  0001e128    00000010     Lab9HMain.o (.text._Z28TExaS_LaunchPadLogicPB27PB26v)
                  0001e138    00000010     GamePlay.o (.text._ZN4Bike10getAbilityEv)
                  0001e148    00000010     FIFO2.o (.text._ZN5Queue7IsEmptyEv)
                  0001e158    00000010     GamePlay.o (.text._ZN8Gameplay10isGameOverEv)
                  0001e168    00000010     menu.o (.text._ZNKSt3__112basic_stringIcNS_11char_traitsIcEENS_9allocatorIcEEE5c_strB6v15007Ev)
                  0001e178    00000010     menu.o (.text._ZNKSt3__117__compressed_pairINS_12basic_stringIcNS_11char_traitsIcEENS_9allocatorIcEEE5__repES5_E5firstB6v15007Ev)
                  0001e188    00000010     menu.o (.text._ZNSt3__111char_traitsIcE6lengthEPKc)
                  0001e198    00000010     menu.o (.text._ZNSt3__112basic_stringIcNS_11char_traitsIcEENS_9allocatorIcEEE14__default_initB6v15007Ev)
                  0001e1a8    00000010     menu.o (.text._ZNSt3__117__compressed_pairINS_12basic_stringIcNS_11char_traitsIcEENS_9allocatorIcEEE5__repES5_E5firstB6v15007Ev)
                  0001e1b8    00000010     UART1_RX.o (.text.__cxx_global_var_init)
                  0001e1c8    00000010     UART2.o (.text.__cxx_global_var_init)
                  0001e1d8    00000010     libc.a : copy_zero_init.c.obj (.text:decompress:ZI)
                  0001e1e8    0000000e            : memory.c.obj (.text.OUTLINED_FUNCTION_0)
                  0001e1f6    0000000e     ST7735.o (.text._Z12ST7735_lseekili)
                  0001e204    0000000e     libc.a : strlen.c.obj (.text.strlen)
                  0001e212    0000000e     libsysbm.a : hostrename.c.obj (.text.strlen)
                  0001e220    0000000e     libc.a : memset16.S.obj (.text:TI_memset_small)
                  0001e22e    00000002     --HOLE-- [fill = 0]
                  0001e230    0000000c     Clock.o (.text._Z10Clock_Freqv)
                  0001e23c    0000000c     Sound.o (.text._Z10Sound_Stopv)
                  0001e248    0000000c     GamePlay.o (.text._Z10gameWinnerv)
                  0001e254    0000000c     ST7735.o (.text._Z13ST7735_renamePKcS0_)
                  0001e260    0000000c     GamePlay.o (.text._ZN4Bike6healthEv)
                  0001e26c    0000000c     libc++abi.a : cxa_handlers.cpp.obj (.text._ZSt15get_new_handlerv)
                  0001e278    0000000c     libclang_rt.builtins.a : aeabi_memset.S.obj (.text.__aeabi_memclr)
                  0001e284    0000000c     libc.a : memory.c.obj (.text.malloc)
                  0001e290    0000000a     ST7735.o (.text._Z12ST7735_closei)
                  0001e29a    0000000a     ST7735.o (.text._Z13ST7735_unlinkPKc)
                  0001e2a4    0000000a     Lab9HMain.o (.text._Z8PLL_Initv)
                  0001e2ae    0000000a     menu.o (.text._ZNKSt3__122__compressed_pair_elemINS_12basic_stringIcNS_11char_traitsIcEENS_9allocatorIcEEE5__repELi0ELb0EE5__getB6v15007Ev)
                  0001e2b8    0000000a     menu.o (.text._ZNSt3__112__to_addressB6v15007IKcEEPT_S3_)
                  0001e2c2    0000000a     menu.o (.text._ZNSt3__114pointer_traitsIPKcE10pointer_toB6v15007ERS1_)
                  0001e2cc    0000000a     menu.o (.text._ZNSt3__116__non_trivial_ifILb1ENS_9allocatorIcEEEC2B6v15007Ev)
                  0001e2d6    0000000a     menu.o (.text._ZNSt3__122__compressed_pair_elemINS_12basic_stringIcNS_11char_traitsIcEENS_9allocatorIcEEE5__repELi0ELb0EE5__getB6v15007Ev)
                  0001e2e0    0000000a     menu.o (.text._ZNSt3__122__compressed_pair_elemINS_12basic_stringIcNS_11char_traitsIcEENS_9allocatorIcEEE5__repELi0ELb0EEC2B6v15007ENS_18__default_init_tagE)
                  0001e2ea    00000008     Lab9HMain.o (.text._GLOBAL__sub_I_Lab9HMain.cpp)
                  0001e2f2    00000008     UART1_RX.o (.text._GLOBAL__sub_I_UART1_RX.cpp)
                  0001e2fa    00000008     UART2.o (.text._GLOBAL__sub_I_UART2.cpp)
                  0001e302    00000008     menu.o (.text._ZNSt3__119__debug_db_insert_cB6v15007INS_12basic_stringIcNS_11char_traitsIcEENS_9allocatorIcEEEEEEvPT_)
                  0001e30a    00000008     libc++abi.a : stdlib_new_delete.cpp.obj (.text._ZdlPv)
                  0001e312    00000002     --HOLE-- [fill = 0]
                  0001e314    00000008     libclang_rt.builtins.a : aeabi_memcpy.S.obj (.text.__aeabi_memcpy)
                  0001e31c    00000008                            : aeabi_memmove.S.obj (.text.__aeabi_memmove)
                  0001e324    00000008     libc.a : aeabi_atexit.c.obj (.text.__cxa_ia64_exit)
                  0001e32c    00000008     libsysbm.a : remove.c.obj (.text.remove)
                  0001e334    00000004     startup_mspm0g3507_ticlang.o (.text.Default_Handler)
                  0001e338    00000004     startup_mspm0g3507_ticlang.o (.text.HardFault_Handler)
                  0001e33c    00000004     startup_mspm0g3507_ticlang.o (.text.Reset_Handler)
                  0001e340    00000004     libc.a : pre_init.c.obj (.text._system_pre_init)
                  0001e344    00000004            : exit.c.obj (.text:abort)

.cinit     0    0001e360    00000120     
                  0001e360    000000f5     (.cinit..data.load) [load image, compression = lzss]
                  0001e455    00000003     --HOLE-- [fill = 0]
                  0001e458    0000000c     (__TI_handler_table)
                  0001e464    00000008     (.cinit..bss.load) [load image, compression = zero_init]
                  0001e46c    00000010     (__TI_cinit_table)
                  0001e47c    00000004     --HOLE-- [fill = 0]

.rodata    0    000000c0    00019128     
                  000000c0    0000a000     menu.o (.rodata._ZL13tron_menu_img)
                  0000a0c0    00002d9c     GameDoneMenu.o (.rodata._ZL13YouLoseGerman)
                  0000ce5c    00002d9c     GameDoneMenu.o (.rodata._ZL7YouLose)
                  0000fbf8    00001e78     GameDoneMenu.o (.rodata._ZL12YouWinGerman)
                  00011a70    00001e78     GameDoneMenu.o (.rodata._ZL6YouWin)
                  000138e8    00001800     Sound.o (.rodata._ZL14TronMenuSelect)
                  000150e8    00000f00     Sound.o (.rodata._ZL9MenuSound)
                  00015fe8    00000cd0     GamePlay.o (.rodata._ZL9one_image)
                  00016cb8    00000c80     GamePlay.o (.rodata._ZL11three_image)
                  00017938    00000c80     GamePlay.o (.rodata._ZL9two_image)
                  000185b8    000004fb     ST7735.o (.rodata._ZL4Font)
                  00018ab3    00000001     --HOLE-- [fill = 0]
                  00018ab4    000000a2     GamePlay.o (.rodata._ZL12ExplosionOne)
                  00018b56    000000a2     GamePlay.o (.rodata._ZL12ExplosionTwo)
                  00018bf8    000000a2     GamePlay.o (.rodata._ZL13ExplosionFour)
                  00018c9a    000000a2     GamePlay.o (.rodata._ZL14ExplosionThree)
                  00018d3c    000000a2     GamePlay.o (.rodata._ZL8RedHeart)
                  00018dde    000000a2     GamePlay.o (.rodata._ZL9BlueHeart)
                  00018e80    00000046     GamePlay.o (.rodata._ZL10UpRedCycle)
                  00018ec6    00000046     GamePlay.o (.rodata._ZL11UpBlueCycle)
                  00018f0c    00000046     GamePlay.o (.rodata._ZL12DownRedCycle)
                  00018f52    00000046     GamePlay.o (.rodata._ZL12LeftRedCycle)
                  00018f98    00000046     GamePlay.o (.rodata._ZL13DownBlueCycle)
                  00018fde    00000046     GamePlay.o (.rodata._ZL13LeftBlueCycle)
                  00019024    00000046     GamePlay.o (.rodata._ZL13RightRedCycle)
                  0001906a    00000046     GamePlay.o (.rodata._ZL14RightBlueCycle)
                  000190b0    0000003b     ST7735.o (.rodata._ZL5Rcmd1)
                  000190eb    0000002b     ST7735.o (.rodata._ZL5Rcmd3)
                  00019116    00000016     ST7735.o (.rodata.str1.131696582137495765941)
                  0001912c    0000000d     ST7735.o (.rodata._ZL10Rcmd2green)
                  00019139    0000000d     ST7735.o (.rodata._ZL8Rcmd2red)
                  00019146    00000009     menu.o (.rodata.str1.114793701521291410291)
                  0001914f    00000009     menu.o (.rodata.str1.152844668465687054501)
                  00019158    00000009     menu.o (.rodata.str1.43344253877813655741)
                  00019161    00000009     menu.o (.rodata.str1.59352028943064177451)
                  0001916a    00000009     menu.o (.rodata.str1.81609088239885430801)
                  00019173    00000008     menu.o (.rodata.str1.102567634636123109261)
                  0001917b    00000008     menu.o (.rodata.str1.173213289727903394671)
                  00019183    00000008     menu.o (.rodata.str1.18654542343258509881)
                  0001918b    00000008     ST7735.o (.rodata.str1.86012262618455636901)
                  00019193    00000007     menu.o (.rodata.str1.106080763620002280141)
                  0001919a    00000007     ST7735.o (.rodata.str1.114990493261766323881)
                  000191a1    00000007     menu.o (.rodata.str1.121165265712081410371)
                  000191a8    00000007     menu.o (.rodata.str1.23717824096920018761)
                  000191af    00000007     ST7735.o (.rodata.str1.34205522212527886751)
                  000191b6    00000007     menu.o (.rodata.str1.4515836270289371911)
                  000191bd    00000007     menu.o (.rodata.str1.74997160766714330521)
                  000191c4    00000006     menu.o (.rodata.str1.180546244946655119331)
                  000191ca    00000005     menu.o (.rodata.str1.110986731793232197011)
                  000191cf    00000005     menu.o (.rodata.str1.23545670429919334371)
                  000191d4    00000005     menu.o (.rodata.str1.55696074319151882151)
                  000191d9    00000002     ST7735.o (.rodata.str1.105087110211667939411)
                  000191db    00000002     menu.o (.rodata.str1.123183616927295083011)
                  000191dd    00000002     menu.o (.rodata.str1.142783162394880212271)
                  000191df    00000002     menu.o (.rodata.str1.161462869409870619401)
                  000191e1    00000002     menu.o (.rodata.str1.175215292397905939431)
                  000191e3    00000002     menu.o (.rodata.str1.5226134088729676321)
                  000191e5    00000003     --HOLE-- [fill = 0]

.init_array 
*          0    0001e348    00000018     
                  0001e348    00000004     menu.o (.init_array)
                  0001e34c    00000004     UART2.o (.init_array)
                  0001e350    00000004     UART1_RX.o (.init_array)
                  0001e354    00000004     Lab9HMain.o (.init_array)
                  0001e358    00000004     GamePlay.o (.init_array)
                  0001e35c    00000004     --HOLE-- [fill = 0]

.bss       0    20200000    00004730     UNINITIALIZED
                  20200000    000044c0     GamePlay.o (.bss.visitedMatrix)
                  202044c0    00000120     libsysbm.a : trgmsg.c.obj (.bss:_CIOBUF_)
                  202045e0    000000a0     libc.a : defs.c.obj (.bss.__TI_tmpnams)
                  20204680    00000088            : aeabi_atexit.c.obj (.bss.atexit_register.__atexit0)
                  20204708    00000008     libsysbm.a : hostopen.c.obj (.bss.parmbuf)
                  20204710    00000004     UART2.o (.bss.LostData2)
                  20204714    00000004     UART1_RX.o (.bss.LostData)
                  20204718    00000004     TExaS.o (.bss.TExaSLogic)
                  2020471c    00000004     TExaS.o (.bss.TExaSadc)
                  20204720    00000004     libc.a : aeabi_atexit.c.obj (.bss.__atexit)
                  20204724    00000004     Sound.o (.bss.curSound)
                  20204728    00000004     libc.a : memory.c.obj (.bss.sys_free)
                  2020472c    00000001     ST7735.o (.bss._ZL8ColStart)
                  2020472d    00000001     ST7735.o (.bss._ZL8Rotation)
                  2020472e    00000001     ST7735.o (.bss._ZL8RowStart)
                  2020472f    00000001     ST7735.o (.bss._ZL8TabColor)

.data      0    20204730    00000639     UNINITIALIZED
                  20204730    00000168     menu.o (.data.menuFSM)
                  20204898    000000f0     libc.a : defs.c.obj (.data._ftable)
                  20204988    00000080     GamePlay.o (.data.gameRunner)
                  20204a08    00000078     libsysbm.a : host_device.c.obj (.data._device)
                  20204a80    00000060     menu.o (.data.langText)
                  20204ae0    00000060     menu.o (.data.mainText)
                  20204b40    00000060     menu.o (.data.settText)
                  20204ba0    00000050     libsysbm.a : host_device.c.obj (.data._stream)
                  20204bf0    0000003c     Lab9HMain.o (.data.MainFSM)
                  20204c2c    0000002c     UART2.o (.data.FIFO2)
                  20204c58    0000002c     UART1_RX.o (.data.FIFO)
                  20204c84    00000020     GamePlay.o (.data.cycleSprites)
                  20204ca4    00000010     menu.o (.data.settChange)
                  20204cb4    0000000c     menu.o (.data.langChange)
                  20204cc0    0000000c     menu.o (.data.mainChange)
                  20204ccc    0000000c     menu.o (.data.speeds)
                  20204cd8    00000008     libc.a : exit.c.obj (.data..L_MergedGlobals)
                  20204ce0    00000008     Lab9HMain.o (.data.axes)
                  20204ce8    00000006     GamePlay.o (.data._ZL8redTrail)
                  20204cee    00000006     GamePlay.o (.data._ZL9blueTrail)
                  20204cf4    00000004     Clock.o (.data.BusFreq)
                  20204cf8    00000004     ST7735.o (.data.StX)
                  20204cfc    00000004     ST7735.o (.data.StY)
                  20204d00    00000004     libc.a : defs.c.obj (.data.__TI_ft_end)
                  20204d04    00000004     libc++abi.a : cxa_default_handlers.cpp.obj (.data.__cxa_new_handler)
                  20204d08    00000004     libc.a : exit.c.obj (.data.__dso_handle)
                  20204d0c    00000004            : _lock.c.obj (.data._lock)
                  20204d10    00000004            : _lock.c.obj (.data._unlock)
                  20204d14    00000004     menu.o (.data.bikeSpeed)
                  20204d18    00000004     Lab9HMain.o (.data.buttonInput)
                  20204d1c    00000004     menu.o (.data.col)
                  20204d20    00000004     menu.o (.data.currInd)
                  20204d24    00000004     menu.o (.data.currLang)
                  20204d28    00000004     Lab9HMain.o (.data.currState)
                  20204d2c    00000004     Sound.o (.data.ind)
                  20204d30    00000004     menu.o (.data.lasInd)
                  20204d34    00000004     menu.o (.data.lastInput)
                  20204d38    00000004     menu.o (.data.off)
                  20204d3c    00000004     Sound.o (.data.period)
                  20204d40    00000004     Sound.o (.data.priority)
                  20204d44    00000004     menu.o (.data.row)
                  20204d48    00000004     Sound.o (.data.size)
                  20204d4c    00000004     Lab9HMain.o (.data.xInput)
                  20204d50    00000004     Lab9HMain.o (.data.yInput)
                  20204d54    00000002     ST7735.o (.data.StTextColor)
                  20204d56    00000002     ST7735.o (.data._ZL6_width)
                  20204d58    00000002     ST7735.o (.data._ZL7_height)
                  20204d5a    00000001     menu.o (.data.abilityEnabled)
                  20204d5b    00000001     Lab9HMain.o (.data.abilityPacket)
                  20204d5c    00000001     libsysbm.a : add_device.c.obj (.data.add_device.device_init)
                  20204d5d    00000001     menu.o (.data.done)
                  20204d5e    00000001     menu.o (.data.host)
                  20204d5f    00000001     Lab9HMain.o (.data.joystickPacket)
                  20204d60    00000001     GameDoneMenu.o (.data.lastIn)
                  20204d61    00000001     menu.o (.data.lastSync)
                  20204d62    00000001     GameDoneMenu.o (.data.ready)
                  20204d63    00000001     Lab9HMain.o (.data.semaphore)
                  20204d64    00000001     libc.a : memory.c.obj (.data.memory_is_initialized)
                  20204d65    00000001     menu.o (.data.synced)
                  20204d66    00000001     Lab9HMain.o (.data.userInput)
                  20204d67    00000001     --HOLE--
                  20204d68    00000001     libsysbm.a : open.c.obj (.data.open.stream_init)

.sysmem    0    20204d70    00000200     UNINITIALIZED
                  20204d70    00000010     libc.a : memory.c.obj (.sysmem)
                  20204d80    000001f0     --HOLE--

.stack     0    20207e00    00000200     UNINITIALIZED
                  20207e00    00000004     libc.a : boot_cortex_m.c.obj (.stack)
                  20207e04    000001fc     --HOLE--

__llvm_prf_cnts 
*          0    20200000    00000000     UNINITIALIZED

__llvm_prf_bits 
*          0    20200000    00000000     UNINITIALIZED

MODULE SUMMARY

       Module                         code    ro data   rw data
       ------                         ----    -------   -------
    .\
       menu.o                         2892    41099     737    
       GameDoneMenu.o                 216     38952     2      
       GamePlay.o                     5068    11216     17772  
       Sound.o                        304     9984      20     
       ST7735.o                       3282    1449      18     
       TExaS.o                        720     0         8      
       Lab9HMain.o                    582     4         88     
       Clock.o                        516     0         4      
       UART1_RX.o                     464     4         48     
       SPI.o                          440     0         0      
       Timer.o                        316     0         0      
       Joystick2.o                    282     0         0      
       FIFO2.o                        220     0         0      
       UART2.o                        148     4         48     
       LaunchPad.o                    180     0         0      
       LED.o                          164     0         0      
       UART0_TX.o                     152     0         0      
       Switch.o                       132     0         0      
       DAC5.o                         96      0         0      
    +--+------------------------------+-------+---------+---------+
       Total:                         16174   102712    18745  
                                                               
    .\ticlang\
       startup_mspm0g3507_ticlang.o   12      192       0      
    +--+------------------------------+-------+---------+---------+
       Total:                         12      192       0      
                                                               
    C:\ti\ccs1260\ccs\tools\compiler\ti-cgt-armllvm_3.2.1.LTS\lib\armv6m-ti-none-eabi/c/libc.a
       memory.c.obj                   730     0         5      
       fopen.c.obj                    568     0         0      
       aeabi_atexit.c.obj             292     0         140    
       defs.c.obj                     0       0         404    
       setvbuf.c.obj                  220     0         0      
       getdevice.c.obj                160     0         0      
       fclose.c.obj                   124     0         0      
       copy_decompress_lzss.c.obj     120     0         0      
       autoinit.c.obj                 84      0         0      
       fflush.c.obj                   82      0         0      
       exit.c.obj                     56      0         12     
       boot_cortex_m.c.obj            40      0         0      
       memmov.c.obj                   40      0         0      
       copy_decompress_none.c.obj     18      0         0      
       memcpy16.S.obj                 18      0         0      
       copy_zero_init.c.obj           16      0         0      
       memset16.S.obj                 14      0         0      
       strlen.c.obj                   14      0         0      
       _lock.c.obj                    2       0         8      
       pre_init.c.obj                 4       0         0      
    +--+------------------------------+-------+---------+---------+
       Total:                         2602    0         569    
                                                               
    C:\ti\ccs1260\ccs\tools\compiler\ti-cgt-armllvm_3.2.1.LTS\lib\armv6m-ti-none-eabi/c/libsysbm.a
       trgmsg.c.obj                   104     0         288    
       add_device.c.obj               236     0         1      
       host_device.c.obj              0       0         200    
       open.c.obj                     168     0         1      
       hostrename.c.obj               140     0         0      
       hostlseek.c.obj                108     0         0      
       hostopen.c.obj                 96      0         8      
       hostread.c.obj                 88      0         0      
       hostwrite.c.obj                88      0         0      
       close.c.obj                    80      0         0      
       hostclose.c.obj                72      0         0      
       hostunlink.c.obj               72      0         0      
       unlink.c.obj                   44      0         0      
       write.c.obj                    40      0         0      
       remove.c.obj                   8       0         0      
    +--+------------------------------+-------+---------+---------+
       Total:                         1344    0         498    
                                                               
    C:\ti\ccs1260\ccs\tools\compiler\ti-cgt-armllvm_3.2.1.LTS\lib\armv6m-ti-none-eabi/libc++.a
       string.cpp.obj                 400     0         0      
    +--+------------------------------+-------+---------+---------+
       Total:                         400     0         0      
                                                               
    C:\ti\ccs1260\ccs\tools\compiler\ti-cgt-armllvm_3.2.1.LTS\lib\armv6m-ti-none-eabi/libc++abi.a
       stdlib_new_delete.cpp.obj      92      0         0      
       cxa_handlers.cpp.obj           12      0         0      
       cxa_default_handlers.cpp.obj   0       0         4      
    +--+------------------------------+-------+---------+---------+
       Total:                         104     0         4      
                                                               
    C:\ti\ccs1260\ccs\tools\compiler\ti-cgt-armllvm_3.2.1.LTS\lib\clang/15.0.7/lib/armv6m-ti-none-eabi/libclang_rt.builtins.a
       aeabi_idivmod.S.obj            86      0         0      
       aeabi_uidivmod.S.obj           64      0         0      
       aeabi_memset.S.obj             12      0         0      
       aeabi_memcpy.S.obj             8       0         0      
       aeabi_memmove.S.obj            8       0         0      
       aeabi_div0.c.obj               2       0         0      
    +--+------------------------------+-------+---------+---------+
       Total:                         180     0         0      
                                                               
       Heap:                          0       0         512    
       Stack:                         0       0         512    
       Linker Generated:              0       281       0      
    +--+------------------------------+-------+---------+---------+
       Grand Total:                   20816   103185    20840  


LINKER GENERATED COPY TABLES

__TI_cinit_table @ 0001e46c records: 2, size/record: 8, table size: 16
	.data: load addr=0001e360, load size=000000f5 bytes, run addr=20204730, run size=00000639 bytes, compression=lzss
	.bss: load addr=0001e464, load size=00000008 bytes, run addr=20200000, run size=00004730 bytes, compression=zero_init


LINKER GENERATED HANDLER TABLE

__TI_handler_table @ 0001e458 records: 3, size/record: 4, table size: 12
	index: 0, handler: __TI_decompress_lzss
	index: 1, handler: __TI_decompress_none
	index: 2, handler: __TI_zero_init


GLOBAL SYMBOLS: SORTED ALPHABETICALLY BY Name 

address   name                                                                                                                                            
-------   ----                                                                                                                                            
0001e335  ADC0_IRQHandler                                                                                                                                 
0001e335  ADC1_IRQHandler                                                                                                                                 
0001e335  AES_IRQHandler                                                                                                                                  
20204cf4  BusFreq                                                                                                                                         
0001e344  C$$EXIT                                                                                                                                         
0001d971  C$$IO$$                                                                                                                                         
0001e335  CANFD0_IRQHandler                                                                                                                               
0001e335  DAC0_IRQHandler                                                                                                                                 
0001e335  DMA_IRQHandler                                                                                                                                  
0001e335  Default_Handler                                                                                                                                 
20204c58  FIFO                                                                                                                                            
20204c2c  FIFO2                                                                                                                                           
0001e335  GROUP0_IRQHandler                                                                                                                               
0001e335  GROUP1_IRQHandler                                                                                                                               
0001d1e9  HOSTclose                                                                                                                                       
0001c9fd  HOSTlseek                                                                                                                                       
0001ccdd  HOSTopen                                                                                                                                        
0001cd3d  HOSTread                                                                                                                                        
0001ca69  HOSTrename                                                                                                                                      
0001d231  HOSTunlink                                                                                                                                      
0001cd95  HOSTwrite                                                                                                                                       
0001e339  HardFault_Handler                                                                                                                               
0001e335  I2C0_IRQHandler                                                                                                                                 
0001e335  I2C1_IRQHandler                                                                                                                                 
20204714  LostData                                                                                                                                        
20204710  LostData2                                                                                                                                       
20204bf0  MainFSM                                                                                                                                         
0001e335  NMI_Handler                                                                                                                                     
0001e335  PendSV_Handler                                                                                                                                  
0001e335  RTC_IRQHandler                                                                                                                                  
0001e33d  Reset_Handler                                                                                                                                   
0001e348  SHT$$INIT_ARRAY$$Base                                                                                                                           
0001e35c  SHT$$INIT_ARRAY$$Limit                                                                                                                          
0001e335  SPI0_IRQHandler                                                                                                                                 
0001e335  SPI1_IRQHandler                                                                                                                                 
0001e335  SVC_Handler                                                                                                                                     
20204d54  StTextColor                                                                                                                                     
20204cf8  StX                                                                                                                                             
20204cfc  StY                                                                                                                                             
0001d309  SysTick_Handler                                                                                                                                 
20204718  TExaSLogic                                                                                                                                      
2020471c  TExaSadc                                                                                                                                        
0001e335  TIMA0_IRQHandler                                                                                                                                
0001e335  TIMA1_IRQHandler                                                                                                                                
0001e335  TIMG0_IRQHandler                                                                                                                                
0001a5d9  TIMG12_IRQHandler                                                                                                                               
0001e335  TIMG6_IRQHandler                                                                                                                                
0001d419  TIMG7_IRQHandler                                                                                                                                
0001e335  TIMG8_IRQHandler                                                                                                                                
0001e0b5  TI_memcpy_small                                                                                                                                 
0001e221  TI_memset_small                                                                                                                                 
0001e335  UART0_IRQHandler                                                                                                                                
0001c3e9  UART1_IRQHandler                                                                                                                                
0001c725  UART2_IRQHandler                                                                                                                                
0001e335  UART3_IRQHandler                                                                                                                                
202044c0  _CIOBUF_                                                                                                                                        
0001e231  _Z10Clock_Freqv                                                                                                                                 
0001cf4d  _Z10Sound_Initv                                                                                                                                 
0001dfb9  _Z10Sound_Menuv                                                                                                                                 
0001e23d  _Z10Sound_Stopv                                                                                                                                 
0001cded  _Z10TExaS_InitP10ADC12_RegsjPFhvE                                                                                                               
0001c6a5  _Z10UART0_Initv                                                                                                                                 
0001b7a9  _Z10UART1_Initv                                                                                                                                 
0001b921  _Z10gameUpdatei                                                                                                                                 
0001e249  _Z10gameWinnerv                                                                                                                                 
0001d689  _Z10getAbilityv                                                                                                                                 
0001e0e9  _Z10menuIsDonev                                                                                                                                 
0001e0f9  _Z11Clock_Delayj                                                                                                                                
0001d6c1  _Z11SPI_OutDatac                                                                                                                                
0001df09  _Z11ST7735_openPKcji                                                                                                                            
0001df1f  _Z11ST7735_readiPcj                                                                                                                             
0001d34d  _Z11Sound_StartPKhj                                                                                                                             
0001ce45  _Z11Switch_Initv                                                                                                                                
00019de5  _Z11menu_updatev                                                                                                                                
0001c069  _Z12ST7735_InitR10initRFlags                                                                                                                    
0001e291  _Z12ST7735_closei                                                                                                                               
0001e1f7  _Z12ST7735_lseekili                                                                                                                             
0001d7d9  _Z12ST7735_writeiPKcj                                                                                                                           
0001dfcd  _Z12Sound_Selectv                                                                                                                               
0001d80d  _Z12UART1_InCharv                                                                                                                               
0001e109  _Z12gameFinishedv                                                                                                                               
0001c479  _Z12printWinLosev                                                                                                                               
0001e119  _Z12readyForMenuv                                                                                                                               
0001db91  _Z12tronMenuInitv                                                                                                                               
0001d6f9  _Z12updateScreeni                                                                                                                               
0001e255  _Z13ST7735_renamePKcS0_                                                                                                                         
0001e29b  _Z13ST7735_unlinkPKc                                                                                                                            
0001def1  _Z13UART0_OutCharc                                                                                                                              
0001d841  _Z14Clock_Delay1msj                                                                                                                             
0001c7a1  _Z14LaunchPad_Initv                                                                                                                             
0001d279  _Z14SPI_OutCommandc                                                                                                                             
0001b60d  _Z14ST7735_OutCharc                                                                                                                             
0001de79  _Z14SysTick_IntArmjj                                                                                                                            
0001bc99  _Z14TimerG7_IntArmtjj                                                                                                                           
0001d731  _Z15ActivatePortA_Bv                                                                                                                            
00019c31  _Z15Clock_Init80MHzi                                                                                                                            
0001d9e1  _Z15ST7735_Color565hhh                                                                                                                          
0001abc9  _Z15ST7735_FillRectsssst                                                                                                                        
0001c231  _Z15TimerG12_IntArmjj                                                                                                                           
0001a141  _Z16ST7735_DrawCharSsscssh                                                                                                                      
0001c98d  _Z16ST7735_DrawPixelsst                                                                                                                         
0001d875  _Z16ST7735_SetCursorjj                                                                                                                          
00019a21  _Z17ST7735_DrawBitmapssPKtss                                                                                                                    
0001c621  _Z17ST7735_DrawStringttPKcs                                                                                                                     
0001dbbd  _Z17ST7735_FillScreent                                                                                                                          
0001be8d  _Z17ST7735_InitPrintfv                                                                                                                          
0001aedd  _Z18ST7735_SetRotationh                                                                                                                         
0001ba89  _Z20ST7735_DrawFastHLinessst                                                                                                                    
0001bb39  _Z20ST7735_DrawFastVLinessst                                                                                                                    
0001de55  _Z20ST7735_InvertDisplayi                                                                                                                       
0001ace1  _Z20periodic_menu_updatei                                                                                                                       
0001e129  _Z28TExaS_LaunchPadLogicPB27PB26v                                                                                                               
0001afd1  _Z2upv                                                                                                                                          
0001b6dd  _Z4downv                                                                                                                                        
0001da45  _Z6LED_Onj                                                                                                                                      
0001da75  _Z7LED_Offj                                                                                                                                     
0001a979  _Z8ADC_InitP10ADC12_Regsjj                                                                                                                      
0001de0d  _Z8DAC5_Outh                                                                                                                                    
0001d391  _Z8LED_Initv                                                                                                                                    
0001e2a5  _Z8PLL_Initv                                                                                                                                    
0001ade5  _Z8SPI_Initv                                                                                                                                    
0001dbe9  _Z8gameInitv                                                                                                                                    
0001dd1d  _Z9ADC_StartP10ADC12_Regs                                                                                                                       
0001d599  _Z9DAC5_Initv                                                                                                                                   
0001d459  _Z9SPI_Resetv                                                                                                                                   
0001dc15  _Z9Switch_Inv                                                                                                                                   
0001b29d  _Z9UART_Initv                                                                                                                                   
0001b461  _Z9changeSetv                                                                                                                                   
0001c2c5  _ZN4Bike10collisionsES_                                                                                                                         
0001e139  _ZN4Bike10getAbilityEv                                                                                                                          
0001df35  _ZN4Bike11turnOffLineEb                                                                                                                         
0001c101  _ZN4Bike12displayCrashEv                                                                                                                        
0001d499  _ZN4Bike12firstDisplayEv                                                                                                                        
000191e9  _ZN4Bike12updateCornerEPKt                                                                                                                      
00019f95  _ZN4Bike14updateLocationEi                                                                                                                      
0001ce9d  _ZN4Bike5clearEv                                                                                                                                
0001df4b  _ZN4Bike5crashEv                                                                                                                                
0001d3d5  _ZN4Bike5resetEv                                                                                                                                
0001e261  _ZN4Bike6healthEv                                                                                                                               
0001968d  _ZN4Bike7displayEv                                                                                                                              
0001c81d  _ZN4Bike8newPointEii                                                                                                                            
0001d2c1  _ZN4BikeC2Eibb                                                                                                                                  
0001dfe1  _ZN4BikeC2Ev                                                                                                                                    
0001bf2d  _ZN4MenuC2EPA4_NSt3__112basic_stringIcNS0_11char_traitsIcEENS0_9allocatorIcEEEEiPKi                                                             
0001db35  _ZN4MenuD2Ev                                                                                                                                    
0001cfa1  _ZN5Queue3GetEPc                                                                                                                                
0001cff5  _ZN5Queue3PutEc                                                                                                                                 
0001e06d  _ZN5Queue6IsFullEv                                                                                                                              
0001e149  _ZN5Queue7IsEmptyEv                                                                                                                             
0001e07f  _ZN5QueueC1Ev                                                                                                                                   
0001e07f  _ZN5QueueC2Ev                                                                                                                                   
0001e159  _ZN8Gameplay10isGameOverEv                                                                                                                      
0001b869  _ZN8Gameplay11updateLivesEv                                                                                                                     
0001d5d5  _ZN8Gameplay15toggleAbilitiesEbb                                                                                                                
0001a2e1  _ZN8Gameplay6updateEii                                                                                                                          
0001d4d9  _ZN8Gameplay8gameOverEv                                                                                                                         
0001d769  _ZN8Gameplay8newRoundEv                                                                                                                         
0001a715  _ZN8Gameplay9countDownEv                                                                                                                        
0001c357  _ZN8GameplayC2Eiib                                                                                                                              
0001c199  _ZN9Joystick213JoyStick_InitEv                                                                                                                  
0001cad5  _ZN9Joystick27ConvertEPiS0_                                                                                                                     
0001df61  _ZN9Joystick2C1Ejj                                                                                                                              
0001df61  _ZN9Joystick2C2Ejj                                                                                                                              
0001db63  _ZNKSt3__112basic_stringIcNS_11char_traitsIcEENS_9allocatorIcEEE13__get_pointerB6v15007Ev                                                       
0001e091  _ZNKSt3__112basic_stringIcNS_11char_traitsIcEENS_9allocatorIcEEE18__get_long_pointerB6v15007Ev                                                  
0001df77  _ZNKSt3__112basic_stringIcNS_11char_traitsIcEENS_9allocatorIcEEE19__get_short_pointerB6v15007Ev                                                 
0001dff5  _ZNKSt3__112basic_stringIcNS_11char_traitsIcEENS_9allocatorIcEEE4dataB6v15007Ev                                                                 
0001e169  _ZNKSt3__112basic_stringIcNS_11char_traitsIcEENS_9allocatorIcEEE5c_strB6v15007Ev                                                                
0001df8d  _ZNKSt3__112basic_stringIcNS_11char_traitsIcEENS_9allocatorIcEEE9__is_longB6v15007Ev                                                            
0001e179  _ZNKSt3__117__compressed_pairINS_12basic_stringIcNS_11char_traitsIcEENS_9allocatorIcEEE5__repES5_E5firstB6v15007Ev                              
0001e2af  _ZNKSt3__122__compressed_pair_elemINS_12basic_stringIcNS_11char_traitsIcEENS_9allocatorIcEEE5__repELi0ELb0EE5__getB6v15007Ev                    
0001e189  _ZNSt3__111char_traitsIcE6lengthEPKc                                                                                                            
0001e2b9  _ZNSt3__112__to_addressB6v15007IKcEEPT_S3_                                                                                                      
0001e199  _ZNSt3__112basic_stringIcNS_11char_traitsIcEENS_9allocatorIcEEE14__default_initB6v15007Ev                                                       
0001d049  _ZNSt3__112basic_stringIcNS_11char_traitsIcEENS_9allocatorIcEEE6__initEPKcj                                                                     
0001dde5  _ZNSt3__112basic_stringIcNS_11char_traitsIcEENS_9allocatorIcEEE6__zeroB6v15007Ev                                                                
0001de31  _ZNSt3__112basic_stringIcNS_11char_traitsIcEENS_9allocatorIcEEEC2B6v15007Ev                                                                     
0001da13  _ZNSt3__112basic_stringIcNS_11char_traitsIcEENS_9allocatorIcEEEC2B6v15007IDnEEPKc                                                               
0001e009  _ZNSt3__112basic_stringIcNS_11char_traitsIcEENS_9allocatorIcEEED1Ev                                                                             
0001e009  _ZNSt3__112basic_stringIcNS_11char_traitsIcEENS_9allocatorIcEEED2Ev                                                                             
0001aaa1  _ZNSt3__112basic_stringIcNS_11char_traitsIcEENS_9allocatorIcEEEaSERKS5_                                                                         
0001e2c3  _ZNSt3__114pointer_traitsIPKcE10pointer_toB6v15007ERS1_                                                                                         
0001e2cd  _ZNSt3__116__non_trivial_ifILb1ENS_9allocatorIcEEEC2B6v15007Ev                                                                                  
0001e1a9  _ZNSt3__117__compressed_pairINS_12basic_stringIcNS_11char_traitsIcEENS_9allocatorIcEEE5__repES5_E5firstB6v15007Ev                               
0001deb7  _ZNSt3__117__compressed_pairINS_12basic_stringIcNS_11char_traitsIcEENS_9allocatorIcEEE5__repES5_EC2B6v15007INS_18__default_init_tagESA_EEOT_OT0_
0001e303  _ZNSt3__119__debug_db_insert_cB6v15007INS_12basic_stringIcNS_11char_traitsIcEENS_9allocatorIcEEEEEEvPT_                                         
0001e2d7  _ZNSt3__122__compressed_pair_elemINS_12basic_stringIcNS_11char_traitsIcEENS_9allocatorIcEEE5__repELi0ELb0EE5__getB6v15007Ev                     
0001e2e1  _ZNSt3__122__compressed_pair_elemINS_12basic_stringIcNS_11char_traitsIcEENS_9allocatorIcEEE5__repELi0ELb0EEC2B6v15007ENS_18__default_init_tagE  
0001e01d  _ZNSt3__122__compressed_pair_elemINS_9allocatorIcEELi1ELb1EEC2B6v15007ENS_18__default_init_tagE                                                 
0001e031  _ZNSt3__19allocatorIcEC2B6v15007Ev                                                                                                              
0001e26d  _ZSt15get_new_handlerv                                                                                                                          
0001e30b  _ZdlPv                                                                                                                                          
0001d09d  _Znwj                                                                                                                                           
202044c0  __CIOBUF_                                                                                                                                       
20208000  __STACK_END                                                                                                                                     
00000200  __STACK_SIZE                                                                                                                                    
00000200  __SYSMEM_SIZE                                                                                                                                   
00000000  __TI_ATRegion0_region_sz                                                                                                                        
00000000  __TI_ATRegion0_src_addr                                                                                                                         
00000000  __TI_ATRegion0_trg_addr                                                                                                                         
00000000  __TI_ATRegion1_region_sz                                                                                                                        
00000000  __TI_ATRegion1_src_addr                                                                                                                         
00000000  __TI_ATRegion1_trg_addr                                                                                                                         
00000000  __TI_ATRegion2_region_sz                                                                                                                        
00000000  __TI_ATRegion2_src_addr                                                                                                                         
00000000  __TI_ATRegion2_trg_addr                                                                                                                         
0001e46c  __TI_CINIT_Base                                                                                                                                 
0001e47c  __TI_CINIT_Limit                                                                                                                                
0001e47c  __TI_CINIT_Warm                                                                                                                                 
0001e458  __TI_Handler_Table_Base                                                                                                                         
0001e464  __TI_Handler_Table_Limit                                                                                                                        
0001d0f1  __TI_auto_init_nobinit                                                                                                                          
0001d8dd  __TI_cleanup                                                                                                                                    
20204cd8  __TI_cleanup_ptr                                                                                                                                
0001c899  __TI_closefile                                                                                                                                  
0001c915  __TI_decompress_lzss                                                                                                                            
0001e0c7  __TI_decompress_none                                                                                                                            
0001d145  __TI_doflush                                                                                                                                    
20204cdc  __TI_dtors_ptr                                                                                                                                  
20204d00  __TI_ft_end                                                                                                                                     
ffffffff  __TI_pprof_out_hndl                                                                                                                             
ffffffff  __TI_prof_data_size                                                                                                                             
ffffffff  __TI_prof_data_start                                                                                                                            
0001d911  __TI_readmsg                                                                                                                                    
00000000  __TI_static_base__                                                                                                                              
202045e0  __TI_tmpnams                                                                                                                                    
0001d945  __TI_writemsg                                                                                                                                   
0001e1d9  __TI_zero_init                                                                                                                                  
0001cef5  __aeabi_idiv                                                                                                                                    
0001be8b  __aeabi_idiv0                                                                                                                                   
0001cef5  __aeabi_idivmod                                                                                                                                 
0001e279  __aeabi_memclr                                                                                                                                  
0001e279  __aeabi_memclr4                                                                                                                                 
0001e279  __aeabi_memclr8                                                                                                                                 
0001e315  __aeabi_memcpy                                                                                                                                  
0001e315  __aeabi_memcpy4                                                                                                                                 
0001e315  __aeabi_memcpy8                                                                                                                                 
0001e31d  __aeabi_memmove                                                                                                                                 
0001e31d  __aeabi_memmove4                                                                                                                                
0001e31d  __aeabi_memmove8                                                                                                                                
[...]
0001e2cd  _ZNSt3__116__non_trivial_ifILb1ENS_9allocatorIcEEEC2B6v15007Ev                                                                                  
0001e2d7  _ZNSt3__122__compressed_pair_elemINS_12basic_stringIcNS_11char_traitsIcEENS_9allocatorIcEEE5__repELi0ELb0EE5__getB6v15007Ev                     
0001e2e1  _ZNSt3__122__compressed_pair_elemINS_12basic_stringIcNS_11char_traitsIcEENS_9allocatorIcEEE5__repELi0ELb0EEC2B6v15007ENS_18__default_init_tagE  
0001e303  _ZNSt3__119__debug_db_insert_cB6v15007INS_12basic_stringIcNS_11char_traitsIcEENS_9allocatorIcEEEEEEvPT_                                         
0001e30b  _ZdlPv                                                                                                                                          
0001e315  __aeabi_memcpy                                                                                                                                  
0001e315  __aeabi_memcpy4                                                                                                                                 
0001e315  __aeabi_memcpy8                                                                                                                                 
0001e31d  __aeabi_memmove                                                                                                                                 
0001e31d  __aeabi_memmove4                                                                                                                                
0001e31d  __aeabi_memmove8                                                                                                                                
0001e325  __cxa_ia64_exit                                                                                                                                 
0001e32d  remove                                                                                                                                          
0001e335  ADC0_IRQHandler                                                                                                                                 
0001e335  ADC1_IRQHandler                                                                                                                                 
0001e335  AES_IRQHandler                                                                                                                                  
0001e335  CANFD0_IRQHandler                                                                                                                               
0001e335  DAC0_IRQHandler                                                                                                                                 
0001e335  DMA_IRQHandler                                                                                                                                  
0001e335  Default_Handler                                                                                                                                 
0001e335  GROUP0_IRQHandler                                                                                                                               
0001e335  GROUP1_IRQHandler                                                                                                                               
0001e335  I2C0_IRQHandler                                                                                                                                 
0001e335  I2C1_IRQHandler                                                                                                                                 
0001e335  NMI_Handler                                                                                                                                     
0001e335  PendSV_Handler                                                                                                                                  
0001e335  RTC_IRQHandler                                                                                                                                  
0001e335  SPI0_IRQHandler                                                                                                                                 
0001e335  SPI1_IRQHandler                                                                                                                                 
0001e335  SVC_Handler                                                                                                                                     
0001e335  TIMA0_IRQHandler                                                                                                                                
0001e335  TIMA1_IRQHandler                                                                                                                                
0001e335  TIMG0_IRQHandler                                                                                                                                
0001e335  TIMG6_IRQHandler                                                                                                                                
0001e335  TIMG8_IRQHandler                                                                                                                                
0001e335  UART0_IRQHandler                                                                                                                                
0001e335  UART3_IRQHandler                                                                                                                                
0001e339  HardFault_Handler                                                                                                                               
0001e33d  Reset_Handler                                                                                                                                   
0001e341  _system_pre_init                                                                                                                                
0001e344  C$$EXIT                                                                                                                                         
0001e345  abort                                                                                                                                           
0001e348  SHT$$INIT_ARRAY$$Base                                                                                                                           
0001e35c  SHT$$INIT_ARRAY$$Limit                                                                                                                          
0001e458  __TI_Handler_Table_Base                                                                                                                         
0001e464  __TI_Handler_Table_Limit                                                                                                                        
0001e46c  __TI_CINIT_Base                                                                                                                                 
0001e47c  __TI_CINIT_Limit                                                                                                                                
0001e47c  __TI_CINIT_Warm                                                                                                                                 
20200000  __start___llvm_prf_bits                                                                                                                         
20200000  __start___llvm_prf_cnts                                                                                                                         
20200000  __stop___llvm_prf_bits                                                                                                                          
20200000  __stop___llvm_prf_cnts                                                                                                                          
20200000  visitedMatrix                                                                                                                                   
202044c0  _CIOBUF_                                                                                                                                        
202044c0  __CIOBUF_                                                                                                                                       
202045e0  __TI_tmpnams                                                                                                                                    
20204708  parmbuf                                                                                                                                         
20204710  LostData2                                                                                                                                       
20204714  LostData                                                                                                                                        
20204718  TExaSLogic                                                                                                                                      
2020471c  TExaSadc                                                                                                                                        
20204724  curSound                                                                                                                                        
20204730  menuFSM                                                                                                                                         
20204898  _ftable                                                                                                                                         
20204988  gameRunner                                                                                                                                      
20204a08  _device                                                                                                                                         
20204a80  langText                                                                                                                                        
20204ae0  mainText                                                                                                                                        
20204b40  settText                                                                                                                                        
20204ba0  _stream                                                                                                                                         
20204bf0  MainFSM                                                                                                                                         
20204c2c  FIFO2                                                                                                                                           
20204c58  FIFO                                                                                                                                            
20204c84  cycleSprites                                                                                                                                    
20204ca4  settChange                                                                                                                                      
20204cb4  langChange                                                                                                                                      
20204cc0  mainChange                                                                                                                                      
20204ccc  speeds                                                                                                                                          
20204cd8  __TI_cleanup_ptr                                                                                                                                
20204cdc  __TI_dtors_ptr                                                                                                                                  
20204ce0  axes                                                                                                                                            
20204cf4  BusFreq                                                                                                                                         
20204cf8  StX                                                                                                                                             
20204cfc  StY                                                                                                                                             
20204d00  __TI_ft_end                                                                                                                                     
20204d04  __cxa_new_handler                                                                                                                               
20204d08  __dso_handle                                                                                                                                    
20204d0c  _lock                                                                                                                                           
20204d10  _unlock                                                                                                                                         
20204d14  bikeSpeed                                                                                                                                       
20204d18  buttonInput                                                                                                                                     
20204d1c  col                                                                                                                                             
20204d20  currInd                                                                                                                                         
20204d24  currLang                                                                                                                                        
20204d28  currState                                                                                                                                       
20204d2c  ind                                                                                                                                             
20204d30  lasInd                                                                                                                                          
20204d34  lastInput                                                                                                                                       
20204d38  off                                                                                                                                             
20204d3c  period                                                                                                                                          
20204d40  priority                                                                                                                                        
20204d44  row                                                                                                                                             
20204d48  size                                                                                                                                            
20204d4c  xInput                                                                                                                                          
20204d50  yInput                                                                                                                                          
20204d54  StTextColor                                                                                                                                     
20204d5a  abilityEnabled                                                                                                                                  
20204d5b  abilityPacket                                                                                                                                   
20204d5d  done                                                                                                                                            
20204d5e  host                                                                                                                                            
20204d5f  joystickPacket                                                                                                                                  
20204d60  lastIn                                                                                                                                          
20204d61  lastSync                                                                                                                                        
20204d62  ready                                                                                                                                           
20204d63  semaphore                                                                                                                                       
20204d65  synced                                                                                                                                          
20204d66  userInput                                                                                                                                       
20204d70  _sys_memory                                                                                                                                     
20207e00  __stack                                                                                                                                         
20208000  __STACK_END                                                                                                                                     
ffffffff  __TI_pprof_out_hndl                                                                                                                             
ffffffff  __TI_prof_data_size                                                                                                                             
ffffffff  __TI_prof_data_start                                                                                                                            
ffffffff  __binit__                                                                                                                                       
ffffffff  binit                                                                                                                                           
UNDEFED   __mpu_init                                                                                                                                      
UNDEFED   _system_post_cinit                                                                                                                              

[327 symbols]
