******************************************************************************
            TI ARM Clang Linker PC v3.2.1                      
******************************************************************************
>> Linked Mon Apr 22 06:43:44 2024

OUTPUT FILE NAME:   <ECE319K_Lab9H.out>
ENTRY POINT SYMBOL: "_c_int00_noargs"  address: 00014081


MEMORY CONFIGURATION

         name            origin    length      used     unused   attr    fill
----------------------  --------  ---------  --------  --------  ----  --------
  FLASH                 00000000   00020000  00014678  0000b988  R  X
  SRAM                  20200000   00008000  000050f1  00002f0f  RW X
  BCR_CONFIG            41c00000   00000080  00000000  00000080  R   
  BSL_CONFIG            41c00100   00000080  00000000  00000080  R   


SEGMENT ALLOCATION MAP

run origin  load origin   length   init length attrs members
----------  ----------- ---------- ----------- ----- -------
00000000    00000000    00014678   00014678    r-x
  00000000    00000000    000000c0   000000c0    r-- .intvecs
  000000c0    000000c0    0000f8f8   0000f8f8    r-- .rodata
  0000f9b8    0000f9b8    00004bb0   00004bb0    r-x .text
  00014568    00014568    00000010   00000010    r-- .init_array
  00014578    00014578    00000100   00000100    r-- .cinit
20200000    20200000    00004ef8   00000000    rw-
  20200000    20200000    00004728   00000000    rw- .bss
  20204728    20204728    000005c9   00000000    rw- .data
  20204cf8    20204cf8    00000200   00000000    rw- .sysmem
20207e00    20207e00    00000200   00000000    rw-
  20207e00    20207e00    00000200   00000000    rw- .stack


SECTION ALLOCATION MAP

 output                                  attributes/
section   page    origin      length       input sections
--------  ----  ----------  ----------   ----------------
.intvecs   0    00000000    000000c0     
                  00000000    000000c0     startup_mspm0g3507_ticlang.o (.intvecs)

.binit     0    00000000    00000000     

.text      0    0000f9b8    00004bb0     
                  0000f9b8    000004a4     GamePlay.o (.text._ZN4Bike12updateCornerEPKt)
                  0000fe5c    00000394     GamePlay.o (.text._ZN4Bike7displayEv)
                  000101f0    00000210     ST7735.o (.text._Z17ST7735_DrawBitmapssPKtss)
                  00010400    000001b4     Clock.o (.text._Z15Clock_Init80MHzi)
                  000105b4    000001a0     ST7735.o (.text._Z16ST7735_DrawCharSsscssh)
                  00010754    000001a0     GamePlay.o (.text._ZN4Bike14updateLocationEi)
                  000108f4    00000186     GamePlay.o (.text._ZN8Gameplay6updateEii)
                  00010a7a    00000002     libclang_rt.builtins.a : aeabi_div0.c.obj (.text.__aeabi_idiv0)
                  00010a7c    0000016c     menu.o (.text._Z11menu_updatev)
                  00010be8    00000160     libc.a : fopen.c.obj (.text._openfile)
                  00010d48    00000138     GamePlay.o (.text._ZN8Gameplay9countDownEv)
                  00010e80    0000012c     libc.a : memory.c.obj (.text.aligned_alloc)
                  00010fac    00000128     TExaS.o (.text._Z8ADC_InitP10ADC12_Regsjj)
                  000110d4    00000128     libc++.a : string.cpp.obj (.text._ZNSt3__112basic_stringIcNS_11char_traitsIcEENS_9allocatorIcEEEaSERKS5_)
                  000111fc    00000118     ST7735.o (.text._Z15ST7735_FillRectsssst)
                  00011314    00000100     menu.o (.text._Z20periodic_menu_updatei)
                  00011414    000000f8     SPI.o (.text._Z8SPI_Initv)
                  0001150c    000000f4     ST7735.o (.text._Z18ST7735_SetRotationh)
                  00011600    000000f4     menu.o (.text._Z2upv)
                  000116f4    000000ec     libsysbm.a : add_device.c.obj (.text.add_device)
                  000117e0    000000ec     libc.a : memory.c.obj (.text.free)
                  000118cc    000000e8     TExaS.o (.text._Z9UART_Initv)
                  000119b4    000000dc     libc.a : setvbuf.c.obj (.text.setvbuf)
                  00011a90    000000d8     Lab9HMain.o (.text.TIMG12_IRQHandler)
                  00011b68    000000d0     ST7735.o (.text._Z14ST7735_OutCharc)
                  00011c38    000000cc     menu.o (.text._Z4downv)
                  00011d04    000000c0     menu.o (.text._Z9changeSetv)
                  00011dc4    000000bc     Lab9HMain.o (.text.main)
                  00011e80    000000b8     GamePlay.o (.text._ZN8Gameplay11updateLivesEv)
                  00011f38    000000b4     menu.o (.text.__cxx_global_var_init.13)
                  00011fec    000000b4     menu.o (.text.__cxx_global_var_init.5)
                  000120a0    000000b0     ST7735.o (.text._Z20ST7735_DrawFastHLinessst)
                  00012150    000000b0     ST7735.o (.text._Z20ST7735_DrawFastVLinessst)
                  00012200    000000b0     menu.o (.text.__cxx_global_var_init)
                  000122b0    000000a8     Timer.o (.text._Z14TimerG7_IntArmtjj)
                  00012358    000000a8     libsysbm.a : open.c.obj (.text.open)
                  00012400    000000a2     ST7735.o (.text._ZL11commandListPKh)
                  000124a2    00000002     libc.a : _lock.c.obj (.text._nop)
                  000124a4    000000a0     ST7735.o (.text._Z17ST7735_InitPrintfv)
                  00012544    000000a0     menu.o (.text._ZN4MenuC2EPA4_NSt3__112basic_stringIcNS0_11char_traitsIcEENS0_9allocatorIcEEEEiPKi)
                  000125e4    0000009c     libc.a : aeabi_atexit.c.obj (.text.atexit_register)
                  00012680    00000098     ST7735.o (.text._Z12ST7735_InitR10initRFlags)
                  00012718    00000098     GamePlay.o (.text._ZN4Bike12displayCrashEv)
                  000127b0    00000098     Joystick2.o (.text._ZN9Joystick213JoyStick_InitEv)
                  00012848    00000094     Timer.o (.text._Z15TimerG12_IntArmjj)
                  000128dc    00000094     GamePlay.o (.text._ZN8Gameplay5resetEv)
                  00012970    00000092     GamePlay.o (.text._ZN4Bike10collisionsES_)
                  00012a02    00000092     GamePlay.o (.text._ZN8GameplayC2Eiib)
                  00012a94    00000088     ST7735.o (.text._ZL13setAddrWindowhhhh)
                  00012b1c    00000084     ST7735.o (.text._Z17ST7735_DrawStringttPKcs)
                  00012ba0    0000007c     LaunchPad.o (.text._Z14LaunchPad_Initv)
                  00012c1c    0000007c     GamePlay.o (.text._ZN4Bike8newPointEii)
                  00012c98    0000007c     libc.a : fclose.c.obj (.text.__TI_closefile)
                  00012d14    00000078            : copy_decompress_lzss.c.obj (.text:decompress:lzss)
                  00012d8c    00000070     ST7735.o (.text._Z16ST7735_DrawPixelsst)
                  00012dfc    0000006c     libsysbm.a : hostlseek.c.obj (.text.HOSTlseek)
                  00012e68    0000006c                : hostrename.c.obj (.text.HOSTrename)
                  00012ed4    0000006c     Joystick2.o (.text._ZN9Joystick27ConvertEPiS0_)
                  00012f40    0000006c     libc.a : aeabi_atexit.c.obj (.text.__cxa_finalize)
                  00012fac    00000068            : getdevice.c.obj (.text.getdevice)
                  00013014    00000064     menu.o (.text.__cxx_global_var_init.19)
                  00013078    00000064     libc.a : memory.c.obj (.text.split)
                  000130dc    00000060     libsysbm.a : hostopen.c.obj (.text.HOSTopen)
                  0001313c    00000058                : hostread.c.obj (.text.HOSTread)
                  00013194    00000058                : hostwrite.c.obj (.text.HOSTwrite)
                  000131ec    00000058     TExaS.o (.text._Z10TExaS_InitP10ADC12_RegsjPFhvE)
                  00013244    00000058     Switch.o (.text._Z11Switch_Initv)
                  0001329c    00000056     GamePlay.o (.text._ZN4Bike5clearEv)
                  000132f2    00000002     --HOLE-- [fill = 0]
                  000132f4    00000056     libclang_rt.builtins.a : aeabi_idivmod.S.obj (.text.__aeabi_idivmod)
                  0001334a    00000002     --HOLE-- [fill = 0]
                  0001334c    00000054     Sound.o (.text._Z10Sound_Initv)
                  000133a0    00000054     libc++.a : string.cpp.obj (.text._ZNSt3__112basic_stringIcNS_11char_traitsIcEENS_9allocatorIcEEE6__initEPKcj)
                  000133f4    00000054     libc++abi.a : stdlib_new_delete.cpp.obj (.text._Znwj)
                  00013448    00000054     libc.a : autoinit.c.obj (.text:__TI_auto_init_nobinit)
                  0001349c    00000052            : fflush.c.obj (.text.__TI_doflush)
                  000134ee    00000002     --HOLE-- [fill = 0]
                  000134f0    00000050     libsysbm.a : close.c.obj (.text.close)
                  00013540    00000048                : hostclose.c.obj (.text.HOSTclose)
                  00013588    00000048                : hostunlink.c.obj (.text.HOSTunlink)
                  000135d0    00000048     SPI.o (.text._Z14SPI_OutCommandc)
                  00013618    00000046     GamePlay.o (.text._ZN4BikeC2Eibb)
                  0001365e    00000002     --HOLE-- [fill = 0]
                  00013660    00000044     Sound.o (.text.SysTick_Handler)
                  000136a4    00000044     Sound.o (.text._Z11Sound_StartPKhj)
                  000136e8    00000044     LED.o (.text._Z8LED_Initv)
                  0001372c    00000044     GamePlay.o (.text._ZN4Bike5resetEv)
                  00013770    00000040     TExaS.o (.text.TIMG7_IRQHandler)
                  000137b0    00000040     SPI.o (.text._Z9SPI_Resetv)
                  000137f0    00000040     GamePlay.o (.text._ZN4Bike12firstDisplayEv)
                  00013830    00000040     GamePlay.o (.text._ZN8Gameplay8gameOverEv)
                  00013870    00000040     libclang_rt.builtins.a : aeabi_uidivmod.S.obj (.text.__aeabi_uidivmod)
                  000138b0    00000040     libc.a : fopen.c.obj (.text._search_fp)
                  000138f0    0000003c     DAC5.o (.text._Z9DAC5_Initv)
                  0001392c    0000003c     GamePlay.o (.text._ZN8Gameplay15toggleAbilitiesEbb)
                  00013968    0000003c     GamePlay.o (.text.__cxx_global_var_init.1)
                  000139a4    0000003c     GamePlay.o (.text.__cxx_global_var_init)
                  000139e0    00000038     GamePlay.o (.text._Z10gameUpdatei)
                  00013a18    00000038     SPI.o (.text._Z11SPI_OutDatac)
                  00013a50    00000038     LaunchPad.o (.text._Z15ActivatePortA_Bv)
                  00013a88    00000038     GamePlay.o (.text._Z8gameInitv)
                  00013ac0    00000038     GamePlay.o (.text._ZN8Gameplay8newRoundEv)
                  00013af8    00000038     libc.a : getdevice.c.obj (.text.finddevice)
                  00013b30    00000034     ST7735.o (.text._Z12ST7735_writeiPKcj)
                  00013b64    00000034     Clock.o (.text._Z14Clock_Delay1msj)
                  00013b98    00000034     ST7735.o (.text._Z16ST7735_SetCursorjj)
                  00013bcc    00000034     libc.a : fopen.c.obj (.text.__TI_cleanup)
                  00013c00    00000034     libsysbm.a : trgmsg.c.obj (.text.__TI_readmsg)
                  00013c34    00000034                : trgmsg.c.obj (.text.__TI_writemsg)
                  00013c68    00000034     libc.a : exit.c.obj (.text.exit)
                  00013c9c    00000034            : fopen.c.obj (.text.freopen)
                  00013cd0    00000032     ST7735.o (.text._Z15ST7735_Color565hhh)
                  00013d02    00000032     menu.o (.text._ZNSt3__112basic_stringIcNS_11char_traitsIcEENS_9allocatorIcEEEC2B6v15007IDnEEPKc)
                  00013d34    00000030     LED.o (.text._Z6LED_Onj)
                  00013d64    00000030     LED.o (.text._Z7LED_Offj)
                  00013d94    00000030     ST7735.o (.text._ZL10commonInitPKh)
                  00013dc4    00000030     menu.o (.text.__cxx_global_array_dtor.20)
                  00013df4    00000030     libc.a : fopen.c.obj (.text.fopen)
                  00013e24    0000002e     menu.o (.text._ZN4MenuD2Ev)
                  00013e52    0000002e     menu.o (.text._ZNKSt3__112basic_stringIcNS_11char_traitsIcEENS_9allocatorIcEEE13__get_pointerB6v15007Ev)
                  00013e80    0000002c     menu.o (.text._Z12tronMenuInitv)
                  00013eac    0000002c     ST7735.o (.text._Z17ST7735_FillScreent)
                  00013ed8    0000002c     Switch.o (.text._Z9Switch_Inv)
                  00013f04    0000002c     menu.o (.text.__cxx_global_array_dtor.12)
                  00013f30    0000002c     menu.o (.text.__cxx_global_array_dtor.18)
                  00013f5c    0000002c     menu.o (.text.__cxx_global_array_dtor)
                  00013f88    0000002c     GamePlay.o (.text.__cxx_global_var_init.2)
                  00013fb4    0000002c     libsysbm.a : unlink.c.obj (.text.unlink)
                  00013fe0    00000028     TExaS.o (.text._Z9ADC_StartP10ADC12_Regs)
                  00014008    00000028     libc.a : memory.c.obj (.text.free_list_insert)
                  00014030    00000028            : memmov.c.obj (.text.memmove)
                  00014058    00000028     libsysbm.a : write.c.obj (.text.write)
                  00014080    00000028     libc.a : boot_cortex_m.c.obj (.text:_c_int00_noargs)
                  000140a8    00000026     menu.o (.text._ZNSt3__112basic_stringIcNS_11char_traitsIcEENS_9allocatorIcEEE6__zeroB6v15007Ev)
                  000140ce    00000002     --HOLE-- [fill = 0]
                  000140d0    00000024     DAC5.o (.text._Z8DAC5_Outh)
                  000140f4    00000024     menu.o (.text._ZNSt3__112basic_stringIcNS_11char_traitsIcEENS_9allocatorIcEEEC2B6v15007Ev)
                  00014118    00000022     ST7735.o (.text._Z20ST7735_InvertDisplayi)
                  0001413a    00000002     --HOLE-- [fill = 0]
                  0001413c    00000020     Sound.o (.text._Z14SysTick_IntArmjj)
                  0001415c    0000001e     ST7735.o (.text._ZL9pushColort)
                  0001417a    0000001e     menu.o (.text._ZNSt3__117__compressed_pairINS_12basic_stringIcNS_11char_traitsIcEENS_9allocatorIcEEE5__repES5_EC2B6v15007INS_18__default_init_tagESA_EEOT_OT0_)
                  00014198    0000001c     libc.a : memory.c.obj (.text.free_list_remove)
                  000141b4    00000016     ST7735.o (.text._Z11ST7735_openPKcji)
                  000141ca    00000016     ST7735.o (.text._Z11ST7735_readiPcj)
                  000141e0    00000016     GamePlay.o (.text._ZN4Bike11turnOffLineEb)
                  000141f6    00000016     GamePlay.o (.text._ZN4Bike5crashEv)
                  0001420c    00000016     Joystick2.o (.text._ZN9Joystick2C2Ejj)
                  00014222    00000016     menu.o (.text._ZNKSt3__112basic_stringIcNS_11char_traitsIcEENS_9allocatorIcEEE19__get_short_pointerB6v15007Ev)
                  00014238    00000016     menu.o (.text._ZNKSt3__112basic_stringIcNS_11char_traitsIcEENS_9allocatorIcEEE9__is_longB6v15007Ev)
                  0001424e    00000014     menu.o (.text._GLOBAL__sub_I_menu.cpp)
                  00014262    00000002     --HOLE-- [fill = 0]
                  00014264    00000014     Sound.o (.text._Z10Sound_Menuv)
                  00014278    00000014     Sound.o (.text._Z12Sound_Selectv)
                  0001428c    00000014     GamePlay.o (.text._ZN4BikeC2Ev)
                  000142a0    00000014     menu.o (.text._ZNKSt3__112basic_stringIcNS_11char_traitsIcEENS_9allocatorIcEEE4dataB6v15007Ev)
                  000142b4    00000014     libc++.a : string.cpp.obj (.text._ZNSt3__112basic_stringIcNS_11char_traitsIcEENS_9allocatorIcEEED2Ev)
                  000142c8    00000014     menu.o (.text._ZNSt3__122__compressed_pair_elemINS_9allocatorIcEELi1ELb1EEC2B6v15007ENS_18__default_init_tagE)
                  000142dc    00000014     menu.o (.text._ZNSt3__19allocatorIcEC2B6v15007Ev)
                  000142f0    00000014     libc.a : aeabi_atexit.c.obj (.text.__cxa_atexit)
                  00014304    00000014     Lab9HMain.o (.text.__cxx_global_var_init)
                  00014318    00000012     menu.o (.text._ZNKSt3__112basic_stringIcNS_11char_traitsIcEENS_9allocatorIcEEE18__get_long_pointerB6v15007Ev)
                  0001432a    00000012     libsysbm.a : hostrename.c.obj (.text.strcpy)
                  0001433c    00000012     libc.a : memcpy16.S.obj (.text:TI_memcpy_small)
                  0001434e    00000012            : copy_decompress_none.c.obj (.text:decompress:none)
                  00014360    00000010     GamePlay.o (.text._GLOBAL__sub_I_GamePlay.cpp)
                  00014370    00000010     menu.o (.text._Z10menuIsDonev)
                  00014380    00000010     Clock.o (.text._Z11Clock_Delayj)
                  00014390    00000010     GamePlay.o (.text._Z12gameFinishedv)
                  000143a0    00000010     Lab9HMain.o (.text._Z28TExaS_LaunchPadLogicPB27PB26v)
                  000143b0    00000010     GamePlay.o (.text._ZN8Gameplay10isGameOverEv)
                  000143c0    00000010     menu.o (.text._ZNKSt3__112basic_stringIcNS_11char_traitsIcEENS_9allocatorIcEEE5c_strB6v15007Ev)
                  000143d0    00000010     menu.o (.text._ZNKSt3__117__compressed_pairINS_12basic_stringIcNS_11char_traitsIcEENS_9allocatorIcEEE5__repES5_E5firstB6v15007Ev)
                  000143e0    00000010     menu.o (.text._ZNSt3__111char_traitsIcE6lengthEPKc)
                  000143f0    00000010     menu.o (.text._ZNSt3__112basic_stringIcNS_11char_traitsIcEENS_9allocatorIcEEE14__default_initB6v15007Ev)
                  00014400    00000010     menu.o (.text._ZNSt3__117__compressed_pairINS_12basic_stringIcNS_11char_traitsIcEENS_9allocatorIcEEE5__repES5_E5firstB6v15007Ev)
                  00014410    00000010     libc.a : copy_zero_init.c.obj (.text:decompress:ZI)
                  00014420    0000000e            : memory.c.obj (.text.OUTLINED_FUNCTION_0)
                  0001442e    0000000e     ST7735.o (.text._Z12ST7735_lseekili)
                  0001443c    0000000e     libc.a : strlen.c.obj (.text.strlen)
                  0001444a    0000000e     libsysbm.a : hostrename.c.obj (.text.strlen)
                  00014458    0000000e     libc.a : memset16.S.obj (.text:TI_memset_small)
                  00014466    00000002     --HOLE-- [fill = 0]
                  00014468    0000000c     Clock.o (.text._Z10Clock_Freqv)
                  00014474    0000000c     Sound.o (.text._Z10Sound_Stopv)
                  00014480    0000000c     ST7735.o (.text._Z13ST7735_renamePKcS0_)
                  0001448c    0000000c     GamePlay.o (.text._ZN4Bike6healthEv)
                  00014498    0000000c     libc++abi.a : cxa_handlers.cpp.obj (.text._ZSt15get_new_handlerv)
                  000144a4    0000000c     libclang_rt.builtins.a : aeabi_memset.S.obj (.text.__aeabi_memclr)
                  000144b0    0000000c     libc.a : memory.c.obj (.text.malloc)
                  000144bc    0000000a     ST7735.o (.text._Z12ST7735_closei)
                  000144c6    0000000a     ST7735.o (.text._Z13ST7735_unlinkPKc)
                  000144d0    0000000a     Lab9HMain.o (.text._Z8PLL_Initv)
                  000144da    0000000a     menu.o (.text._ZNKSt3__122__compressed_pair_elemINS_12basic_stringIcNS_11char_traitsIcEENS_9allocatorIcEEE5__repELi0ELb0EE5__getB6v15007Ev)
                  000144e4    0000000a     menu.o (.text._ZNSt3__112__to_addressB6v15007IKcEEPT_S3_)
                  000144ee    0000000a     menu.o (.text._ZNSt3__114pointer_traitsIPKcE10pointer_toB6v15007ERS1_)
                  000144f8    0000000a     menu.o (.text._ZNSt3__116__non_trivial_ifILb1ENS_9allocatorIcEEEC2B6v15007Ev)
                  00014502    0000000a     menu.o (.text._ZNSt3__122__compressed_pair_elemINS_12basic_stringIcNS_11char_traitsIcEENS_9allocatorIcEEE5__repELi0ELb0EE5__getB6v15007Ev)
                  0001450c    0000000a     menu.o (.text._ZNSt3__122__compressed_pair_elemINS_12basic_stringIcNS_11char_traitsIcEENS_9allocatorIcEEE5__repELi0ELb0EEC2B6v15007ENS_18__default_init_tagE)
                  00014516    00000008     Lab9HMain.o (.text._GLOBAL__sub_I_Lab9HMain.cpp)
                  0001451e    00000008     menu.o (.text._ZNSt3__119__debug_db_insert_cB6v15007INS_12basic_stringIcNS_11char_traitsIcEENS_9allocatorIcEEEEEEvPT_)
                  00014526    00000008     libc++abi.a : stdlib_new_delete.cpp.obj (.text._ZdlPv)
                  0001452e    00000002     --HOLE-- [fill = 0]
                  00014530    00000008     libclang_rt.builtins.a : aeabi_memcpy.S.obj (.text.__aeabi_memcpy)
                  00014538    00000008                            : aeabi_memmove.S.obj (.text.__aeabi_memmove)
                  00014540    00000008     libc.a : aeabi_atexit.c.obj (.text.__cxa_ia64_exit)
                  00014548    00000008     libsysbm.a : remove.c.obj (.text.remove)
                  00014550    00000004     startup_mspm0g3507_ticlang.o (.text.Default_Handler)
                  00014554    00000004     startup_mspm0g3507_ticlang.o (.text.HardFault_Handler)
                  00014558    00000004     startup_mspm0g3507_ticlang.o (.text.Reset_Handler)
                  0001455c    00000004     libc.a : pre_init.c.obj (.text._system_pre_init)
                  00014560    00000004            : exit.c.obj (.text:abort)
                  00014564    00000004     --HOLE-- [fill = 0]

.cinit     0    00014578    00000100     
                  00014578    000000dc     (.cinit..data.load) [load image, compression = lzss]
                  00014654    0000000c     (__TI_handler_table)
                  00014660    00000008     (.cinit..bss.load) [load image, compression = zero_init]
                  00014668    00000010     (__TI_cinit_table)

.rodata    0    000000c0    0000f8f8     
                  000000c0    0000a000     menu.o (.rodata._ZL13tron_menu_img)
                  0000a0c0    00001800     Sound.o (.rodata._ZL14TronMenuSelect)
                  0000b8c0    00000f00     Sound.o (.rodata._ZL9MenuSound)
                  0000c7c0    00000cd0     GamePlay.o (.rodata._ZL9one_image)
                  0000d490    00000c80     GamePlay.o (.rodata._ZL11three_image)
                  0000e110    00000c80     GamePlay.o (.rodata._ZL9two_image)
                  0000ed90    000004fb     ST7735.o (.rodata._ZL4Font)
                  0000f28b    00000001     --HOLE-- [fill = 0]
                  0000f28c    000000a2     GamePlay.o (.rodata._ZL12ExplosionOne)
                  0000f32e    000000a2     GamePlay.o (.rodata._ZL12ExplosionTwo)
                  0000f3d0    000000a2     GamePlay.o (.rodata._ZL13ExplosionFour)
                  0000f472    000000a2     GamePlay.o (.rodata._ZL14ExplosionThree)
                  0000f514    000000a2     GamePlay.o (.rodata._ZL8RedHeart)
                  0000f5b6    000000a2     GamePlay.o (.rodata._ZL9BlueHeart)
                  0000f658    00000046     GamePlay.o (.rodata._ZL10UpRedCycle)
                  0000f69e    00000046     GamePlay.o (.rodata._ZL11UpBlueCycle)
                  0000f6e4    00000046     GamePlay.o (.rodata._ZL12DownRedCycle)
                  0000f72a    00000046     GamePlay.o (.rodata._ZL12LeftRedCycle)
                  0000f770    00000046     GamePlay.o (.rodata._ZL13DownBlueCycle)
                  0000f7b6    00000046     GamePlay.o (.rodata._ZL13LeftBlueCycle)
                  0000f7fc    00000046     GamePlay.o (.rodata._ZL13RightRedCycle)
                  0000f842    00000046     GamePlay.o (.rodata._ZL14RightBlueCycle)
                  0000f888    0000003b     ST7735.o (.rodata._ZL5Rcmd1)
                  0000f8c3    0000002b     ST7735.o (.rodata._ZL5Rcmd3)
                  0000f8ee    00000016     ST7735.o (.rodata.str1.131696582137495765941)
                  0000f904    0000000d     ST7735.o (.rodata._ZL10Rcmd2green)
                  0000f911    0000000d     ST7735.o (.rodata._ZL8Rcmd2red)
                  0000f91e    00000009     menu.o (.rodata.str1.114793701521291410291)
                  0000f927    00000009     menu.o (.rodata.str1.121165265712081410371)
                  0000f930    00000009     menu.o (.rodata.str1.152844668465687054501)
                  0000f939    00000009     menu.o (.rodata.str1.43344253877813655741)
                  0000f942    00000009     menu.o (.rodata.str1.81609088239885430801)
                  0000f94b    00000008     menu.o (.rodata.str1.102567634636123109261)
                  0000f953    00000008     menu.o (.rodata.str1.173213289727903394671)
                  0000f95b    00000008     menu.o (.rodata.str1.18654542343258509881)
                  0000f963    00000008     ST7735.o (.rodata.str1.86012262618455636901)
                  0000f96b    00000007     menu.o (.rodata.str1.106080763620002280141)
                  0000f972    00000007     menu.o (.rodata.str1.110986731793232197011)
                  0000f979    00000007     ST7735.o (.rodata.str1.114990493261766323881)
                  0000f980    00000007     menu.o (.rodata.str1.23717824096920018761)
                  0000f987    00000007     ST7735.o (.rodata.str1.34205522212527886751)
                  0000f98e    00000007     menu.o (.rodata.str1.4515836270289371911)
                  0000f995    00000007     menu.o (.rodata.str1.74997160766714330521)
                  0000f99c    00000006     menu.o (.rodata.str1.180546244946655119331)
                  0000f9a2    00000005     menu.o (.rodata.str1.23545670429919334371)
                  0000f9a7    00000002     menu.o (.rodata.str1.101390044553252465571)
                  0000f9a9    00000002     ST7735.o (.rodata.str1.105087110211667939411)
                  0000f9ab    00000002     menu.o (.rodata.str1.142783162394880212271)
                  0000f9ad    00000002     menu.o (.rodata.str1.175215292397905939431)
                  0000f9af    00000002     menu.o (.rodata.str1.5226134088729676321)
                  0000f9b1    00000002     menu.o (.rodata.str1.6940282995112414011)
                  0000f9b3    00000005     --HOLE-- [fill = 0]

.init_array 
*          0    00014568    00000010     
                  00014568    00000004     menu.o (.init_array)
                  0001456c    00000004     Lab9HMain.o (.init_array)
                  00014570    00000004     GamePlay.o (.init_array)
                  00014574    00000004     --HOLE-- [fill = 0]

.bss       0    20200000    00004728     UNINITIALIZED
                  20200000    000044c0     GamePlay.o (.bss.visitedMatrix)
                  202044c0    00000120     libsysbm.a : trgmsg.c.obj (.bss:_CIOBUF_)
                  202045e0    000000a0     libc.a : defs.c.obj (.bss.__TI_tmpnams)
                  20204680    00000088            : aeabi_atexit.c.obj (.bss.atexit_register.__atexit0)
                  20204708    00000008     libsysbm.a : hostopen.c.obj (.bss.parmbuf)
                  20204710    00000004     TExaS.o (.bss.TExaSLogic)
                  20204714    00000004     TExaS.o (.bss.TExaSadc)
                  20204718    00000004     libc.a : aeabi_atexit.c.obj (.bss.__atexit)
                  2020471c    00000004     Sound.o (.bss.curSound)
                  20204720    00000004     libc.a : memory.c.obj (.bss.sys_free)
                  20204724    00000001     ST7735.o (.bss._ZL8ColStart)
                  20204725    00000001     ST7735.o (.bss._ZL8Rotation)
                  20204726    00000001     ST7735.o (.bss._ZL8RowStart)
                  20204727    00000001     ST7735.o (.bss._ZL8TabColor)

.data      0    20204728    000005c9     UNINITIALIZED
                  20204728    00000168     menu.o (.data.menuFSM)
                  20204890    000000f0     libc.a : defs.c.obj (.data._ftable)
                  20204980    00000080     GamePlay.o (.data.gameRunner)
                  20204a00    00000078     libsysbm.a : host_device.c.obj (.data._device)
                  20204a78    00000060     menu.o (.data.langText)
                  20204ad8    00000060     menu.o (.data.mainText)
                  20204b38    00000060     menu.o (.data.settText)
                  20204b98    00000050     libsysbm.a : host_device.c.obj (.data._stream)
                  20204be8    00000028     Lab9HMain.o (.data.MainFSM)
                  20204c10    00000020     GamePlay.o (.data.cycleSprites)
                  20204c30    0000000c     menu.o (.data.langChange)
                  20204c3c    0000000c     menu.o (.data.mainChange)
                  20204c48    0000000c     menu.o (.data.settChange)
                  20204c54    0000000c     menu.o (.data.speeds)
                  20204c60    00000008     libc.a : exit.c.obj (.data..L_MergedGlobals)
                  20204c68    00000008     Lab9HMain.o (.data.axes)
                  20204c70    00000006     GamePlay.o (.data._ZL8redTrail)
                  20204c76    00000006     GamePlay.o (.data._ZL9blueTrail)
                  20204c7c    00000004     Clock.o (.data.BusFreq)
                  20204c80    00000004     ST7735.o (.data.StX)
                  20204c84    00000004     ST7735.o (.data.StY)
                  20204c88    00000004     libc.a : defs.c.obj (.data.__TI_ft_end)
                  20204c8c    00000004     libc++abi.a : cxa_default_handlers.cpp.obj (.data.__cxa_new_handler)
                  20204c90    00000004     libc.a : exit.c.obj (.data.__dso_handle)
                  20204c94    00000004            : _lock.c.obj (.data._lock)
                  20204c98    00000004            : _lock.c.obj (.data._unlock)
                  20204c9c    00000004     menu.o (.data.bikeSpeed)
                  20204ca0    00000004     Lab9HMain.o (.data.buttonInput)
                  20204ca4    00000004     menu.o (.data.col)
                  20204ca8    00000004     menu.o (.data.currInd)
                  20204cac    00000004     menu.o (.data.currLang)
                  20204cb0    00000004     Lab9HMain.o (.data.currState)
                  20204cb4    00000004     Sound.o (.data.ind)
                  20204cb8    00000004     Lab9HMain.o (.data.joystickPacket)
                  20204cbc    00000004     menu.o (.data.lasInd)
                  20204cc0    00000004     menu.o (.data.lastInput)
                  20204cc4    00000004     menu.o (.data.off)
                  20204cc8    00000004     Sound.o (.data.period)
                  20204ccc    00000004     Sound.o (.data.priority)
                  20204cd0    00000004     menu.o (.data.row)
                  20204cd4    00000004     Sound.o (.data.size)
                  20204cd8    00000004     Lab9HMain.o (.data.xInput)
                  20204cdc    00000004     Lab9HMain.o (.data.yInput)
                  20204ce0    00000002     ST7735.o (.data.StTextColor)
                  20204ce2    00000002     ST7735.o (.data._ZL6_width)
                  20204ce4    00000002     ST7735.o (.data._ZL7_height)
                  20204ce6    00000001     menu.o (.data.abilityEnabled)
                  20204ce7    00000001     menu.o (.data.done)
                  20204ce8    00000001     libsysbm.a : add_device.c.obj (.data.add_device.device_init)
                  20204ce9    00000001     Lab9HMain.o (.data.semaphore)
                  20204cea    00000002     --HOLE--
                  20204cec    00000001     libc.a : memory.c.obj (.data.memory_is_initialized)
                  20204ced    00000003     --HOLE--
                  20204cf0    00000001     libsysbm.a : open.c.obj (.data.open.stream_init)

.sysmem    0    20204cf8    00000200     UNINITIALIZED
                  20204cf8    00000010     libc.a : memory.c.obj (.sysmem)
                  20204d08    000001f0     --HOLE--

.stack     0    20207e00    00000200     UNINITIALIZED
                  20207e00    00000004     libc.a : boot_cortex_m.c.obj (.stack)
                  20207e04    000001fc     --HOLE--

__llvm_prf_cnts 
*          0    20200000    00000000     UNINITIALIZED

__llvm_prf_bits 
*          0    20200000    00000000     UNINITIALIZED

MODULE SUMMARY

       Module                         code    ro data   rw data
       ------                         ----    -------   -------
    .\
       menu.o                         2832    41089     730    
       GamePlay.o                     4990    11216     17772  
       Sound.o                        304     9984      20     
       ST7735.o                       3282    1449      18     
       TExaS.o                        720     0         8      
       Lab9HMain.o                    458     4         69     
       Clock.o                        516     0         4      
       SPI.o                          440     0         0      
       Timer.o                        316     0         0      
       Joystick2.o                    282     0         0      
       LaunchPad.o                    180     0         0      
       LED.o                          164     0         0      
       Switch.o                       132     0         0      
       DAC5.o                         96      0         0      
    +--+------------------------------+-------+---------+---------+
       Total:                         14712   63742     18621  
                                                               
    .\ticlang\
       startup_mspm0g3507_ticlang.o   12      192       0      
    +--+------------------------------+-------+---------+---------+
       Total:                         12      192       0      
                                                               
    C:\ti\ccs1260\ccs\tools\compiler\ti-cgt-armllvm_3.2.1.LTS\lib\armv6m-ti-none-eabi/c/libc.a
       memory.c.obj                   730     0         5      
       fopen.c.obj                    568     0         0      
       aeabi_atexit.c.obj             292     0         140    
       defs.c.obj                     0       0         404    
       setvbuf.c.obj                  220     0         0      
       getdevice.c.obj                160     0         0      
       fclose.c.obj                   124     0         0      
       copy_decompress_lzss.c.obj     120     0         0      
       autoinit.c.obj                 84      0         0      
       fflush.c.obj                   82      0         0      
       exit.c.obj                     56      0         12     
       boot_cortex_m.c.obj            40      0         0      
       memmov.c.obj                   40      0         0      
       copy_decompress_none.c.obj     18      0         0      
       memcpy16.S.obj                 18      0         0      
       copy_zero_init.c.obj           16      0         0      
       memset16.S.obj                 14      0         0      
       strlen.c.obj                   14      0         0      
       _lock.c.obj                    2       0         8      
       pre_init.c.obj                 4       0         0      
    +--+------------------------------+-------+---------+---------+
       Total:                         2602    0         569    
                                                               
    C:\ti\ccs1260\ccs\tools\compiler\ti-cgt-armllvm_3.2.1.LTS\lib\armv6m-ti-none-eabi/c/libsysbm.a
       trgmsg.c.obj                   104     0         288    
       add_device.c.obj               236     0         1      
       host_device.c.obj              0       0         200    
       open.c.obj                     168     0         1      
       hostrename.c.obj               140     0         0      
       hostlseek.c.obj                108     0         0      
       hostopen.c.obj                 96      0         8      
       hostread.c.obj                 88      0         0      
       hostwrite.c.obj                88      0         0      
       close.c.obj                    80      0         0      
       hostclose.c.obj                72      0         0      
       hostunlink.c.obj               72      0         0      
       unlink.c.obj                   44      0         0      
       write.c.obj                    40      0         0      
       remove.c.obj                   8       0         0      
    +--+------------------------------+-------+---------+---------+
       Total:                         1344    0         498    
                                                               
    C:\ti\ccs1260\ccs\tools\compiler\ti-cgt-armllvm_3.2.1.LTS\lib\armv6m-ti-none-eabi/libc++.a
       string.cpp.obj                 400     0         0      
    +--+------------------------------+-------+---------+---------+
       Total:                         400     0         0      
                                                               
    C:\ti\ccs1260\ccs\tools\compiler\ti-cgt-armllvm_3.2.1.LTS\lib\armv6m-ti-none-eabi/libc++abi.a
       stdlib_new_delete.cpp.obj      92      0         0      
       cxa_handlers.cpp.obj           12      0         0      
       cxa_default_handlers.cpp.obj   0       0         4      
    +--+------------------------------+-------+---------+---------+
       Total:                         104     0         4      
                                                               
    C:\ti\ccs1260\ccs\tools\compiler\ti-cgt-armllvm_3.2.1.LTS\lib\clang/15.0.7/lib/armv6m-ti-none-eabi/libclang_rt.builtins.a
       aeabi_idivmod.S.obj            86      0         0      
       aeabi_uidivmod.S.obj           64      0         0      
       aeabi_memset.S.obj             12      0         0      
       aeabi_memcpy.S.obj             8       0         0      
       aeabi_memmove.S.obj            8       0         0      
       aeabi_div0.c.obj               2       0         0      
    +--+------------------------------+-------+---------+---------+
       Total:                         180     0         0      
                                                               
       Heap:                          0       0         512    
       Stack:                         0       0         512    
       Linker Generated:              0       256       0      
    +--+------------------------------+-------+---------+---------+
       Grand Total:                   19354   64190     20716  


LINKER GENERATED COPY TABLES

__TI_cinit_table @ 00014668 records: 2, size/record: 8, table size: 16
	.data: load addr=00014578, load size=000000dc bytes, run addr=20204728, run size=000005c9 bytes, compression=lzss
	.bss: load addr=00014660, load size=00000008 bytes, run addr=20200000, run size=00004728 bytes, compression=zero_init


LINKER GENERATED HANDLER TABLE

__TI_handler_table @ 00014654 records: 3, size/record: 4, table size: 12
	index: 0, handler: __TI_decompress_lzss
	index: 1, handler: __TI_decompress_none
	index: 2, handler: __TI_zero_init


GLOBAL SYMBOLS: SORTED ALPHABETICALLY BY Name 

address   name                                                                                                                                            
-------   ----                                                                                                                                            
00014551  ADC0_IRQHandler                                                                                                                                 
00014551  ADC1_IRQHandler                                                                                                                                 
00014551  AES_IRQHandler                                                                                                                                  
20204c7c  BusFreq                                                                                                                                         
00014560  C$$EXIT                                                                                                                                         
00013c61  C$$IO$$                                                                                                                                         
00014551  CANFD0_IRQHandler                                                                                                                               
00014551  DAC0_IRQHandler                                                                                                                                 
00014551  DMA_IRQHandler                                                                                                                                  
00014551  Default_Handler                                                                                                                                 
00014551  GROUP0_IRQHandler                                                                                                                               
00014551  GROUP1_IRQHandler                                                                                                                               
00013541  HOSTclose                                                                                                                                       
00012dfd  HOSTlseek                                                                                                                                       
000130dd  HOSTopen                                                                                                                                        
0001313d  HOSTread                                                                                                                                        
00012e69  HOSTrename                                                                                                                                      
00013589  HOSTunlink                                                                                                                                      
00013195  HOSTwrite                                                                                                                                       
00014555  HardFault_Handler                                                                                                                               
00014551  I2C0_IRQHandler                                                                                                                                 
00014551  I2C1_IRQHandler                                                                                                                                 
20204be8  MainFSM                                                                                                                                         
00014551  NMI_Handler                                                                                                                                     
00014551  PendSV_Handler                                                                                                                                  
00014551  RTC_IRQHandler                                                                                                                                  
00014559  Reset_Handler                                                                                                                                   
00014568  SHT$$INIT_ARRAY$$Base                                                                                                                           
00014574  SHT$$INIT_ARRAY$$Limit                                                                                                                          
00014551  SPI0_IRQHandler                                                                                                                                 
00014551  SPI1_IRQHandler                                                                                                                                 
00014551  SVC_Handler                                                                                                                                     
20204ce0  StTextColor                                                                                                                                     
20204c80  StX                                                                                                                                             
20204c84  StY                                                                                                                                             
00013661  SysTick_Handler                                                                                                                                 
20204710  TExaSLogic                                                                                                                                      
20204714  TExaSadc                                                                                                                                        
00014551  TIMA0_IRQHandler                                                                                                                                
00014551  TIMA1_IRQHandler                                                                                                                                
00014551  TIMG0_IRQHandler                                                                                                                                
00011a91  TIMG12_IRQHandler                                                                                                                               
00014551  TIMG6_IRQHandler                                                                                                                                
00013771  TIMG7_IRQHandler                                                                                                                                
00014551  TIMG8_IRQHandler                                                                                                                                
0001433d  TI_memcpy_small                                                                                                                                 
00014459  TI_memset_small                                                                                                                                 
00014551  UART0_IRQHandler                                                                                                                                
00014551  UART1_IRQHandler                                                                                                                                
00014551  UART2_IRQHandler                                                                                                                                
00014551  UART3_IRQHandler                                                                                                                                
202044c0  _CIOBUF_                                                                                                                                        
00014469  _Z10Clock_Freqv                                                                                                                                 
0001334d  _Z10Sound_Initv                                                                                                                                 
00014265  _Z10Sound_Menuv                                                                                                                                 
00014475  _Z10Sound_Stopv                                                                                                                                 
000131ed  _Z10TExaS_InitP10ADC12_RegsjPFhvE                                                                                                               
000139e1  _Z10gameUpdatei                                                                                                                                 
00014371  _Z10menuIsDonev                                                                                                                                 
00014381  _Z11Clock_Delayj                                                                                                                                
00013a19  _Z11SPI_OutDatac                                                                                                                                
000141b5  _Z11ST7735_openPKcji                                                                                                                            
000141cb  _Z11ST7735_readiPcj                                                                                                                             
000136a5  _Z11Sound_StartPKhj                                                                                                                             
00013245  _Z11Switch_Initv                                                                                                                                
00010a7d  _Z11menu_updatev                                                                                                                                
00012681  _Z12ST7735_InitR10initRFlags                                                                                                                    
000144bd  _Z12ST7735_closei                                                                                                                               
0001442f  _Z12ST7735_lseekili                                                                                                                             
00013b31  _Z12ST7735_writeiPKcj                                                                                                                           
00014279  _Z12Sound_Selectv                                                                                                                               
00014391  _Z12gameFinishedv                                                                                                                               
00013e81  _Z12tronMenuInitv                                                                                                                               
00014481  _Z13ST7735_renamePKcS0_                                                                                                                         
000144c7  _Z13ST7735_unlinkPKc                                                                                                                            
00013b65  _Z14Clock_Delay1msj                                                                                                                             
00012ba1  _Z14LaunchPad_Initv                                                                                                                             
000135d1  _Z14SPI_OutCommandc                                                                                                                             
00011b69  _Z14ST7735_OutCharc                                                                                                                             
0001413d  _Z14SysTick_IntArmjj                                                                                                                            
000122b1  _Z14TimerG7_IntArmtjj                                                                                                                           
00013a51  _Z15ActivatePortA_Bv                                                                                                                            
00010401  _Z15Clock_Init80MHzi                                                                                                                            
00013cd1  _Z15ST7735_Color565hhh                                                                                                                          
000111fd  _Z15ST7735_FillRectsssst                                                                                                                        
00012849  _Z15TimerG12_IntArmjj                                                                                                                           
000105b5  _Z16ST7735_DrawCharSsscssh                                                                                                                      
00012d8d  _Z16ST7735_DrawPixelsst                                                                                                                         
00013b99  _Z16ST7735_SetCursorjj                                                                                                                          
000101f1  _Z17ST7735_DrawBitmapssPKtss                                                                                                                    
00012b1d  _Z17ST7735_DrawStringttPKcs                                                                                                                     
00013ead  _Z17ST7735_FillScreent                                                                                                                          
000124a5  _Z17ST7735_InitPrintfv                                                                                                                          
0001150d  _Z18ST7735_SetRotationh                                                                                                                         
000120a1  _Z20ST7735_DrawFastHLinessst                                                                                                                    
00012151  _Z20ST7735_DrawFastVLinessst                                                                                                                    
00014119  _Z20ST7735_InvertDisplayi                                                                                                                       
00011315  _Z20periodic_menu_updatei                                                                                                                       
000143a1  _Z28TExaS_LaunchPadLogicPB27PB26v                                                                                                               
00011601  _Z2upv                                                                                                                                          
00011c39  _Z4downv                                                                                                                                        
00013d35  _Z6LED_Onj                                                                                                                                      
00013d65  _Z7LED_Offj                                                                                                                                     
00010fad  _Z8ADC_InitP10ADC12_Regsjj                                                                                                                      
000140d1  _Z8DAC5_Outh                                                                                                                                    
000136e9  _Z8LED_Initv                                                                                                                                    
000144d1  _Z8PLL_Initv                                                                                                                                    
00011415  _Z8SPI_Initv                                                                                                                                    
00013a89  _Z8gameInitv                                                                                                                                    
00013fe1  _Z9ADC_StartP10ADC12_Regs                                                                                                                       
000138f1  _Z9DAC5_Initv                                                                                                                                   
000137b1  _Z9SPI_Resetv                                                                                                                                   
00013ed9  _Z9Switch_Inv                                                                                                                                   
000118cd  _Z9UART_Initv                                                                                                                                   
00011d05  _Z9changeSetv                                                                                                                                   
00012971  _ZN4Bike10collisionsES_                                                                                                                         
000141e1  _ZN4Bike11turnOffLineEb                                                                                                                         
00012719  _ZN4Bike12displayCrashEv                                                                                                                        
000137f1  _ZN4Bike12firstDisplayEv                                                                                                                        
0000f9b9  _ZN4Bike12updateCornerEPKt                                                                                                                      
00010755  _ZN4Bike14updateLocationEi                                                                                                                      
0001329d  _ZN4Bike5clearEv                                                                                                                                
000141f7  _ZN4Bike5crashEv                                                                                                                                
0001372d  _ZN4Bike5resetEv                                                                                                                                
0001448d  _ZN4Bike6healthEv                                                                                                                               
0000fe5d  _ZN4Bike7displayEv                                                                                                                              
00012c1d  _ZN4Bike8newPointEii                                                                                                                            
00013619  _ZN4BikeC2Eibb                                                                                                                                  
0001428d  _ZN4BikeC2Ev                                                                                                                                    
00012545  _ZN4MenuC2EPA4_NSt3__112basic_stringIcNS0_11char_traitsIcEENS0_9allocatorIcEEEEiPKi                                                             
00013e25  _ZN4MenuD2Ev                                                                                                                                    
000143b1  _ZN8Gameplay10isGameOverEv                                                                                                                      
00011e81  _ZN8Gameplay11updateLivesEv                                                                                                                     
0001392d  _ZN8Gameplay15toggleAbilitiesEbb                                                                                                                
000128dd  _ZN8Gameplay5resetEv                                                                                                                            
000108f5  _ZN8Gameplay6updateEii                                                                                                                          
00013831  _ZN8Gameplay8gameOverEv                                                                                                                         
00013ac1  _ZN8Gameplay8newRoundEv                                                                                                                         
00010d49  _ZN8Gameplay9countDownEv                                                                                                                        
00012a03  _ZN8GameplayC2Eiib                                                                                                                              
000127b1  _ZN9Joystick213JoyStick_InitEv                                                                                                                  
00012ed5  _ZN9Joystick27ConvertEPiS0_                                                                                                                     
0001420d  _ZN9Joystick2C1Ejj                                                                                                                              
0001420d  _ZN9Joystick2C2Ejj                                                                                                                              
00013e53  _ZNKSt3__112basic_stringIcNS_11char_traitsIcEENS_9allocatorIcEEE13__get_pointerB6v15007Ev                                                       
00014319  _ZNKSt3__112basic_stringIcNS_11char_traitsIcEENS_9allocatorIcEEE18__get_long_pointerB6v15007Ev                                                  
00014223  _ZNKSt3__112basic_stringIcNS_11char_traitsIcEENS_9allocatorIcEEE19__get_short_pointerB6v15007Ev                                                 
000142a1  _ZNKSt3__112basic_stringIcNS_11char_traitsIcEENS_9allocatorIcEEE4dataB6v15007Ev                                                                 
000143c1  _ZNKSt3__112basic_stringIcNS_11char_traitsIcEENS_9allocatorIcEEE5c_strB6v15007Ev                                                                
00014239  _ZNKSt3__112basic_stringIcNS_11char_traitsIcEENS_9allocatorIcEEE9__is_longB6v15007Ev                                                            
000143d1  _ZNKSt3__117__compressed_pairINS_12basic_stringIcNS_11char_traitsIcEENS_9allocatorIcEEE5__repES5_E5firstB6v15007Ev                              
000144db  _ZNKSt3__122__compressed_pair_elemINS_12basic_stringIcNS_11char_traitsIcEENS_9allocatorIcEEE5__repELi0ELb0EE5__getB6v15007Ev                    
000143e1  _ZNSt3__111char_traitsIcE6lengthEPKc                                                                                                            
000144e5  _ZNSt3__112__to_addressB6v15007IKcEEPT_S3_                                                                                                      
000143f1  _ZNSt3__112basic_stringIcNS_11char_traitsIcEENS_9allocatorIcEEE14__default_initB6v15007Ev                                                       
000133a1  _ZNSt3__112basic_stringIcNS_11char_traitsIcEENS_9allocatorIcEEE6__initEPKcj                                                                     
000140a9  _ZNSt3__112basic_stringIcNS_11char_traitsIcEENS_9allocatorIcEEE6__zeroB6v15007Ev                                                                
000140f5  _ZNSt3__112basic_stringIcNS_11char_traitsIcEENS_9allocatorIcEEEC2B6v15007Ev                                                                     
00013d03  _ZNSt3__112basic_stringIcNS_11char_traitsIcEENS_9allocatorIcEEEC2B6v15007IDnEEPKc                                                               
000142b5  _ZNSt3__112basic_stringIcNS_11char_traitsIcEENS_9allocatorIcEEED1Ev                                                                             
000142b5  _ZNSt3__112basic_stringIcNS_11char_traitsIcEENS_9allocatorIcEEED2Ev                                                                             
000110d5  _ZNSt3__112basic_stringIcNS_11char_traitsIcEENS_9allocatorIcEEEaSERKS5_                                                                         
000144ef  _ZNSt3__114pointer_traitsIPKcE10pointer_toB6v15007ERS1_                                                                                         
000144f9  _ZNSt3__116__non_trivial_ifILb1ENS_9allocatorIcEEEC2B6v15007Ev                                                                                  
00014401  _ZNSt3__117__compressed_pairINS_12basic_stringIcNS_11char_traitsIcEENS_9allocatorIcEEE5__repES5_E5firstB6v15007Ev                               
0001417b  _ZNSt3__117__compressed_pairINS_12basic_stringIcNS_11char_traitsIcEENS_9allocatorIcEEE5__repES5_EC2B6v15007INS_18__default_init_tagESA_EEOT_OT0_
0001451f  _ZNSt3__119__debug_db_insert_cB6v15007INS_12basic_stringIcNS_11char_traitsIcEENS_9allocatorIcEEEEEEvPT_                                         
00014503  _ZNSt3__122__compressed_pair_elemINS_12basic_stringIcNS_11char_traitsIcEENS_9allocatorIcEEE5__repELi0ELb0EE5__getB6v15007Ev                     
0001450d  _ZNSt3__122__compressed_pair_elemINS_12basic_stringIcNS_11char_traitsIcEENS_9allocatorIcEEE5__repELi0ELb0EEC2B6v15007ENS_18__default_init_tagE  
000142c9  _ZNSt3__122__compressed_pair_elemINS_9allocatorIcEELi1ELb1EEC2B6v15007ENS_18__default_init_tagE                                                 
000142dd  _ZNSt3__19allocatorIcEC2B6v15007Ev                                                                                                              
00014499  _ZSt15get_new_handlerv                                                                                                                          
00014527  _ZdlPv                                                                                                                                          
000133f5  _Znwj                                                                                                                                           
202044c0  __CIOBUF_                                                                                                                                       
20208000  __STACK_END                                                                                                                                     
00000200  __STACK_SIZE                                                                                                                                    
00000200  __SYSMEM_SIZE                                                                                                                                   
00000000  __TI_ATRegion0_region_sz                                                                                                                        
00000000  __TI_ATRegion0_src_addr                                                                                                                         
00000000  __TI_ATRegion0_trg_addr                                                                                                                         
00000000  __TI_ATRegion1_region_sz                                                                                                                        
00000000  __TI_ATRegion1_src_addr                                                                                                                         
00000000  __TI_ATRegion1_trg_addr                                                                                                                         
00000000  __TI_ATRegion2_region_sz                                                                                                                        
00000000  __TI_ATRegion2_src_addr                                                                                                                         
00000000  __TI_ATRegion2_trg_addr                                                                                                                         
00014668  __TI_CINIT_Base                                                                                                                                 
00014678  __TI_CINIT_Limit                                                                                                                                
00014678  __TI_CINIT_Warm                                                                                                                                 
00014654  __TI_Handler_Table_Base                                                                                                                         
00014660  __TI_Handler_Table_Limit                                                                                                                        
00013449  __TI_auto_init_nobinit                                                                                                                          
00013bcd  __TI_cleanup                                                                                                                                    
20204c60  __TI_cleanup_ptr                                                                                                                                
00012c99  __TI_closefile                                                                                                                                  
00012d15  __TI_decompress_lzss                                                                                                                            
0001434f  __TI_decompress_none                                                                                                                            
0001349d  __TI_doflush                                                                                                                                    
20204c64  __TI_dtors_ptr                                                                                                                                  
20204c88  __TI_ft_end                                                                                                                                     
ffffffff  __TI_pprof_out_hndl                                                                                                                             
ffffffff  __TI_prof_data_size                                                                                                                             
ffffffff  __TI_prof_data_start                                                                                                                            
00013c01  __TI_readmsg                                                                                                                                    
00000000  __TI_static_base__                                                                                                                              
202045e0  __TI_tmpnams                                                                                                                                    
00013c35  __TI_writemsg                                                                                                                                   
00014411  __TI_zero_init                                                                                                                                  
000132f5  __aeabi_idiv                                                                                                                                    
00010a7b  __aeabi_idiv0                                                                                                                                   
000132f5  __aeabi_idivmod                                                                                                                                 
000144a5  __aeabi_memclr                                                                                                                                  
000144a5  __aeabi_memclr4                                                                                                                                 
000144a5  __aeabi_memclr8                                                                                                                                 
00014531  __aeabi_memcpy                                                                                                                                  
00014531  __aeabi_memcpy4                                                                                                                                 
00014531  __aeabi_memcpy8                                                                                                                                 
00014539  __aeabi_memmove                                                                                                                                 
00014539  __aeabi_memmove4                                                                                                                                
00014539  __aeabi_memmove8                                                                                                                                
00013871  __aeabi_uidiv                                                                                                                                   
00013871  __aeabi_uidivmod                                                                                                                                
ffffffff  __binit__                                                                                                                                       
000142f1  __cxa_atexit                                                                                                                                    
00012f41  __cxa_finalize                                                                                                                                  
00014541  __cxa_ia64_exit                                                                                                                                 
20204c8c  __cxa_new_handler                                                                                                                               
20204c90  __dso_handle                                                                                                                                    
UNDEFED   __mpu_init                                                                                                                                      
20207e00  __stack                                                                                                                                         
20200000  __start___llvm_prf_bits                                                                                                                         
20200000  __start___llvm_prf_cnts                                                                                                                         
20200000  __stop___llvm_prf_bits                                                                                                                          
20200000  __stop___llvm_prf_cnts                                                                                                                          
00014081  _c_int00_noargs                                                                                                                                 
20204a00  _device                                                                                                                                         
20204890  _ftable                                                                                                                                         
20204c94  _lock                                                                                                                                           
000124a3  _nop                                                                                                                                            
20204b98  _stream                                                                                                                                         
20204cf8  _sys_memory                                                                                                                                     
UNDEFED   _system_post_cinit                                                                                                                              
0001455d  _system_pre_init                                                                                                                                
20204c98  _unlock                                                                                                                                         
20204ce6  abilityEnabled                                                                                                                                  
00014561  abort                                                                                                                                           
000116f5  add_device                                                                                                                                      
00010e81  aligned_alloc                                                                                                                                   
20204c68  axes                                                                                                                                            
20204c9c  bikeSpeed                                                                                                                                       
ffffffff  binit                                                                                                                                           
20204ca0  buttonInput                                                                                                                                     
000134f1  close                                                                                                                                           
20204ca4  col                                                                                                                                             
2020471c  curSound                                                                                                                                        
20204ca8  currInd                                                                                                                                         
20204cac  currLang                                                                                                                                        
20204cb0  currState                                                                                                                                       
20204c10  cycleSprites                                                                                                                                    
20204ce7  done                                                                                                                                            
00013c69  exit                                                                                                                                            
[...]
000144a5  __aeabi_memclr4                                                                                                                                 
000144a5  __aeabi_memclr8                                                                                                                                 
000144b1  malloc                                                                                                                                          
000144bd  _Z12ST7735_closei                                                                                                                               
000144c7  _Z13ST7735_unlinkPKc                                                                                                                            
000144d1  _Z8PLL_Initv                                                                                                                                    
000144db  _ZNKSt3__122__compressed_pair_elemINS_12basic_stringIcNS_11char_traitsIcEENS_9allocatorIcEEE5__repELi0ELb0EE5__getB6v15007Ev                    
000144e5  _ZNSt3__112__to_addressB6v15007IKcEEPT_S3_                                                                                                      
000144ef  _ZNSt3__114pointer_traitsIPKcE10pointer_toB6v15007ERS1_                                                                                         
000144f9  _ZNSt3__116__non_trivial_ifILb1ENS_9allocatorIcEEEC2B6v15007Ev                                                                                  
00014503  _ZNSt3__122__compressed_pair_elemINS_12basic_stringIcNS_11char_traitsIcEENS_9allocatorIcEEE5__repELi0ELb0EE5__getB6v15007Ev                     
0001450d  _ZNSt3__122__compressed_pair_elemINS_12basic_stringIcNS_11char_traitsIcEENS_9allocatorIcEEE5__repELi0ELb0EEC2B6v15007ENS_18__default_init_tagE  
0001451f  _ZNSt3__119__debug_db_insert_cB6v15007INS_12basic_stringIcNS_11char_traitsIcEENS_9allocatorIcEEEEEEvPT_                                         
00014527  _ZdlPv                                                                                                                                          
00014531  __aeabi_memcpy                                                                                                                                  
00014531  __aeabi_memcpy4                                                                                                                                 
00014531  __aeabi_memcpy8                                                                                                                                 
00014539  __aeabi_memmove                                                                                                                                 
00014539  __aeabi_memmove4                                                                                                                                
00014539  __aeabi_memmove8                                                                                                                                
00014541  __cxa_ia64_exit                                                                                                                                 
00014549  remove                                                                                                                                          
00014551  ADC0_IRQHandler                                                                                                                                 
00014551  ADC1_IRQHandler                                                                                                                                 
00014551  AES_IRQHandler                                                                                                                                  
00014551  CANFD0_IRQHandler                                                                                                                               
00014551  DAC0_IRQHandler                                                                                                                                 
00014551  DMA_IRQHandler                                                                                                                                  
00014551  Default_Handler                                                                                                                                 
00014551  GROUP0_IRQHandler                                                                                                                               
00014551  GROUP1_IRQHandler                                                                                                                               
00014551  I2C0_IRQHandler                                                                                                                                 
00014551  I2C1_IRQHandler                                                                                                                                 
00014551  NMI_Handler                                                                                                                                     
00014551  PendSV_Handler                                                                                                                                  
00014551  RTC_IRQHandler                                                                                                                                  
00014551  SPI0_IRQHandler                                                                                                                                 
00014551  SPI1_IRQHandler                                                                                                                                 
00014551  SVC_Handler                                                                                                                                     
00014551  TIMA0_IRQHandler                                                                                                                                
00014551  TIMA1_IRQHandler                                                                                                                                
00014551  TIMG0_IRQHandler                                                                                                                                
00014551  TIMG6_IRQHandler                                                                                                                                
00014551  TIMG8_IRQHandler                                                                                                                                
00014551  UART0_IRQHandler                                                                                                                                
00014551  UART1_IRQHandler                                                                                                                                
00014551  UART2_IRQHandler                                                                                                                                
00014551  UART3_IRQHandler                                                                                                                                
00014555  HardFault_Handler                                                                                                                               
00014559  Reset_Handler                                                                                                                                   
0001455d  _system_pre_init                                                                                                                                
00014560  C$$EXIT                                                                                                                                         
00014561  abort                                                                                                                                           
00014568  SHT$$INIT_ARRAY$$Base                                                                                                                           
00014574  SHT$$INIT_ARRAY$$Limit                                                                                                                          
00014654  __TI_Handler_Table_Base                                                                                                                         
00014660  __TI_Handler_Table_Limit                                                                                                                        
00014668  __TI_CINIT_Base                                                                                                                                 
00014678  __TI_CINIT_Limit                                                                                                                                
00014678  __TI_CINIT_Warm                                                                                                                                 
20200000  __start___llvm_prf_bits                                                                                                                         
20200000  __start___llvm_prf_cnts                                                                                                                         
20200000  __stop___llvm_prf_bits                                                                                                                          
20200000  __stop___llvm_prf_cnts                                                                                                                          
20200000  visitedMatrix                                                                                                                                   
202044c0  _CIOBUF_                                                                                                                                        
202044c0  __CIOBUF_                                                                                                                                       
202045e0  __TI_tmpnams                                                                                                                                    
20204708  parmbuf                                                                                                                                         
20204710  TExaSLogic                                                                                                                                      
20204714  TExaSadc                                                                                                                                        
2020471c  curSound                                                                                                                                        
20204728  menuFSM                                                                                                                                         
20204890  _ftable                                                                                                                                         
20204980  gameRunner                                                                                                                                      
20204a00  _device                                                                                                                                         
20204a78  langText                                                                                                                                        
20204ad8  mainText                                                                                                                                        
20204b38  settText                                                                                                                                        
20204b98  _stream                                                                                                                                         
20204be8  MainFSM                                                                                                                                         
20204c10  cycleSprites                                                                                                                                    
20204c30  langChange                                                                                                                                      
20204c3c  mainChange                                                                                                                                      
20204c48  settChange                                                                                                                                      
20204c54  speeds                                                                                                                                          
20204c60  __TI_cleanup_ptr                                                                                                                                
20204c64  __TI_dtors_ptr                                                                                                                                  
20204c68  axes                                                                                                                                            
20204c7c  BusFreq                                                                                                                                         
20204c80  StX                                                                                                                                             
20204c84  StY                                                                                                                                             
20204c88  __TI_ft_end                                                                                                                                     
20204c8c  __cxa_new_handler                                                                                                                               
20204c90  __dso_handle                                                                                                                                    
20204c94  _lock                                                                                                                                           
20204c98  _unlock                                                                                                                                         
20204c9c  bikeSpeed                                                                                                                                       
20204ca0  buttonInput                                                                                                                                     
20204ca4  col                                                                                                                                             
20204ca8  currInd                                                                                                                                         
20204cac  currLang                                                                                                                                        
20204cb0  currState                                                                                                                                       
20204cb4  ind                                                                                                                                             
20204cb8  joystickPacket                                                                                                                                  
20204cbc  lasInd                                                                                                                                          
20204cc0  lastInput                                                                                                                                       
20204cc4  off                                                                                                                                             
20204cc8  period                                                                                                                                          
20204ccc  priority                                                                                                                                        
20204cd0  row                                                                                                                                             
20204cd4  size                                                                                                                                            
20204cd8  xInput                                                                                                                                          
20204cdc  yInput                                                                                                                                          
20204ce0  StTextColor                                                                                                                                     
20204ce6  abilityEnabled                                                                                                                                  
20204ce7  done                                                                                                                                            
20204ce9  semaphore                                                                                                                                       
20204cf8  _sys_memory                                                                                                                                     
20207e00  __stack                                                                                                                                         
20208000  __STACK_END                                                                                                                                     
ffffffff  __TI_pprof_out_hndl                                                                                                                             
ffffffff  __TI_prof_data_size                                                                                                                             
ffffffff  __TI_prof_data_start                                                                                                                            
ffffffff  __binit__                                                                                                                                       
ffffffff  binit                                                                                                                                           
UNDEFED   __mpu_init                                                                                                                                      
UNDEFED   _system_post_cinit                                                                                                                              

[301 symbols]
