<?xml version="1.0" encoding="ISO-8859-1" ?>
<link_info>
   <banner>TI ARM Clang Linker PC v3.2.1.LTS</banner>
   <copyright>Copyright (c) 1996-2018 Texas Instruments Incorporated</copyright>
   <link_time>0x6624a76e</link_time>
   <link_errors>0x0</link_errors>
   <output_file>C:\Users\shaun\OneDrive\Desktop\S24\ECE 319H\Tron\ECE319K_Lab9H\Debug\ECE319K_Lab9H.out</output_file>
   <entry_point>
      <name>_c_int00_noargs</name>
      <address>0xd75d</address>
   </entry_point>
   <input_file_list>
      <input_file id="fl-1">
         <path>C:\Users\shaun\OneDrive\Desktop\S24\ECE 319H\Tron\ECE319K_Lab9H\Debug\.\</path>
         <kind>object</kind>
         <file>Clock.o</file>
         <name>Clock.o</name>
      </input_file>
      <input_file id="fl-2">
         <path>C:\Users\shaun\OneDrive\Desktop\S24\ECE 319H\Tron\ECE319K_Lab9H\Debug\.\</path>
         <kind>object</kind>
         <file>DAC5.o</file>
         <name>DAC5.o</name>
      </input_file>
      <input_file id="fl-3">
         <path>C:\Users\shaun\OneDrive\Desktop\S24\ECE 319H\Tron\ECE319K_Lab9H\Debug\.\</path>
         <kind>object</kind>
         <file>Joystick2.o</file>
         <name>Joystick2.o</name>
      </input_file>
      <input_file id="fl-4">
         <path>C:\Users\shaun\OneDrive\Desktop\S24\ECE 319H\Tron\ECE319K_Lab9H\Debug\.\</path>
         <kind>object</kind>
         <file>LED.o</file>
         <name>LED.o</name>
      </input_file>
      <input_file id="fl-5">
         <path>C:\Users\shaun\OneDrive\Desktop\S24\ECE 319H\Tron\ECE319K_Lab9H\Debug\.\</path>
         <kind>object</kind>
         <file>Lab9HMain.o</file>
         <name>Lab9HMain.o</name>
      </input_file>
      <input_file id="fl-6">
         <path>C:\Users\shaun\OneDrive\Desktop\S24\ECE 319H\Tron\ECE319K_Lab9H\Debug\.\</path>
         <kind>object</kind>
         <file>LaunchPad.o</file>
         <name>LaunchPad.o</name>
      </input_file>
      <input_file id="fl-7">
         <path>C:\Users\shaun\OneDrive\Desktop\S24\ECE 319H\Tron\ECE319K_Lab9H\Debug\.\</path>
         <kind>object</kind>
         <file>SPI.o</file>
         <name>SPI.o</name>
      </input_file>
      <input_file id="fl-8">
         <path>C:\Users\shaun\OneDrive\Desktop\S24\ECE 319H\Tron\ECE319K_Lab9H\Debug\.\</path>
         <kind>object</kind>
         <file>ST7735.o</file>
         <name>ST7735.o</name>
      </input_file>
      <input_file id="fl-9">
         <path>C:\Users\shaun\OneDrive\Desktop\S24\ECE 319H\Tron\ECE319K_Lab9H\Debug\.\</path>
         <kind>object</kind>
         <file>SlidePot.o</file>
         <name>SlidePot.o</name>
      </input_file>
      <input_file id="fl-a">
         <path>C:\Users\shaun\OneDrive\Desktop\S24\ECE 319H\Tron\ECE319K_Lab9H\Debug\.\</path>
         <kind>object</kind>
         <file>SmallFont.o</file>
         <name>SmallFont.o</name>
      </input_file>
      <input_file id="fl-b">
         <path>C:\Users\shaun\OneDrive\Desktop\S24\ECE 319H\Tron\ECE319K_Lab9H\Debug\.\</path>
         <kind>object</kind>
         <file>Sound.o</file>
         <name>Sound.o</name>
      </input_file>
      <input_file id="fl-c">
         <path>C:\Users\shaun\OneDrive\Desktop\S24\ECE 319H\Tron\ECE319K_Lab9H\Debug\.\</path>
         <kind>object</kind>
         <file>Switch.o</file>
         <name>Switch.o</name>
      </input_file>
      <input_file id="fl-d">
         <path>C:\Users\shaun\OneDrive\Desktop\S24\ECE 319H\Tron\ECE319K_Lab9H\Debug\.\</path>
         <kind>object</kind>
         <file>TExaS.o</file>
         <name>TExaS.o</name>
      </input_file>
      <input_file id="fl-e">
         <path>C:\Users\shaun\OneDrive\Desktop\S24\ECE 319H\Tron\ECE319K_Lab9H\Debug\.\</path>
         <kind>object</kind>
         <file>Timer.o</file>
         <name>Timer.o</name>
      </input_file>
      <input_file id="fl-f">
         <path>C:\Users\shaun\OneDrive\Desktop\S24\ECE 319H\Tron\ECE319K_Lab9H\Debug\.\</path>
         <kind>object</kind>
         <file>menu.o</file>
         <name>menu.o</name>
      </input_file>
      <input_file id="fl-10">
         <path>C:\Users\shaun\OneDrive\Desktop\S24\ECE 319H\Tron\ECE319K_Lab9H\Debug\.\images\pipedreams\</path>
         <kind>object</kind>
         <file>PipeSound.o</file>
         <name>PipeSound.o</name>
      </input_file>
      <input_file id="fl-11">
         <path>C:\Users\shaun\OneDrive\Desktop\S24\ECE 319H\Tron\ECE319K_Lab9H\Debug\.\ticlang\</path>
         <kind>object</kind>
         <file>startup_mspm0g3507_ticlang.o</file>
         <name>startup_mspm0g3507_ticlang.o</name>
      </input_file>
      <input_file id="fl-1d">
         <path>C:\Users\shaun\OneDrive\Desktop\S24\ECE 319H\Tron\ECE319K_Lab9H\Debug\</path>
         <kind>object</kind>
         <file>&lt;internal&gt;</file>
         <name>&lt;internal&gt;</name>
      </input_file>
      <input_file id="fl-2c">
         <path>C:\ti\ccs1260\ccs\tools\compiler\ti-cgt-armllvm_3.2.1.LTS\lib\armv6m-ti-none-eabi\c\</path>
         <kind>archive</kind>
         <file>libc.a</file>
         <name>fopen.c.obj</name>
      </input_file>
      <input_file id="fl-2d">
         <path>C:\ti\ccs1260\ccs\tools\compiler\ti-cgt-armllvm_3.2.1.LTS\lib\armv6m-ti-none-eabi\c\</path>
         <kind>archive</kind>
         <file>libc.a</file>
         <name>setvbuf.c.obj</name>
      </input_file>
      <input_file id="fl-2e">
         <path>C:\ti\ccs1260\ccs\tools\compiler\ti-cgt-armllvm_3.2.1.LTS\lib\armv6m-ti-none-eabi\c\</path>
         <kind>archive</kind>
         <file>libc.a</file>
         <name>aeabi_portable.c.obj</name>
      </input_file>
      <input_file id="fl-2f">
         <path>C:\ti\ccs1260\ccs\tools\compiler\ti-cgt-armllvm_3.2.1.LTS\lib\armv6m-ti-none-eabi\c\</path>
         <kind>archive</kind>
         <file>libc.a</file>
         <name>aeabi_atexit.c.obj</name>
      </input_file>
      <input_file id="fl-30">
         <path>C:\ti\ccs1260\ccs\tools\compiler\ti-cgt-armllvm_3.2.1.LTS\lib\armv6m-ti-none-eabi\c\</path>
         <kind>archive</kind>
         <file>libc.a</file>
         <name>exit.c.obj</name>
      </input_file>
      <input_file id="fl-31">
         <path>C:\ti\ccs1260\ccs\tools\compiler\ti-cgt-armllvm_3.2.1.LTS\lib\armv6m-ti-none-eabi\c\</path>
         <kind>archive</kind>
         <file>libc.a</file>
         <name>_lock.c.obj</name>
      </input_file>
      <input_file id="fl-32">
         <path>C:\ti\ccs1260\ccs\tools\compiler\ti-cgt-armllvm_3.2.1.LTS\lib\armv6m-ti-none-eabi\c\</path>
         <kind>archive</kind>
         <file>libc.a</file>
         <name>assert.c.obj</name>
      </input_file>
      <input_file id="fl-33">
         <path>C:\ti\ccs1260\ccs\tools\compiler\ti-cgt-armllvm_3.2.1.LTS\lib\armv6m-ti-none-eabi\c\</path>
         <kind>archive</kind>
         <file>libc.a</file>
         <name>defs.c.obj</name>
      </input_file>
      <input_file id="fl-34">
         <path>C:\ti\ccs1260\ccs\tools\compiler\ti-cgt-armllvm_3.2.1.LTS\lib\armv6m-ti-none-eabi\c\</path>
         <kind>archive</kind>
         <file>libc.a</file>
         <name>memory.c.obj</name>
      </input_file>
      <input_file id="fl-35">
         <path>C:\ti\ccs1260\ccs\tools\compiler\ti-cgt-armllvm_3.2.1.LTS\lib\armv6m-ti-none-eabi\c\</path>
         <kind>archive</kind>
         <file>libc.a</file>
         <name>strlen.c.obj</name>
      </input_file>
      <input_file id="fl-36">
         <path>C:\ti\ccs1260\ccs\tools\compiler\ti-cgt-armllvm_3.2.1.LTS\lib\armv6m-ti-none-eabi\c\</path>
         <kind>archive</kind>
         <file>libc.a</file>
         <name>abs.c.obj</name>
      </input_file>
      <input_file id="fl-37">
         <path>C:\ti\ccs1260\ccs\tools\compiler\ti-cgt-armllvm_3.2.1.LTS\lib\armv6m-ti-none-eabi\c\</path>
         <kind>archive</kind>
         <file>libc.a</file>
         <name>copy_zero_init.c.obj</name>
      </input_file>
      <input_file id="fl-38">
         <path>C:\ti\ccs1260\ccs\tools\compiler\ti-cgt-armllvm_3.2.1.LTS\lib\armv6m-ti-none-eabi\c\</path>
         <kind>archive</kind>
         <file>libc.a</file>
         <name>copy_decompress_none.c.obj</name>
      </input_file>
      <input_file id="fl-39">
         <path>C:\ti\ccs1260\ccs\tools\compiler\ti-cgt-armllvm_3.2.1.LTS\lib\armv6m-ti-none-eabi\c\</path>
         <kind>archive</kind>
         <file>libc.a</file>
         <name>copy_decompress_lzss.c.obj</name>
      </input_file>
      <input_file id="fl-3a">
         <path>C:\ti\ccs1260\ccs\tools\compiler\ti-cgt-armllvm_3.2.1.LTS\lib\armv6m-ti-none-eabi\c\</path>
         <kind>archive</kind>
         <file>libc.a</file>
         <name>boot_cortex_m.c.obj</name>
      </input_file>
      <input_file id="fl-3b">
         <path>C:\ti\ccs1260\ccs\tools\compiler\ti-cgt-armllvm_3.2.1.LTS\lib\armv6m-ti-none-eabi\c\</path>
         <kind>archive</kind>
         <file>libc.a</file>
         <name>mathacl_init.c.obj</name>
      </input_file>
      <input_file id="fl-3c">
         <path>C:\ti\ccs1260\ccs\tools\compiler\ti-cgt-armllvm_3.2.1.LTS\lib\armv6m-ti-none-eabi\c\</path>
         <kind>archive</kind>
         <file>libc.a</file>
         <name>sprintf.c.obj</name>
      </input_file>
      <input_file id="fl-3d">
         <path>C:\ti\ccs1260\ccs\tools\compiler\ti-cgt-armllvm_3.2.1.LTS\lib\armv6m-ti-none-eabi\c\</path>
         <kind>archive</kind>
         <file>libc.a</file>
         <name>fclose.c.obj</name>
      </input_file>
      <input_file id="fl-3e">
         <path>C:\ti\ccs1260\ccs\tools\compiler\ti-cgt-armllvm_3.2.1.LTS\lib\armv6m-ti-none-eabi\c\</path>
         <kind>archive</kind>
         <file>libc.a</file>
         <name>fflush.c.obj</name>
      </input_file>
      <input_file id="fl-3f">
         <path>C:\ti\ccs1260\ccs\tools\compiler\ti-cgt-armllvm_3.2.1.LTS\lib\armv6m-ti-none-eabi\c\</path>
         <kind>archive</kind>
         <file>libc.a</file>
         <name>fputs.c.obj</name>
      </input_file>
      <input_file id="fl-40">
         <path>C:\ti\ccs1260\ccs\tools\compiler\ti-cgt-armllvm_3.2.1.LTS\lib\armv6m-ti-none-eabi\c\</path>
         <kind>archive</kind>
         <file>libc.a</file>
         <name>_io_perm.c.obj</name>
      </input_file>
      <input_file id="fl-41">
         <path>C:\ti\ccs1260\ccs\tools\compiler\ti-cgt-armllvm_3.2.1.LTS\lib\armv6m-ti-none-eabi\c\</path>
         <kind>archive</kind>
         <file>libc.a</file>
         <name>args_main.c.obj</name>
      </input_file>
      <input_file id="fl-42">
         <path>C:\ti\ccs1260\ccs\tools\compiler\ti-cgt-armllvm_3.2.1.LTS\lib\armv6m-ti-none-eabi\c\</path>
         <kind>archive</kind>
         <file>libc.a</file>
         <name>autoinit.c.obj</name>
      </input_file>
      <input_file id="fl-43">
         <path>C:\ti\ccs1260\ccs\tools\compiler\ti-cgt-armllvm_3.2.1.LTS\lib\armv6m-ti-none-eabi\c\</path>
         <kind>archive</kind>
         <file>libc.a</file>
         <name>pre_init.c.obj</name>
      </input_file>
      <input_file id="fl-44">
         <path>C:\ti\ccs1260\ccs\tools\compiler\ti-cgt-armllvm_3.2.1.LTS\lib\armv6m-ti-none-eabi\c\</path>
         <kind>archive</kind>
         <file>libc.a</file>
         <name>cpy_tbl.c.obj</name>
      </input_file>
      <input_file id="fl-45">
         <path>C:\ti\ccs1260\ccs\tools\compiler\ti-cgt-armllvm_3.2.1.LTS\lib\armv6m-ti-none-eabi\c\</path>
         <kind>archive</kind>
         <file>libc.a</file>
         <name>_printfi.c.obj</name>
      </input_file>
      <input_file id="fl-46">
         <path>C:\ti\ccs1260\ccs\tools\compiler\ti-cgt-armllvm_3.2.1.LTS\lib\armv6m-ti-none-eabi\c\</path>
         <kind>archive</kind>
         <file>libc.a</file>
         <name>fseek.c.obj</name>
      </input_file>
      <input_file id="fl-47">
         <path>C:\ti\ccs1260\ccs\tools\compiler\ti-cgt-armllvm_3.2.1.LTS\lib\armv6m-ti-none-eabi\c\</path>
         <kind>archive</kind>
         <file>libc.a</file>
         <name>s_frexp.c.obj</name>
      </input_file>
      <input_file id="fl-48">
         <path>C:\ti\ccs1260\ccs\tools\compiler\ti-cgt-armllvm_3.2.1.LTS\lib\armv6m-ti-none-eabi\c\</path>
         <kind>archive</kind>
         <file>libc.a</file>
         <name>s_scalbn.c.obj</name>
      </input_file>
      <input_file id="fl-49">
         <path>C:\ti\ccs1260\ccs\tools\compiler\ti-cgt-armllvm_3.2.1.LTS\lib\armv6m-ti-none-eabi\c\</path>
         <kind>archive</kind>
         <file>libc.a</file>
         <name>_ltoa.c.obj</name>
      </input_file>
      <input_file id="fl-4a">
         <path>C:\ti\ccs1260\ccs\tools\compiler\ti-cgt-armllvm_3.2.1.LTS\lib\armv6m-ti-none-eabi\c\</path>
         <kind>archive</kind>
         <file>libc.a</file>
         <name>atoi.c.obj</name>
      </input_file>
      <input_file id="fl-4b">
         <path>C:\ti\ccs1260\ccs\tools\compiler\ti-cgt-armllvm_3.2.1.LTS\lib\armv6m-ti-none-eabi\c\</path>
         <kind>archive</kind>
         <file>libc.a</file>
         <name>memccpy.c.obj</name>
      </input_file>
      <input_file id="fl-4c">
         <path>C:\ti\ccs1260\ccs\tools\compiler\ti-cgt-armllvm_3.2.1.LTS\lib\armv6m-ti-none-eabi\c\</path>
         <kind>archive</kind>
         <file>libc.a</file>
         <name>wcslen.c.obj</name>
      </input_file>
      <input_file id="fl-4d">
         <path>C:\ti\ccs1260\ccs\tools\compiler\ti-cgt-armllvm_3.2.1.LTS\lib\armv6m-ti-none-eabi\c\</path>
         <kind>archive</kind>
         <file>libc.a</file>
         <name>aeabi_ctype.S.obj</name>
      </input_file>
      <input_file id="fl-b3">
         <path>C:\ti\ccs1260\ccs\tools\compiler\ti-cgt-armllvm_3.2.1.LTS\lib\armv6m-ti-none-eabi\</path>
         <kind>archive</kind>
         <file>libc++.a</file>
         <name>string.cpp.obj</name>
      </input_file>
      <input_file id="fl-b4">
         <path>C:\ti\ccs1260\ccs\tools\compiler\ti-cgt-armllvm_3.2.1.LTS\lib\armv6m-ti-none-eabi\</path>
         <kind>archive</kind>
         <file>libc++abi.a</file>
         <name>stdlib_new_delete.cpp.obj</name>
      </input_file>
      <input_file id="fl-b5">
         <path>C:\ti\ccs1260\ccs\tools\compiler\ti-cgt-armllvm_3.2.1.LTS\lib\armv6m-ti-none-eabi\</path>
         <kind>archive</kind>
         <file>libc++abi.a</file>
         <name>cxa_handlers.cpp.obj</name>
      </input_file>
      <input_file id="fl-b6">
         <path>C:\ti\ccs1260\ccs\tools\compiler\ti-cgt-armllvm_3.2.1.LTS\lib\armv6m-ti-none-eabi\</path>
         <kind>archive</kind>
         <file>libc++abi.a</file>
         <name>abort_message.cpp.obj</name>
      </input_file>
      <input_file id="fl-b7">
         <path>C:\ti\ccs1260\ccs\tools\compiler\ti-cgt-armllvm_3.2.1.LTS\lib\armv6m-ti-none-eabi\</path>
         <kind>archive</kind>
         <file>libc++abi.a</file>
         <name>cxa_default_handlers.cpp.obj</name>
      </input_file>
      <input_file id="fl-b8">
         <path>C:\ti\ccs1260\ccs\tools\compiler\ti-cgt-armllvm_3.2.1.LTS\lib\armv6m-ti-none-eabi\c\</path>
         <kind>archive</kind>
         <file>libc.a</file>
         <name>wcstof.c.obj</name>
      </input_file>
      <input_file id="fl-b9">
         <path>C:\ti\ccs1260\ccs\tools\compiler\ti-cgt-armllvm_3.2.1.LTS\lib\armv6m-ti-none-eabi\c\</path>
         <kind>archive</kind>
         <file>libc.a</file>
         <name>wcstod.c.obj</name>
      </input_file>
      <input_file id="fl-ba">
         <path>C:\ti\ccs1260\ccs\tools\compiler\ti-cgt-armllvm_3.2.1.LTS\lib\armv6m-ti-none-eabi\c\</path>
         <kind>archive</kind>
         <file>libc.a</file>
         <name>wcstold.c.obj</name>
      </input_file>
      <input_file id="fl-bb">
         <path>C:\ti\ccs1260\ccs\tools\compiler\ti-cgt-armllvm_3.2.1.LTS\lib\armv6m-ti-none-eabi\c\</path>
         <kind>archive</kind>
         <file>libc.a</file>
         <name>wcstol.c.obj</name>
      </input_file>
      <input_file id="fl-bc">
         <path>C:\ti\ccs1260\ccs\tools\compiler\ti-cgt-armllvm_3.2.1.LTS\lib\armv6m-ti-none-eabi\c\</path>
         <kind>archive</kind>
         <file>libc.a</file>
         <name>wcstoul.c.obj</name>
      </input_file>
      <input_file id="fl-bd">
         <path>C:\ti\ccs1260\ccs\tools\compiler\ti-cgt-armllvm_3.2.1.LTS\lib\armv6m-ti-none-eabi\c\</path>
         <kind>archive</kind>
         <file>libc.a</file>
         <name>wcstoll.c.obj</name>
      </input_file>
      <input_file id="fl-be">
         <path>C:\ti\ccs1260\ccs\tools\compiler\ti-cgt-armllvm_3.2.1.LTS\lib\armv6m-ti-none-eabi\c\</path>
         <kind>archive</kind>
         <file>libc.a</file>
         <name>wcstoull.c.obj</name>
      </input_file>
      <input_file id="fl-bf">
         <path>C:\ti\ccs1260\ccs\tools\compiler\ti-cgt-armllvm_3.2.1.LTS\lib\armv6m-ti-none-eabi\c\</path>
         <kind>archive</kind>
         <file>libc.a</file>
         <name>swprintf.c.obj</name>
      </input_file>
      <input_file id="fl-c0">
         <path>C:\ti\ccs1260\ccs\tools\compiler\ti-cgt-armllvm_3.2.1.LTS\lib\armv6m-ti-none-eabi\c\</path>
         <kind>archive</kind>
         <file>libc.a</file>
         <name>wmemchr.c.obj</name>
      </input_file>
      <input_file id="fl-c1">
         <path>C:\ti\ccs1260\ccs\tools\compiler\ti-cgt-armllvm_3.2.1.LTS\lib\armv6m-ti-none-eabi\c\</path>
         <kind>archive</kind>
         <file>libc.a</file>
         <name>wmemcmp.c.obj</name>
      </input_file>
      <input_file id="fl-c2">
         <path>C:\ti\ccs1260\ccs\tools\compiler\ti-cgt-armllvm_3.2.1.LTS\lib\armv6m-ti-none-eabi\c\</path>
         <kind>archive</kind>
         <file>libc.a</file>
         <name>none_mb.c.obj</name>
      </input_file>
      <input_file id="fl-c3">
         <path>C:\ti\ccs1260\ccs\tools\compiler\ti-cgt-armllvm_3.2.1.LTS\lib\armv6m-ti-none-eabi\c\</path>
         <kind>archive</kind>
         <file>libc.a</file>
         <name>vswprintf.c.obj</name>
      </input_file>
      <input_file id="fl-c4">
         <path>C:\ti\ccs1260\ccs\tools\compiler\ti-cgt-armllvm_3.2.1.LTS\lib\armv6m-ti-none-eabi\c\</path>
         <kind>archive</kind>
         <file>libc.a</file>
         <name>locale_stdlib.c.obj</name>
      </input_file>
      <input_file id="fl-c5">
         <path>C:\ti\ccs1260\ccs\tools\compiler\ti-cgt-armllvm_3.2.1.LTS\lib\armv6m-ti-none-eabi\c\</path>
         <kind>archive</kind>
         <file>libc.a</file>
         <name>locale_wchar.c.obj</name>
      </input_file>
      <input_file id="fl-c6">
         <path>C:\ti\ccs1260\ccs\tools\compiler\ti-cgt-armllvm_3.2.1.LTS\lib\armv6m-ti-none-eabi\c\</path>
         <kind>archive</kind>
         <file>libc.a</file>
         <name>fprintf.c.obj</name>
      </input_file>
      <input_file id="fl-c7">
         <path>C:\ti\ccs1260\ccs\tools\compiler\ti-cgt-armllvm_3.2.1.LTS\lib\armv6m-ti-none-eabi\c\</path>
         <kind>archive</kind>
         <file>libc.a</file>
         <name>snprintf.c.obj</name>
      </input_file>
      <input_file id="fl-c8">
         <path>C:\ti\ccs1260\ccs\tools\compiler\ti-cgt-armllvm_3.2.1.LTS\lib\armv6m-ti-none-eabi\c\</path>
         <kind>archive</kind>
         <file>libc.a</file>
         <name>vsnprintf.c.obj</name>
      </input_file>
      <input_file id="fl-c9">
         <path>C:\ti\ccs1260\ccs\tools\compiler\ti-cgt-armllvm_3.2.1.LTS\lib\armv6m-ti-none-eabi\c\</path>
         <kind>archive</kind>
         <file>libc.a</file>
         <name>fputc.c.obj</name>
      </input_file>
      <input_file id="fl-ca">
         <path>C:\ti\ccs1260\ccs\tools\compiler\ti-cgt-armllvm_3.2.1.LTS\lib\armv6m-ti-none-eabi\c\</path>
         <kind>archive</kind>
         <file>libc.a</file>
         <name>atol.c.obj</name>
      </input_file>
      <input_file id="fl-cb">
         <path>C:\ti\ccs1260\ccs\tools\compiler\ti-cgt-armllvm_3.2.1.LTS\lib\armv6m-ti-none-eabi\c\</path>
         <kind>archive</kind>
         <file>libc.a</file>
         <name>atoll.c.obj</name>
      </input_file>
      <input_file id="fl-cc">
         <path>C:\ti\ccs1260\ccs\tools\compiler\ti-cgt-armllvm_3.2.1.LTS\lib\armv6m-ti-none-eabi\c\</path>
         <kind>archive</kind>
         <file>libc.a</file>
         <name>memchr.c.obj</name>
      </input_file>
      <input_file id="fl-cd">
         <path>C:\ti\ccs1260\ccs\tools\compiler\ti-cgt-armllvm_3.2.1.LTS\lib\armv6m-ti-none-eabi\c\</path>
         <kind>archive</kind>
         <file>libc.a</file>
         <name>memcmp.c.obj</name>
      </input_file>
      <input_file id="fl-ce">
         <path>C:\ti\ccs1260\ccs\tools\compiler\ti-cgt-armllvm_3.2.1.LTS\lib\armv6m-ti-none-eabi\c\</path>
         <kind>archive</kind>
         <file>libc.a</file>
         <name>strtod.c.obj</name>
      </input_file>
      <input_file id="fl-cf">
         <path>C:\ti\ccs1260\ccs\tools\compiler\ti-cgt-armllvm_3.2.1.LTS\lib\armv6m-ti-none-eabi\c\</path>
         <kind>archive</kind>
         <file>libc.a</file>
         <name>strtof.c.obj</name>
      </input_file>
      <input_file id="fl-d0">
         <path>C:\ti\ccs1260\ccs\tools\compiler\ti-cgt-armllvm_3.2.1.LTS\lib\armv6m-ti-none-eabi\c\</path>
         <kind>archive</kind>
         <file>libc.a</file>
         <name>strtol.c.obj</name>
      </input_file>
      <input_file id="fl-d1">
         <path>C:\ti\ccs1260\ccs\tools\compiler\ti-cgt-armllvm_3.2.1.LTS\lib\armv6m-ti-none-eabi\c\</path>
         <kind>archive</kind>
         <file>libc.a</file>
         <name>strtoll.c.obj</name>
      </input_file>
      <input_file id="fl-d2">
         <path>C:\ti\ccs1260\ccs\tools\compiler\ti-cgt-armllvm_3.2.1.LTS\lib\armv6m-ti-none-eabi\c\</path>
         <kind>archive</kind>
         <file>libc.a</file>
         <name>strtoul.c.obj</name>
      </input_file>
      <input_file id="fl-d3">
         <path>C:\ti\ccs1260\ccs\tools\compiler\ti-cgt-armllvm_3.2.1.LTS\lib\armv6m-ti-none-eabi\c\</path>
         <kind>archive</kind>
         <file>libc.a</file>
         <name>strtoull.c.obj</name>
      </input_file>
      <input_file id="fl-d4">
         <path>C:\ti\ccs1260\ccs\tools\compiler\ti-cgt-armllvm_3.2.1.LTS\lib\armv6m-ti-none-eabi\c\</path>
         <kind>archive</kind>
         <file>libc.a</file>
         <name>wctype.c.obj</name>
      </input_file>
      <input_file id="fl-d5">
         <path>C:\ti\ccs1260\ccs\tools\compiler\ti-cgt-armllvm_3.2.1.LTS\lib\armv6m-ti-none-eabi\c\</path>
         <kind>archive</kind>
         <file>libc.a</file>
         <name>s_scalbnf.c.obj</name>
      </input_file>
      <input_file id="fl-d6">
         <path>C:\ti\ccs1260\ccs\tools\compiler\ti-cgt-armllvm_3.2.1.LTS\lib\armv6m-ti-none-eabi\c\</path>
         <kind>archive</kind>
         <file>libc.a</file>
         <name>fgetwc.c.obj</name>
      </input_file>
      <input_file id="fl-d7">
         <path>C:\ti\ccs1260\ccs\tools\compiler\ti-cgt-armllvm_3.2.1.LTS\lib\armv6m-ti-none-eabi\c\</path>
         <kind>archive</kind>
         <file>libc.a</file>
         <name>fgetws.c.obj</name>
      </input_file>
      <input_file id="fl-d8">
         <path>C:\ti\ccs1260\ccs\tools\compiler\ti-cgt-armllvm_3.2.1.LTS\lib\armv6m-ti-none-eabi\c\</path>
         <kind>archive</kind>
         <file>libc.a</file>
         <name>fputws.c.obj</name>
      </input_file>
      <input_file id="fl-d9">
         <path>C:\ti\ccs1260\ccs\tools\compiler\ti-cgt-armllvm_3.2.1.LTS\lib\armv6m-ti-none-eabi\c\</path>
         <kind>archive</kind>
         <file>libc.a</file>
         <name>vfwprintf.c.obj</name>
      </input_file>
      <input_file id="fl-da">
         <path>C:\ti\ccs1260\ccs\tools\compiler\ti-cgt-armllvm_3.2.1.LTS\lib\armv6m-ti-none-eabi\c\</path>
         <kind>archive</kind>
         <file>libc.a</file>
         <name>vfwscanf.c.obj</name>
      </input_file>
      <input_file id="fl-db">
         <path>C:\ti\ccs1260\ccs\tools\compiler\ti-cgt-armllvm_3.2.1.LTS\lib\armv6m-ti-none-eabi\c\</path>
         <kind>archive</kind>
         <file>libc.a</file>
         <name>wcscoll.c.obj</name>
      </input_file>
      <input_file id="fl-dc">
         <path>C:\ti\ccs1260\ccs\tools\compiler\ti-cgt-armllvm_3.2.1.LTS\lib\armv6m-ti-none-eabi\c\</path>
         <kind>archive</kind>
         <file>libc.a</file>
         <name>wcsxfrm.c.obj</name>
      </input_file>
      <input_file id="fl-dd">
         <path>C:\ti\ccs1260\ccs\tools\compiler\ti-cgt-armllvm_3.2.1.LTS\lib\armv6m-ti-none-eabi\c\</path>
         <kind>archive</kind>
         <file>libc.a</file>
         <name>vfprintf.c.obj</name>
      </input_file>
      <input_file id="fl-de">
         <path>C:\ti\ccs1260\ccs\tools\compiler\ti-cgt-armllvm_3.2.1.LTS\lib\armv6m-ti-none-eabi\c\</path>
         <kind>archive</kind>
         <file>libc.a</file>
         <name>fscanf.c.obj</name>
      </input_file>
      <input_file id="fl-df">
         <path>C:\ti\ccs1260\ccs\tools\compiler\ti-cgt-armllvm_3.2.1.LTS\lib\armv6m-ti-none-eabi\c\</path>
         <kind>archive</kind>
         <file>libc.a</file>
         <name>fgetc.c.obj</name>
      </input_file>
      <input_file id="fl-e0">
         <path>C:\ti\ccs1260\ccs\tools\compiler\ti-cgt-armllvm_3.2.1.LTS\lib\armv6m-ti-none-eabi\c\</path>
         <kind>archive</kind>
         <file>libc.a</file>
         <name>fgets.c.obj</name>
      </input_file>
      <input_file id="fl-e1">
         <path>C:\ti\ccs1260\ccs\tools\compiler\ti-cgt-armllvm_3.2.1.LTS\lib\armv6m-ti-none-eabi\c\</path>
         <kind>archive</kind>
         <file>libc.a</file>
         <name>_bufread.c.obj</name>
      </input_file>
      <input_file id="fl-e2">
         <path>C:\ti\ccs1260\ccs\tools\compiler\ti-cgt-armllvm_3.2.1.LTS\lib\armv6m-ti-none-eabi\c\</path>
         <kind>archive</kind>
         <file>libc.a</file>
         <name>ungetc.c.obj</name>
      </input_file>
      <input_file id="fl-e3">
         <path>C:\ti\ccs1260\ccs\tools\compiler\ti-cgt-armllvm_3.2.1.LTS\lib\armv6m-ti-none-eabi\c\</path>
         <kind>archive</kind>
         <file>libc.a</file>
         <name>_scanfi.c.obj</name>
      </input_file>
      <input_file id="fl-e4">
         <path>C:\ti\ccs1260\ccs\tools\compiler\ti-cgt-armllvm_3.2.1.LTS\lib\armv6m-ti-none-eabi\c\</path>
         <kind>archive</kind>
         <file>libsysbm.a</file>
         <name>write.c.obj</name>
      </input_file>
      <input_file id="fl-e5">
         <path>C:\ti\ccs1260\ccs\tools\compiler\ti-cgt-armllvm_3.2.1.LTS\lib\armv6m-ti-none-eabi\c\</path>
         <kind>archive</kind>
         <file>libsysbm.a</file>
         <name>host_device.c.obj</name>
      </input_file>
      <input_file id="fl-e6">
         <path>C:\ti\ccs1260\ccs\tools\compiler\ti-cgt-armllvm_3.2.1.LTS\lib\armv6m-ti-none-eabi\c\</path>
         <kind>archive</kind>
         <file>libsysbm.a</file>
         <name>remove.c.obj</name>
      </input_file>
      <input_file id="fl-e7">
         <path>C:\ti\ccs1260\ccs\tools\compiler\ti-cgt-armllvm_3.2.1.LTS\lib\armv6m-ti-none-eabi\c\</path>
         <kind>archive</kind>
         <file>libsysbm.a</file>
         <name>read.c.obj</name>
      </input_file>
      <input_file id="fl-e8">
         <path>C:\ti\ccs1260\ccs\tools\compiler\ti-cgt-armllvm_3.2.1.LTS\lib\armv6m-ti-none-eabi\c\</path>
         <kind>archive</kind>
         <file>libsysbm.a</file>
         <name>open.c.obj</name>
      </input_file>
      <input_file id="fl-e9">
         <path>C:\ti\ccs1260\ccs\tools\compiler\ti-cgt-armllvm_3.2.1.LTS\lib\armv6m-ti-none-eabi\c\</path>
         <kind>archive</kind>
         <file>libsysbm.a</file>
         <name>lseek.c.obj</name>
      </input_file>
      <input_file id="fl-ea">
         <path>C:\ti\ccs1260\ccs\tools\compiler\ti-cgt-armllvm_3.2.1.LTS\lib\armv6m-ti-none-eabi\c\</path>
         <kind>archive</kind>
         <file>libsysbm.a</file>
         <name>close.c.obj</name>
      </input_file>
      <input_file id="fl-eb">
         <path>C:\ti\ccs1260\ccs\tools\compiler\ti-cgt-armllvm_3.2.1.LTS\lib\armv6m-ti-none-eabi\c\</path>
         <kind>archive</kind>
         <file>libsysbm.a</file>
         <name>add_device.c.obj</name>
      </input_file>
      <input_file id="fl-ec">
         <path>C:\ti\ccs1260\ccs\tools\compiler\ti-cgt-armllvm_3.2.1.LTS\lib\armv6m-ti-none-eabi\c\</path>
         <kind>archive</kind>
         <file>libsysbm.a</file>
         <name>unlink.c.obj</name>
      </input_file>
      <input_file id="fl-ed">
         <path>C:\ti\ccs1260\ccs\tools\compiler\ti-cgt-armllvm_3.2.1.LTS\lib\armv6m-ti-none-eabi\c\</path>
         <kind>archive</kind>
         <file>libsysbm.a</file>
         <name>hostclose.c.obj</name>
      </input_file>
      <input_file id="fl-ee">
         <path>C:\ti\ccs1260\ccs\tools\compiler\ti-cgt-armllvm_3.2.1.LTS\lib\armv6m-ti-none-eabi\c\</path>
         <kind>archive</kind>
         <file>libsysbm.a</file>
         <name>hostlseek.c.obj</name>
      </input_file>
      <input_file id="fl-ef">
         <path>C:\ti\ccs1260\ccs\tools\compiler\ti-cgt-armllvm_3.2.1.LTS\lib\armv6m-ti-none-eabi\c\</path>
         <kind>archive</kind>
         <file>libsysbm.a</file>
         <name>hostopen.c.obj</name>
      </input_file>
      <input_file id="fl-f0">
         <path>C:\ti\ccs1260\ccs\tools\compiler\ti-cgt-armllvm_3.2.1.LTS\lib\armv6m-ti-none-eabi\c\</path>
         <kind>archive</kind>
         <file>libsysbm.a</file>
         <name>hostread.c.obj</name>
      </input_file>
      <input_file id="fl-f1">
         <path>C:\ti\ccs1260\ccs\tools\compiler\ti-cgt-armllvm_3.2.1.LTS\lib\armv6m-ti-none-eabi\c\</path>
         <kind>archive</kind>
         <file>libsysbm.a</file>
         <name>hostrename.c.obj</name>
      </input_file>
      <input_file id="fl-f2">
         <path>C:\ti\ccs1260\ccs\tools\compiler\ti-cgt-armllvm_3.2.1.LTS\lib\armv6m-ti-none-eabi\c\</path>
         <kind>archive</kind>
         <file>libsysbm.a</file>
         <name>hostunlink.c.obj</name>
      </input_file>
      <input_file id="fl-f3">
         <path>C:\ti\ccs1260\ccs\tools\compiler\ti-cgt-armllvm_3.2.1.LTS\lib\armv6m-ti-none-eabi\c\</path>
         <kind>archive</kind>
         <file>libsysbm.a</file>
         <name>hostwrite.c.obj</name>
      </input_file>
      <input_file id="fl-f4">
         <path>C:\ti\ccs1260\ccs\tools\compiler\ti-cgt-armllvm_3.2.1.LTS\lib\armv6m-ti-none-eabi\c\</path>
         <kind>archive</kind>
         <file>libsysbm.a</file>
         <name>trgmsg.c.obj</name>
      </input_file>
      <input_file id="fl-f5">
         <path>C:\ti\ccs1260\ccs\tools\compiler\ti-cgt-armllvm_3.2.1.LTS\lib\clang\15.0.7\lib\armv6m-ti-none-eabi\</path>
         <kind>archive</kind>
         <file>libclang_rt.builtins.a</file>
         <name>addsf3.S.obj</name>
      </input_file>
      <input_file id="fl-f6">
         <path>C:\ti\ccs1260\ccs\tools\compiler\ti-cgt-armllvm_3.2.1.LTS\lib\clang\15.0.7\lib\armv6m-ti-none-eabi\</path>
         <kind>archive</kind>
         <file>libclang_rt.builtins.a</file>
         <name>adddf3.S.obj</name>
      </input_file>
      <input_file id="fl-f7">
         <path>C:\ti\ccs1260\ccs\tools\compiler\ti-cgt-armllvm_3.2.1.LTS\lib\clang\15.0.7\lib\armv6m-ti-none-eabi\</path>
         <kind>archive</kind>
         <file>libclang_rt.builtins.a</file>
         <name>muldf3.S.obj</name>
      </input_file>
      <input_file id="fl-f8">
         <path>C:\ti\ccs1260\ccs\tools\compiler\ti-cgt-armllvm_3.2.1.LTS\lib\clang\15.0.7\lib\armv6m-ti-none-eabi\</path>
         <kind>archive</kind>
         <file>libclang_rt.builtins.a</file>
         <name>muldsi3.S.obj</name>
      </input_file>
      <input_file id="fl-f9">
         <path>C:\ti\ccs1260\ccs\tools\compiler\ti-cgt-armllvm_3.2.1.LTS\lib\clang\15.0.7\lib\armv6m-ti-none-eabi\</path>
         <kind>archive</kind>
         <file>libclang_rt.builtins.a</file>
         <name>mulsf3.S.obj</name>
      </input_file>
      <input_file id="fl-fa">
         <path>C:\ti\ccs1260\ccs\tools\compiler\ti-cgt-armllvm_3.2.1.LTS\lib\clang\15.0.7\lib\armv6m-ti-none-eabi\</path>
         <kind>archive</kind>
         <file>libclang_rt.builtins.a</file>
         <name>divsf3.S.obj</name>
      </input_file>
      <input_file id="fl-fb">
         <path>C:\ti\ccs1260\ccs\tools\compiler\ti-cgt-armllvm_3.2.1.LTS\lib\clang\15.0.7\lib\armv6m-ti-none-eabi\</path>
         <kind>archive</kind>
         <file>libclang_rt.builtins.a</file>
         <name>divdf3.S.obj</name>
      </input_file>
      <input_file id="fl-fc">
         <path>C:\ti\ccs1260\ccs\tools\compiler\ti-cgt-armllvm_3.2.1.LTS\lib\clang\15.0.7\lib\armv6m-ti-none-eabi\</path>
         <kind>archive</kind>
         <file>libclang_rt.builtins.a</file>
         <name>extendsfdf2.S.obj</name>
      </input_file>
      <input_file id="fl-fd">
         <path>C:\ti\ccs1260\ccs\tools\compiler\ti-cgt-armllvm_3.2.1.LTS\lib\clang\15.0.7\lib\armv6m-ti-none-eabi\</path>
         <kind>archive</kind>
         <file>libclang_rt.builtins.a</file>
         <name>fixdfsi.S.obj</name>
      </input_file>
      <input_file id="fl-fe">
         <path>C:\ti\ccs1260\ccs\tools\compiler\ti-cgt-armllvm_3.2.1.LTS\lib\clang\15.0.7\lib\armv6m-ti-none-eabi\</path>
         <kind>archive</kind>
         <file>libclang_rt.builtins.a</file>
         <name>floatsidf.S.obj</name>
      </input_file>
      <input_file id="fl-ff">
         <path>C:\ti\ccs1260\ccs\tools\compiler\ti-cgt-armllvm_3.2.1.LTS\lib\clang\15.0.7\lib\armv6m-ti-none-eabi\</path>
         <kind>archive</kind>
         <file>libclang_rt.builtins.a</file>
         <name>floatunsidf.S.obj</name>
      </input_file>
      <input_file id="fl-100">
         <path>C:\ti\ccs1260\ccs\tools\compiler\ti-cgt-armllvm_3.2.1.LTS\lib\clang\15.0.7\lib\armv6m-ti-none-eabi\</path>
         <kind>archive</kind>
         <file>libclang_rt.builtins.a</file>
         <name>muldi3.S.obj</name>
      </input_file>
      <input_file id="fl-101">
         <path>C:\ti\ccs1260\ccs\tools\compiler\ti-cgt-armllvm_3.2.1.LTS\lib\clang\15.0.7\lib\armv6m-ti-none-eabi\</path>
         <kind>archive</kind>
         <file>libclang_rt.builtins.a</file>
         <name>truncdfsf2.S.obj</name>
      </input_file>
      <input_file id="fl-102">
         <path>C:\ti\ccs1260\ccs\tools\compiler\ti-cgt-armllvm_3.2.1.LTS\lib\clang\15.0.7\lib\armv6m-ti-none-eabi\</path>
         <kind>archive</kind>
         <file>libclang_rt.builtins.a</file>
         <name>clzsi2.c.obj</name>
      </input_file>
      <input_file id="fl-103">
         <path>C:\ti\ccs1260\ccs\tools\compiler\ti-cgt-armllvm_3.2.1.LTS\lib\clang\15.0.7\lib\armv6m-ti-none-eabi\</path>
         <kind>archive</kind>
         <file>libclang_rt.builtins.a</file>
         <name>aeabi_dcmp.S.obj</name>
      </input_file>
      <input_file id="fl-104">
         <path>C:\ti\ccs1260\ccs\tools\compiler\ti-cgt-armllvm_3.2.1.LTS\lib\clang\15.0.7\lib\armv6m-ti-none-eabi\</path>
         <kind>archive</kind>
         <file>libclang_rt.builtins.a</file>
         <name>aeabi_fcmp.S.obj</name>
      </input_file>
      <input_file id="fl-105">
         <path>C:\ti\ccs1260\ccs\tools\compiler\ti-cgt-armllvm_3.2.1.LTS\lib\clang\15.0.7\lib\armv6m-ti-none-eabi\</path>
         <kind>archive</kind>
         <file>libclang_rt.builtins.a</file>
         <name>aeabi_idivmod.S.obj</name>
      </input_file>
      <input_file id="fl-106">
         <path>C:\ti\ccs1260\ccs\tools\compiler\ti-cgt-armllvm_3.2.1.LTS\lib\clang\15.0.7\lib\armv6m-ti-none-eabi\</path>
         <kind>archive</kind>
         <file>libclang_rt.builtins.a</file>
         <name>aeabi_memcpy.S.obj</name>
      </input_file>
      <input_file id="fl-107">
         <path>C:\ti\ccs1260\ccs\tools\compiler\ti-cgt-armllvm_3.2.1.LTS\lib\clang\15.0.7\lib\armv6m-ti-none-eabi\</path>
         <kind>archive</kind>
         <file>libclang_rt.builtins.a</file>
         <name>aeabi_memmove.S.obj</name>
      </input_file>
      <input_file id="fl-108">
         <path>C:\ti\ccs1260\ccs\tools\compiler\ti-cgt-armllvm_3.2.1.LTS\lib\clang\15.0.7\lib\armv6m-ti-none-eabi\</path>
         <kind>archive</kind>
         <file>libclang_rt.builtins.a</file>
         <name>aeabi_memset.S.obj</name>
      </input_file>
      <input_file id="fl-109">
         <path>C:\ti\ccs1260\ccs\tools\compiler\ti-cgt-armllvm_3.2.1.LTS\lib\clang\15.0.7\lib\armv6m-ti-none-eabi\</path>
         <kind>archive</kind>
         <file>libclang_rt.builtins.a</file>
         <name>aeabi_uidivmod.S.obj</name>
      </input_file>
      <input_file id="fl-10a">
         <path>C:\ti\ccs1260\ccs\tools\compiler\ti-cgt-armllvm_3.2.1.LTS\lib\clang\15.0.7\lib\armv6m-ti-none-eabi\</path>
         <kind>archive</kind>
         <file>libclang_rt.builtins.a</file>
         <name>aeabi_uldivmod.S.obj</name>
      </input_file>
      <input_file id="fl-10b">
         <path>C:\ti\ccs1260\ccs\tools\compiler\ti-cgt-armllvm_3.2.1.LTS\lib\clang\15.0.7\lib\armv6m-ti-none-eabi\</path>
         <kind>archive</kind>
         <file>libclang_rt.builtins.a</file>
         <name>comparesf2.S.obj</name>
      </input_file>
      <input_file id="fl-10c">
         <path>C:\ti\ccs1260\ccs\tools\compiler\ti-cgt-armllvm_3.2.1.LTS\lib\clang\15.0.7\lib\armv6m-ti-none-eabi\</path>
         <kind>archive</kind>
         <file>libclang_rt.builtins.a</file>
         <name>udivmoddi4.S.obj</name>
      </input_file>
      <input_file id="fl-10d">
         <path>C:\ti\ccs1260\ccs\tools\compiler\ti-cgt-armllvm_3.2.1.LTS\lib\clang\15.0.7\lib\armv6m-ti-none-eabi\</path>
         <kind>archive</kind>
         <file>libclang_rt.builtins.a</file>
         <name>ashldi3.S.obj</name>
      </input_file>
      <input_file id="fl-10e">
         <path>C:\ti\ccs1260\ccs\tools\compiler\ti-cgt-armllvm_3.2.1.LTS\lib\clang\15.0.7\lib\armv6m-ti-none-eabi\</path>
         <kind>archive</kind>
         <file>libclang_rt.builtins.a</file>
         <name>comparedf2.c.obj</name>
      </input_file>
      <input_file id="fl-10f">
         <path>C:\ti\ccs1260\ccs\tools\compiler\ti-cgt-armllvm_3.2.1.LTS\lib\clang\15.0.7\lib\armv6m-ti-none-eabi\</path>
         <kind>archive</kind>
         <file>libclang_rt.builtins.a</file>
         <name>aeabi_div0.c.obj</name>
      </input_file>
      <input_file id="fl-110">
         <path>C:\ti\ccs1260\ccs\tools\compiler\ti-cgt-armllvm_3.2.1.LTS\lib\armv6m-ti-none-eabi\c\</path>
         <kind>archive</kind>
         <file>libc.a</file>
         <name>getdevice.c.obj</name>
      </input_file>
      <input_file id="fl-111">
         <path>C:\ti\ccs1260\ccs\tools\compiler\ti-cgt-armllvm_3.2.1.LTS\lib\armv6m-ti-none-eabi\c\</path>
         <kind>archive</kind>
         <file>libc.a</file>
         <name>memcpy16.S.obj</name>
      </input_file>
      <input_file id="fl-112">
         <path>C:\ti\ccs1260\ccs\tools\compiler\ti-cgt-armllvm_3.2.1.LTS\lib\armv6m-ti-none-eabi\c\</path>
         <kind>archive</kind>
         <file>libc.a</file>
         <name>memset16.S.obj</name>
      </input_file>
      <input_file id="fl-113">
         <path>C:\ti\ccs1260\ccs\tools\compiler\ti-cgt-armllvm_3.2.1.LTS\lib\armv6m-ti-none-eabi\c\</path>
         <kind>archive</kind>
         <file>libc.a</file>
         <name>memmov.c.obj</name>
      </input_file>
   </input_file_list>
   <object_component_list>
      <object_component id="oc-18">
         <name>.intvecs</name>
         <load_address>0x0</load_address>
         <readonly>true</readonly>
         <run_address>0x0</run_address>
         <size>0xc0</size>
         <alignment>0x4</alignment>
         <input_file_ref idref="fl-11"/>
      </object_component>
      <object_component id="oc-161">
         <name>.text._Z17ST7735_DrawBitmapssPKtss</name>
         <load_address>0xa6f8</load_address>
         <readonly>true</readonly>
         <executable>true</executable>
         <run_address>0xa6f8</run_address>
         <size>0x210</size>
         <alignment>0x4</alignment>
         <input_file_ref idref="fl-8"/>
      </object_component>
      <object_component id="oc-11f">
         <name>.text._Z15Clock_Init80MHzi</name>
         <load_address>0xa908</load_address>
         <readonly>true</readonly>
         <executable>true</executable>
         <run_address>0xa908</run_address>
         <size>0x1b4</size>
         <alignment>0x4</alignment>
         <input_file_ref idref="fl-1"/>
      </object_component>
      <object_component id="oc-230">
         <name>.text._Z16ST7735_DrawCharSsscssh</name>
         <load_address>0xaabc</load_address>
         <readonly>true</readonly>
         <executable>true</executable>
         <run_address>0xaabc</run_address>
         <size>0x1a0</size>
         <alignment>0x4</alignment>
         <input_file_ref idref="fl-8"/>
      </object_component>
      <object_component id="oc-162">
         <name>.text._Z11menu_updatev</name>
         <load_address>0xac5c</load_address>
         <readonly>true</readonly>
         <executable>true</executable>
         <run_address>0xac5c</run_address>
         <size>0x178</size>
         <alignment>0x4</alignment>
         <input_file_ref idref="fl-f"/>
      </object_component>
      <object_component id="oc-1a2">
         <name>.text._openfile</name>
         <load_address>0xadd4</load_address>
         <readonly>true</readonly>
         <executable>true</executable>
         <run_address>0xadd4</run_address>
         <size>0x160</size>
         <alignment>0x4</alignment>
         <input_file_ref idref="fl-2c"/>
      </object_component>
      <object_component id="oc-22f">
         <name>.text.aligned_alloc</name>
         <load_address>0xaf34</load_address>
         <readonly>true</readonly>
         <executable>true</executable>
         <run_address>0xaf34</run_address>
         <size>0x12c</size>
         <alignment>0x4</alignment>
         <input_file_ref idref="fl-34"/>
      </object_component>
      <object_component id="oc-156">
         <name>.text._Z8ADC_InitP10ADC12_Regsjj</name>
         <load_address>0xb060</load_address>
         <readonly>true</readonly>
         <executable>true</executable>
         <run_address>0xb060</run_address>
         <size>0x128</size>
         <alignment>0x4</alignment>
         <input_file_ref idref="fl-d"/>
      </object_component>
      <object_component id="oc-184">
         <name>.text._ZNSt3__112basic_stringIcNS_11char_traitsIcEENS_9allocatorIcEEEaSERKS5_</name>
         <load_address>0xb188</load_address>
         <readonly>true</readonly>
         <executable>true</executable>
         <run_address>0xb188</run_address>
         <size>0x128</size>
         <alignment>0x4</alignment>
         <input_file_ref idref="fl-b3"/>
      </object_component>
      <object_component id="oc-1bf">
         <name>.text._Z15ST7735_FillRectsssst</name>
         <load_address>0xb2b0</load_address>
         <readonly>true</readonly>
         <executable>true</executable>
         <run_address>0xb2b0</run_address>
         <size>0x118</size>
         <alignment>0x4</alignment>
         <input_file_ref idref="fl-8"/>
      </object_component>
      <object_component id="oc-1ef">
         <name>.text._Z8SPI_Initv</name>
         <load_address>0xb3c8</load_address>
         <readonly>true</readonly>
         <executable>true</executable>
         <run_address>0xb3c8</run_address>
         <size>0xf8</size>
         <alignment>0x4</alignment>
         <input_file_ref idref="fl-7"/>
      </object_component>
      <object_component id="oc-c5">
         <name>.text._Z18ST7735_SetRotationh</name>
         <load_address>0xb4c0</load_address>
         <readonly>true</readonly>
         <executable>true</executable>
         <run_address>0xb4c0</run_address>
         <size>0xf4</size>
         <alignment>0x4</alignment>
         <input_file_ref idref="fl-8"/>
      </object_component>
      <object_component id="oc-164">
         <name>.text._Z2upv</name>
         <load_address>0xb5b4</load_address>
         <readonly>true</readonly>
         <executable>true</executable>
         <run_address>0xb5b4</run_address>
         <size>0xf4</size>
         <alignment>0x4</alignment>
         <input_file_ref idref="fl-f"/>
      </object_component>
      <object_component id="oc-128">
         <name>.text.add_device</name>
         <load_address>0xb6a8</load_address>
         <readonly>true</readonly>
         <executable>true</executable>
         <run_address>0xb6a8</run_address>
         <size>0xec</size>
         <alignment>0x4</alignment>
         <input_file_ref idref="fl-eb"/>
      </object_component>
      <object_component id="oc-1ab">
         <name>.text.free</name>
         <load_address>0xb794</load_address>
         <readonly>true</readonly>
         <executable>true</executable>
         <run_address>0xb794</run_address>
         <size>0xec</size>
         <alignment>0x4</alignment>
         <input_file_ref idref="fl-34"/>
      </object_component>
      <object_component id="oc-158">
         <name>.text._Z9UART_Initv</name>
         <load_address>0xb880</load_address>
         <readonly>true</readonly>
         <executable>true</executable>
         <run_address>0xb880</run_address>
         <size>0xe8</size>
         <alignment>0x4</alignment>
         <input_file_ref idref="fl-d"/>
      </object_component>
      <object_component id="oc-133">
         <name>.text.setvbuf</name>
         <load_address>0xb968</load_address>
         <readonly>true</readonly>
         <executable>true</executable>
         <run_address>0xb968</run_address>
         <size>0xdc</size>
         <alignment>0x4</alignment>
         <input_file_ref idref="fl-2d"/>
      </object_component>
      <object_component id="oc-43">
         <name>.text.TIMG12_IRQHandler</name>
         <load_address>0xba44</load_address>
         <readonly>true</readonly>
         <executable>true</executable>
         <run_address>0xba44</run_address>
         <size>0xd8</size>
         <alignment>0x4</alignment>
         <input_file_ref idref="fl-5"/>
      </object_component>
      <object_component id="oc-1b2">
         <name>.text._Z14ST7735_OutCharc</name>
         <load_address>0xbb1c</load_address>
         <readonly>true</readonly>
         <executable>true</executable>
         <run_address>0xbb1c</run_address>
         <size>0xd0</size>
         <alignment>0x4</alignment>
         <input_file_ref idref="fl-8"/>
      </object_component>
      <object_component id="oc-165">
         <name>.text._Z4downv</name>
         <load_address>0xbbec</load_address>
         <readonly>true</readonly>
         <executable>true</executable>
         <run_address>0xbbec</run_address>
         <size>0xcc</size>
         <alignment>0x4</alignment>
         <input_file_ref idref="fl-f"/>
      </object_component>
      <object_component id="oc-166">
         <name>.text._Z9changeSetv</name>
         <load_address>0xbcb8</load_address>
         <readonly>true</readonly>
         <executable>true</executable>
         <run_address>0xbcb8</run_address>
         <size>0xc8</size>
         <alignment>0x4</alignment>
         <input_file_ref idref="fl-f"/>
      </object_component>
      <object_component id="oc-a7">
         <name>.text.__cxx_global_var_init.5</name>
         <load_address>0xbd80</load_address>
         <readonly>true</readonly>
         <executable>true</executable>
         <run_address>0xbd80</run_address>
         <size>0xb4</size>
         <alignment>0x4</alignment>
         <input_file_ref idref="fl-f"/>
      </object_component>
      <object_component id="oc-a6">
         <name>.text.__cxx_global_var_init</name>
         <load_address>0xbe34</load_address>
         <readonly>true</readonly>
         <executable>true</executable>
         <run_address>0xbe34</run_address>
         <size>0xb0</size>
         <alignment>0x4</alignment>
         <input_file_ref idref="fl-f"/>
      </object_component>
      <object_component id="oc-15e">
         <name>.text._Z14TimerG7_IntArmtjj</name>
         <load_address>0xbee4</load_address>
         <readonly>true</readonly>
         <executable>true</executable>
         <run_address>0xbee4</run_address>
         <size>0xa8</size>
         <alignment>0x4</alignment>
         <input_file_ref idref="fl-e"/>
      </object_component>
      <object_component id="oc-217">
         <name>.text.open</name>
         <load_address>0xbf8c</load_address>
         <readonly>true</readonly>
         <executable>true</executable>
         <run_address>0xbf8c</run_address>
         <size>0xa8</size>
         <alignment>0x4</alignment>
         <input_file_ref idref="fl-e8"/>
      </object_component>
      <object_component id="oc-18b">
         <name>.text._ZL11commandListPKh</name>
         <load_address>0xc034</load_address>
         <readonly>true</readonly>
         <executable>true</executable>
         <run_address>0xc034</run_address>
         <size>0xa2</size>
         <alignment>0x2</alignment>
         <input_file_ref idref="fl-8"/>
      </object_component>
      <object_component id="oc-39">
         <name>.text.SysTick_Handler</name>
         <load_address>0xc0d6</load_address>
         <readonly>true</readonly>
         <executable>true</executable>
         <run_address>0xc0d6</run_address>
         <size>0x2</size>
         <alignment>0x2</alignment>
         <input_file_ref idref="fl-b"/>
      </object_component>
      <object_component id="oc-c0">
         <name>.text._Z17ST7735_InitPrintfv</name>
         <load_address>0xc0d8</load_address>
         <readonly>true</readonly>
         <executable>true</executable>
         <run_address>0xc0d8</run_address>
         <size>0xa0</size>
         <alignment>0x4</alignment>
         <input_file_ref idref="fl-8"/>
      </object_component>
      <object_component id="oc-112">
         <name>.text._ZN4MenuC2EPA4_NSt3__112basic_stringIcNS0_11char_traitsIcEENS0_9allocatorIcEEEEiPKi</name>
         <load_address>0xc178</load_address>
         <readonly>true</readonly>
         <executable>true</executable>
         <run_address>0xc178</run_address>
         <size>0xa0</size>
         <alignment>0x2</alignment>
         <input_file_ref idref="fl-f"/>
      </object_component>
      <object_component id="oc-180">
         <name>.text.atexit_register</name>
         <load_address>0xc218</load_address>
         <readonly>true</readonly>
         <executable>true</executable>
         <run_address>0xc218</run_address>
         <size>0x9c</size>
         <alignment>0x4</alignment>
         <input_file_ref idref="fl-2f"/>
      </object_component>
      <object_component id="oc-127">
         <name>.text._Z12ST7735_InitR10initRFlags</name>
         <load_address>0xc2b4</load_address>
         <readonly>true</readonly>
         <executable>true</executable>
         <run_address>0xc2b4</run_address>
         <size>0x98</size>
         <alignment>0x4</alignment>
         <input_file_ref idref="fl-8"/>
      </object_component>
      <object_component id="oc-c6">
         <name>.text._ZN9Joystick213JoyStick_InitEv</name>
         <load_address>0xc34c</load_address>
         <readonly>true</readonly>
         <executable>true</executable>
         <run_address>0xc34c</run_address>
         <size>0x98</size>
         <alignment>0x4</alignment>
         <input_file_ref idref="fl-3"/>
      </object_component>
      <object_component id="oc-cf">
         <name>.text._Z15TimerG12_IntArmjj</name>
         <load_address>0xc3e4</load_address>
         <readonly>true</readonly>
         <executable>true</executable>
         <run_address>0xc3e4</run_address>
         <size>0x94</size>
         <alignment>0x4</alignment>
         <input_file_ref idref="fl-e"/>
      </object_component>
      <object_component id="oc-d6">
         <name>.text._Z15periodic_updatei</name>
         <load_address>0xc478</load_address>
         <readonly>true</readonly>
         <executable>true</executable>
         <run_address>0xc478</run_address>
         <size>0x94</size>
         <alignment>0x4</alignment>
         <input_file_ref idref="fl-f"/>
      </object_component>
      <object_component id="oc-a8">
         <name>.text.__cxx_global_var_init.13</name>
         <load_address>0xc50c</load_address>
         <readonly>true</readonly>
         <executable>true</executable>
         <run_address>0xc50c</run_address>
         <size>0x90</size>
         <alignment>0x4</alignment>
         <input_file_ref idref="fl-f"/>
      </object_component>
      <object_component id="oc-9a">
         <name>.text.main</name>
         <load_address>0xc59c</load_address>
         <readonly>true</readonly>
         <executable>true</executable>
         <run_address>0xc59c</run_address>
         <size>0x90</size>
         <alignment>0x4</alignment>
         <input_file_ref idref="fl-5"/>
      </object_component>
      <object_component id="oc-1be">
         <name>.text._ZL13setAddrWindowhhhh</name>
         <load_address>0xc62c</load_address>
         <readonly>true</readonly>
         <executable>true</executable>
         <run_address>0xc62c</run_address>
         <size>0x88</size>
         <alignment>0x4</alignment>
         <input_file_ref idref="fl-8"/>
      </object_component>
      <object_component id="oc-1c1">
         <name>.text._Z17ST7735_DrawStringttPKcs</name>
         <load_address>0xc6b4</load_address>
         <readonly>true</readonly>
         <executable>true</executable>
         <run_address>0xc6b4</run_address>
         <size>0x84</size>
         <alignment>0x2</alignment>
         <input_file_ref idref="fl-8"/>
      </object_component>
      <object_component id="oc-bb">
         <name>.text._Z14LaunchPad_Initv</name>
         <load_address>0xc738</load_address>
         <readonly>true</readonly>
         <executable>true</executable>
         <run_address>0xc738</run_address>
         <size>0x7c</size>
         <alignment>0x4</alignment>
         <input_file_ref idref="fl-6"/>
      </object_component>
      <object_component id="oc-1a5">
         <name>.text.__TI_closefile</name>
         <load_address>0xc7b4</load_address>
         <readonly>true</readonly>
         <executable>true</executable>
         <run_address>0xc7b4</run_address>
         <size>0x7c</size>
         <alignment>0x4</alignment>
         <input_file_ref idref="fl-3d"/>
      </object_component>
      <object_component id="oc-1c">
         <name>.text:decompress:lzss</name>
         <load_address>0xc830</load_address>
         <readonly>true</readonly>
         <executable>true</executable>
         <run_address>0xc830</run_address>
         <size>0x78</size>
         <alignment>0x4</alignment>
         <input_file_ref idref="fl-39"/>
      </object_component>
      <object_component id="oc-284">
         <name>.text._Z16ST7735_DrawPixelsst</name>
         <load_address>0xc8a8</load_address>
         <readonly>true</readonly>
         <executable>true</executable>
         <run_address>0xc8a8</run_address>
         <size>0x70</size>
         <alignment>0x4</alignment>
         <input_file_ref idref="fl-8"/>
      </object_component>
      <object_component id="oc-205">
         <name>.text.HOSTlseek</name>
         <load_address>0xc918</load_address>
         <readonly>true</readonly>
         <executable>true</executable>
         <run_address>0xc918</run_address>
         <size>0x6c</size>
         <alignment>0x4</alignment>
         <input_file_ref idref="fl-ee"/>
      </object_component>
      <object_component id="oc-20d">
         <name>.text.HOSTrename</name>
         <load_address>0xc984</load_address>
         <readonly>true</readonly>
         <executable>true</executable>
         <run_address>0xc984</run_address>
         <size>0x6c</size>
         <alignment>0x4</alignment>
         <input_file_ref idref="fl-f1"/>
      </object_component>
      <object_component id="oc-7b">
         <name>.text._ZN9Joystick27ConvertEPiS0_</name>
         <load_address>0xc9f0</load_address>
         <readonly>true</readonly>
         <executable>true</executable>
         <run_address>0xc9f0</run_address>
         <size>0x6c</size>
         <alignment>0x4</alignment>
         <input_file_ref idref="fl-3"/>
      </object_component>
      <object_component id="oc-24b">
         <name>.text.__cxa_finalize</name>
         <load_address>0xca5c</load_address>
         <readonly>true</readonly>
         <executable>true</executable>
         <run_address>0xca5c</run_address>
         <size>0x6c</size>
         <alignment>0x4</alignment>
         <input_file_ref idref="fl-2f"/>
      </object_component>
      <object_component id="oc-26b">
         <name>.text.getdevice</name>
         <load_address>0xcac8</load_address>
         <readonly>true</readonly>
         <executable>true</executable>
         <run_address>0xcac8</run_address>
         <size>0x68</size>
         <alignment>0x4</alignment>
         <input_file_ref idref="fl-110"/>
      </object_component>
      <object_component id="oc-a9">
         <name>.text.__cxx_global_var_init.21</name>
         <load_address>0xcb30</load_address>
         <readonly>true</readonly>
         <executable>true</executable>
         <run_address>0xcb30</run_address>
         <size>0x64</size>
         <alignment>0x4</alignment>
         <input_file_ref idref="fl-f"/>
      </object_component>
      <object_component id="oc-282">
         <name>.text.split</name>
         <load_address>0xcb94</load_address>
         <readonly>true</readonly>
         <executable>true</executable>
         <run_address>0xcb94</run_address>
         <size>0x64</size>
         <alignment>0x4</alignment>
         <input_file_ref idref="fl-34"/>
      </object_component>
      <object_component id="oc-1f5">
         <name>.text.HOSTopen</name>
         <load_address>0xcbf8</load_address>
         <readonly>true</readonly>
         <executable>true</executable>
         <run_address>0xcbf8</run_address>
         <size>0x60</size>
         <alignment>0x4</alignment>
         <input_file_ref idref="fl-ef"/>
      </object_component>
      <object_component id="oc-1fd">
         <name>.text.HOSTread</name>
         <load_address>0xcc58</load_address>
         <readonly>true</readonly>
         <executable>true</executable>
         <run_address>0xcc58</run_address>
         <size>0x58</size>
         <alignment>0x4</alignment>
         <input_file_ref idref="fl-f0"/>
      </object_component>
      <object_component id="oc-201">
         <name>.text.HOSTwrite</name>
         <load_address>0xccb0</load_address>
         <readonly>true</readonly>
         <executable>true</executable>
         <run_address>0xccb0</run_address>
         <size>0x58</size>
         <alignment>0x4</alignment>
         <input_file_ref idref="fl-f3"/>
      </object_component>
      <object_component id="oc-ce">
         <name>.text._Z10TExaS_InitP10ADC12_RegsjPFhvE</name>
         <load_address>0xcd08</load_address>
         <readonly>true</readonly>
         <executable>true</executable>
         <run_address>0xcd08</run_address>
         <size>0x58</size>
         <alignment>0x4</alignment>
         <input_file_ref idref="fl-d"/>
      </object_component>
      <object_component id="oc-c7">
         <name>.text._Z11Switch_Initv</name>
         <load_address>0xcd60</load_address>
         <readonly>true</readonly>
         <executable>true</executable>
         <run_address>0xcd60</run_address>
         <size>0x58</size>
         <alignment>0x4</alignment>
         <input_file_ref idref="fl-c"/>
      </object_component>
      <object_component id="oc-1cb">
         <name>.text.__aeabi_idivmod</name>
         <load_address>0xcdb8</load_address>
         <readonly>true</readonly>
         <executable>true</executable>
         <run_address>0xcdb8</run_address>
         <size>0x56</size>
         <alignment>0x4</alignment>
         <input_file_ref idref="fl-105"/>
      </object_component>
      <object_component id="oc-178">
         <name>.text._ZNSt3__112basic_stringIcNS_11char_traitsIcEENS_9allocatorIcEEE6__initEPKcj</name>
         <load_address>0xce0e</load_address>
         <readonly>true</readonly>
         <executable>true</executable>
         <run_address>0xce0e</run_address>
         <size>0x54</size>
         <alignment>0x2</alignment>
         <input_file_ref idref="fl-b3"/>
      </object_component>
      <object_component id="oc-1de">
         <name>.text._Znwj</name>
         <load_address>0xce62</load_address>
         <readonly>true</readonly>
         <executable>true</executable>
         <run_address>0xce62</run_address>
         <size>0x54</size>
         <alignment>0x2</alignment>
         <input_file_ref idref="fl-b4"/>
      </object_component>
      <object_component id="oc-1b8">
         <name>.text.__aeabi_idiv0</name>
         <load_address>0xceb6</load_address>
         <readonly>true</readonly>
         <executable>true</executable>
         <run_address>0xceb6</run_address>
         <size>0x2</size>
         <alignment>0x2</alignment>
         <input_file_ref idref="fl-10f"/>
      </object_component>
      <object_component id="oc-e5">
         <name>.text:__TI_auto_init_nobinit</name>
         <load_address>0xceb8</load_address>
         <readonly>true</readonly>
         <executable>true</executable>
         <run_address>0xceb8</run_address>
         <size>0x54</size>
         <alignment>0x4</alignment>
         <input_file_ref idref="fl-42"/>
      </object_component>
      <object_component id="oc-21b">
         <name>.text.__TI_doflush</name>
         <load_address>0xcf0c</load_address>
         <readonly>true</readonly>
         <executable>true</executable>
         <run_address>0xcf0c</run_address>
         <size>0x52</size>
         <alignment>0x2</alignment>
         <input_file_ref idref="fl-3e"/>
      </object_component>
      <object_component id="oc-1cf">
         <name>.text._nop</name>
         <load_address>0xcf5e</load_address>
         <readonly>true</readonly>
         <executable>true</executable>
         <run_address>0xcf5e</run_address>
         <size>0x2</size>
         <alignment>0x2</alignment>
         <input_file_ref idref="fl-31"/>
      </object_component>
      <object_component id="oc-cd">
         <name>.text._Z10Sound_Initv</name>
         <load_address>0xcf60</load_address>
         <readonly>true</readonly>
         <executable>true</executable>
         <run_address>0xcf60</run_address>
         <size>0x50</size>
         <alignment>0x4</alignment>
         <input_file_ref idref="fl-b"/>
      </object_component>
      <object_component id="oc-221">
         <name>.text.close</name>
         <load_address>0xcfb0</load_address>
         <readonly>true</readonly>
         <executable>true</executable>
         <run_address>0xcfb0</run_address>
         <size>0x50</size>
         <alignment>0x4</alignment>
         <input_file_ref idref="fl-ea"/>
      </object_component>
      <object_component id="oc-1f9">
         <name>.text.HOSTclose</name>
         <load_address>0xd000</load_address>
         <readonly>true</readonly>
         <executable>true</executable>
         <run_address>0xd000</run_address>
         <size>0x48</size>
         <alignment>0x4</alignment>
         <input_file_ref idref="fl-ed"/>
      </object_component>
      <object_component id="oc-209">
         <name>.text.HOSTunlink</name>
         <load_address>0xd048</load_address>
         <readonly>true</readonly>
         <executable>true</executable>
         <run_address>0xd048</run_address>
         <size>0x48</size>
         <alignment>0x4</alignment>
         <input_file_ref idref="fl-f2"/>
      </object_component>
      <object_component id="oc-147">
         <name>.text._Z14SPI_OutCommandc</name>
         <load_address>0xd090</load_address>
         <readonly>true</readonly>
         <executable>true</executable>
         <run_address>0xd090</run_address>
         <size>0x48</size>
         <alignment>0x4</alignment>
         <input_file_ref idref="fl-7"/>
      </object_component>
      <object_component id="oc-c8">
         <name>.text._Z8LED_Initv</name>
         <load_address>0xd0d8</load_address>
         <readonly>true</readonly>
         <executable>true</executable>
         <run_address>0xd0d8</run_address>
         <size>0x44</size>
         <alignment>0x4</alignment>
         <input_file_ref idref="fl-4"/>
      </object_component>
      <object_component id="oc-3e">
         <name>.text.TIMG7_IRQHandler</name>
         <load_address>0xd11c</load_address>
         <readonly>true</readonly>
         <executable>true</executable>
         <run_address>0xd11c</run_address>
         <size>0x40</size>
         <alignment>0x4</alignment>
         <input_file_ref idref="fl-d"/>
      </object_component>
      <object_component id="oc-24c">
         <name>.text._Z9SPI_Resetv</name>
         <load_address>0xd15c</load_address>
         <readonly>true</readonly>
         <executable>true</executable>
         <run_address>0xd15c</run_address>
         <size>0x40</size>
         <alignment>0x4</alignment>
         <input_file_ref idref="fl-7"/>
      </object_component>
      <object_component id="oc-15a">
         <name>.text.__aeabi_uidivmod</name>
         <load_address>0xd19c</load_address>
         <readonly>true</readonly>
         <executable>true</executable>
         <run_address>0xd19c</run_address>
         <size>0x40</size>
         <alignment>0x4</alignment>
         <input_file_ref idref="fl-109"/>
      </object_component>
      <object_component id="oc-1a1">
         <name>.text._search_fp</name>
         <load_address>0xd1dc</load_address>
         <readonly>true</readonly>
         <executable>true</executable>
         <run_address>0xd1dc</run_address>
         <size>0x40</size>
         <alignment>0x4</alignment>
         <input_file_ref idref="fl-2c"/>
      </object_component>
      <object_component id="oc-14c">
         <name>.text._Z11SPI_OutDatac</name>
         <load_address>0xd21c</load_address>
         <readonly>true</readonly>
         <executable>true</executable>
         <run_address>0xd21c</run_address>
         <size>0x38</size>
         <alignment>0x4</alignment>
         <input_file_ref idref="fl-7"/>
      </object_component>
      <object_component id="oc-124">
         <name>.text._Z15ActivatePortA_Bv</name>
         <load_address>0xd254</load_address>
         <readonly>true</readonly>
         <executable>true</executable>
         <run_address>0xd254</run_address>
         <size>0x38</size>
         <alignment>0x4</alignment>
         <input_file_ref idref="fl-6"/>
      </object_component>
      <object_component id="oc-195">
         <name>.text.finddevice</name>
         <load_address>0xd28c</load_address>
         <readonly>true</readonly>
         <executable>true</executable>
         <run_address>0xd28c</run_address>
         <size>0x38</size>
         <alignment>0x4</alignment>
         <input_file_ref idref="fl-110"/>
      </object_component>
      <object_component id="oc-13b">
         <name>.text._Z12ST7735_writeiPKcj</name>
         <load_address>0xd2c4</load_address>
         <readonly>true</readonly>
         <executable>true</executable>
         <run_address>0xd2c4</run_address>
         <size>0x34</size>
         <alignment>0x2</alignment>
         <input_file_ref idref="fl-8"/>
      </object_component>
      <object_component id="oc-1f0">
         <name>.text._Z14Clock_Delay1msj</name>
         <load_address>0xd2f8</load_address>
         <readonly>true</readonly>
         <executable>true</executable>
         <run_address>0xd2f8</run_address>
         <size>0x34</size>
         <alignment>0x4</alignment>
         <input_file_ref idref="fl-1"/>
      </object_component>
      <object_component id="oc-18c">
         <name>.text._Z16ST7735_SetCursorjj</name>
         <load_address>0xd32c</load_address>
         <readonly>true</readonly>
         <executable>true</executable>
         <run_address>0xd32c</run_address>
         <size>0x34</size>
         <alignment>0x4</alignment>
         <input_file_ref idref="fl-8"/>
      </object_component>
      <object_component id="oc-1ae">
         <name>.text.__TI_cleanup</name>
         <load_address>0xd360</load_address>
         <readonly>true</readonly>
         <executable>true</executable>
         <run_address>0xd360</run_address>
         <size>0x34</size>
         <alignment>0x4</alignment>
         <input_file_ref idref="fl-2c"/>
      </object_component>
      <object_component id="oc-253">
         <name>.text.__TI_readmsg</name>
         <load_address>0xd394</load_address>
         <readonly>true</readonly>
         <executable>true</executable>
         <run_address>0xd394</run_address>
         <size>0x34</size>
         <alignment>0x4</alignment>
         <input_file_ref idref="fl-f4"/>
      </object_component>
      <object_component id="oc-24d">
         <name>.text.__TI_writemsg</name>
         <load_address>0xd3c8</load_address>
         <readonly>true</readonly>
         <executable>true</executable>
         <run_address>0xd3c8</run_address>
         <size>0x34</size>
         <alignment>0x4</alignment>
         <input_file_ref idref="fl-f4"/>
      </object_component>
      <object_component id="oc-dd">
         <name>.text.exit</name>
         <load_address>0xd3fc</load_address>
         <readonly>true</readonly>
         <executable>true</executable>
         <run_address>0xd3fc</run_address>
         <size>0x34</size>
         <alignment>0x4</alignment>
         <input_file_ref idref="fl-30"/>
      </object_component>
      <object_component id="oc-132">
         <name>.text.freopen</name>
         <load_address>0xd430</load_address>
         <readonly>true</readonly>
         <executable>true</executable>
         <run_address>0xd430</run_address>
         <size>0x34</size>
         <alignment>0x4</alignment>
         <input_file_ref idref="fl-2c"/>
      </object_component>
      <object_component id="oc-f2">
         <name>.text._ZNSt3__112basic_stringIcNS_11char_traitsIcEENS_9allocatorIcEEEC2B6v15007IDnEEPKc</name>
         <load_address>0xd464</load_address>
         <readonly>true</readonly>
         <executable>true</executable>
         <run_address>0xd464</run_address>
         <size>0x32</size>
         <alignment>0x2</alignment>
         <input_file_ref idref="fl-f"/>
      </object_component>
      <object_component id="oc-d5">
         <name>.text._Z6LED_Onj</name>
         <load_address>0xd498</load_address>
         <readonly>true</readonly>
         <executable>true</executable>
         <run_address>0xd498</run_address>
         <size>0x30</size>
         <alignment>0x4</alignment>
         <input_file_ref idref="fl-4"/>
      </object_component>
      <object_component id="oc-18a">
         <name>.text._ZL10commonInitPKh</name>
         <load_address>0xd4c8</load_address>
         <readonly>true</readonly>
         <executable>true</executable>
         <run_address>0xd4c8</run_address>
         <size>0x30</size>
         <alignment>0x4</alignment>
         <input_file_ref idref="fl-8"/>
      </object_component>
      <object_component id="oc-117">
         <name>.text.__cxx_global_array_dtor.22</name>
         <load_address>0xd4f8</load_address>
         <readonly>true</readonly>
         <executable>true</executable>
         <run_address>0xd4f8</run_address>
         <size>0x30</size>
         <alignment>0x4</alignment>
         <input_file_ref idref="fl-f"/>
      </object_component>
      <object_component id="oc-12c">
         <name>.text.fopen</name>
         <load_address>0xd528</load_address>
         <readonly>true</readonly>
         <executable>true</executable>
         <run_address>0xd528</run_address>
         <size>0x30</size>
         <alignment>0x4</alignment>
         <input_file_ref idref="fl-2c"/>
      </object_component>
      <object_component id="oc-185">
         <name>.text._ZN4MenuD2Ev</name>
         <load_address>0xd558</load_address>
         <readonly>true</readonly>
         <executable>true</executable>
         <run_address>0xd558</run_address>
         <size>0x2e</size>
         <alignment>0x2</alignment>
         <input_file_ref idref="fl-f"/>
      </object_component>
      <object_component id="oc-286">
         <name>.text._ZNKSt3__112basic_stringIcNS_11char_traitsIcEENS_9allocatorIcEEE13__get_pointerB6v15007Ev</name>
         <load_address>0xd586</load_address>
         <readonly>true</readonly>
         <executable>true</executable>
         <run_address>0xd586</run_address>
         <size>0x2e</size>
         <alignment>0x2</alignment>
         <input_file_ref idref="fl-f"/>
      </object_component>
      <object_component id="oc-18d">
         <name>.text._Z17ST7735_FillScreent</name>
         <load_address>0xd5b4</load_address>
         <readonly>true</readonly>
         <executable>true</executable>
         <run_address>0xd5b4</run_address>
         <size>0x2c</size>
         <alignment>0x4</alignment>
         <input_file_ref idref="fl-8"/>
      </object_component>
      <object_component id="oc-80">
         <name>.text._Z9Switch_Inv</name>
         <load_address>0xd5e0</load_address>
         <readonly>true</readonly>
         <executable>true</executable>
         <run_address>0xd5e0</run_address>
         <size>0x2c</size>
         <alignment>0x4</alignment>
         <input_file_ref idref="fl-c"/>
      </object_component>
      <object_component id="oc-109">
         <name>.text.__cxx_global_array_dtor.12</name>
         <load_address>0xd60c</load_address>
         <readonly>true</readonly>
         <executable>true</executable>
         <run_address>0xd60c</run_address>
         <size>0x2c</size>
         <alignment>0x4</alignment>
         <input_file_ref idref="fl-f"/>
      </object_component>
      <object_component id="oc-111">
         <name>.text.__cxx_global_array_dtor.20</name>
         <load_address>0xd638</load_address>
         <readonly>true</readonly>
         <executable>true</executable>
         <run_address>0xd638</run_address>
         <size>0x2c</size>
         <alignment>0x4</alignment>
         <input_file_ref idref="fl-f"/>
      </object_component>
      <object_component id="oc-100">
         <name>.text.__cxx_global_array_dtor</name>
         <load_address>0xd664</load_address>
         <readonly>true</readonly>
         <executable>true</executable>
         <run_address>0xd664</run_address>
         <size>0x2c</size>
         <alignment>0x4</alignment>
         <input_file_ref idref="fl-f"/>
      </object_component>
      <object_component id="oc-27a">
         <name>.text.unlink</name>
         <load_address>0xd690</load_address>
         <readonly>true</readonly>
         <executable>true</executable>
         <run_address>0xd690</run_address>
         <size>0x2c</size>
         <alignment>0x4</alignment>
         <input_file_ref idref="fl-ec"/>
      </object_component>
      <object_component id="oc-157">
         <name>.text._Z9ADC_StartP10ADC12_Regs</name>
         <load_address>0xd6bc</load_address>
         <readonly>true</readonly>
         <executable>true</executable>
         <run_address>0xd6bc</run_address>
         <size>0x28</size>
         <alignment>0x4</alignment>
         <input_file_ref idref="fl-d"/>
      </object_component>
      <object_component id="oc-22e">
         <name>.text.free_list_insert</name>
         <load_address>0xd6e4</load_address>
         <readonly>true</readonly>
         <executable>true</executable>
         <run_address>0xd6e4</run_address>
         <size>0x28</size>
         <alignment>0x4</alignment>
         <input_file_ref idref="fl-34"/>
      </object_component>
      <object_component id="oc-245">
         <name>.text.memmove</name>
         <load_address>0xd70c</load_address>
         <readonly>true</readonly>
         <executable>true</executable>
         <run_address>0xd70c</run_address>
         <size>0x28</size>
         <alignment>0x2</alignment>
         <input_file_ref idref="fl-113"/>
      </object_component>
      <object_component id="oc-271">
         <name>.text.write</name>
         <load_address>0xd734</load_address>
         <readonly>true</readonly>
         <executable>true</executable>
         <run_address>0xd734</run_address>
         <size>0x28</size>
         <alignment>0x4</alignment>
         <input_file_ref idref="fl-e4"/>
      </object_component>
      <object_component id="oc-63">
         <name>.text:_c_int00_noargs</name>
         <load_address>0xd75c</load_address>
         <readonly>true</readonly>
         <executable>true</executable>
         <run_address>0xd75c</run_address>
         <size>0x28</size>
         <alignment>0x4</alignment>
         <input_file_ref idref="fl-3a"/>
      </object_component>
      <object_component id="oc-1ea">
         <name>.text._ZNSt3__112basic_stringIcNS_11char_traitsIcEENS_9allocatorIcEEE6__zeroB6v15007Ev</name>
         <load_address>0xd784</load_address>
         <readonly>true</readonly>
         <executable>true</executable>
         <run_address>0xd784</run_address>
         <size>0x26</size>
         <alignment>0x2</alignment>
         <input_file_ref idref="fl-f"/>
      </object_component>
      <object_component id="oc-f3">
         <name>.text._ZNSt3__112basic_stringIcNS_11char_traitsIcEENS_9allocatorIcEEEC2B6v15007Ev</name>
         <load_address>0xd7aa</load_address>
         <readonly>true</readonly>
         <executable>true</executable>
         <run_address>0xd7aa</run_address>
         <size>0x24</size>
         <alignment>0x2</alignment>
         <input_file_ref idref="fl-f"/>
      </object_component>
      <object_component id="oc-137">
         <name>.text._Z20ST7735_InvertDisplayi</name>
         <load_address>0xd7ce</load_address>
         <readonly>true</readonly>
         <executable>true</executable>
         <run_address>0xd7ce</run_address>
         <size>0x22</size>
         <alignment>0x2</alignment>
         <input_file_ref idref="fl-8"/>
      </object_component>
      <object_component id="oc-d4">
         <name>.text._Z12tronMenuInitv</name>
         <load_address>0xd7f0</load_address>
         <readonly>true</readonly>
         <executable>true</executable>
         <run_address>0xd7f0</run_address>
         <size>0x20</size>
         <alignment>0x4</alignment>
         <input_file_ref idref="fl-f"/>
      </object_component>
      <object_component id="oc-29b">
         <name>.text._ZL9pushColort</name>
         <load_address>0xd810</load_address>
         <readonly>true</readonly>
         <executable>true</executable>
         <run_address>0xd810</run_address>
         <size>0x1e</size>
         <alignment>0x2</alignment>
         <input_file_ref idref="fl-8"/>
      </object_component>
      <object_component id="oc-176">
         <name>.text._ZNSt3__117__compressed_pairINS_12basic_stringIcNS_11char_traitsIcEENS_9allocatorIcEEE5__repES5_EC2B6v15007INS_18__default_init_tagESA_EEOT_OT0_</name>
         <load_address>0xd82e</load_address>
         <readonly>true</readonly>
         <executable>true</executable>
         <run_address>0xd82e</run_address>
         <size>0x1e</size>
         <alignment>0x2</alignment>
         <input_file_ref idref="fl-f"/>
      </object_component>
      <object_component id="oc-22c">
         <name>.text.free_list_remove</name>
         <load_address>0xd84c</load_address>
         <readonly>true</readonly>
         <executable>true</executable>
         <run_address>0xd84c</run_address>
         <size>0x1c</size>
         <alignment>0x4</alignment>
         <input_file_ref idref="fl-34"/>
      </object_component>
      <object_component id="oc-13e">
         <name>.text._Z11ST7735_openPKcji</name>
         <load_address>0xd868</load_address>
         <readonly>true</readonly>
         <executable>true</executable>
         <run_address>0xd868</run_address>
         <size>0x16</size>
         <alignment>0x2</alignment>
         <input_file_ref idref="fl-8"/>
      </object_component>
      <object_component id="oc-13c">
         <name>.text._Z11ST7735_readiPcj</name>
         <load_address>0xd87e</load_address>
         <readonly>true</readonly>
         <executable>true</executable>
[...]
         <value>0xd8ab</value>
         <object_component_ref idref="oc-29e"/>
      </symbol>
      <symbol id="sm-226">
         <name>_ZNKSt3__117__compressed_pairINS_12basic_stringIcNS_11char_traitsIcEENS_9allocatorIcEEE5__repES5_E5firstB6v15007Ev</name>
         <value>0xd9f1</value>
         <object_component_ref idref="oc-2a4"/>
      </symbol>
      <symbol id="sm-227">
         <name>_ZNSt3__114pointer_traitsIPKcE10pointer_toB6v15007ERS1_</name>
         <value>0xdae7</value>
         <object_component_ref idref="oc-2a5"/>
      </symbol>
      <symbol id="sm-228">
         <name>_ZNKSt3__122__compressed_pair_elemINS_12basic_stringIcNS_11char_traitsIcEENS_9allocatorIcEEE5__repELi0ELb0EE5__getB6v15007Ev</name>
         <value>0xdad3</value>
         <object_component_ref idref="oc-2a6"/>
      </symbol>
      <symbol id="sm-236">
         <name>Default_Handler</name>
         <value>0xdb49</value>
         <object_component_ref idref="oc-37"/>
      </symbol>
      <symbol id="sm-237">
         <name>Reset_Handler</name>
         <value>0xdb51</value>
         <object_component_ref idref="oc-33"/>
      </symbol>
      <symbol id="sm-238">
         <name>HardFault_Handler</name>
         <value>0xdb4d</value>
         <object_component_ref idref="oc-38"/>
      </symbol>
      <symbol id="sm-239">
         <name>interruptVectors</name>
         <value>0x0</value>
         <object_component_ref idref="oc-18"/>
      </symbol>
      <symbol id="sm-23a">
         <name>NMI_Handler</name>
         <value>0xdb49</value>
         <object_component_ref idref="oc-37"/>
      </symbol>
      <symbol id="sm-23b">
         <name>SVC_Handler</name>
         <value>0xdb49</value>
         <object_component_ref idref="oc-37"/>
      </symbol>
      <symbol id="sm-23c">
         <name>PendSV_Handler</name>
         <value>0xdb49</value>
         <object_component_ref idref="oc-37"/>
      </symbol>
      <symbol id="sm-23d">
         <name>GROUP0_IRQHandler</name>
         <value>0xdb49</value>
         <object_component_ref idref="oc-37"/>
      </symbol>
      <symbol id="sm-23e">
         <name>GROUP1_IRQHandler</name>
         <value>0xdb49</value>
         <object_component_ref idref="oc-37"/>
      </symbol>
      <symbol id="sm-23f">
         <name>TIMG8_IRQHandler</name>
         <value>0xdb49</value>
         <object_component_ref idref="oc-37"/>
      </symbol>
      <symbol id="sm-240">
         <name>UART3_IRQHandler</name>
         <value>0xdb49</value>
         <object_component_ref idref="oc-37"/>
      </symbol>
      <symbol id="sm-241">
         <name>ADC0_IRQHandler</name>
         <value>0xdb49</value>
         <object_component_ref idref="oc-37"/>
      </symbol>
      <symbol id="sm-242">
         <name>ADC1_IRQHandler</name>
         <value>0xdb49</value>
         <object_component_ref idref="oc-37"/>
      </symbol>
      <symbol id="sm-243">
         <name>CANFD0_IRQHandler</name>
         <value>0xdb49</value>
         <object_component_ref idref="oc-37"/>
      </symbol>
      <symbol id="sm-244">
         <name>DAC0_IRQHandler</name>
         <value>0xdb49</value>
         <object_component_ref idref="oc-37"/>
      </symbol>
      <symbol id="sm-245">
         <name>SPI0_IRQHandler</name>
         <value>0xdb49</value>
         <object_component_ref idref="oc-37"/>
      </symbol>
      <symbol id="sm-246">
         <name>SPI1_IRQHandler</name>
         <value>0xdb49</value>
         <object_component_ref idref="oc-37"/>
      </symbol>
      <symbol id="sm-247">
         <name>UART1_IRQHandler</name>
         <value>0xdb49</value>
         <object_component_ref idref="oc-37"/>
      </symbol>
      <symbol id="sm-248">
         <name>UART2_IRQHandler</name>
         <value>0xdb49</value>
         <object_component_ref idref="oc-37"/>
      </symbol>
      <symbol id="sm-249">
         <name>UART0_IRQHandler</name>
         <value>0xdb49</value>
         <object_component_ref idref="oc-37"/>
      </symbol>
      <symbol id="sm-24a">
         <name>TIMG0_IRQHandler</name>
         <value>0xdb49</value>
         <object_component_ref idref="oc-37"/>
      </symbol>
      <symbol id="sm-24b">
         <name>TIMG6_IRQHandler</name>
         <value>0xdb49</value>
         <object_component_ref idref="oc-37"/>
      </symbol>
      <symbol id="sm-24c">
         <name>TIMA0_IRQHandler</name>
         <value>0xdb49</value>
         <object_component_ref idref="oc-37"/>
      </symbol>
      <symbol id="sm-24d">
         <name>TIMA1_IRQHandler</name>
         <value>0xdb49</value>
         <object_component_ref idref="oc-37"/>
      </symbol>
      <symbol id="sm-24e">
         <name>I2C0_IRQHandler</name>
         <value>0xdb49</value>
         <object_component_ref idref="oc-37"/>
      </symbol>
      <symbol id="sm-24f">
         <name>I2C1_IRQHandler</name>
         <value>0xdb49</value>
         <object_component_ref idref="oc-37"/>
      </symbol>
      <symbol id="sm-250">
         <name>AES_IRQHandler</name>
         <value>0xdb49</value>
         <object_component_ref idref="oc-37"/>
      </symbol>
      <symbol id="sm-251">
         <name>RTC_IRQHandler</name>
         <value>0xdb49</value>
         <object_component_ref idref="oc-37"/>
      </symbol>
      <symbol id="sm-252">
         <name>DMA_IRQHandler</name>
         <value>0xdb49</value>
         <object_component_ref idref="oc-37"/>
      </symbol>
      <symbol id="sm-253">
         <name>__TI_ATRegion0_src_addr</name>
         <value>0x0</value>
      </symbol>
      <symbol id="sm-254">
         <name>__TI_ATRegion0_trg_addr</name>
         <value>0x0</value>
      </symbol>
      <symbol id="sm-255">
         <name>__TI_ATRegion0_region_sz</name>
         <value>0x0</value>
      </symbol>
      <symbol id="sm-256">
         <name>__TI_ATRegion1_src_addr</name>
         <value>0x0</value>
      </symbol>
      <symbol id="sm-257">
         <name>__TI_ATRegion1_trg_addr</name>
         <value>0x0</value>
      </symbol>
      <symbol id="sm-258">
         <name>__TI_ATRegion1_region_sz</name>
         <value>0x0</value>
      </symbol>
      <symbol id="sm-259">
         <name>__TI_ATRegion2_src_addr</name>
         <value>0x0</value>
      </symbol>
      <symbol id="sm-25a">
         <name>__TI_ATRegion2_trg_addr</name>
         <value>0x0</value>
      </symbol>
      <symbol id="sm-25b">
         <name>__TI_ATRegion2_region_sz</name>
         <value>0x0</value>
      </symbol>
      <symbol id="sm-274">
         <name>fopen</name>
         <value>0xd529</value>
         <object_component_ref idref="oc-12c"/>
      </symbol>
      <symbol id="sm-275">
         <name>__TI_cleanup</name>
         <value>0xd361</value>
         <object_component_ref idref="oc-1ae"/>
      </symbol>
      <symbol id="sm-276">
         <name>freopen</name>
         <value>0xd431</value>
         <object_component_ref idref="oc-132"/>
      </symbol>
      <symbol id="sm-280">
         <name>setvbuf</name>
         <value>0xb969</value>
         <object_component_ref idref="oc-133"/>
      </symbol>
      <symbol id="sm-298">
         <name>__cxa_ia64_exit</name>
         <value>0xdb39</value>
         <object_component_ref idref="oc-1eb"/>
      </symbol>
      <symbol id="sm-299">
         <name>__cxa_atexit</name>
         <value>0xd951</value>
         <object_component_ref idref="oc-f4"/>
      </symbol>
      <symbol id="sm-29a">
         <name>__cxa_finalize</name>
         <value>0xca5d</value>
         <object_component_ref idref="oc-24b"/>
      </symbol>
      <symbol id="sm-2a8">
         <name>abort</name>
         <value>0xdb59</value>
         <object_component_ref idref="oc-d8"/>
      </symbol>
      <symbol id="sm-2a9">
         <name>C$$EXIT</name>
         <value>0xdb58</value>
         <object_component_ref idref="oc-d8"/>
      </symbol>
      <symbol id="sm-2aa">
         <name>__dso_handle</name>
         <value>0x20200498</value>
         <object_component_ref idref="oc-101"/>
      </symbol>
      <symbol id="sm-2ab">
         <name>__TI_cleanup_ptr</name>
         <value>0x20200474</value>
         <object_component_ref idref="oc-16e"/>
      </symbol>
      <symbol id="sm-2ac">
         <name>__TI_dtors_ptr</name>
         <value>0x20200478</value>
         <object_component_ref idref="oc-16e"/>
      </symbol>
      <symbol id="sm-2ad">
         <name>exit</name>
         <value>0xd3fd</value>
         <object_component_ref idref="oc-dd"/>
      </symbol>
      <symbol id="sm-2b6">
         <name>_nop</name>
         <value>0xcf5f</value>
         <object_component_ref idref="oc-1cf"/>
      </symbol>
      <symbol id="sm-2b7">
         <name>_lock</name>
         <value>0x2020049c</value>
         <object_component_ref idref="oc-16c"/>
      </symbol>
      <symbol id="sm-2b8">
         <name>_unlock</name>
         <value>0x202004a0</value>
         <object_component_ref idref="oc-16f"/>
      </symbol>
      <symbol id="sm-2be">
         <name>_ftable</name>
         <value>0x20200168</value>
         <object_component_ref idref="oc-142"/>
      </symbol>
      <symbol id="sm-2bf">
         <name>__TI_ft_end</name>
         <value>0x20200490</value>
         <object_component_ref idref="oc-216"/>
      </symbol>
      <symbol id="sm-2c0">
         <name>__TI_tmpnams</name>
         <value>0x20200610</value>
         <object_component_ref idref="oc-229"/>
      </symbol>
      <symbol id="sm-2e3">
         <name>malloc</name>
         <value>0xdaa9</value>
         <object_component_ref idref="oc-1ad"/>
      </symbol>
      <symbol id="sm-2e4">
         <name>aligned_alloc</name>
         <value>0xaf35</value>
         <object_component_ref idref="oc-22f"/>
      </symbol>
      <symbol id="sm-2e5">
         <name>free</name>
         <value>0xb795</value>
         <object_component_ref idref="oc-1ab"/>
      </symbol>
      <symbol id="sm-2e6">
         <name>_sys_memory</name>
         <value>0x20200758</value>
         <object_component_ref idref="oc-31"/>
      </symbol>
      <symbol id="sm-2e7">
         <name>memalign</name>
         <value>0xaf35</value>
         <object_component_ref idref="oc-22f"/>
      </symbol>
      <symbol id="sm-2f0">
         <name>strlen</name>
         <value>0xda4d</value>
         <object_component_ref idref="oc-1da"/>
      </symbol>
      <symbol id="sm-2fb">
         <name>__TI_zero_init_nomemset</name>
         <value>0xd8d7</value>
         <object_component_ref idref="oc-5a"/>
      </symbol>
      <symbol id="sm-304">
         <name>__TI_decompress_none</name>
         <value>0xd9af</value>
         <object_component_ref idref="oc-20"/>
      </symbol>
      <symbol id="sm-30f">
         <name>__TI_decompress_lzss</name>
         <value>0xc831</value>
         <object_component_ref idref="oc-1c"/>
      </symbol>
      <symbol id="sm-31a">
         <name>_c_int00_noargs</name>
         <value>0xd75d</value>
         <object_component_ref idref="oc-63"/>
      </symbol>
      <symbol id="sm-31b">
         <name>__stack</name>
         <value>0x20207e00</value>
         <object_component_ref idref="oc-1a"/>
      </symbol>
      <symbol id="sm-328">
         <name>__TI_closefile</name>
         <value>0xc7b5</value>
         <object_component_ref idref="oc-1a5"/>
      </symbol>
      <symbol id="sm-332">
         <name>__TI_doflush</name>
         <value>0xcf0d</value>
         <object_component_ref idref="oc-21b"/>
      </symbol>
      <symbol id="sm-340">
         <name>__TI_auto_init_nobinit</name>
         <value>0xceb9</value>
         <object_component_ref idref="oc-e5"/>
      </symbol>
      <symbol id="sm-348">
         <name>_system_pre_init</name>
         <value>0xdb55</value>
         <object_component_ref idref="oc-96"/>
      </symbol>
      <symbol id="sm-360">
         <name>_ZNSt3__112basic_stringIcNS_11char_traitsIcEENS_9allocatorIcEEED2Ev</name>
         <value>0xd915</value>
         <object_component_ref idref="oc-183"/>
      </symbol>
      <symbol id="sm-361">
         <name>_ZNSt3__112basic_stringIcNS_11char_traitsIcEENS_9allocatorIcEEE6__initEPKcj</name>
         <value>0xce0f</value>
         <object_component_ref idref="oc-178"/>
      </symbol>
      <symbol id="sm-362">
         <name>_ZNSt3__112basic_stringIcNS_11char_traitsIcEENS_9allocatorIcEEEaSERKS5_</name>
         <value>0xb189</value>
         <object_component_ref idref="oc-184"/>
      </symbol>
      <symbol id="sm-363">
         <name>_ZNSt3__112basic_stringIcNS_11char_traitsIcEENS_9allocatorIcEEED1Ev</name>
         <value>0xd915</value>
         <object_component_ref idref="oc-183"/>
      </symbol>
      <symbol id="sm-36f">
         <name>_Znwj</name>
         <value>0xce63</value>
         <object_component_ref idref="oc-1de"/>
      </symbol>
      <symbol id="sm-370">
         <name>_ZdlPv</name>
         <value>0xdb1f</value>
         <object_component_ref idref="oc-1ee"/>
      </symbol>
      <symbol id="sm-37b">
         <name>_ZSt15get_new_handlerv</name>
         <value>0xda91</value>
         <object_component_ref idref="oc-23e"/>
      </symbol>
      <symbol id="sm-383">
         <name>__cxa_new_handler</name>
         <value>0x20200494</value>
         <object_component_ref idref="oc-289"/>
      </symbol>
      <symbol id="sm-3b9">
         <name>write</name>
         <value>0xd735</value>
         <object_component_ref idref="oc-271"/>
      </symbol>
      <symbol id="sm-3be">
         <name>_device</name>
         <value>0x20200258</value>
         <object_component_ref idref="oc-19c"/>
      </symbol>
      <symbol id="sm-3bf">
         <name>_stream</name>
         <value>0x202003f0</value>
         <object_component_ref idref="oc-26d"/>
      </symbol>
      <symbol id="sm-3c8">
         <name>remove</name>
         <value>0xdb41</value>
         <object_component_ref idref="oc-225"/>
      </symbol>
      <symbol id="sm-3d5">
         <name>open</name>
         <value>0xbf8d</value>
         <object_component_ref idref="oc-217"/>
      </symbol>
      <symbol id="sm-3e0">
         <name>close</name>
         <value>0xcfb1</value>
         <object_component_ref idref="oc-221"/>
      </symbol>
      <symbol id="sm-3ec">
         <name>add_device</name>
         <value>0xb6a9</value>
         <object_component_ref idref="oc-128"/>
      </symbol>
      <symbol id="sm-3f6">
         <name>unlink</name>
         <value>0xd691</value>
         <object_component_ref idref="oc-27a"/>
      </symbol>
      <symbol id="sm-400">
         <name>HOSTclose</name>
         <value>0xd001</value>
         <object_component_ref idref="oc-1f9"/>
      </symbol>
      <symbol id="sm-40a">
         <name>HOSTlseek</name>
         <value>0xc919</value>
         <object_component_ref idref="oc-205"/>
      </symbol>
      <symbol id="sm-414">
         <name>HOSTopen</name>
         <value>0xcbf9</value>
         <object_component_ref idref="oc-1f5"/>
      </symbol>
      <symbol id="sm-415">
         <name>parmbuf</name>
         <value>0x20200738</value>
         <object_component_ref idref="oc-254"/>
      </symbol>
      <symbol id="sm-41f">
         <name>HOSTread</name>
         <value>0xcc59</value>
         <object_component_ref idref="oc-1fd"/>
      </symbol>
      <symbol id="sm-430">
         <name>HOSTrename</name>
         <value>0xc985</value>
         <object_component_ref idref="oc-20d"/>
      </symbol>
      <symbol id="sm-43a">
         <name>HOSTunlink</name>
         <value>0xd049</value>
         <object_component_ref idref="oc-209"/>
      </symbol>
      <symbol id="sm-444">
         <name>HOSTwrite</name>
         <value>0xccb1</value>
         <object_component_ref idref="oc-201"/>
      </symbol>
      <symbol id="sm-452">
         <name>C$$IO$$</name>
         <value>0xd3f5</value>
         <object_component_ref idref="oc-24d"/>
      </symbol>
      <symbol id="sm-453">
         <name>__TI_writemsg</name>
         <value>0xd3c9</value>
         <object_component_ref idref="oc-24d"/>
      </symbol>
      <symbol id="sm-454">
         <name>__CIOBUF_</name>
         <value>0x202004f0</value>
         <object_component_ref idref="oc-292"/>
      </symbol>
      <symbol id="sm-455">
         <name>__TI_readmsg</name>
         <value>0xd395</value>
         <object_component_ref idref="oc-253"/>
      </symbol>
      <symbol id="sm-456">
         <name>_CIOBUF_</name>
         <value>0x202004f0</value>
         <object_component_ref idref="oc-292"/>
      </symbol>
      <symbol id="sm-45d">
         <name>__aeabi_idiv</name>
         <value>0xcdb9</value>
         <object_component_ref idref="oc-1cb"/>
      </symbol>
      <symbol id="sm-45e">
         <name>__aeabi_idivmod</name>
         <value>0xcdb9</value>
         <object_component_ref idref="oc-1cb"/>
      </symbol>
      <symbol id="sm-464">
         <name>__aeabi_memcpy</name>
         <value>0xdb29</value>
         <object_component_ref idref="oc-53"/>
      </symbol>
      <symbol id="sm-465">
         <name>__aeabi_memcpy4</name>
         <value>0xdb29</value>
         <object_component_ref idref="oc-53"/>
      </symbol>
      <symbol id="sm-466">
         <name>__aeabi_memcpy8</name>
         <value>0xdb29</value>
         <object_component_ref idref="oc-53"/>
      </symbol>
      <symbol id="sm-46c">
         <name>__aeabi_memmove</name>
         <value>0xdb31</value>
         <object_component_ref idref="oc-1e4"/>
      </symbol>
      <symbol id="sm-46d">
         <name>__aeabi_memmove4</name>
         <value>0xdb31</value>
         <object_component_ref idref="oc-1e4"/>
      </symbol>
      <symbol id="sm-46e">
         <name>__aeabi_memmove8</name>
         <value>0xdb31</value>
         <object_component_ref idref="oc-1e4"/>
      </symbol>
      <symbol id="sm-475">
         <name>__aeabi_memclr</name>
         <value>0xda9d</value>
         <object_component_ref idref="oc-91"/>
      </symbol>
      <symbol id="sm-476">
         <name>__aeabi_memclr4</name>
         <value>0xda9d</value>
         <object_component_ref idref="oc-91"/>
      </symbol>
      <symbol id="sm-477">
         <name>__aeabi_memclr8</name>
         <value>0xda9d</value>
         <object_component_ref idref="oc-91"/>
      </symbol>
      <symbol id="sm-47d">
         <name>__aeabi_uidiv</name>
         <value>0xd19d</value>
         <object_component_ref idref="oc-15a"/>
      </symbol>
      <symbol id="sm-47e">
         <name>__aeabi_uidivmod</name>
         <value>0xd19d</value>
         <object_component_ref idref="oc-15a"/>
      </symbol>
      <symbol id="sm-489">
         <name>__aeabi_idiv0</name>
         <value>0xceb7</value>
         <object_component_ref idref="oc-1b8"/>
      </symbol>
      <symbol id="sm-497">
         <name>finddevice</name>
         <value>0xd28d</value>
         <object_component_ref idref="oc-195"/>
      </symbol>
      <symbol id="sm-498">
         <name>getdevice</name>
         <value>0xcac9</value>
         <object_component_ref idref="oc-26b"/>
      </symbol>
      <symbol id="sm-4a1">
         <name>TI_memcpy_small</name>
         <value>0xd99d</value>
         <object_component_ref idref="oc-b0"/>
      </symbol>
      <symbol id="sm-4aa">
         <name>TI_memset_small</name>
         <value>0xda69</value>
         <object_component_ref idref="oc-119"/>
      </symbol>
      <symbol id="sm-4b3">
         <name>memmove</name>
         <value>0xd70d</value>
         <object_component_ref idref="oc-245"/>
      </symbol>
      <symbol id="sm-4b4">
         <name>__TI_static_base__</name>
         <value>0x0</value>
      </symbol>
      <symbol id="sm-4b7">
         <name>__mpu_init</name>
         <value>0x0</value>
      </symbol>
      <symbol id="sm-4b8">
         <name>_system_post_cinit</name>
         <value>0x0</value>
      </symbol>
   </symbol_table>
   <title>Link successful</title>
</link_info>
