<?xml version="1.0" encoding="ISO-8859-1" ?>
<link_info>
   <banner>TI ARM Clang Linker PC v3.2.1.LTS</banner>
   <copyright>Copyright (c) 1996-2018 Texas Instruments Incorporated</copyright>
   <link_time>0x66273ee7</link_time>
   <link_errors>0x0</link_errors>
   <output_file>C:\ECE 319 Final Project\Tron\ECE319K_Lab9H\Debug\ECE319K_Lab9H.out</output_file>
   <entry_point>
      <name>_c_int00_noargs</name>
      <address>0x19081</address>
   </entry_point>
   <input_file_list>
      <input_file id="fl-1">
         <path>C:\ECE 319 Final Project\Tron\ECE319K_Lab9H\Debug\.\</path>
         <kind>object</kind>
         <file>Clock.o</file>
         <name>Clock.o</name>
      </input_file>
      <input_file id="fl-2">
         <path>C:\ECE 319 Final Project\Tron\ECE319K_Lab9H\Debug\.\</path>
         <kind>object</kind>
         <file>DAC5.o</file>
         <name>DAC5.o</name>
      </input_file>
      <input_file id="fl-3">
         <path>C:\ECE 319 Final Project\Tron\ECE319K_Lab9H\Debug\.\</path>
         <kind>object</kind>
         <file>FIFO2.o</file>
         <name>FIFO2.o</name>
      </input_file>
      <input_file id="fl-4">
         <path>C:\ECE 319 Final Project\Tron\ECE319K_Lab9H\Debug\.\</path>
         <kind>object</kind>
         <file>GameDoneMenu.o</file>
         <name>GameDoneMenu.o</name>
      </input_file>
      <input_file id="fl-5">
         <path>C:\ECE 319 Final Project\Tron\ECE319K_Lab9H\Debug\.\</path>
         <kind>object</kind>
         <file>GamePlay.o</file>
         <name>GamePlay.o</name>
      </input_file>
      <input_file id="fl-6">
         <path>C:\ECE 319 Final Project\Tron\ECE319K_Lab9H\Debug\.\</path>
         <kind>object</kind>
         <file>IRxmt.o</file>
         <name>IRxmt.o</name>
      </input_file>
      <input_file id="fl-7">
         <path>C:\ECE 319 Final Project\Tron\ECE319K_Lab9H\Debug\.\</path>
         <kind>object</kind>
         <file>Joystick2.o</file>
         <name>Joystick2.o</name>
      </input_file>
      <input_file id="fl-8">
         <path>C:\ECE 319 Final Project\Tron\ECE319K_Lab9H\Debug\.\</path>
         <kind>object</kind>
         <file>LED.o</file>
         <name>LED.o</name>
      </input_file>
      <input_file id="fl-9">
         <path>C:\ECE 319 Final Project\Tron\ECE319K_Lab9H\Debug\.\</path>
         <kind>object</kind>
         <file>Lab9HMain.o</file>
         <name>Lab9HMain.o</name>
      </input_file>
      <input_file id="fl-a">
         <path>C:\ECE 319 Final Project\Tron\ECE319K_Lab9H\Debug\.\</path>
         <kind>object</kind>
         <file>LaunchPad.o</file>
         <name>LaunchPad.o</name>
      </input_file>
      <input_file id="fl-b">
         <path>C:\ECE 319 Final Project\Tron\ECE319K_Lab9H\Debug\.\</path>
         <kind>object</kind>
         <file>SPI.o</file>
         <name>SPI.o</name>
      </input_file>
      <input_file id="fl-c">
         <path>C:\ECE 319 Final Project\Tron\ECE319K_Lab9H\Debug\.\</path>
         <kind>object</kind>
         <file>ST7735.o</file>
         <name>ST7735.o</name>
      </input_file>
      <input_file id="fl-d">
         <path>C:\ECE 319 Final Project\Tron\ECE319K_Lab9H\Debug\.\</path>
         <kind>object</kind>
         <file>SlidePot.o</file>
         <name>SlidePot.o</name>
      </input_file>
      <input_file id="fl-e">
         <path>C:\ECE 319 Final Project\Tron\ECE319K_Lab9H\Debug\.\</path>
         <kind>object</kind>
         <file>SmallFont.o</file>
         <name>SmallFont.o</name>
      </input_file>
      <input_file id="fl-f">
         <path>C:\ECE 319 Final Project\Tron\ECE319K_Lab9H\Debug\.\</path>
         <kind>object</kind>
         <file>Sound.o</file>
         <name>Sound.o</name>
      </input_file>
      <input_file id="fl-10">
         <path>C:\ECE 319 Final Project\Tron\ECE319K_Lab9H\Debug\.\</path>
         <kind>object</kind>
         <file>Switch.o</file>
         <name>Switch.o</name>
      </input_file>
      <input_file id="fl-11">
         <path>C:\ECE 319 Final Project\Tron\ECE319K_Lab9H\Debug\.\</path>
         <kind>object</kind>
         <file>TExaS.o</file>
         <name>TExaS.o</name>
      </input_file>
      <input_file id="fl-12">
         <path>C:\ECE 319 Final Project\Tron\ECE319K_Lab9H\Debug\.\</path>
         <kind>object</kind>
         <file>Timer.o</file>
         <name>Timer.o</name>
      </input_file>
      <input_file id="fl-13">
         <path>C:\ECE 319 Final Project\Tron\ECE319K_Lab9H\Debug\.\</path>
         <kind>object</kind>
         <file>UART2.o</file>
         <name>UART2.o</name>
      </input_file>
      <input_file id="fl-14">
         <path>C:\ECE 319 Final Project\Tron\ECE319K_Lab9H\Debug\.\</path>
         <kind>object</kind>
         <file>menu.o</file>
         <name>menu.o</name>
      </input_file>
      <input_file id="fl-15">
         <path>C:\ECE 319 Final Project\Tron\ECE319K_Lab9H\Debug\.\images\pipedreams\</path>
         <kind>object</kind>
         <file>PipeSound.o</file>
         <name>PipeSound.o</name>
      </input_file>
      <input_file id="fl-16">
         <path>C:\ECE 319 Final Project\Tron\ECE319K_Lab9H\Debug\.\ticlang\</path>
         <kind>object</kind>
         <file>startup_mspm0g3507_ticlang.o</file>
         <name>startup_mspm0g3507_ticlang.o</name>
      </input_file>
      <input_file id="fl-22">
         <path>C:\ECE 319 Final Project\Tron\ECE319K_Lab9H\Debug\</path>
         <kind>object</kind>
         <file>&lt;internal&gt;</file>
         <name>&lt;internal&gt;</name>
      </input_file>
      <input_file id="fl-31">
         <path>C:\ti\ccs1260\ccs\tools\compiler\ti-cgt-armllvm_3.2.1.LTS\lib\armv6m-ti-none-eabi\c\</path>
         <kind>archive</kind>
         <file>libc.a</file>
         <name>printf.c.obj</name>
      </input_file>
      <input_file id="fl-32">
         <path>C:\ti\ccs1260\ccs\tools\compiler\ti-cgt-armllvm_3.2.1.LTS\lib\armv6m-ti-none-eabi\c\</path>
         <kind>archive</kind>
         <file>libc.a</file>
         <name>_printfi.c.obj</name>
      </input_file>
      <input_file id="fl-33">
         <path>C:\ti\ccs1260\ccs\tools\compiler\ti-cgt-armllvm_3.2.1.LTS\lib\armv6m-ti-none-eabi\c\</path>
         <kind>archive</kind>
         <file>libc.a</file>
         <name>fopen.c.obj</name>
      </input_file>
      <input_file id="fl-34">
         <path>C:\ti\ccs1260\ccs\tools\compiler\ti-cgt-armllvm_3.2.1.LTS\lib\armv6m-ti-none-eabi\c\</path>
         <kind>archive</kind>
         <file>libc.a</file>
         <name>fputc.c.obj</name>
      </input_file>
      <input_file id="fl-35">
         <path>C:\ti\ccs1260\ccs\tools\compiler\ti-cgt-armllvm_3.2.1.LTS\lib\armv6m-ti-none-eabi\c\</path>
         <kind>archive</kind>
         <file>libc.a</file>
         <name>fputs.c.obj</name>
      </input_file>
      <input_file id="fl-36">
         <path>C:\ti\ccs1260\ccs\tools\compiler\ti-cgt-armllvm_3.2.1.LTS\lib\armv6m-ti-none-eabi\c\</path>
         <kind>archive</kind>
         <file>libc.a</file>
         <name>_io_perm.c.obj</name>
      </input_file>
      <input_file id="fl-37">
         <path>C:\ti\ccs1260\ccs\tools\compiler\ti-cgt-armllvm_3.2.1.LTS\lib\armv6m-ti-none-eabi\c\</path>
         <kind>archive</kind>
         <file>libc.a</file>
         <name>setvbuf.c.obj</name>
      </input_file>
      <input_file id="fl-38">
         <path>C:\ti\ccs1260\ccs\tools\compiler\ti-cgt-armllvm_3.2.1.LTS\lib\armv6m-ti-none-eabi\c\</path>
         <kind>archive</kind>
         <file>libc.a</file>
         <name>s_frexp.c.obj</name>
      </input_file>
      <input_file id="fl-39">
         <path>C:\ti\ccs1260\ccs\tools\compiler\ti-cgt-armllvm_3.2.1.LTS\lib\armv6m-ti-none-eabi\c\</path>
         <kind>archive</kind>
         <file>libc.a</file>
         <name>s_scalbn.c.obj</name>
      </input_file>
      <input_file id="fl-3a">
         <path>C:\ti\ccs1260\ccs\tools\compiler\ti-cgt-armllvm_3.2.1.LTS\lib\armv6m-ti-none-eabi\c\</path>
         <kind>archive</kind>
         <file>libc.a</file>
         <name>aeabi_portable.c.obj</name>
      </input_file>
      <input_file id="fl-3b">
         <path>C:\ti\ccs1260\ccs\tools\compiler\ti-cgt-armllvm_3.2.1.LTS\lib\armv6m-ti-none-eabi\c\</path>
         <kind>archive</kind>
         <file>libc.a</file>
         <name>aeabi_atexit.c.obj</name>
      </input_file>
      <input_file id="fl-3c">
         <path>C:\ti\ccs1260\ccs\tools\compiler\ti-cgt-armllvm_3.2.1.LTS\lib\armv6m-ti-none-eabi\c\</path>
         <kind>archive</kind>
         <file>libc.a</file>
         <name>exit.c.obj</name>
      </input_file>
      <input_file id="fl-3d">
         <path>C:\ti\ccs1260\ccs\tools\compiler\ti-cgt-armllvm_3.2.1.LTS\lib\armv6m-ti-none-eabi\c\</path>
         <kind>archive</kind>
         <file>libc.a</file>
         <name>_lock.c.obj</name>
      </input_file>
      <input_file id="fl-3e">
         <path>C:\ti\ccs1260\ccs\tools\compiler\ti-cgt-armllvm_3.2.1.LTS\lib\armv6m-ti-none-eabi\c\</path>
         <kind>archive</kind>
         <file>libc.a</file>
         <name>_ltoa.c.obj</name>
      </input_file>
      <input_file id="fl-3f">
         <path>C:\ti\ccs1260\ccs\tools\compiler\ti-cgt-armllvm_3.2.1.LTS\lib\armv6m-ti-none-eabi\c\</path>
         <kind>archive</kind>
         <file>libc.a</file>
         <name>assert.c.obj</name>
      </input_file>
      <input_file id="fl-40">
         <path>C:\ti\ccs1260\ccs\tools\compiler\ti-cgt-armllvm_3.2.1.LTS\lib\armv6m-ti-none-eabi\c\</path>
         <kind>archive</kind>
         <file>libc.a</file>
         <name>atoi.c.obj</name>
      </input_file>
      <input_file id="fl-41">
         <path>C:\ti\ccs1260\ccs\tools\compiler\ti-cgt-armllvm_3.2.1.LTS\lib\armv6m-ti-none-eabi\c\</path>
         <kind>archive</kind>
         <file>libc.a</file>
         <name>defs.c.obj</name>
      </input_file>
      <input_file id="fl-42">
         <path>C:\ti\ccs1260\ccs\tools\compiler\ti-cgt-armllvm_3.2.1.LTS\lib\armv6m-ti-none-eabi\c\</path>
         <kind>archive</kind>
         <file>libc.a</file>
         <name>memccpy.c.obj</name>
      </input_file>
      <input_file id="fl-43">
         <path>C:\ti\ccs1260\ccs\tools\compiler\ti-cgt-armllvm_3.2.1.LTS\lib\armv6m-ti-none-eabi\c\</path>
         <kind>archive</kind>
         <file>libc.a</file>
         <name>memory.c.obj</name>
      </input_file>
      <input_file id="fl-44">
         <path>C:\ti\ccs1260\ccs\tools\compiler\ti-cgt-armllvm_3.2.1.LTS\lib\armv6m-ti-none-eabi\c\</path>
         <kind>archive</kind>
         <file>libc.a</file>
         <name>strlen.c.obj</name>
      </input_file>
      <input_file id="fl-45">
         <path>C:\ti\ccs1260\ccs\tools\compiler\ti-cgt-armllvm_3.2.1.LTS\lib\armv6m-ti-none-eabi\c\</path>
         <kind>archive</kind>
         <file>libc.a</file>
         <name>abs.c.obj</name>
      </input_file>
      <input_file id="fl-46">
         <path>C:\ti\ccs1260\ccs\tools\compiler\ti-cgt-armllvm_3.2.1.LTS\lib\armv6m-ti-none-eabi\c\</path>
         <kind>archive</kind>
         <file>libc.a</file>
         <name>copy_zero_init.c.obj</name>
      </input_file>
      <input_file id="fl-47">
         <path>C:\ti\ccs1260\ccs\tools\compiler\ti-cgt-armllvm_3.2.1.LTS\lib\armv6m-ti-none-eabi\c\</path>
         <kind>archive</kind>
         <file>libc.a</file>
         <name>copy_decompress_none.c.obj</name>
      </input_file>
      <input_file id="fl-48">
         <path>C:\ti\ccs1260\ccs\tools\compiler\ti-cgt-armllvm_3.2.1.LTS\lib\armv6m-ti-none-eabi\c\</path>
         <kind>archive</kind>
         <file>libc.a</file>
         <name>copy_decompress_lzss.c.obj</name>
      </input_file>
      <input_file id="fl-49">
         <path>C:\ti\ccs1260\ccs\tools\compiler\ti-cgt-armllvm_3.2.1.LTS\lib\armv6m-ti-none-eabi\c\</path>
         <kind>archive</kind>
         <file>libc.a</file>
         <name>boot_cortex_m.c.obj</name>
      </input_file>
      <input_file id="fl-4a">
         <path>C:\ti\ccs1260\ccs\tools\compiler\ti-cgt-armllvm_3.2.1.LTS\lib\armv6m-ti-none-eabi\c\</path>
         <kind>archive</kind>
         <file>libc.a</file>
         <name>mathacl_init.c.obj</name>
      </input_file>
      <input_file id="fl-4b">
         <path>C:\ti\ccs1260\ccs\tools\compiler\ti-cgt-armllvm_3.2.1.LTS\lib\armv6m-ti-none-eabi\c\</path>
         <kind>archive</kind>
         <file>libc.a</file>
         <name>wcslen.c.obj</name>
      </input_file>
      <input_file id="fl-4c">
         <path>C:\ti\ccs1260\ccs\tools\compiler\ti-cgt-armllvm_3.2.1.LTS\lib\armv6m-ti-none-eabi\c\</path>
         <kind>archive</kind>
         <file>libc.a</file>
         <name>sprintf.c.obj</name>
      </input_file>
      <input_file id="fl-4d">
         <path>C:\ti\ccs1260\ccs\tools\compiler\ti-cgt-armllvm_3.2.1.LTS\lib\armv6m-ti-none-eabi\c\</path>
         <kind>archive</kind>
         <file>libc.a</file>
         <name>fclose.c.obj</name>
      </input_file>
      <input_file id="fl-4e">
         <path>C:\ti\ccs1260\ccs\tools\compiler\ti-cgt-armllvm_3.2.1.LTS\lib\armv6m-ti-none-eabi\c\</path>
         <kind>archive</kind>
         <file>libc.a</file>
         <name>fflush.c.obj</name>
      </input_file>
      <input_file id="fl-4f">
         <path>C:\ti\ccs1260\ccs\tools\compiler\ti-cgt-armllvm_3.2.1.LTS\lib\armv6m-ti-none-eabi\c\</path>
         <kind>archive</kind>
         <file>libc.a</file>
         <name>fseek.c.obj</name>
      </input_file>
      <input_file id="fl-50">
         <path>C:\ti\ccs1260\ccs\tools\compiler\ti-cgt-armllvm_3.2.1.LTS\lib\armv6m-ti-none-eabi\c\</path>
         <kind>archive</kind>
         <file>libc.a</file>
         <name>aeabi_ctype.S.obj</name>
      </input_file>
      <input_file id="fl-51">
         <path>C:\ti\ccs1260\ccs\tools\compiler\ti-cgt-armllvm_3.2.1.LTS\lib\armv6m-ti-none-eabi\c\</path>
         <kind>archive</kind>
         <file>libc.a</file>
         <name>args_main.c.obj</name>
      </input_file>
      <input_file id="fl-52">
         <path>C:\ti\ccs1260\ccs\tools\compiler\ti-cgt-armllvm_3.2.1.LTS\lib\armv6m-ti-none-eabi\c\</path>
         <kind>archive</kind>
         <file>libc.a</file>
         <name>autoinit.c.obj</name>
      </input_file>
      <input_file id="fl-53">
         <path>C:\ti\ccs1260\ccs\tools\compiler\ti-cgt-armllvm_3.2.1.LTS\lib\armv6m-ti-none-eabi\c\</path>
         <kind>archive</kind>
         <file>libc.a</file>
         <name>pre_init.c.obj</name>
      </input_file>
      <input_file id="fl-54">
         <path>C:\ti\ccs1260\ccs\tools\compiler\ti-cgt-armllvm_3.2.1.LTS\lib\armv6m-ti-none-eabi\c\</path>
         <kind>archive</kind>
         <file>libc.a</file>
         <name>cpy_tbl.c.obj</name>
      </input_file>
      <input_file id="fl-ba">
         <path>C:\ti\ccs1260\ccs\tools\compiler\ti-cgt-armllvm_3.2.1.LTS\lib\armv6m-ti-none-eabi\</path>
         <kind>archive</kind>
         <file>libc++.a</file>
         <name>string.cpp.obj</name>
      </input_file>
      <input_file id="fl-bb">
         <path>C:\ti\ccs1260\ccs\tools\compiler\ti-cgt-armllvm_3.2.1.LTS\lib\armv6m-ti-none-eabi\</path>
         <kind>archive</kind>
         <file>libc++abi.a</file>
         <name>stdlib_new_delete.cpp.obj</name>
      </input_file>
      <input_file id="fl-bc">
         <path>C:\ti\ccs1260\ccs\tools\compiler\ti-cgt-armllvm_3.2.1.LTS\lib\armv6m-ti-none-eabi\</path>
         <kind>archive</kind>
         <file>libc++abi.a</file>
         <name>cxa_handlers.cpp.obj</name>
      </input_file>
      <input_file id="fl-bd">
         <path>C:\ti\ccs1260\ccs\tools\compiler\ti-cgt-armllvm_3.2.1.LTS\lib\armv6m-ti-none-eabi\</path>
         <kind>archive</kind>
         <file>libc++abi.a</file>
         <name>abort_message.cpp.obj</name>
      </input_file>
      <input_file id="fl-be">
         <path>C:\ti\ccs1260\ccs\tools\compiler\ti-cgt-armllvm_3.2.1.LTS\lib\armv6m-ti-none-eabi\</path>
         <kind>archive</kind>
         <file>libc++abi.a</file>
         <name>cxa_default_handlers.cpp.obj</name>
      </input_file>
      <input_file id="fl-bf">
         <path>C:\ti\ccs1260\ccs\tools\compiler\ti-cgt-armllvm_3.2.1.LTS\lib\armv6m-ti-none-eabi\c\</path>
         <kind>archive</kind>
         <file>libc.a</file>
         <name>wcstof.c.obj</name>
      </input_file>
      <input_file id="fl-c0">
         <path>C:\ti\ccs1260\ccs\tools\compiler\ti-cgt-armllvm_3.2.1.LTS\lib\armv6m-ti-none-eabi\c\</path>
         <kind>archive</kind>
         <file>libc.a</file>
         <name>wcstod.c.obj</name>
      </input_file>
      <input_file id="fl-c1">
         <path>C:\ti\ccs1260\ccs\tools\compiler\ti-cgt-armllvm_3.2.1.LTS\lib\armv6m-ti-none-eabi\c\</path>
         <kind>archive</kind>
         <file>libc.a</file>
         <name>wcstold.c.obj</name>
      </input_file>
      <input_file id="fl-c2">
         <path>C:\ti\ccs1260\ccs\tools\compiler\ti-cgt-armllvm_3.2.1.LTS\lib\armv6m-ti-none-eabi\c\</path>
         <kind>archive</kind>
         <file>libc.a</file>
         <name>wcstol.c.obj</name>
      </input_file>
      <input_file id="fl-c3">
         <path>C:\ti\ccs1260\ccs\tools\compiler\ti-cgt-armllvm_3.2.1.LTS\lib\armv6m-ti-none-eabi\c\</path>
         <kind>archive</kind>
         <file>libc.a</file>
         <name>wcstoul.c.obj</name>
      </input_file>
      <input_file id="fl-c4">
         <path>C:\ti\ccs1260\ccs\tools\compiler\ti-cgt-armllvm_3.2.1.LTS\lib\armv6m-ti-none-eabi\c\</path>
         <kind>archive</kind>
         <file>libc.a</file>
         <name>wcstoll.c.obj</name>
      </input_file>
      <input_file id="fl-c5">
         <path>C:\ti\ccs1260\ccs\tools\compiler\ti-cgt-armllvm_3.2.1.LTS\lib\armv6m-ti-none-eabi\c\</path>
         <kind>archive</kind>
         <file>libc.a</file>
         <name>wcstoull.c.obj</name>
      </input_file>
      <input_file id="fl-c6">
         <path>C:\ti\ccs1260\ccs\tools\compiler\ti-cgt-armllvm_3.2.1.LTS\lib\armv6m-ti-none-eabi\c\</path>
         <kind>archive</kind>
         <file>libc.a</file>
         <name>swprintf.c.obj</name>
      </input_file>
      <input_file id="fl-c7">
         <path>C:\ti\ccs1260\ccs\tools\compiler\ti-cgt-armllvm_3.2.1.LTS\lib\armv6m-ti-none-eabi\c\</path>
         <kind>archive</kind>
         <file>libc.a</file>
         <name>wmemchr.c.obj</name>
      </input_file>
      <input_file id="fl-c8">
         <path>C:\ti\ccs1260\ccs\tools\compiler\ti-cgt-armllvm_3.2.1.LTS\lib\armv6m-ti-none-eabi\c\</path>
         <kind>archive</kind>
         <file>libc.a</file>
         <name>wmemcmp.c.obj</name>
      </input_file>
      <input_file id="fl-c9">
         <path>C:\ti\ccs1260\ccs\tools\compiler\ti-cgt-armllvm_3.2.1.LTS\lib\armv6m-ti-none-eabi\c\</path>
         <kind>archive</kind>
         <file>libc.a</file>
         <name>none_mb.c.obj</name>
      </input_file>
      <input_file id="fl-ca">
         <path>C:\ti\ccs1260\ccs\tools\compiler\ti-cgt-armllvm_3.2.1.LTS\lib\armv6m-ti-none-eabi\c\</path>
         <kind>archive</kind>
         <file>libc.a</file>
         <name>vswprintf.c.obj</name>
      </input_file>
      <input_file id="fl-cb">
         <path>C:\ti\ccs1260\ccs\tools\compiler\ti-cgt-armllvm_3.2.1.LTS\lib\armv6m-ti-none-eabi\c\</path>
         <kind>archive</kind>
         <file>libc.a</file>
         <name>locale_stdlib.c.obj</name>
      </input_file>
      <input_file id="fl-cc">
         <path>C:\ti\ccs1260\ccs\tools\compiler\ti-cgt-armllvm_3.2.1.LTS\lib\armv6m-ti-none-eabi\c\</path>
         <kind>archive</kind>
         <file>libc.a</file>
         <name>locale_wchar.c.obj</name>
      </input_file>
      <input_file id="fl-cd">
         <path>C:\ti\ccs1260\ccs\tools\compiler\ti-cgt-armllvm_3.2.1.LTS\lib\armv6m-ti-none-eabi\c\</path>
         <kind>archive</kind>
         <file>libc.a</file>
         <name>fprintf.c.obj</name>
      </input_file>
      <input_file id="fl-ce">
         <path>C:\ti\ccs1260\ccs\tools\compiler\ti-cgt-armllvm_3.2.1.LTS\lib\armv6m-ti-none-eabi\c\</path>
         <kind>archive</kind>
         <file>libc.a</file>
         <name>snprintf.c.obj</name>
      </input_file>
      <input_file id="fl-cf">
         <path>C:\ti\ccs1260\ccs\tools\compiler\ti-cgt-armllvm_3.2.1.LTS\lib\armv6m-ti-none-eabi\c\</path>
         <kind>archive</kind>
         <file>libc.a</file>
         <name>vsnprintf.c.obj</name>
      </input_file>
      <input_file id="fl-d0">
         <path>C:\ti\ccs1260\ccs\tools\compiler\ti-cgt-armllvm_3.2.1.LTS\lib\armv6m-ti-none-eabi\c\</path>
         <kind>archive</kind>
         <file>libc.a</file>
         <name>atol.c.obj</name>
      </input_file>
      <input_file id="fl-d1">
         <path>C:\ti\ccs1260\ccs\tools\compiler\ti-cgt-armllvm_3.2.1.LTS\lib\armv6m-ti-none-eabi\c\</path>
         <kind>archive</kind>
         <file>libc.a</file>
         <name>atoll.c.obj</name>
      </input_file>
      <input_file id="fl-d2">
         <path>C:\ti\ccs1260\ccs\tools\compiler\ti-cgt-armllvm_3.2.1.LTS\lib\armv6m-ti-none-eabi\c\</path>
         <kind>archive</kind>
         <file>libc.a</file>
         <name>memchr.c.obj</name>
      </input_file>
      <input_file id="fl-d3">
         <path>C:\ti\ccs1260\ccs\tools\compiler\ti-cgt-armllvm_3.2.1.LTS\lib\armv6m-ti-none-eabi\c\</path>
         <kind>archive</kind>
         <file>libc.a</file>
         <name>memcmp.c.obj</name>
      </input_file>
      <input_file id="fl-d4">
         <path>C:\ti\ccs1260\ccs\tools\compiler\ti-cgt-armllvm_3.2.1.LTS\lib\armv6m-ti-none-eabi\c\</path>
         <kind>archive</kind>
         <file>libc.a</file>
         <name>strtod.c.obj</name>
      </input_file>
      <input_file id="fl-d5">
         <path>C:\ti\ccs1260\ccs\tools\compiler\ti-cgt-armllvm_3.2.1.LTS\lib\armv6m-ti-none-eabi\c\</path>
         <kind>archive</kind>
         <file>libc.a</file>
         <name>strtof.c.obj</name>
      </input_file>
      <input_file id="fl-d6">
         <path>C:\ti\ccs1260\ccs\tools\compiler\ti-cgt-armllvm_3.2.1.LTS\lib\armv6m-ti-none-eabi\c\</path>
         <kind>archive</kind>
         <file>libc.a</file>
         <name>strtol.c.obj</name>
      </input_file>
      <input_file id="fl-d7">
         <path>C:\ti\ccs1260\ccs\tools\compiler\ti-cgt-armllvm_3.2.1.LTS\lib\armv6m-ti-none-eabi\c\</path>
         <kind>archive</kind>
         <file>libc.a</file>
         <name>strtoll.c.obj</name>
      </input_file>
      <input_file id="fl-d8">
         <path>C:\ti\ccs1260\ccs\tools\compiler\ti-cgt-armllvm_3.2.1.LTS\lib\armv6m-ti-none-eabi\c\</path>
         <kind>archive</kind>
         <file>libc.a</file>
         <name>strtoul.c.obj</name>
      </input_file>
      <input_file id="fl-d9">
         <path>C:\ti\ccs1260\ccs\tools\compiler\ti-cgt-armllvm_3.2.1.LTS\lib\armv6m-ti-none-eabi\c\</path>
         <kind>archive</kind>
         <file>libc.a</file>
         <name>strtoull.c.obj</name>
      </input_file>
      <input_file id="fl-da">
         <path>C:\ti\ccs1260\ccs\tools\compiler\ti-cgt-armllvm_3.2.1.LTS\lib\armv6m-ti-none-eabi\c\</path>
         <kind>archive</kind>
         <file>libc.a</file>
         <name>wctype.c.obj</name>
      </input_file>
      <input_file id="fl-db">
         <path>C:\ti\ccs1260\ccs\tools\compiler\ti-cgt-armllvm_3.2.1.LTS\lib\armv6m-ti-none-eabi\c\</path>
         <kind>archive</kind>
         <file>libc.a</file>
         <name>s_scalbnf.c.obj</name>
      </input_file>
      <input_file id="fl-dc">
         <path>C:\ti\ccs1260\ccs\tools\compiler\ti-cgt-armllvm_3.2.1.LTS\lib\armv6m-ti-none-eabi\c\</path>
         <kind>archive</kind>
         <file>libc.a</file>
         <name>fgetwc.c.obj</name>
      </input_file>
      <input_file id="fl-dd">
         <path>C:\ti\ccs1260\ccs\tools\compiler\ti-cgt-armllvm_3.2.1.LTS\lib\armv6m-ti-none-eabi\c\</path>
         <kind>archive</kind>
         <file>libc.a</file>
         <name>fgetws.c.obj</name>
      </input_file>
      <input_file id="fl-de">
         <path>C:\ti\ccs1260\ccs\tools\compiler\ti-cgt-armllvm_3.2.1.LTS\lib\armv6m-ti-none-eabi\c\</path>
         <kind>archive</kind>
         <file>libc.a</file>
         <name>fputws.c.obj</name>
      </input_file>
      <input_file id="fl-df">
         <path>C:\ti\ccs1260\ccs\tools\compiler\ti-cgt-armllvm_3.2.1.LTS\lib\armv6m-ti-none-eabi\c\</path>
         <kind>archive</kind>
         <file>libc.a</file>
         <name>vfwprintf.c.obj</name>
      </input_file>
      <input_file id="fl-e0">
         <path>C:\ti\ccs1260\ccs\tools\compiler\ti-cgt-armllvm_3.2.1.LTS\lib\armv6m-ti-none-eabi\c\</path>
         <kind>archive</kind>
         <file>libc.a</file>
         <name>vfwscanf.c.obj</name>
      </input_file>
      <input_file id="fl-e1">
         <path>C:\ti\ccs1260\ccs\tools\compiler\ti-cgt-armllvm_3.2.1.LTS\lib\armv6m-ti-none-eabi\c\</path>
         <kind>archive</kind>
         <file>libc.a</file>
         <name>wcscoll.c.obj</name>
      </input_file>
      <input_file id="fl-e2">
         <path>C:\ti\ccs1260\ccs\tools\compiler\ti-cgt-armllvm_3.2.1.LTS\lib\armv6m-ti-none-eabi\c\</path>
         <kind>archive</kind>
         <file>libc.a</file>
         <name>wcsxfrm.c.obj</name>
      </input_file>
      <input_file id="fl-e3">
         <path>C:\ti\ccs1260\ccs\tools\compiler\ti-cgt-armllvm_3.2.1.LTS\lib\armv6m-ti-none-eabi\c\</path>
         <kind>archive</kind>
         <file>libc.a</file>
         <name>vfprintf.c.obj</name>
      </input_file>
      <input_file id="fl-e4">
         <path>C:\ti\ccs1260\ccs\tools\compiler\ti-cgt-armllvm_3.2.1.LTS\lib\armv6m-ti-none-eabi\c\</path>
         <kind>archive</kind>
         <file>libc.a</file>
         <name>fscanf.c.obj</name>
      </input_file>
      <input_file id="fl-e5">
         <path>C:\ti\ccs1260\ccs\tools\compiler\ti-cgt-armllvm_3.2.1.LTS\lib\armv6m-ti-none-eabi\c\</path>
         <kind>archive</kind>
         <file>libc.a</file>
         <name>fgetc.c.obj</name>
      </input_file>
      <input_file id="fl-e6">
         <path>C:\ti\ccs1260\ccs\tools\compiler\ti-cgt-armllvm_3.2.1.LTS\lib\armv6m-ti-none-eabi\c\</path>
         <kind>archive</kind>
         <file>libc.a</file>
         <name>fgets.c.obj</name>
      </input_file>
      <input_file id="fl-e7">
         <path>C:\ti\ccs1260\ccs\tools\compiler\ti-cgt-armllvm_3.2.1.LTS\lib\armv6m-ti-none-eabi\c\</path>
         <kind>archive</kind>
         <file>libc.a</file>
         <name>_bufread.c.obj</name>
      </input_file>
      <input_file id="fl-e8">
         <path>C:\ti\ccs1260\ccs\tools\compiler\ti-cgt-armllvm_3.2.1.LTS\lib\armv6m-ti-none-eabi\c\</path>
         <kind>archive</kind>
         <file>libc.a</file>
         <name>ungetc.c.obj</name>
      </input_file>
      <input_file id="fl-e9">
         <path>C:\ti\ccs1260\ccs\tools\compiler\ti-cgt-armllvm_3.2.1.LTS\lib\armv6m-ti-none-eabi\c\</path>
         <kind>archive</kind>
         <file>libc.a</file>
         <name>_scanfi.c.obj</name>
      </input_file>
      <input_file id="fl-ea">
         <path>C:\ti\ccs1260\ccs\tools\compiler\ti-cgt-armllvm_3.2.1.LTS\lib\armv6m-ti-none-eabi\c\</path>
         <kind>archive</kind>
         <file>libsysbm.a</file>
         <name>write.c.obj</name>
      </input_file>
      <input_file id="fl-eb">
         <path>C:\ti\ccs1260\ccs\tools\compiler\ti-cgt-armllvm_3.2.1.LTS\lib\armv6m-ti-none-eabi\c\</path>
         <kind>archive</kind>
         <file>libsysbm.a</file>
         <name>host_device.c.obj</name>
      </input_file>
      <input_file id="fl-ec">
         <path>C:\ti\ccs1260\ccs\tools\compiler\ti-cgt-armllvm_3.2.1.LTS\lib\armv6m-ti-none-eabi\c\</path>
         <kind>archive</kind>
         <file>libsysbm.a</file>
         <name>remove.c.obj</name>
      </input_file>
      <input_file id="fl-ed">
         <path>C:\ti\ccs1260\ccs\tools\compiler\ti-cgt-armllvm_3.2.1.LTS\lib\armv6m-ti-none-eabi\c\</path>
         <kind>archive</kind>
         <file>libsysbm.a</file>
         <name>read.c.obj</name>
      </input_file>
      <input_file id="fl-ee">
         <path>C:\ti\ccs1260\ccs\tools\compiler\ti-cgt-armllvm_3.2.1.LTS\lib\armv6m-ti-none-eabi\c\</path>
         <kind>archive</kind>
         <file>libsysbm.a</file>
         <name>open.c.obj</name>
      </input_file>
      <input_file id="fl-ef">
         <path>C:\ti\ccs1260\ccs\tools\compiler\ti-cgt-armllvm_3.2.1.LTS\lib\armv6m-ti-none-eabi\c\</path>
         <kind>archive</kind>
         <file>libsysbm.a</file>
         <name>lseek.c.obj</name>
      </input_file>
      <input_file id="fl-f0">
         <path>C:\ti\ccs1260\ccs\tools\compiler\ti-cgt-armllvm_3.2.1.LTS\lib\armv6m-ti-none-eabi\c\</path>
         <kind>archive</kind>
         <file>libsysbm.a</file>
         <name>close.c.obj</name>
      </input_file>
      <input_file id="fl-f1">
         <path>C:\ti\ccs1260\ccs\tools\compiler\ti-cgt-armllvm_3.2.1.LTS\lib\armv6m-ti-none-eabi\c\</path>
         <kind>archive</kind>
         <file>libsysbm.a</file>
         <name>add_device.c.obj</name>
      </input_file>
      <input_file id="fl-f2">
         <path>C:\ti\ccs1260\ccs\tools\compiler\ti-cgt-armllvm_3.2.1.LTS\lib\armv6m-ti-none-eabi\c\</path>
         <kind>archive</kind>
         <file>libsysbm.a</file>
         <name>unlink.c.obj</name>
      </input_file>
      <input_file id="fl-f3">
         <path>C:\ti\ccs1260\ccs\tools\compiler\ti-cgt-armllvm_3.2.1.LTS\lib\armv6m-ti-none-eabi\c\</path>
         <kind>archive</kind>
         <file>libsysbm.a</file>
         <name>hostclose.c.obj</name>
      </input_file>
      <input_file id="fl-f4">
         <path>C:\ti\ccs1260\ccs\tools\compiler\ti-cgt-armllvm_3.2.1.LTS\lib\armv6m-ti-none-eabi\c\</path>
         <kind>archive</kind>
         <file>libsysbm.a</file>
         <name>hostlseek.c.obj</name>
      </input_file>
      <input_file id="fl-f5">
         <path>C:\ti\ccs1260\ccs\tools\compiler\ti-cgt-armllvm_3.2.1.LTS\lib\armv6m-ti-none-eabi\c\</path>
         <kind>archive</kind>
         <file>libsysbm.a</file>
         <name>hostopen.c.obj</name>
      </input_file>
      <input_file id="fl-f6">
         <path>C:\ti\ccs1260\ccs\tools\compiler\ti-cgt-armllvm_3.2.1.LTS\lib\armv6m-ti-none-eabi\c\</path>
         <kind>archive</kind>
         <file>libsysbm.a</file>
         <name>hostread.c.obj</name>
      </input_file>
      <input_file id="fl-f7">
         <path>C:\ti\ccs1260\ccs\tools\compiler\ti-cgt-armllvm_3.2.1.LTS\lib\armv6m-ti-none-eabi\c\</path>
         <kind>archive</kind>
         <file>libsysbm.a</file>
         <name>hostrename.c.obj</name>
      </input_file>
      <input_file id="fl-f8">
         <path>C:\ti\ccs1260\ccs\tools\compiler\ti-cgt-armllvm_3.2.1.LTS\lib\armv6m-ti-none-eabi\c\</path>
         <kind>archive</kind>
         <file>libsysbm.a</file>
         <name>hostunlink.c.obj</name>
      </input_file>
      <input_file id="fl-f9">
         <path>C:\ti\ccs1260\ccs\tools\compiler\ti-cgt-armllvm_3.2.1.LTS\lib\armv6m-ti-none-eabi\c\</path>
         <kind>archive</kind>
         <file>libsysbm.a</file>
         <name>hostwrite.c.obj</name>
      </input_file>
      <input_file id="fl-fa">
         <path>C:\ti\ccs1260\ccs\tools\compiler\ti-cgt-armllvm_3.2.1.LTS\lib\armv6m-ti-none-eabi\c\</path>
         <kind>archive</kind>
         <file>libsysbm.a</file>
         <name>trgmsg.c.obj</name>
      </input_file>
      <input_file id="fl-fb">
         <path>C:\ti\ccs1260\ccs\tools\compiler\ti-cgt-armllvm_3.2.1.LTS\lib\clang\15.0.7\lib\armv6m-ti-none-eabi\</path>
         <kind>archive</kind>
         <file>libclang_rt.builtins.a</file>
         <name>addsf3.S.obj</name>
      </input_file>
      <input_file id="fl-fc">
         <path>C:\ti\ccs1260\ccs\tools\compiler\ti-cgt-armllvm_3.2.1.LTS\lib\clang\15.0.7\lib\armv6m-ti-none-eabi\</path>
         <kind>archive</kind>
         <file>libclang_rt.builtins.a</file>
         <name>adddf3.S.obj</name>
      </input_file>
      <input_file id="fl-fd">
         <path>C:\ti\ccs1260\ccs\tools\compiler\ti-cgt-armllvm_3.2.1.LTS\lib\clang\15.0.7\lib\armv6m-ti-none-eabi\</path>
         <kind>archive</kind>
         <file>libclang_rt.builtins.a</file>
         <name>muldf3.S.obj</name>
      </input_file>
      <input_file id="fl-fe">
         <path>C:\ti\ccs1260\ccs\tools\compiler\ti-cgt-armllvm_3.2.1.LTS\lib\clang\15.0.7\lib\armv6m-ti-none-eabi\</path>
         <kind>archive</kind>
         <file>libclang_rt.builtins.a</file>
         <name>muldsi3.S.obj</name>
      </input_file>
      <input_file id="fl-ff">
         <path>C:\ti\ccs1260\ccs\tools\compiler\ti-cgt-armllvm_3.2.1.LTS\lib\clang\15.0.7\lib\armv6m-ti-none-eabi\</path>
         <kind>archive</kind>
         <file>libclang_rt.builtins.a</file>
         <name>mulsf3.S.obj</name>
      </input_file>
      <input_file id="fl-100">
         <path>C:\ti\ccs1260\ccs\tools\compiler\ti-cgt-armllvm_3.2.1.LTS\lib\clang\15.0.7\lib\armv6m-ti-none-eabi\</path>
         <kind>archive</kind>
         <file>libclang_rt.builtins.a</file>
         <name>divsf3.S.obj</name>
      </input_file>
      <input_file id="fl-101">
         <path>C:\ti\ccs1260\ccs\tools\compiler\ti-cgt-armllvm_3.2.1.LTS\lib\clang\15.0.7\lib\armv6m-ti-none-eabi\</path>
         <kind>archive</kind>
         <file>libclang_rt.builtins.a</file>
         <name>divdf3.S.obj</name>
      </input_file>
      <input_file id="fl-102">
         <path>C:\ti\ccs1260\ccs\tools\compiler\ti-cgt-armllvm_3.2.1.LTS\lib\clang\15.0.7\lib\armv6m-ti-none-eabi\</path>
         <kind>archive</kind>
         <file>libclang_rt.builtins.a</file>
         <name>extendsfdf2.S.obj</name>
      </input_file>
      <input_file id="fl-103">
         <path>C:\ti\ccs1260\ccs\tools\compiler\ti-cgt-armllvm_3.2.1.LTS\lib\clang\15.0.7\lib\armv6m-ti-none-eabi\</path>
         <kind>archive</kind>
         <file>libclang_rt.builtins.a</file>
         <name>fixdfsi.S.obj</name>
      </input_file>
      <input_file id="fl-104">
         <path>C:\ti\ccs1260\ccs\tools\compiler\ti-cgt-armllvm_3.2.1.LTS\lib\clang\15.0.7\lib\armv6m-ti-none-eabi\</path>
         <kind>archive</kind>
         <file>libclang_rt.builtins.a</file>
         <name>floatsidf.S.obj</name>
      </input_file>
      <input_file id="fl-105">
         <path>C:\ti\ccs1260\ccs\tools\compiler\ti-cgt-armllvm_3.2.1.LTS\lib\clang\15.0.7\lib\armv6m-ti-none-eabi\</path>
         <kind>archive</kind>
         <file>libclang_rt.builtins.a</file>
         <name>floatunsidf.S.obj</name>
      </input_file>
      <input_file id="fl-106">
         <path>C:\ti\ccs1260\ccs\tools\compiler\ti-cgt-armllvm_3.2.1.LTS\lib\clang\15.0.7\lib\armv6m-ti-none-eabi\</path>
         <kind>archive</kind>
         <file>libclang_rt.builtins.a</file>
         <name>muldi3.S.obj</name>
      </input_file>
      <input_file id="fl-107">
         <path>C:\ti\ccs1260\ccs\tools\compiler\ti-cgt-armllvm_3.2.1.LTS\lib\clang\15.0.7\lib\armv6m-ti-none-eabi\</path>
         <kind>archive</kind>
         <file>libclang_rt.builtins.a</file>
         <name>truncdfsf2.S.obj</name>
      </input_file>
      <input_file id="fl-108">
         <path>C:\ti\ccs1260\ccs\tools\compiler\ti-cgt-armllvm_3.2.1.LTS\lib\clang\15.0.7\lib\armv6m-ti-none-eabi\</path>
         <kind>archive</kind>
         <file>libclang_rt.builtins.a</file>
         <name>clzsi2.c.obj</name>
      </input_file>
      <input_file id="fl-109">
         <path>C:\ti\ccs1260\ccs\tools\compiler\ti-cgt-armllvm_3.2.1.LTS\lib\clang\15.0.7\lib\armv6m-ti-none-eabi\</path>
         <kind>archive</kind>
         <file>libclang_rt.builtins.a</file>
         <name>aeabi_dcmp.S.obj</name>
      </input_file>
      <input_file id="fl-10a">
         <path>C:\ti\ccs1260\ccs\tools\compiler\ti-cgt-armllvm_3.2.1.LTS\lib\clang\15.0.7\lib\armv6m-ti-none-eabi\</path>
         <kind>archive</kind>
         <file>libclang_rt.builtins.a</file>
         <name>aeabi_fcmp.S.obj</name>
      </input_file>
      <input_file id="fl-10b">
         <path>C:\ti\ccs1260\ccs\tools\compiler\ti-cgt-armllvm_3.2.1.LTS\lib\clang\15.0.7\lib\armv6m-ti-none-eabi\</path>
         <kind>archive</kind>
         <file>libclang_rt.builtins.a</file>
         <name>aeabi_idivmod.S.obj</name>
      </input_file>
      <input_file id="fl-10c">
         <path>C:\ti\ccs1260\ccs\tools\compiler\ti-cgt-armllvm_3.2.1.LTS\lib\clang\15.0.7\lib\armv6m-ti-none-eabi\</path>
         <kind>archive</kind>
         <file>libclang_rt.builtins.a</file>
         <name>aeabi_memcpy.S.obj</name>
      </input_file>
      <input_file id="fl-10d">
         <path>C:\ti\ccs1260\ccs\tools\compiler\ti-cgt-armllvm_3.2.1.LTS\lib\clang\15.0.7\lib\armv6m-ti-none-eabi\</path>
         <kind>archive</kind>
         <file>libclang_rt.builtins.a</file>
         <name>aeabi_memmove.S.obj</name>
      </input_file>
      <input_file id="fl-10e">
         <path>C:\ti\ccs1260\ccs\tools\compiler\ti-cgt-armllvm_3.2.1.LTS\lib\clang\15.0.7\lib\armv6m-ti-none-eabi\</path>
         <kind>archive</kind>
         <file>libclang_rt.builtins.a</file>
         <name>aeabi_memset.S.obj</name>
      </input_file>
      <input_file id="fl-10f">
         <path>C:\ti\ccs1260\ccs\tools\compiler\ti-cgt-armllvm_3.2.1.LTS\lib\clang\15.0.7\lib\armv6m-ti-none-eabi\</path>
         <kind>archive</kind>
         <file>libclang_rt.builtins.a</file>
         <name>aeabi_uidivmod.S.obj</name>
      </input_file>
      <input_file id="fl-110">
         <path>C:\ti\ccs1260\ccs\tools\compiler\ti-cgt-armllvm_3.2.1.LTS\lib\clang\15.0.7\lib\armv6m-ti-none-eabi\</path>
         <kind>archive</kind>
         <file>libclang_rt.builtins.a</file>
         <name>aeabi_uldivmod.S.obj</name>
      </input_file>
      <input_file id="fl-111">
         <path>C:\ti\ccs1260\ccs\tools\compiler\ti-cgt-armllvm_3.2.1.LTS\lib\clang\15.0.7\lib\armv6m-ti-none-eabi\</path>
         <kind>archive</kind>
         <file>libclang_rt.builtins.a</file>
         <name>comparesf2.S.obj</name>
      </input_file>
      <input_file id="fl-112">
         <path>C:\ti\ccs1260\ccs\tools\compiler\ti-cgt-armllvm_3.2.1.LTS\lib\clang\15.0.7\lib\armv6m-ti-none-eabi\</path>
         <kind>archive</kind>
         <file>libclang_rt.builtins.a</file>
         <name>udivmoddi4.S.obj</name>
      </input_file>
      <input_file id="fl-113">
         <path>C:\ti\ccs1260\ccs\tools\compiler\ti-cgt-armllvm_3.2.1.LTS\lib\clang\15.0.7\lib\armv6m-ti-none-eabi\</path>
         <kind>archive</kind>
         <file>libclang_rt.builtins.a</file>
         <name>ashldi3.S.obj</name>
      </input_file>
      <input_file id="fl-114">
         <path>C:\ti\ccs1260\ccs\tools\compiler\ti-cgt-armllvm_3.2.1.LTS\lib\clang\15.0.7\lib\armv6m-ti-none-eabi\</path>
         <kind>archive</kind>
         <file>libclang_rt.builtins.a</file>
         <name>comparedf2.c.obj</name>
      </input_file>
      <input_file id="fl-115">
         <path>C:\ti\ccs1260\ccs\tools\compiler\ti-cgt-armllvm_3.2.1.LTS\lib\clang\15.0.7\lib\armv6m-ti-none-eabi\</path>
         <kind>archive</kind>
         <file>libclang_rt.builtins.a</file>
         <name>aeabi_div0.c.obj</name>
      </input_file>
      <input_file id="fl-116">
         <path>C:\ti\ccs1260\ccs\tools\compiler\ti-cgt-armllvm_3.2.1.LTS\lib\armv6m-ti-none-eabi\c\</path>
         <kind>archive</kind>
         <file>libc.a</file>
         <name>getdevice.c.obj</name>
      </input_file>
      <input_file id="fl-117">
         <path>C:\ti\ccs1260\ccs\tools\compiler\ti-cgt-armllvm_3.2.1.LTS\lib\armv6m-ti-none-eabi\c\</path>
         <kind>archive</kind>
         <file>libc.a</file>
         <name>memcpy16.S.obj</name>
      </input_file>
      <input_file id="fl-118">
         <path>C:\ti\ccs1260\ccs\tools\compiler\ti-cgt-armllvm_3.2.1.LTS\lib\armv6m-ti-none-eabi\c\</path>
         <kind>archive</kind>
         <file>libc.a</file>
         <name>memset16.S.obj</name>
      </input_file>
      <input_file id="fl-119">
         <path>C:\ti\ccs1260\ccs\tools\compiler\ti-cgt-armllvm_3.2.1.LTS\lib\armv6m-ti-none-eabi\c\</path>
         <kind>archive</kind>
         <file>libc.a</file>
         <name>memmov.c.obj</name>
      </input_file>
   </input_file_list>
   <object_component_list>
      <object_component id="oc-18">
         <name>.intvecs</name>
         <load_address>0x0</load_address>
         <readonly>true</readonly>
         <run_address>0x0</run_address>
         <size>0xc0</size>
         <alignment>0x4</alignment>
         <input_file_ref idref="fl-16"/>
      </object_component>
      <object_component id="oc-30e">
         <name>.text._ZN4Bike12updateCornerEPKt</name>
         <load_address>0x145d8</load_address>
         <readonly>true</readonly>
         <executable>true</executable>
         <run_address>0x145d8</run_address>
         <size>0x4a4</size>
         <alignment>0x4</alignment>
         <input_file_ref idref="fl-5"/>
      </object_component>
      <object_component id="oc-2ee">
         <name>.text._ZN4Bike7displayEv</name>
         <load_address>0x14a7c</load_address>
         <readonly>true</readonly>
         <executable>true</executable>
         <run_address>0x14a7c</run_address>
         <size>0x394</size>
         <alignment>0x4</alignment>
         <input_file_ref idref="fl-5"/>
      </object_component>
      <object_component id="oc-1a0">
         <name>.text._Z17ST7735_DrawBitmapssPKtss</name>
         <load_address>0x14e10</load_address>
         <readonly>true</readonly>
         <executable>true</executable>
         <run_address>0x14e10</run_address>
         <size>0x210</size>
         <alignment>0x4</alignment>
         <input_file_ref idref="fl-c"/>
      </object_component>
      <object_component id="oc-15d">
         <name>.text._Z15Clock_Init80MHzi</name>
         <load_address>0x15020</load_address>
         <readonly>true</readonly>
         <executable>true</executable>
         <run_address>0x15020</run_address>
         <size>0x1b4</size>
         <alignment>0x4</alignment>
         <input_file_ref idref="fl-1"/>
      </object_component>
      <object_component id="oc-1a1">
         <name>.text._Z11menu_updatev</name>
         <load_address>0x151d4</load_address>
         <readonly>true</readonly>
         <executable>true</executable>
         <run_address>0x151d4</run_address>
         <size>0x1b0</size>
         <alignment>0x4</alignment>
         <input_file_ref idref="fl-14"/>
      </object_component>
      <object_component id="oc-276">
         <name>.text._Z16ST7735_DrawCharSsscssh</name>
         <load_address>0x15384</load_address>
         <readonly>true</readonly>
         <executable>true</executable>
         <run_address>0x15384</run_address>
         <size>0x1a0</size>
         <alignment>0x4</alignment>
         <input_file_ref idref="fl-c"/>
      </object_component>
      <object_component id="oc-2e9">
         <name>.text._ZN4Bike14updateLocationEi</name>
         <load_address>0x15524</load_address>
         <readonly>true</readonly>
         <executable>true</executable>
         <run_address>0x15524</run_address>
         <size>0x1a0</size>
         <alignment>0x4</alignment>
         <input_file_ref idref="fl-5"/>
      </object_component>
      <object_component id="oc-28b">
         <name>.text._ZN8Gameplay6updateEii</name>
         <load_address>0x156c4</load_address>
         <readonly>true</readonly>
         <executable>true</executable>
         <run_address>0x156c4</run_address>
         <size>0x186</size>
         <alignment>0x2</alignment>
         <input_file_ref idref="fl-5"/>
      </object_component>
      <object_component id="oc-1f5">
         <name>.text.__aeabi_idiv0</name>
         <load_address>0x1584a</load_address>
         <readonly>true</readonly>
         <executable>true</executable>
         <run_address>0x1584a</run_address>
         <size>0x2</size>
         <alignment>0x2</alignment>
         <input_file_ref idref="fl-115"/>
      </object_component>
      <object_component id="oc-1df">
         <name>.text._openfile</name>
         <load_address>0x1584c</load_address>
         <readonly>true</readonly>
         <executable>true</executable>
         <run_address>0x1584c</run_address>
         <size>0x160</size>
         <alignment>0x4</alignment>
         <input_file_ref idref="fl-33"/>
      </object_component>
      <object_component id="oc-308">
         <name>.text._ZN8Gameplay9countDownEv</name>
         <load_address>0x159ac</load_address>
         <readonly>true</readonly>
         <executable>true</executable>
         <run_address>0x159ac</run_address>
         <size>0x138</size>
         <alignment>0x4</alignment>
         <input_file_ref idref="fl-5"/>
      </object_component>
      <object_component id="oc-275">
         <name>.text.aligned_alloc</name>
         <load_address>0x15ae4</load_address>
         <readonly>true</readonly>
         <executable>true</executable>
         <run_address>0x15ae4</run_address>
         <size>0x12c</size>
         <alignment>0x4</alignment>
         <input_file_ref idref="fl-43"/>
      </object_component>
      <object_component id="oc-195">
         <name>.text._Z8ADC_InitP10ADC12_Regsjj</name>
         <load_address>0x15c10</load_address>
         <readonly>true</readonly>
         <executable>true</executable>
         <run_address>0x15c10</run_address>
         <size>0x128</size>
         <alignment>0x4</alignment>
         <input_file_ref idref="fl-11"/>
      </object_component>
      <object_component id="oc-1c1">
         <name>.text._ZNSt3__112basic_stringIcNS_11char_traitsIcEENS_9allocatorIcEEEaSERKS5_</name>
         <load_address>0x15d38</load_address>
         <readonly>true</readonly>
         <executable>true</executable>
         <run_address>0x15d38</run_address>
         <size>0x128</size>
         <alignment>0x4</alignment>
         <input_file_ref idref="fl-ba"/>
      </object_component>
      <object_component id="oc-1fc">
         <name>.text._Z15ST7735_FillRectsssst</name>
         <load_address>0x15e60</load_address>
         <readonly>true</readonly>
         <executable>true</executable>
         <run_address>0x15e60</run_address>
         <size>0x118</size>
         <alignment>0x4</alignment>
         <input_file_ref idref="fl-c"/>
      </object_component>
      <object_component id="oc-208">
         <name>.text._Z20periodic_menu_updatei</name>
         <load_address>0x15f78</load_address>
         <readonly>true</readonly>
         <executable>true</executable>
         <run_address>0x15f78</run_address>
         <size>0x100</size>
         <alignment>0x4</alignment>
         <input_file_ref idref="fl-14"/>
      </object_component>
      <object_component id="oc-235">
         <name>.text._Z8SPI_Initv</name>
         <load_address>0x16078</load_address>
         <readonly>true</readonly>
         <executable>true</executable>
         <run_address>0x16078</run_address>
         <size>0xf8</size>
         <alignment>0x4</alignment>
         <input_file_ref idref="fl-b"/>
      </object_component>
      <object_component id="oc-f7">
         <name>.text._Z18ST7735_SetRotationh</name>
         <load_address>0x16170</load_address>
         <readonly>true</readonly>
         <executable>true</executable>
         <run_address>0x16170</run_address>
         <size>0xf4</size>
         <alignment>0x4</alignment>
         <input_file_ref idref="fl-c"/>
      </object_component>
      <object_component id="oc-27f">
         <name>.text._Z2upv</name>
         <load_address>0x16264</load_address>
         <readonly>true</readonly>
         <executable>true</executable>
         <run_address>0x16264</run_address>
         <size>0xf4</size>
         <alignment>0x4</alignment>
         <input_file_ref idref="fl-14"/>
      </object_component>
      <object_component id="oc-166">
         <name>.text.add_device</name>
         <load_address>0x16358</load_address>
         <readonly>true</readonly>
         <executable>true</executable>
         <run_address>0x16358</run_address>
         <size>0xec</size>
         <alignment>0x4</alignment>
         <input_file_ref idref="fl-f1"/>
      </object_component>
      <object_component id="oc-1e8">
         <name>.text.free</name>
         <load_address>0x16444</load_address>
         <readonly>true</readonly>
         <executable>true</executable>
         <run_address>0x16444</run_address>
         <size>0xec</size>
         <alignment>0x4</alignment>
         <input_file_ref idref="fl-43"/>
      </object_component>
      <object_component id="oc-197">
         <name>.text._Z9UART_Initv</name>
         <load_address>0x16530</load_address>
         <readonly>true</readonly>
         <executable>true</executable>
         <run_address>0x16530</run_address>
         <size>0xe8</size>
         <alignment>0x4</alignment>
         <input_file_ref idref="fl-11"/>
      </object_component>
      <object_component id="oc-4a">
         <name>.text.TIMG12_IRQHandler</name>
         <load_address>0x16618</load_address>
         <readonly>true</readonly>
         <executable>true</executable>
         <run_address>0x16618</run_address>
         <size>0xe4</size>
         <alignment>0x4</alignment>
         <input_file_ref idref="fl-9"/>
      </object_component>
      <object_component id="oc-171">
         <name>.text.setvbuf</name>
         <load_address>0x166fc</load_address>
         <readonly>true</readonly>
         <executable>true</executable>
         <run_address>0x166fc</run_address>
         <size>0xdc</size>
         <alignment>0x4</alignment>
         <input_file_ref idref="fl-37"/>
      </object_component>
      <object_component id="oc-281">
         <name>.text._Z9changeSetv</name>
         <load_address>0x167d8</load_address>
         <readonly>true</readonly>
         <executable>true</executable>
         <run_address>0x167d8</run_address>
         <size>0xd8</size>
         <alignment>0x4</alignment>
         <input_file_ref idref="fl-14"/>
      </object_component>
      <object_component id="oc-100">
         <name>.text._Z10UART2_Initv</name>
         <load_address>0x168b0</load_address>
         <readonly>true</readonly>
         <executable>true</executable>
         <run_address>0x168b0</run_address>
         <size>0xd4</size>
         <alignment>0x4</alignment>
         <input_file_ref idref="fl-13"/>
      </object_component>
      <object_component id="oc-1ef">
         <name>.text._Z14ST7735_OutCharc</name>
         <load_address>0x16984</load_address>
         <readonly>true</readonly>
         <executable>true</executable>
         <run_address>0x16984</run_address>
         <size>0xd0</size>
         <alignment>0x4</alignment>
         <input_file_ref idref="fl-c"/>
      </object_component>
      <object_component id="oc-280">
         <name>.text._Z4downv</name>
         <load_address>0x16a54</load_address>
         <readonly>true</readonly>
         <executable>true</executable>
         <run_address>0x16a54</run_address>
         <size>0xcc</size>
         <alignment>0x4</alignment>
         <input_file_ref idref="fl-14"/>
      </object_component>
      <object_component id="oc-bf">
         <name>.text.main</name>
         <load_address>0x16b20</load_address>
         <readonly>true</readonly>
         <executable>true</executable>
         <run_address>0x16b20</run_address>
         <size>0xc4</size>
         <alignment>0x4</alignment>
         <input_file_ref idref="fl-9"/>
      </object_component>
      <object_component id="oc-307">
         <name>.text._ZN8Gameplay11updateLivesEv</name>
         <load_address>0x16be4</load_address>
         <readonly>true</readonly>
         <executable>true</executable>
         <run_address>0x16be4</run_address>
         <size>0xb8</size>
         <alignment>0x4</alignment>
         <input_file_ref idref="fl-5"/>
      </object_component>
      <object_component id="oc-d2">
         <name>.text.__cxx_global_var_init.5</name>
         <load_address>0x16c9c</load_address>
         <readonly>true</readonly>
         <executable>true</executable>
         <run_address>0x16c9c</run_address>
         <size>0xb4</size>
         <alignment>0x4</alignment>
         <input_file_ref idref="fl-14"/>
      </object_component>
      <object_component id="oc-31b">
         <name>.text._Z20ST7735_DrawFastHLinessst</name>
         <load_address>0x16d50</load_address>
         <readonly>true</readonly>
         <executable>true</executable>
         <run_address>0x16d50</run_address>
         <size>0xb0</size>
         <alignment>0x4</alignment>
         <input_file_ref idref="fl-c"/>
      </object_component>
      <object_component id="oc-31a">
         <name>.text._Z20ST7735_DrawFastVLinessst</name>
         <load_address>0x16e00</load_address>
         <readonly>true</readonly>
         <executable>true</executable>
         <run_address>0x16e00</run_address>
         <size>0xb0</size>
         <alignment>0x4</alignment>
         <input_file_ref idref="fl-c"/>
      </object_component>
      <object_component id="oc-d1">
         <name>.text.__cxx_global_var_init</name>
         <load_address>0x16eb0</load_address>
         <readonly>true</readonly>
         <executable>true</executable>
         <run_address>0x16eb0</run_address>
         <size>0xb0</size>
         <alignment>0x4</alignment>
         <input_file_ref idref="fl-14"/>
      </object_component>
      <object_component id="oc-19d">
         <name>.text._Z14TimerG7_IntArmtjj</name>
         <load_address>0x16f60</load_address>
         <readonly>true</readonly>
         <executable>true</executable>
         <run_address>0x16f60</run_address>
         <size>0xa8</size>
         <alignment>0x4</alignment>
         <input_file_ref idref="fl-12"/>
      </object_component>
      <object_component id="oc-25d">
         <name>.text.open</name>
         <load_address>0x17008</load_address>
         <readonly>true</readonly>
         <executable>true</executable>
         <run_address>0x17008</run_address>
         <size>0xa8</size>
         <alignment>0x4</alignment>
         <input_file_ref idref="fl-ee"/>
      </object_component>
      <object_component id="oc-1c8">
         <name>.text._ZL11commandListPKh</name>
         <load_address>0x170b0</load_address>
         <readonly>true</readonly>
         <executable>true</executable>
         <run_address>0x170b0</run_address>
         <size>0xa2</size>
         <alignment>0x2</alignment>
         <input_file_ref idref="fl-c"/>
      </object_component>
      <object_component id="oc-214">
         <name>.text._nop</name>
         <load_address>0x17152</load_address>
         <readonly>true</readonly>
         <executable>true</executable>
         <run_address>0x17152</run_address>
         <size>0x2</size>
         <alignment>0x2</alignment>
         <input_file_ref idref="fl-3d"/>
      </object_component>
      <object_component id="oc-f2">
         <name>.text._Z17ST7735_InitPrintfv</name>
         <load_address>0x17154</load_address>
         <readonly>true</readonly>
         <executable>true</executable>
         <run_address>0x17154</run_address>
         <size>0xa0</size>
         <alignment>0x4</alignment>
         <input_file_ref idref="fl-c"/>
      </object_component>
      <object_component id="oc-14f">
         <name>.text._ZN4MenuC2EPA4_NSt3__112basic_stringIcNS0_11char_traitsIcEENS0_9allocatorIcEEEEiPKi</name>
         <load_address>0x171f4</load_address>
         <readonly>true</readonly>
         <executable>true</executable>
         <run_address>0x171f4</run_address>
         <size>0xa0</size>
         <alignment>0x2</alignment>
         <input_file_ref idref="fl-14"/>
      </object_component>
      <object_component id="oc-1bd">
         <name>.text.atexit_register</name>
         <load_address>0x17294</load_address>
         <readonly>true</readonly>
         <executable>true</executable>
         <run_address>0x17294</run_address>
         <size>0x9c</size>
         <alignment>0x4</alignment>
         <input_file_ref idref="fl-3b"/>
      </object_component>
      <object_component id="oc-165">
         <name>.text._Z12ST7735_InitR10initRFlags</name>
         <load_address>0x17330</load_address>
         <readonly>true</readonly>
         <executable>true</executable>
         <run_address>0x17330</run_address>
         <size>0x98</size>
         <alignment>0x4</alignment>
         <input_file_ref idref="fl-c"/>
      </object_component>
      <object_component id="oc-30d">
         <name>.text._ZN4Bike12displayCrashEv</name>
         <load_address>0x173c8</load_address>
         <readonly>true</readonly>
         <executable>true</executable>
         <run_address>0x173c8</run_address>
         <size>0x98</size>
         <alignment>0x4</alignment>
         <input_file_ref idref="fl-5"/>
      </object_component>
      <object_component id="oc-f8">
         <name>.text._ZN9Joystick213JoyStick_InitEv</name>
         <load_address>0x17460</load_address>
         <readonly>true</readonly>
         <executable>true</executable>
         <run_address>0x17460</run_address>
         <size>0x98</size>
         <alignment>0x4</alignment>
         <input_file_ref idref="fl-7"/>
      </object_component>
      <object_component id="oc-103">
         <name>.text._Z15TimerG12_IntArmjj</name>
         <load_address>0x174f8</load_address>
         <readonly>true</readonly>
         <executable>true</executable>
         <run_address>0x174f8</run_address>
         <size>0x94</size>
         <alignment>0x4</alignment>
         <input_file_ref idref="fl-12"/>
      </object_component>
      <object_component id="oc-289">
         <name>.text._ZN8Gameplay5resetEv</name>
         <load_address>0x1758c</load_address>
         <readonly>true</readonly>
         <executable>true</executable>
         <run_address>0x1758c</run_address>
         <size>0x94</size>
         <alignment>0x2</alignment>
         <input_file_ref idref="fl-5"/>
      </object_component>
      <object_component id="oc-2ea">
         <name>.text._ZN4Bike10collisionsES_</name>
         <load_address>0x17620</load_address>
         <readonly>true</readonly>
         <executable>true</executable>
         <run_address>0x17620</run_address>
         <size>0x92</size>
         <alignment>0x2</alignment>
         <input_file_ref idref="fl-5"/>
      </object_component>
      <object_component id="oc-128">
         <name>.text._ZN8GameplayC2Eiib</name>
         <load_address>0x176b2</load_address>
         <readonly>true</readonly>
         <executable>true</executable>
         <run_address>0x176b2</run_address>
         <size>0x92</size>
         <alignment>0x2</alignment>
         <input_file_ref idref="fl-5"/>
      </object_component>
      <object_component id="oc-d3">
         <name>.text.__cxx_global_var_init.13</name>
         <load_address>0x17744</load_address>
         <readonly>true</readonly>
         <executable>true</executable>
         <run_address>0x17744</run_address>
         <size>0x90</size>
         <alignment>0x4</alignment>
         <input_file_ref idref="fl-14"/>
      </object_component>
      <object_component id="oc-1fb">
         <name>.text._ZL13setAddrWindowhhhh</name>
         <load_address>0x177d4</load_address>
         <readonly>true</readonly>
         <executable>true</executable>
         <run_address>0x177d4</run_address>
         <size>0x88</size>
         <alignment>0x4</alignment>
         <input_file_ref idref="fl-c"/>
      </object_component>
      <object_component id="oc-1fe">
         <name>.text._Z17ST7735_DrawStringttPKcs</name>
         <load_address>0x1785c</load_address>
         <readonly>true</readonly>
         <executable>true</executable>
         <run_address>0x1785c</run_address>
         <size>0x84</size>
         <alignment>0x2</alignment>
         <input_file_ref idref="fl-c"/>
      </object_component>
      <object_component id="oc-40">
         <name>.text.UART2_IRQHandler</name>
         <load_address>0x178e0</load_address>
         <readonly>true</readonly>
         <executable>true</executable>
         <run_address>0x178e0</run_address>
         <size>0x7c</size>
         <alignment>0x4</alignment>
         <input_file_ref idref="fl-13"/>
      </object_component>
      <object_component id="oc-ed">
         <name>.text._Z14LaunchPad_Initv</name>
         <load_address>0x1795c</load_address>
         <readonly>true</readonly>
         <executable>true</executable>
         <run_address>0x1795c</run_address>
         <size>0x7c</size>
         <alignment>0x4</alignment>
         <input_file_ref idref="fl-a"/>
      </object_component>
      <object_component id="oc-30c">
         <name>.text._ZN4Bike8newPointEii</name>
         <load_address>0x179d8</load_address>
         <readonly>true</readonly>
         <executable>true</executable>
         <run_address>0x179d8</run_address>
         <size>0x7c</size>
         <alignment>0x4</alignment>
         <input_file_ref idref="fl-5"/>
      </object_component>
      <object_component id="oc-1e2">
         <name>.text.__TI_closefile</name>
         <load_address>0x17a54</load_address>
         <readonly>true</readonly>
         <executable>true</executable>
         <run_address>0x17a54</run_address>
         <size>0x7c</size>
         <alignment>0x4</alignment>
         <input_file_ref idref="fl-4d"/>
      </object_component>
      <object_component id="oc-1c">
         <name>.text:decompress:lzss</name>
         <load_address>0x17ad0</load_address>
         <readonly>true</readonly>
         <executable>true</executable>
         <run_address>0x17ad0</run_address>
         <size>0x78</size>
         <alignment>0x4</alignment>
         <input_file_ref idref="fl-48"/>
      </object_component>
      <object_component id="oc-2df">
         <name>.text._Z16ST7735_DrawPixelsst</name>
         <load_address>0x17b48</load_address>
         <readonly>true</readonly>
         <executable>true</executable>
         <run_address>0x17b48</run_address>
         <size>0x70</size>
         <alignment>0x4</alignment>
         <input_file_ref idref="fl-c"/>
      </object_component>
      <object_component id="oc-24b">
         <name>.text.HOSTlseek</name>
         <load_address>0x17bb8</load_address>
         <readonly>true</readonly>
         <executable>true</executable>
         <run_address>0x17bb8</run_address>
         <size>0x6c</size>
         <alignment>0x4</alignment>
         <input_file_ref idref="fl-f4"/>
      </object_component>
      <object_component id="oc-253">
         <name>.text.HOSTrename</name>
         <load_address>0x17c24</load_address>
         <readonly>true</readonly>
         <executable>true</executable>
         <run_address>0x17c24</run_address>
         <size>0x6c</size>
         <alignment>0x4</alignment>
         <input_file_ref idref="fl-f7"/>
      </object_component>
      <object_component id="oc-20b">
         <name>.text._Z10gameUpdatei</name>
         <load_address>0x17c90</load_address>
         <readonly>true</readonly>
         <executable>true</executable>
         <run_address>0x17c90</run_address>
         <size>0x6c</size>
         <alignment>0x4</alignment>
         <input_file_ref idref="fl-5"/>
      </object_component>
      <object_component id="oc-9b">
         <name>.text._ZN9Joystick27ConvertEPiS0_</name>
         <load_address>0x17cfc</load_address>
         <readonly>true</readonly>
         <executable>true</executable>
         <run_address>0x17cfc</run_address>
         <size>0x6c</size>
         <alignment>0x4</alignment>
         <input_file_ref idref="fl-7"/>
      </object_component>
      <object_component id="oc-2a6">
         <name>.text.__cxa_finalize</name>
         <load_address>0x17d68</load_address>
         <readonly>true</readonly>
         <executable>true</executable>
         <run_address>0x17d68</run_address>
         <size>0x6c</size>
         <alignment>0x4</alignment>
         <input_file_ref idref="fl-3b"/>
      </object_component>
      <object_component id="oc-2c6">
         <name>.text.getdevice</name>
         <load_address>0x17dd4</load_address>
         <readonly>true</readonly>
         <executable>true</executable>
         <run_address>0x17dd4</run_address>
         <size>0x68</size>
         <alignment>0x4</alignment>
         <input_file_ref idref="fl-116"/>
      </object_component>
      <object_component id="oc-d4">
         <name>.text.__cxx_global_var_init.21</name>
         <load_address>0x17e3c</load_address>
         <readonly>true</readonly>
         <executable>true</executable>
         <run_address>0x17e3c</run_address>
         <size>0x64</size>
         <alignment>0x4</alignment>
         <input_file_ref idref="fl-14"/>
      </object_component>
      <object_component id="oc-2dd">
         <name>.text.split</name>
         <load_address>0x17ea0</load_address>
         <readonly>true</readonly>
         <executable>true</executable>
         <run_address>0x17ea0</run_address>
         <size>0x64</size>
         <alignment>0x4</alignment>
         <input_file_ref idref="fl-43"/>
      </object_component>
      <object_component id="oc-23b">
         <name>.text.HOSTopen</name>
         <load_address>0x17f04</load_address>
         <readonly>true</readonly>
         <executable>true</executable>
         <run_address>0x17f04</run_address>
         <size>0x60</size>
         <alignment>0x4</alignment>
         <input_file_ref idref="fl-f5"/>
      </object_component>
      <object_component id="oc-df">
         <name>.text._Z13IRxmt_SendBiti</name>
         <load_address>0x17f64</load_address>
         <readonly>true</readonly>
         <executable>true</executable>
         <run_address>0x17f64</run_address>
         <size>0x60</size>
         <alignment>0x4</alignment>
         <input_file_ref idref="fl-6"/>
      </object_component>
      <object_component id="oc-243">
         <name>.text.HOSTread</name>
         <load_address>0x17fc4</load_address>
         <readonly>true</readonly>
         <executable>true</executable>
         <run_address>0x17fc4</run_address>
         <size>0x58</size>
         <alignment>0x4</alignment>
         <input_file_ref idref="fl-f6"/>
      </object_component>
      <object_component id="oc-247">
         <name>.text.HOSTwrite</name>
         <load_address>0x1801c</load_address>
         <readonly>true</readonly>
         <executable>true</executable>
         <run_address>0x1801c</run_address>
         <size>0x58</size>
         <alignment>0x4</alignment>
         <input_file_ref idref="fl-f9"/>
      </object_component>
      <object_component id="oc-102">
         <name>.text._Z10TExaS_InitP10ADC12_RegsjPFhvE</name>
         <load_address>0x18074</load_address>
         <readonly>true</readonly>
         <executable>true</executable>
         <run_address>0x18074</run_address>
         <size>0x58</size>
         <alignment>0x4</alignment>
         <input_file_ref idref="fl-11"/>
      </object_component>
      <object_component id="oc-f9">
         <name>.text._Z11Switch_Initv</name>
         <load_address>0x180cc</load_address>
         <readonly>true</readonly>
         <executable>true</executable>
         <run_address>0x180cc</run_address>
         <size>0x58</size>
         <alignment>0x4</alignment>
         <input_file_ref idref="fl-10"/>
      </object_component>
      <object_component id="oc-30b">
         <name>.text._ZN4Bike5clearEv</name>
         <load_address>0x18124</load_address>
         <readonly>true</readonly>
         <executable>true</executable>
         <run_address>0x18124</run_address>
         <size>0x56</size>
         <alignment>0x2</alignment>
         <input_file_ref idref="fl-5"/>
      </object_component>
      <object_component id="oc-285">
         <name>.text.__aeabi_idivmod</name>
         <load_address>0x1817c</load_address>
         <readonly>true</readonly>
         <executable>true</executable>
         <run_address>0x1817c</run_address>
         <size>0x56</size>
         <alignment>0x4</alignment>
         <input_file_ref idref="fl-10b"/>
      </object_component>
      <object_component id="oc-ff">
         <name>.text._Z10Sound_Initv</name>
         <load_address>0x181d4</load_address>
         <readonly>true</readonly>
         <executable>true</executable>
         <run_address>0x181d4</run_address>
         <size>0x54</size>
         <alignment>0x4</alignment>
         <input_file_ref idref="fl-f"/>
      </object_component>
      <object_component id="oc-20d">
         <name>.text._Z12printWinLosev</name>
         <load_address>0x18228</load_address>
         <readonly>true</readonly>
         <executable>true</executable>
         <run_address>0x18228</run_address>
         <size>0x54</size>
         <alignment>0x4</alignment>
         <input_file_ref idref="fl-4"/>
      </object_component>
      <object_component id="oc-30a">
         <name>.text._ZN5Queue3GetEPc</name>
         <load_address>0x1827c</load_address>
         <readonly>true</readonly>
         <executable>true</executable>
         <run_address>0x1827c</run_address>
         <size>0x54</size>
         <alignment>0x2</alignment>
         <input_file_ref idref="fl-3"/>
      </object_component>
      <object_component id="oc-92">
         <name>.text._ZN5Queue3PutEc</name>
         <load_address>0x182d0</load_address>
         <readonly>true</readonly>
         <executable>true</executable>
         <run_address>0x182d0</run_address>
         <size>0x54</size>
         <alignment>0x2</alignment>
         <input_file_ref idref="fl-3"/>
      </object_component>
      <object_component id="oc-1b5">
         <name>.text._ZNSt3__112basic_stringIcNS_11char_traitsIcEENS_9allocatorIcEEE6__initEPKcj</name>
         <load_address>0x18324</load_address>
         <readonly>true</readonly>
         <executable>true</executable>
         <run_address>0x18324</run_address>
         <size>0x54</size>
         <alignment>0x2</alignment>
         <input_file_ref idref="fl-ba"/>
      </object_component>
      <object_component id="oc-224">
         <name>.text._Znwj</name>
         <load_address>0x18378</load_address>
         <readonly>true</readonly>
         <executable>true</executable>
         <run_address>0x18378</run_address>
         <size>0x54</size>
         <alignment>0x2</alignment>
         <input_file_ref idref="fl-bb"/>
      </object_component>
      <object_component id="oc-119">
         <name>.text:__TI_auto_init_nobinit</name>
         <load_address>0x183cc</load_address>
         <readonly>true</readonly>
         <executable>true</executable>
         <run_address>0x183cc</run_address>
         <size>0x54</size>
         <alignment>0x4</alignment>
         <input_file_ref idref="fl-52"/>
      </object_component>
      <object_component id="oc-261">
         <name>.text.__TI_doflush</name>
         <load_address>0x18420</load_address>
         <readonly>true</readonly>
         <executable>true</executable>
         <run_address>0x18420</run_address>
         <size>0x52</size>
         <alignment>0x2</alignment>
         <input_file_ref idref="fl-4e"/>
      </object_component>
      <object_component id="oc-267">
         <name>.text.close</name>
         <load_address>0x18474</load_address>
         <readonly>true</readonly>
         <executable>true</executable>
         <run_address>0x18474</run_address>
         <size>0x50</size>
         <alignment>0x4</alignment>
         <input_file_ref idref="fl-f0"/>
      </object_component>
      <object_component id="oc-23f">
         <name>.text.HOSTclose</name>
         <load_address>0x184c4</load_address>
         <readonly>true</readonly>
         <executable>true</executable>
         <run_address>0x184c4</run_address>
         <size>0x48</size>
         <alignment>0x4</alignment>
         <input_file_ref idref="fl-f3"/>
      </object_component>
      <object_component id="oc-24f">
         <name>.text.HOSTunlink</name>
         <load_address>0x1850c</load_address>
         <readonly>true</readonly>
         <executable>true</executable>
         <run_address>0x1850c</run_address>
         <size>0x48</size>
         <alignment>0x4</alignment>
         <input_file_ref idref="fl-f8"/>
      </object_component>
      <object_component id="oc-185">
         <name>.text._Z14SPI_OutCommandc</name>
         <load_address>0x18554</load_address>
         <readonly>true</readonly>
         <executable>true</executable>
         <run_address>0x18554</run_address>
         <size>0x48</size>
         <alignment>0x4</alignment>
         <input_file_ref idref="fl-b"/>
      </object_component>
      <object_component id="oc-1b2">
         <name>.text._ZN4BikeC2Eibb</name>
         <load_address>0x1859c</load_address>
         <readonly>true</readonly>
         <executable>true</executable>
         <run_address>0x1859c</run_address>
         <size>0x46</size>
         <alignment>0x2</alignment>
         <input_file_ref idref="fl-5"/>
      </object_component>
      <object_component id="oc-3b">
         <name>.text.SysTick_Handler</name>
         <load_address>0x185e4</load_address>
         <readonly>true</readonly>
         <executable>true</executable>
         <run_address>0x185e4</run_address>
         <size>0x44</size>
         <alignment>0x4</alignment>
         <input_file_ref idref="fl-f"/>
      </object_component>
      <object_component id="oc-2e3">
         <name>.text._Z11Sound_StartPKhj</name>
         <load_address>0x18628</load_address>
         <readonly>true</readonly>
         <executable>true</executable>
         <run_address>0x18628</run_address>
         <size>0x44</size>
         <alignment>0x4</alignment>
         <input_file_ref idref="fl-f"/>
      </object_component>
      <object_component id="oc-a5">
         <name>.text._Z13IRxmt_OutCharc</name>
         <load_address>0x1866c</load_address>
         <readonly>true</readonly>
         <executable>true</executable>
         <run_address>0x1866c</run_address>
         <size>0x44</size>
         <alignment>0x2</alignment>
         <input_file_ref idref="fl-6"/>
      </object_component>
      <object_component id="oc-fa">
         <name>.text._Z8LED_Initv</name>
         <load_address>0x186b0</load_address>
         <readonly>true</readonly>
         <executable>true</executable>
         <run_address>0x186b0</run_address>
         <size>0x44</size>
         <alignment>0x4</alignment>
         <input_file_ref idref="fl-8"/>
      </object_component>
      <object_component id="oc-21d">
         <name>.text._ZN4Bike5resetEv</name>
         <load_address>0x186f4</load_address>
         <readonly>true</readonly>
         <executable>true</executable>
         <run_address>0x186f4</run_address>
         <size>0x44</size>
         <alignment>0x2</alignment>
         <input_file_ref idref="fl-5"/>
      </object_component>
      <object_component id="oc-45">
         <name>.text.TIMG7_IRQHandler</name>
         <load_address>0x18738</load_address>
         <readonly>true</readonly>
         <executable>true</executable>
         <run_address>0x18738</run_address>
         <size>0x40</size>
         <alignment>0x4</alignment>
         <input_file_ref idref="fl-11"/>
      </object_component>
      <object_component id="oc-2a7">
         <name>.text._Z9SPI_Resetv</name>
         <load_address>0x18778</load_address>
         <readonly>true</readonly>
         <executable>true</executable>
         <run_address>0x18778</run_address>
         <size>0x40</size>
         <alignment>0x4</alignment>
         <input_file_ref idref="fl-b"/>
      </object_component>
      <object_component id="oc-31c">
         <name>.text._ZN4Bike12firstDisplayEv</name>
         <load_address>0x187b8</load_address>
         <readonly>true</readonly>
         <executable>true</executable>
         <run_address>0x187b8</run_address>
         <size>0x40</size>
         <alignment>0x4</alignment>
         <input_file_ref idref="fl-5"/>
      </object_component>
      <object_component id="oc-2ed">
         <name>.text._ZN8Gameplay8gameOverEv</name>
         <load_address>0x187f8</load_address>
         <readonly>true</readonly>
         <executable>true</executable>
         <run_address>0x187f8</run_address>
         <size>0x40</size>
         <alignment>0x4</alignment>
         <input_file_ref idref="fl-5"/>
      </object_component>
      <object_component id="oc-199">
         <name>.text.__aeabi_uidivmod</name>
         <load_address>0x18838</load_address>
         <readonly>true</readonly>
         <executable>true</executable>
         <run_address>0x18838</run_address>
         <size>0x40</size>
         <alignment>0x4</alignment>
         <input_file_ref idref="fl-10f"/>
      </object_component>
      <object_component id="oc-1de">
         <name>.text._search_fp</name>
         <load_address>0x18878</load_address>
         <readonly>true</readonly>
         <executable>true</executable>
         <run_address>0x18878</run_address>
         <size>0x40</size>
         <alignment>0x4</alignment>
         <input_file_ref idref="fl-33"/>
      </object_component>
      <object_component id="oc-212">
         <name>.text._Z12updateScreeni</name>
         <load_address>0x188b8</load_address>
         <readonly>true</readonly>
         <executable>true</executable>
         <run_address>0x188b8</run_address>
         <size>0x3c</size>
         <alignment>0x4</alignment>
         <input_file_ref idref="fl-4"/>
      </object_component>
      <object_component id="oc-192">
         <name>.text._Z9DAC5_Initv</name>
         <load_address>0x188f4</load_address>
         <readonly>true</readonly>
         <executable>true</executable>
         <run_address>0x188f4</run_address>
         <size>0x3c</size>
         <alignment>0x4</alignment>
         <input_file_ref idref="fl-2"/>
      </object_component>
      <object_component id="oc-28c">
         <name>.text._ZN8Gameplay15toggleAbilitiesEbb</name>
         <load_address>0x18930</load_address>
         <readonly>true</readonly>
         <executable>true</executable>
         <run_address>0x18930</run_address>
         <size>0x3c</size>
         <alignment>0x2</alignment>
         <input_file_ref idref="fl-5"/>
      </object_component>
      <object_component id="oc-cb">
         <name>.text.__cxx_global_var_init.1</name>
         <load_address>0x1896c</load_address>
         <readonly>true</readonly>
         <executable>true</executable>
         <run_address>0x1896c</run_address>
         <size>0x3c</size>
         <alignment>0x4</alignment>
         <input_file_ref idref="fl-5"/>
      </object_component>
      <object_component id="oc-ca">
         <name>.text.__cxx_global_var_init</name>
         <load_address>0x189a8</load_address>
         <readonly>true</readonly>
         <executable>true</executable>
         <run_address>0x189a8</run_address>
         <size>0x3c</size>
         <alignment>0x4</alignment>
         <input_file_ref idref="fl-5"/>
      </object_component>
      <object_component id="oc-18a">
         <name>.text._Z11SPI_OutDatac</name>
         <load_address>0x189e4</load_address>
         <readonly>true</readonly>
         <executable>true</executable>
         <run_address>0x189e4</run_address>
         <size>0x38</size>
         <alignment>0x4</alignment>
         <input_file_ref idref="fl-b"/>
      </object_component>
      <object_component id="oc-162">
         <name>.text._Z15ActivatePortA_Bv</name>
         <load_address>0x18a1c</load_address>
         <readonly>true</readonly>
         <executable>true</executable>
         <run_address>0x18a1c</run_address>
         <size>0x38</size>
         <alignment>0x4</alignment>
         <input_file_ref idref="fl-a"/>
      </object_component>
      <object_component id="oc-20a">
         <name>.text._Z8gameInitv</name>
         <load_address>0x18a54</load_address>
         <readonly>true</readonly>
         <executable>true</executable>
         <run_address>0x18a54</run_address>
         <size>0x38</size>
         <alignment>0x4</alignment>
         <input_file_ref idref="fl-5"/>
      </object_component>
[...]
         <value>0x19263</value>
         <object_component_ref idref="oc-306"/>
      </symbol>
      <symbol id="sm-36a">
         <name>_ZNKSt3__117__compressed_pairINS_12basic_stringIcNS_11char_traitsIcEENS_9allocatorIcEEE5__repES5_E5firstB6v15007Ev</name>
         <value>0x19455</value>
         <object_component_ref idref="oc-316"/>
      </symbol>
      <symbol id="sm-36b">
         <name>_ZNSt3__114pointer_traitsIPKcE10pointer_toB6v15007ERS1_</name>
         <value>0x1959b</value>
         <object_component_ref idref="oc-317"/>
      </symbol>
      <symbol id="sm-36c">
         <name>_ZNKSt3__122__compressed_pair_elemINS_12basic_stringIcNS_11char_traitsIcEENS_9allocatorIcEEE5__repELi0ELb0EE5__getB6v15007Ev</name>
         <value>0x19587</value>
         <object_component_ref idref="oc-32e"/>
      </symbol>
      <symbol id="sm-37a">
         <name>Default_Handler</name>
         <value>0x19605</value>
         <object_component_ref idref="oc-39"/>
      </symbol>
      <symbol id="sm-37b">
         <name>Reset_Handler</name>
         <value>0x1960d</value>
         <object_component_ref idref="oc-35"/>
      </symbol>
      <symbol id="sm-37c">
         <name>HardFault_Handler</name>
         <value>0x19609</value>
         <object_component_ref idref="oc-3a"/>
      </symbol>
      <symbol id="sm-37d">
         <name>interruptVectors</name>
         <value>0x0</value>
         <object_component_ref idref="oc-18"/>
      </symbol>
      <symbol id="sm-37e">
         <name>NMI_Handler</name>
         <value>0x19605</value>
         <object_component_ref idref="oc-39"/>
      </symbol>
      <symbol id="sm-37f">
         <name>SVC_Handler</name>
         <value>0x19605</value>
         <object_component_ref idref="oc-39"/>
      </symbol>
      <symbol id="sm-380">
         <name>PendSV_Handler</name>
         <value>0x19605</value>
         <object_component_ref idref="oc-39"/>
      </symbol>
      <symbol id="sm-381">
         <name>GROUP0_IRQHandler</name>
         <value>0x19605</value>
         <object_component_ref idref="oc-39"/>
      </symbol>
      <symbol id="sm-382">
         <name>GROUP1_IRQHandler</name>
         <value>0x19605</value>
         <object_component_ref idref="oc-39"/>
      </symbol>
      <symbol id="sm-383">
         <name>TIMG8_IRQHandler</name>
         <value>0x19605</value>
         <object_component_ref idref="oc-39"/>
      </symbol>
      <symbol id="sm-384">
         <name>UART3_IRQHandler</name>
         <value>0x19605</value>
         <object_component_ref idref="oc-39"/>
      </symbol>
      <symbol id="sm-385">
         <name>ADC0_IRQHandler</name>
         <value>0x19605</value>
         <object_component_ref idref="oc-39"/>
      </symbol>
      <symbol id="sm-386">
         <name>ADC1_IRQHandler</name>
         <value>0x19605</value>
         <object_component_ref idref="oc-39"/>
      </symbol>
      <symbol id="sm-387">
         <name>CANFD0_IRQHandler</name>
         <value>0x19605</value>
         <object_component_ref idref="oc-39"/>
      </symbol>
      <symbol id="sm-388">
         <name>DAC0_IRQHandler</name>
         <value>0x19605</value>
         <object_component_ref idref="oc-39"/>
      </symbol>
      <symbol id="sm-389">
         <name>SPI0_IRQHandler</name>
         <value>0x19605</value>
         <object_component_ref idref="oc-39"/>
      </symbol>
      <symbol id="sm-38a">
         <name>SPI1_IRQHandler</name>
         <value>0x19605</value>
         <object_component_ref idref="oc-39"/>
      </symbol>
      <symbol id="sm-38b">
         <name>UART1_IRQHandler</name>
         <value>0x19605</value>
         <object_component_ref idref="oc-39"/>
      </symbol>
      <symbol id="sm-38c">
         <name>UART0_IRQHandler</name>
         <value>0x19605</value>
         <object_component_ref idref="oc-39"/>
      </symbol>
      <symbol id="sm-38d">
         <name>TIMG0_IRQHandler</name>
         <value>0x19605</value>
         <object_component_ref idref="oc-39"/>
      </symbol>
      <symbol id="sm-38e">
         <name>TIMG6_IRQHandler</name>
         <value>0x19605</value>
         <object_component_ref idref="oc-39"/>
      </symbol>
      <symbol id="sm-38f">
         <name>TIMA0_IRQHandler</name>
         <value>0x19605</value>
         <object_component_ref idref="oc-39"/>
      </symbol>
      <symbol id="sm-390">
         <name>TIMA1_IRQHandler</name>
         <value>0x19605</value>
         <object_component_ref idref="oc-39"/>
      </symbol>
      <symbol id="sm-391">
         <name>I2C0_IRQHandler</name>
         <value>0x19605</value>
         <object_component_ref idref="oc-39"/>
      </symbol>
      <symbol id="sm-392">
         <name>I2C1_IRQHandler</name>
         <value>0x19605</value>
         <object_component_ref idref="oc-39"/>
      </symbol>
      <symbol id="sm-393">
         <name>AES_IRQHandler</name>
         <value>0x19605</value>
         <object_component_ref idref="oc-39"/>
      </symbol>
      <symbol id="sm-394">
         <name>RTC_IRQHandler</name>
         <value>0x19605</value>
         <object_component_ref idref="oc-39"/>
      </symbol>
      <symbol id="sm-395">
         <name>DMA_IRQHandler</name>
         <value>0x19605</value>
         <object_component_ref idref="oc-39"/>
      </symbol>
      <symbol id="sm-396">
         <name>__TI_ATRegion0_src_addr</name>
         <value>0x0</value>
      </symbol>
      <symbol id="sm-397">
         <name>__TI_ATRegion0_trg_addr</name>
         <value>0x0</value>
      </symbol>
      <symbol id="sm-398">
         <name>__TI_ATRegion0_region_sz</name>
         <value>0x0</value>
      </symbol>
      <symbol id="sm-399">
         <name>__TI_ATRegion1_src_addr</name>
         <value>0x0</value>
      </symbol>
      <symbol id="sm-39a">
         <name>__TI_ATRegion1_trg_addr</name>
         <value>0x0</value>
      </symbol>
      <symbol id="sm-39b">
         <name>__TI_ATRegion1_region_sz</name>
         <value>0x0</value>
      </symbol>
      <symbol id="sm-39c">
         <name>__TI_ATRegion2_src_addr</name>
         <value>0x0</value>
      </symbol>
      <symbol id="sm-39d">
         <name>__TI_ATRegion2_trg_addr</name>
         <value>0x0</value>
      </symbol>
      <symbol id="sm-39e">
         <name>__TI_ATRegion2_region_sz</name>
         <value>0x0</value>
      </symbol>
      <symbol id="sm-3b9">
         <name>fopen</name>
         <value>0x18df5</value>
         <object_component_ref idref="oc-16a"/>
      </symbol>
      <symbol id="sm-3ba">
         <name>__TI_cleanup</name>
         <value>0x18bcd</value>
         <object_component_ref idref="oc-1eb"/>
      </symbol>
      <symbol id="sm-3bb">
         <name>freopen</name>
         <value>0x18c9d</value>
         <object_component_ref idref="oc-170"/>
      </symbol>
      <symbol id="sm-3c8">
         <name>setvbuf</name>
         <value>0x166fd</value>
         <object_component_ref idref="oc-171"/>
      </symbol>
      <symbol id="sm-3e2">
         <name>__cxa_ia64_exit</name>
         <value>0x195f5</value>
         <object_component_ref idref="oc-231"/>
      </symbol>
      <symbol id="sm-3e3">
         <name>__cxa_atexit</name>
         <value>0x19331</value>
         <object_component_ref idref="oc-131"/>
      </symbol>
      <symbol id="sm-3e4">
         <name>__cxa_finalize</name>
         <value>0x17d69</value>
         <object_component_ref idref="oc-2a6"/>
      </symbol>
      <symbol id="sm-3f2">
         <name>abort</name>
         <value>0x19615</value>
         <object_component_ref idref="oc-10c"/>
      </symbol>
      <symbol id="sm-3f3">
         <name>C$$EXIT</name>
         <value>0x19614</value>
         <object_component_ref idref="oc-10c"/>
      </symbol>
      <symbol id="sm-3f4">
         <name>__dso_handle</name>
         <value>0x20204cd8</value>
         <object_component_ref idref="oc-13e"/>
      </symbol>
      <symbol id="sm-3f5">
         <name>__TI_cleanup_ptr</name>
         <value>0x20204ca8</value>
         <object_component_ref idref="oc-1a9"/>
      </symbol>
      <symbol id="sm-3f6">
         <name>__TI_dtors_ptr</name>
         <value>0x20204cac</value>
         <object_component_ref idref="oc-1a9"/>
      </symbol>
      <symbol id="sm-3f7">
         <name>exit</name>
         <value>0x18c69</value>
         <object_component_ref idref="oc-111"/>
      </symbol>
      <symbol id="sm-400">
         <name>_nop</name>
         <value>0x17153</value>
         <object_component_ref idref="oc-214"/>
      </symbol>
      <symbol id="sm-401">
         <name>_lock</name>
         <value>0x20204cdc</value>
         <object_component_ref idref="oc-1a7"/>
      </symbol>
      <symbol id="sm-402">
         <name>_unlock</name>
         <value>0x20204ce0</value>
         <object_component_ref idref="oc-1aa"/>
      </symbol>
      <symbol id="sm-40a">
         <name>_ftable</name>
         <value>0x20204894</value>
         <object_component_ref idref="oc-180"/>
      </symbol>
      <symbol id="sm-40b">
         <name>__TI_ft_end</name>
         <value>0x20204cd0</value>
         <object_component_ref idref="oc-25c"/>
      </symbol>
      <symbol id="sm-40c">
         <name>__TI_tmpnams</name>
         <value>0x202045e0</value>
         <object_component_ref idref="oc-26f"/>
      </symbol>
      <symbol id="sm-430">
         <name>malloc</name>
         <value>0x1955d</value>
         <object_component_ref idref="oc-1ea"/>
      </symbol>
      <symbol id="sm-431">
         <name>aligned_alloc</name>
         <value>0x15ae5</value>
         <object_component_ref idref="oc-275"/>
      </symbol>
      <symbol id="sm-432">
         <name>free</name>
         <value>0x16445</value>
         <object_component_ref idref="oc-1e8"/>
      </symbol>
      <symbol id="sm-433">
         <name>_sys_memory</name>
         <value>0x20204d38</value>
         <object_component_ref idref="oc-33"/>
      </symbol>
      <symbol id="sm-434">
         <name>memalign</name>
         <value>0x15ae5</value>
         <object_component_ref idref="oc-275"/>
      </symbol>
      <symbol id="sm-43d">
         <name>strlen</name>
         <value>0x194d1</value>
         <object_component_ref idref="oc-220"/>
      </symbol>
      <symbol id="sm-448">
         <name>__TI_zero_init</name>
         <value>0x194a5</value>
         <object_component_ref idref="oc-67"/>
      </symbol>
      <symbol id="sm-451">
         <name>__TI_decompress_none</name>
         <value>0x193b3</value>
         <object_component_ref idref="oc-20"/>
      </symbol>
      <symbol id="sm-45c">
         <name>__TI_decompress_lzss</name>
         <value>0x17ad1</value>
         <object_component_ref idref="oc-1c"/>
      </symbol>
      <symbol id="sm-467">
         <name>_c_int00_noargs</name>
         <value>0x19081</value>
         <object_component_ref idref="oc-6a"/>
      </symbol>
      <symbol id="sm-468">
         <name>__stack</name>
         <value>0x20207e00</value>
         <object_component_ref idref="oc-1a"/>
      </symbol>
      <symbol id="sm-476">
         <name>__TI_closefile</name>
         <value>0x17a55</value>
         <object_component_ref idref="oc-1e2"/>
      </symbol>
      <symbol id="sm-480">
         <name>__TI_doflush</name>
         <value>0x18421</value>
         <object_component_ref idref="oc-261"/>
      </symbol>
      <symbol id="sm-48d">
         <name>__TI_auto_init_nobinit</name>
         <value>0x183cd</value>
         <object_component_ref idref="oc-119"/>
      </symbol>
      <symbol id="sm-495">
         <name>_system_pre_init</name>
         <value>0x19611</value>
         <object_component_ref idref="oc-bb"/>
      </symbol>
      <symbol id="sm-4a5">
         <name>_ZNSt3__112basic_stringIcNS_11char_traitsIcEENS_9allocatorIcEEED2Ev</name>
         <value>0x192f5</value>
         <object_component_ref idref="oc-1c0"/>
      </symbol>
      <symbol id="sm-4a6">
         <name>_ZNSt3__112basic_stringIcNS_11char_traitsIcEENS_9allocatorIcEEE6__initEPKcj</name>
         <value>0x18325</value>
         <object_component_ref idref="oc-1b5"/>
      </symbol>
      <symbol id="sm-4a7">
         <name>_ZNSt3__112basic_stringIcNS_11char_traitsIcEENS_9allocatorIcEEEaSERKS5_</name>
         <value>0x15d39</value>
         <object_component_ref idref="oc-1c1"/>
      </symbol>
      <symbol id="sm-4a8">
         <name>_ZNSt3__112basic_stringIcNS_11char_traitsIcEENS_9allocatorIcEEED1Ev</name>
         <value>0x192f5</value>
         <object_component_ref idref="oc-1c0"/>
      </symbol>
      <symbol id="sm-4b4">
         <name>_Znwj</name>
         <value>0x18379</value>
         <object_component_ref idref="oc-224"/>
      </symbol>
      <symbol id="sm-4b5">
         <name>_ZdlPv</name>
         <value>0x195db</value>
         <object_component_ref idref="oc-234"/>
      </symbol>
      <symbol id="sm-4c0">
         <name>_ZSt15get_new_handlerv</name>
         <value>0x19545</value>
         <object_component_ref idref="oc-299"/>
      </symbol>
      <symbol id="sm-4c8">
         <name>__cxa_new_handler</name>
         <value>0x20204cd4</value>
         <object_component_ref idref="oc-2f1"/>
      </symbol>
      <symbol id="sm-4fd">
         <name>write</name>
         <value>0x19059</value>
         <object_component_ref idref="oc-2cc"/>
      </symbol>
      <symbol id="sm-502">
         <name>_device</name>
         <value>0x20204a04</value>
         <object_component_ref idref="oc-1d9"/>
      </symbol>
      <symbol id="sm-503">
         <name>_stream</name>
         <value>0x20204b9c</value>
         <object_component_ref idref="oc-2c8"/>
      </symbol>
      <symbol id="sm-50c">
         <name>remove</name>
         <value>0x195fd</value>
         <object_component_ref idref="oc-26b"/>
      </symbol>
      <symbol id="sm-519">
         <name>open</name>
         <value>0x17009</value>
         <object_component_ref idref="oc-25d"/>
      </symbol>
      <symbol id="sm-524">
         <name>close</name>
         <value>0x18475</value>
         <object_component_ref idref="oc-267"/>
      </symbol>
      <symbol id="sm-530">
         <name>add_device</name>
         <value>0x16359</value>
         <object_component_ref idref="oc-166"/>
      </symbol>
      <symbol id="sm-53a">
         <name>unlink</name>
         <value>0x18fb5</value>
         <object_component_ref idref="oc-2d5"/>
      </symbol>
      <symbol id="sm-544">
         <name>HOSTclose</name>
         <value>0x184c5</value>
         <object_component_ref idref="oc-23f"/>
      </symbol>
      <symbol id="sm-54e">
         <name>HOSTlseek</name>
         <value>0x17bb9</value>
         <object_component_ref idref="oc-24b"/>
      </symbol>
      <symbol id="sm-558">
         <name>HOSTopen</name>
         <value>0x17f05</value>
         <object_component_ref idref="oc-23b"/>
      </symbol>
      <symbol id="sm-559">
         <name>parmbuf</name>
         <value>0x20204708</value>
         <object_component_ref idref="oc-2af"/>
      </symbol>
      <symbol id="sm-563">
         <name>HOSTread</name>
         <value>0x17fc5</value>
         <object_component_ref idref="oc-243"/>
      </symbol>
      <symbol id="sm-574">
         <name>HOSTrename</name>
         <value>0x17c25</value>
         <object_component_ref idref="oc-253"/>
      </symbol>
      <symbol id="sm-57e">
         <name>HOSTunlink</name>
         <value>0x1850d</value>
         <object_component_ref idref="oc-24f"/>
      </symbol>
      <symbol id="sm-588">
         <name>HOSTwrite</name>
         <value>0x1801d</value>
         <object_component_ref idref="oc-247"/>
      </symbol>
      <symbol id="sm-596">
         <name>C$$IO$$</name>
         <value>0x18c61</value>
         <object_component_ref idref="oc-2a8"/>
      </symbol>
      <symbol id="sm-597">
         <name>__TI_writemsg</name>
         <value>0x18c35</value>
         <object_component_ref idref="oc-2a8"/>
      </symbol>
      <symbol id="sm-598">
         <name>__CIOBUF_</name>
         <value>0x202044c0</value>
         <object_component_ref idref="oc-2fa"/>
      </symbol>
      <symbol id="sm-599">
         <name>__TI_readmsg</name>
         <value>0x18c01</value>
         <object_component_ref idref="oc-2ae"/>
      </symbol>
      <symbol id="sm-59a">
         <name>_CIOBUF_</name>
         <value>0x202044c0</value>
         <object_component_ref idref="oc-2fa"/>
      </symbol>
      <symbol id="sm-5a1">
         <name>__aeabi_idiv</name>
         <value>0x1817d</value>
         <object_component_ref idref="oc-285"/>
      </symbol>
      <symbol id="sm-5a2">
         <name>__aeabi_idivmod</name>
         <value>0x1817d</value>
         <object_component_ref idref="oc-285"/>
      </symbol>
      <symbol id="sm-5a8">
         <name>__aeabi_memcpy</name>
         <value>0x195e5</value>
         <object_component_ref idref="oc-5a"/>
      </symbol>
      <symbol id="sm-5a9">
         <name>__aeabi_memcpy4</name>
         <value>0x195e5</value>
         <object_component_ref idref="oc-5a"/>
      </symbol>
      <symbol id="sm-5aa">
         <name>__aeabi_memcpy8</name>
         <value>0x195e5</value>
         <object_component_ref idref="oc-5a"/>
      </symbol>
      <symbol id="sm-5b0">
         <name>__aeabi_memmove</name>
         <value>0x195ed</value>
         <object_component_ref idref="oc-22a"/>
      </symbol>
      <symbol id="sm-5b1">
         <name>__aeabi_memmove4</name>
         <value>0x195ed</value>
         <object_component_ref idref="oc-22a"/>
      </symbol>
      <symbol id="sm-5b2">
         <name>__aeabi_memmove8</name>
         <value>0x195ed</value>
         <object_component_ref idref="oc-22a"/>
      </symbol>
      <symbol id="sm-5b9">
         <name>__aeabi_memclr</name>
         <value>0x19551</value>
         <object_component_ref idref="oc-b6"/>
      </symbol>
      <symbol id="sm-5ba">
         <name>__aeabi_memclr4</name>
         <value>0x19551</value>
         <object_component_ref idref="oc-b6"/>
      </symbol>
      <symbol id="sm-5bb">
         <name>__aeabi_memclr8</name>
         <value>0x19551</value>
         <object_component_ref idref="oc-b6"/>
      </symbol>
      <symbol id="sm-5c1">
         <name>__aeabi_uidiv</name>
         <value>0x18839</value>
         <object_component_ref idref="oc-199"/>
      </symbol>
      <symbol id="sm-5c2">
         <name>__aeabi_uidivmod</name>
         <value>0x18839</value>
         <object_component_ref idref="oc-199"/>
      </symbol>
      <symbol id="sm-5cd">
         <name>__aeabi_idiv0</name>
         <value>0x1584b</value>
         <object_component_ref idref="oc-1f5"/>
      </symbol>
      <symbol id="sm-5db">
         <name>finddevice</name>
         <value>0x18ac5</value>
         <object_component_ref idref="oc-1d2"/>
      </symbol>
      <symbol id="sm-5dc">
         <name>getdevice</name>
         <value>0x17dd5</value>
         <object_component_ref idref="oc-2c6"/>
      </symbol>
      <symbol id="sm-5e5">
         <name>TI_memcpy_small</name>
         <value>0x193a1</value>
         <object_component_ref idref="oc-e2"/>
      </symbol>
      <symbol id="sm-5ee">
         <name>TI_memset_small</name>
         <value>0x194ed</value>
         <object_component_ref idref="oc-157"/>
      </symbol>
      <symbol id="sm-5f7">
         <name>memmove</name>
         <value>0x19031</value>
         <object_component_ref idref="oc-2a0"/>
      </symbol>
      <symbol id="sm-5f8">
         <name>__TI_static_base__</name>
         <value>0x0</value>
      </symbol>
      <symbol id="sm-5fb">
         <name>__mpu_init</name>
         <value>0x0</value>
      </symbol>
      <symbol id="sm-5fc">
         <name>_system_post_cinit</name>
         <value>0x0</value>
      </symbol>
   </symbol_table>
   <title>Link successful</title>
</link_info>
