******************************************************************************
            TI ARM Clang Linker PC v3.2.1                      
******************************************************************************
>> Linked Mon Apr 22 00:52:25 2024

OUTPUT FILE NAME:   <ECE319K_Lab9H.out>
ENTRY POINT SYMBOL: "_c_int00_noargs"  address: 000135b5


MEMORY CONFIGURATION

         name            origin    length      used     unused   attr    fill
----------------------  --------  ---------  --------  --------  ----  --------
  FLASH                 00000000   00020000  00013ba0  0000c460  R  X
  SRAM                  20200000   00008000  000050ed  00002f13  RW X
  BCR_CONFIG            41c00000   00000080  00000000  00000080  R   
  BSL_CONFIG            41c00100   00000080  00000000  00000080  R   


SEGMENT ALLOCATION MAP

run origin  load origin   length   init length attrs members
----------  ----------- ---------- ----------- ----- -------
00000000    00000000    00013ba0   00013ba0    r-x
  00000000    00000000    000000c0   000000c0    r-- .intvecs
  000000c0    000000c0    0000f7c0   0000f7c0    r-- .rodata
  0000f880    0000f880    00004210   00004210    r-x .text
  00013a90    00013a90    00000010   00000010    r-- .init_array
  00013aa0    00013aa0    00000100   00000100    r-- .cinit
20200000    20200000    00004ef0   00000000    rw-
  20200000    20200000    00004728   00000000    rw- .bss
  20204728    20204728    000005c5   00000000    rw- .data
  20204cf0    20204cf0    00000200   00000000    rw- .sysmem
20207e00    20207e00    00000200   00000000    rw-
  20207e00    20207e00    00000200   00000000    rw- .stack


SECTION ALLOCATION MAP

 output                                  attributes/
section   page    origin      length       input sections
--------  ----  ----------  ----------   ----------------
.intvecs   0    00000000    000000c0     
                  00000000    000000c0     startup_mspm0g3507_ticlang.o (.intvecs)

.binit     0    00000000    00000000     

.text      0    0000f880    00004210     
                  0000f880    00000290     GamePlay.o (.text._ZN4Bike7displayEv)
                  0000fb10    00000210     ST7735.o (.text._Z17ST7735_DrawBitmapssPKtss)
                  0000fd20    000001b4     Clock.o (.text._Z15Clock_Init80MHzi)
                  0000fed4    000001a0     ST7735.o (.text._Z16ST7735_DrawCharSsscssh)
                  00010074    00000178     menu.o (.text._Z11menu_updatev)
                  000101ec    00000172     GamePlay.o (.text._ZN8Gameplay6updateEii)
                  0001035e    00000002     libclang_rt.builtins.a : aeabi_div0.c.obj (.text.__aeabi_idiv0)
                  00010360    00000160     libc.a : fopen.c.obj (.text._openfile)
                  000104c0    0000012c            : memory.c.obj (.text.aligned_alloc)
                  000105ec    00000128     TExaS.o (.text._Z8ADC_InitP10ADC12_Regsjj)
                  00010714    00000128     libc++.a : string.cpp.obj (.text._ZNSt3__112basic_stringIcNS_11char_traitsIcEENS_9allocatorIcEEEaSERKS5_)
                  0001083c    0000011e     GamePlay.o (.text._ZN4Bike14updateLocationEi)
                  0001095a    00000002     libc.a : _lock.c.obj (.text._nop)
                  0001095c    00000118     ST7735.o (.text._Z15ST7735_FillRectsssst)
                  00010a74    00000100     menu.o (.text._Z20periodic_menu_updatei)
                  00010b74    000000fc     GamePlay.o (.text._ZN8Gameplay9countDownEv)
                  00010c70    000000f8     SPI.o (.text._Z8SPI_Initv)
                  00010d68    000000f4     ST7735.o (.text._Z18ST7735_SetRotationh)
                  00010e5c    000000f4     menu.o (.text._Z2upv)
                  00010f50    000000ec     libsysbm.a : add_device.c.obj (.text.add_device)
                  0001103c    000000ec     libc.a : memory.c.obj (.text.free)
                  00011128    000000e8     TExaS.o (.text._Z9UART_Initv)
                  00011210    000000dc     libc.a : setvbuf.c.obj (.text.setvbuf)
                  000112ec    000000d8     Lab9HMain.o (.text.TIMG12_IRQHandler)
                  000113c4    000000d0     ST7735.o (.text._Z14ST7735_OutCharc)
                  00011494    000000cc     menu.o (.text._Z4downv)
                  00011560    000000c8     menu.o (.text._Z9changeSetv)
                  00011628    000000bc     Lab9HMain.o (.text.main)
                  000116e4    000000b4     menu.o (.text.__cxx_global_var_init.5)
                  00011798    000000b0     menu.o (.text.__cxx_global_var_init)
                  00011848    000000a8     Timer.o (.text._Z14TimerG7_IntArmtjj)
                  000118f0    000000a8     libsysbm.a : open.c.obj (.text.open)
                  00011998    000000a2     ST7735.o (.text._ZL11commandListPKh)
                  00011a3a    00000002     --HOLE-- [fill = 0]
                  00011a3c    000000a0     ST7735.o (.text._Z17ST7735_InitPrintfv)
                  00011adc    000000a0     menu.o (.text._ZN4MenuC2EPA4_NSt3__112basic_stringIcNS0_11char_traitsIcEENS0_9allocatorIcEEEEiPKi)
                  00011b7c    0000009c     libc.a : aeabi_atexit.c.obj (.text.atexit_register)
                  00011c18    00000098     ST7735.o (.text._Z12ST7735_InitR10initRFlags)
                  00011cb0    00000098     GamePlay.o (.text._ZN4Bike12displayCrashEv)
                  00011d48    00000098     Joystick2.o (.text._ZN9Joystick213JoyStick_InitEv)
                  00011de0    00000094     Timer.o (.text._Z15TimerG12_IntArmjj)
                  00011e74    00000094     GamePlay.o (.text._ZN8Gameplay5resetEv)
                  00011f08    00000092     GamePlay.o (.text._ZN8GameplayC2Eiib)
                  00011f9a    00000002     --HOLE-- [fill = 0]
                  00011f9c    00000090     menu.o (.text.__cxx_global_var_init.13)
                  0001202c    0000008a     GamePlay.o (.text._ZN4Bike10collisionsES_)
                  000120b6    00000002     --HOLE-- [fill = 0]
                  000120b8    00000088     ST7735.o (.text._ZL13setAddrWindowhhhh)
                  00012140    00000084     ST7735.o (.text._Z17ST7735_DrawStringttPKcs)
                  000121c4    0000007c     LaunchPad.o (.text._Z14LaunchPad_Initv)
                  00012240    0000007c     GamePlay.o (.text._ZN4Bike8newPointEii)
                  000122bc    0000007c     libc.a : fclose.c.obj (.text.__TI_closefile)
                  00012338    00000078            : copy_decompress_lzss.c.obj (.text:decompress:lzss)
                  000123b0    00000070     ST7735.o (.text._Z16ST7735_DrawPixelsst)
                  00012420    0000006c     libsysbm.a : hostlseek.c.obj (.text.HOSTlseek)
                  0001248c    0000006c                : hostrename.c.obj (.text.HOSTrename)
                  000124f8    0000006c     Joystick2.o (.text._ZN9Joystick27ConvertEPiS0_)
                  00012564    0000006c     libc.a : aeabi_atexit.c.obj (.text.__cxa_finalize)
                  000125d0    00000068            : getdevice.c.obj (.text.getdevice)
                  00012638    00000064     menu.o (.text.__cxx_global_var_init.21)
                  0001269c    00000064     libc.a : memory.c.obj (.text.split)
                  00012700    00000060     libsysbm.a : hostopen.c.obj (.text.HOSTopen)
                  00012760    00000058                : hostread.c.obj (.text.HOSTread)
                  000127b8    00000058                : hostwrite.c.obj (.text.HOSTwrite)
                  00012810    00000058     TExaS.o (.text._Z10TExaS_InitP10ADC12_RegsjPFhvE)
                  00012868    00000058     Switch.o (.text._Z11Switch_Initv)
                  000128c0    00000056     libclang_rt.builtins.a : aeabi_idivmod.S.obj (.text.__aeabi_idivmod)
                  00012916    00000002     --HOLE-- [fill = 0]
                  00012918    00000054     Sound.o (.text._Z10Sound_Initv)
                  0001296c    00000054     libc++.a : string.cpp.obj (.text._ZNSt3__112basic_stringIcNS_11char_traitsIcEENS_9allocatorIcEEE6__initEPKcj)
                  000129c0    00000054     libc++abi.a : stdlib_new_delete.cpp.obj (.text._Znwj)
                  00012a14    00000054     libc.a : autoinit.c.obj (.text:__TI_auto_init_nobinit)
                  00012a68    00000052            : fflush.c.obj (.text.__TI_doflush)
                  00012aba    00000002     --HOLE-- [fill = 0]
                  00012abc    00000050     libsysbm.a : close.c.obj (.text.close)
                  00012b0c    00000048                : hostclose.c.obj (.text.HOSTclose)
                  00012b54    00000048                : hostunlink.c.obj (.text.HOSTunlink)
                  00012b9c    00000048     SPI.o (.text._Z14SPI_OutCommandc)
                  00012be4    00000044     Sound.o (.text.SysTick_Handler)
                  00012c28    00000044     Sound.o (.text._Z11Sound_StartPKhj)
                  00012c6c    00000044     LED.o (.text._Z8LED_Initv)
                  00012cb0    00000044     GamePlay.o (.text._ZN4Bike5resetEv)
                  00012cf4    00000040     TExaS.o (.text.TIMG7_IRQHandler)
                  00012d34    00000040     SPI.o (.text._Z9SPI_Resetv)
                  00012d74    00000040     GamePlay.o (.text._ZN4Bike12firstDisplayEv)
                  00012db4    00000040     libclang_rt.builtins.a : aeabi_uidivmod.S.obj (.text.__aeabi_uidivmod)
                  00012df4    00000040     libc.a : fopen.c.obj (.text._search_fp)
                  00012e34    0000003e     GamePlay.o (.text._ZN4BikeC2Eibb)
                  00012e72    00000002     --HOLE-- [fill = 0]
                  00012e74    0000003c     DAC5.o (.text._Z9DAC5_Initv)
                  00012eb0    0000003c     GamePlay.o (.text.__cxx_global_var_init.1)
                  00012eec    0000003c     GamePlay.o (.text.__cxx_global_var_init)
                  00012f28    00000038     SPI.o (.text._Z11SPI_OutDatac)
                  00012f60    00000038     LaunchPad.o (.text._Z15ActivatePortA_Bv)
                  00012f98    00000038     libc.a : getdevice.c.obj (.text.finddevice)
                  00012fd0    00000034     ST7735.o (.text._Z12ST7735_writeiPKcj)
                  00013004    00000034     Clock.o (.text._Z14Clock_Delay1msj)
                  00013038    00000034     ST7735.o (.text._Z16ST7735_SetCursorjj)
                  0001306c    00000034     libc.a : fopen.c.obj (.text.__TI_cleanup)
                  000130a0    00000034     libsysbm.a : trgmsg.c.obj (.text.__TI_readmsg)
                  000130d4    00000034                : trgmsg.c.obj (.text.__TI_writemsg)
                  00013108    00000034     libc.a : exit.c.obj (.text.exit)
                  0001313c    00000034            : fopen.c.obj (.text.freopen)
                  00013170    00000032     ST7735.o (.text._Z15ST7735_Color565hhh)
                  000131a2    00000032     GamePlay.o (.text._ZN8Gameplay8newRoundEv)
                  000131d4    00000032     menu.o (.text._ZNSt3__112basic_stringIcNS_11char_traitsIcEENS_9allocatorIcEEEC2B6v15007IDnEEPKc)
                  00013206    00000002     --HOLE-- [fill = 0]
                  00013208    00000030     LED.o (.text._Z6LED_Onj)
                  00013238    00000030     LED.o (.text._Z7LED_Offj)
                  00013268    00000030     GamePlay.o (.text._Z8gameInitv)
                  00013298    00000030     ST7735.o (.text._ZL10commonInitPKh)
                  000132c8    00000030     GamePlay.o (.text._ZN8Gameplay8gameOverEv)
                  000132f8    00000030     menu.o (.text.__cxx_global_array_dtor.22)
                  00013328    00000030     libc.a : fopen.c.obj (.text.fopen)
                  00013358    0000002e     menu.o (.text._ZN4MenuD2Ev)
                  00013386    0000002e     menu.o (.text._ZNKSt3__112basic_stringIcNS_11char_traitsIcEENS_9allocatorIcEEE13__get_pointerB6v15007Ev)
                  000133b4    0000002c     menu.o (.text._Z12tronMenuInitv)
                  000133e0    0000002c     ST7735.o (.text._Z17ST7735_FillScreent)
                  0001340c    0000002c     Switch.o (.text._Z9Switch_Inv)
                  00013438    0000002c     menu.o (.text.__cxx_global_array_dtor.12)
                  00013464    0000002c     menu.o (.text.__cxx_global_array_dtor.20)
                  00013490    0000002c     menu.o (.text.__cxx_global_array_dtor)
                  000134bc    0000002c     GamePlay.o (.text.__cxx_global_var_init.2)
                  000134e8    0000002c     libsysbm.a : unlink.c.obj (.text.unlink)
                  00013514    00000028     TExaS.o (.text._Z9ADC_StartP10ADC12_Regs)
                  0001353c    00000028     libc.a : memory.c.obj (.text.free_list_insert)
                  00013564    00000028            : memmov.c.obj (.text.memmove)
                  0001358c    00000028     libsysbm.a : write.c.obj (.text.write)
                  000135b4    00000028     libc.a : boot_cortex_m.c.obj (.text:_c_int00_noargs)
                  000135dc    00000026     menu.o (.text._ZNSt3__112basic_stringIcNS_11char_traitsIcEENS_9allocatorIcEEE6__zeroB6v15007Ev)
                  00013602    00000002     --HOLE-- [fill = 0]
                  00013604    00000024     DAC5.o (.text._Z8DAC5_Outh)
                  00013628    00000024     menu.o (.text._ZNSt3__112basic_stringIcNS_11char_traitsIcEENS_9allocatorIcEEEC2B6v15007Ev)
                  0001364c    00000022     ST7735.o (.text._Z20ST7735_InvertDisplayi)
                  0001366e    00000002     --HOLE-- [fill = 0]
                  00013670    00000020     Sound.o (.text._Z14SysTick_IntArmjj)
                  00013690    0000001e     ST7735.o (.text._ZL9pushColort)
                  000136ae    0000001e     menu.o (.text._ZNSt3__117__compressed_pairINS_12basic_stringIcNS_11char_traitsIcEENS_9allocatorIcEEE5__repES5_EC2B6v15007INS_18__default_init_tagESA_EEOT_OT0_)
                  000136cc    0000001c     GamePlay.o (.text._Z10gameUpdatei)
                  000136e8    0000001c     libc.a : memory.c.obj (.text.free_list_remove)
                  00013704    00000016     ST7735.o (.text._Z11ST7735_openPKcji)
                  0001371a    00000016     ST7735.o (.text._Z11ST7735_readiPcj)
                  00013730    00000016     GamePlay.o (.text._ZN4Bike5crashEv)
                  00013746    00000016     Joystick2.o (.text._ZN9Joystick2C2Ejj)
                  0001375c    00000016     menu.o (.text._ZNKSt3__112basic_stringIcNS_11char_traitsIcEENS_9allocatorIcEEE19__get_short_pointerB6v15007Ev)
                  00013772    00000016     menu.o (.text._ZNKSt3__112basic_stringIcNS_11char_traitsIcEENS_9allocatorIcEEE9__is_longB6v15007Ev)
                  00013788    00000014     menu.o (.text._GLOBAL__sub_I_menu.cpp)
                  0001379c    00000014     Sound.o (.text._Z10Sound_Menuv)
                  000137b0    00000014     Sound.o (.text._Z12Sound_Selectv)
                  000137c4    00000014     menu.o (.text._ZNKSt3__112basic_stringIcNS_11char_traitsIcEENS_9allocatorIcEEE4dataB6v15007Ev)
                  000137d8    00000014     libc++.a : string.cpp.obj (.text._ZNSt3__112basic_stringIcNS_11char_traitsIcEENS_9allocatorIcEEED2Ev)
                  000137ec    00000014     menu.o (.text._ZNSt3__122__compressed_pair_elemINS_9allocatorIcEELi1ELb1EEC2B6v15007ENS_18__default_init_tagE)
                  00013800    00000014     menu.o (.text._ZNSt3__19allocatorIcEC2B6v15007Ev)
                  00013814    00000014     libc.a : aeabi_atexit.c.obj (.text.__cxa_atexit)
                  00013828    00000014     Lab9HMain.o (.text.__cxx_global_var_init)
                  0001383c    00000012     menu.o (.text._ZNKSt3__112basic_stringIcNS_11char_traitsIcEENS_9allocatorIcEEE18__get_long_pointerB6v15007Ev)
                  0001384e    00000012     libsysbm.a : hostrename.c.obj (.text.strcpy)
                  00013860    00000012     libc.a : memcpy16.S.obj (.text:TI_memcpy_small)
                  00013872    00000012            : copy_decompress_none.c.obj (.text:decompress:none)
                  00013884    00000010     GamePlay.o (.text._GLOBAL__sub_I_GamePlay.cpp)
                  00013894    00000010     menu.o (.text._Z10menuIsDonev)
                  000138a4    00000010     Clock.o (.text._Z11Clock_Delayj)
                  000138b4    00000010     GamePlay.o (.text._Z12gameFinishedv)
                  000138c4    00000010     Lab9HMain.o (.text._Z28TExaS_LaunchPadLogicPB27PB26v)
                  000138d4    00000010     GamePlay.o (.text._ZN8Gameplay10isGameOverEv)
                  000138e4    00000010     menu.o (.text._ZNKSt3__112basic_stringIcNS_11char_traitsIcEENS_9allocatorIcEEE5c_strB6v15007Ev)
                  000138f4    00000010     menu.o (.text._ZNKSt3__117__compressed_pairINS_12basic_stringIcNS_11char_traitsIcEENS_9allocatorIcEEE5__repES5_E5firstB6v15007Ev)
                  00013904    00000010     menu.o (.text._ZNSt3__111char_traitsIcE6lengthEPKc)
                  00013914    00000010     menu.o (.text._ZNSt3__112basic_stringIcNS_11char_traitsIcEENS_9allocatorIcEEE14__default_initB6v15007Ev)
                  00013924    00000010     menu.o (.text._ZNSt3__117__compressed_pairINS_12basic_stringIcNS_11char_traitsIcEENS_9allocatorIcEEE5__repES5_E5firstB6v15007Ev)
                  00013934    00000010     libc.a : copy_zero_init.c.obj (.text:decompress:ZI)
                  00013944    0000000e            : memory.c.obj (.text.OUTLINED_FUNCTION_0)
                  00013952    0000000e     ST7735.o (.text._Z12ST7735_lseekili)
                  00013960    0000000e     libc.a : strlen.c.obj (.text.strlen)
                  0001396e    0000000e     libsysbm.a : hostrename.c.obj (.text.strlen)
                  0001397c    0000000e     libc.a : memset16.S.obj (.text:TI_memset_small)
                  0001398a    00000002     --HOLE-- [fill = 0]
                  0001398c    0000000c     Clock.o (.text._Z10Clock_Freqv)
                  00013998    0000000c     Sound.o (.text._Z10Sound_Stopv)
                  000139a4    0000000c     ST7735.o (.text._Z13ST7735_renamePKcS0_)
                  000139b0    0000000c     GamePlay.o (.text._ZN4Bike6healthEv)
                  000139bc    0000000c     libc++abi.a : cxa_handlers.cpp.obj (.text._ZSt15get_new_handlerv)
                  000139c8    0000000c     libclang_rt.builtins.a : aeabi_memset.S.obj (.text.__aeabi_memclr)
                  000139d4    0000000c     libc.a : memory.c.obj (.text.malloc)
                  000139e0    0000000a     ST7735.o (.text._Z12ST7735_closei)
                  000139ea    0000000a     ST7735.o (.text._Z13ST7735_unlinkPKc)
                  000139f4    0000000a     Lab9HMain.o (.text._Z8PLL_Initv)
                  000139fe    0000000a     GamePlay.o (.text._ZN4BikeC2Ev)
                  00013a08    0000000a     menu.o (.text._ZNKSt3__122__compressed_pair_elemINS_12basic_stringIcNS_11char_traitsIcEENS_9allocatorIcEEE5__repELi0ELb0EE5__getB6v15007Ev)
                  00013a12    0000000a     menu.o (.text._ZNSt3__112__to_addressB6v15007IKcEEPT_S3_)
                  00013a1c    0000000a     menu.o (.text._ZNSt3__114pointer_traitsIPKcE10pointer_toB6v15007ERS1_)
                  00013a26    0000000a     menu.o (.text._ZNSt3__116__non_trivial_ifILb1ENS_9allocatorIcEEEC2B6v15007Ev)
                  00013a30    0000000a     menu.o (.text._ZNSt3__122__compressed_pair_elemINS_12basic_stringIcNS_11char_traitsIcEENS_9allocatorIcEEE5__repELi0ELb0EE5__getB6v15007Ev)
                  00013a3a    0000000a     menu.o (.text._ZNSt3__122__compressed_pair_elemINS_12basic_stringIcNS_11char_traitsIcEENS_9allocatorIcEEE5__repELi0ELb0EEC2B6v15007ENS_18__default_init_tagE)
                  00013a44    00000008     Lab9HMain.o (.text._GLOBAL__sub_I_Lab9HMain.cpp)
                  00013a4c    00000008     menu.o (.text._ZNSt3__119__debug_db_insert_cB6v15007INS_12basic_stringIcNS_11char_traitsIcEENS_9allocatorIcEEEEEEvPT_)
                  00013a54    00000008     libc++abi.a : stdlib_new_delete.cpp.obj (.text._ZdlPv)
                  00013a5c    00000008     libclang_rt.builtins.a : aeabi_memcpy.S.obj (.text.__aeabi_memcpy)
                  00013a64    00000008                            : aeabi_memmove.S.obj (.text.__aeabi_memmove)
                  00013a6c    00000008     libc.a : aeabi_atexit.c.obj (.text.__cxa_ia64_exit)
                  00013a74    00000008     libsysbm.a : remove.c.obj (.text.remove)
                  00013a7c    00000004     startup_mspm0g3507_ticlang.o (.text.Default_Handler)
                  00013a80    00000004     startup_mspm0g3507_ticlang.o (.text.HardFault_Handler)
                  00013a84    00000004     startup_mspm0g3507_ticlang.o (.text.Reset_Handler)
                  00013a88    00000004     libc.a : pre_init.c.obj (.text._system_pre_init)
                  00013a8c    00000004            : exit.c.obj (.text:abort)

.cinit     0    00013aa0    00000100     
                  00013aa0    000000d8     (.cinit..data.load) [load image, compression = lzss]
                  00013b78    0000000c     (__TI_handler_table)
                  00013b84    00000008     (.cinit..bss.load) [load image, compression = zero_init]
                  00013b8c    00000010     (__TI_cinit_table)
                  00013b9c    00000004     --HOLE-- [fill = 0]

.rodata    0    000000c0    0000f7c0     
                  000000c0    0000a000     menu.o (.rodata._ZL13tron_menu_img)
                  0000a0c0    00001800     Sound.o (.rodata._ZL14TronMenuSelect)
                  0000b8c0    00000f00     Sound.o (.rodata._ZL9MenuSound)
                  0000c7c0    00000cd0     GamePlay.o (.rodata._ZL9one_image)
                  0000d490    00000c80     GamePlay.o (.rodata._ZL11three_image)
                  0000e110    00000c80     GamePlay.o (.rodata._ZL9two_image)
                  0000ed90    000004fb     ST7735.o (.rodata._ZL4Font)
                  0000f28b    00000001     --HOLE-- [fill = 0]
                  0000f28c    000000a2     GamePlay.o (.rodata._ZL12ExplosionOne)
                  0000f32e    000000a2     GamePlay.o (.rodata._ZL12ExplosionTwo)
                  0000f3d0    000000a2     GamePlay.o (.rodata._ZL13ExplosionFour)
                  0000f472    000000a2     GamePlay.o (.rodata._ZL14ExplosionThree)
                  0000f514    00000046     GamePlay.o (.rodata._ZL10UpRedCycle)
                  0000f55a    00000046     GamePlay.o (.rodata._ZL11UpBlueCycle)
                  0000f5a0    00000046     GamePlay.o (.rodata._ZL12DownRedCycle)
                  0000f5e6    00000046     GamePlay.o (.rodata._ZL12LeftRedCycle)
                  0000f62c    00000046     GamePlay.o (.rodata._ZL13DownBlueCycle)
                  0000f672    00000046     GamePlay.o (.rodata._ZL13LeftBlueCycle)
                  0000f6b8    00000046     GamePlay.o (.rodata._ZL13RightRedCycle)
                  0000f6fe    00000046     GamePlay.o (.rodata._ZL14RightBlueCycle)
                  0000f744    0000003b     ST7735.o (.rodata._ZL5Rcmd1)
                  0000f77f    0000002b     ST7735.o (.rodata._ZL5Rcmd3)
                  0000f7aa    00000016     ST7735.o (.rodata.str1.131696582137495765941)
                  0000f7c0    0000000d     ST7735.o (.rodata._ZL10Rcmd2green)
                  0000f7cd    0000000d     ST7735.o (.rodata._ZL8Rcmd2red)
                  0000f7da    00000009     menu.o (.rodata.str1.110986731793232197011)
                  0000f7e3    00000009     menu.o (.rodata.str1.152844668465687054501)
                  0000f7ec    00000009     menu.o (.rodata.str1.43344253877813655741)
                  0000f7f5    00000009     menu.o (.rodata.str1.55696074319151882151)
                  0000f7fe    00000009     menu.o (.rodata.str1.81609088239885430801)
                  0000f807    00000008     menu.o (.rodata.str1.102567634636123109261)
                  0000f80f    00000008     menu.o (.rodata.str1.173213289727903394671)
                  0000f817    00000008     menu.o (.rodata.str1.18654542343258509881)
                  0000f81f    00000008     ST7735.o (.rodata.str1.86012262618455636901)
                  0000f827    00000007     menu.o (.rodata.str1.106080763620002280141)
                  0000f82e    00000007     menu.o (.rodata.str1.114793701521291410291)
                  0000f835    00000007     ST7735.o (.rodata.str1.114990493261766323881)
                  0000f83c    00000007     menu.o (.rodata.str1.121165265712081410371)
                  0000f843    00000007     menu.o (.rodata.str1.23717824096920018761)
                  0000f84a    00000007     ST7735.o (.rodata.str1.34205522212527886751)
                  0000f851    00000007     menu.o (.rodata.str1.4515836270289371911)
                  0000f858    00000007     menu.o (.rodata.str1.59352028943064177451)
                  0000f85f    00000007     menu.o (.rodata.str1.74997160766714330521)
                  0000f866    00000006     menu.o (.rodata.str1.180546244946655119331)
                  0000f86c    00000005     menu.o (.rodata.str1.23545670429919334371)
                  0000f871    00000002     ST7735.o (.rodata.str1.105087110211667939411)
                  0000f873    00000002     menu.o (.rodata.str1.123183616927295083011)
                  0000f875    00000002     menu.o (.rodata.str1.142783162394880212271)
                  0000f877    00000002     menu.o (.rodata.str1.161462869409870619401)
                  0000f879    00000002     menu.o (.rodata.str1.175215292397905939431)
                  0000f87b    00000002     menu.o (.rodata.str1.5226134088729676321)
                  0000f87d    00000003     --HOLE-- [fill = 0]

.init_array 
*          0    00013a90    00000010     
                  00013a90    00000004     menu.o (.init_array)
                  00013a94    00000004     Lab9HMain.o (.init_array)
                  00013a98    00000004     GamePlay.o (.init_array)
                  00013a9c    00000004     --HOLE-- [fill = 0]

.bss       0    20200000    00004728     UNINITIALIZED
                  20200000    000044c0     GamePlay.o (.bss.visitedMatrix)
                  202044c0    00000120     libsysbm.a : trgmsg.c.obj (.bss:_CIOBUF_)
                  202045e0    000000a0     libc.a : defs.c.obj (.bss.__TI_tmpnams)
                  20204680    00000088            : aeabi_atexit.c.obj (.bss.atexit_register.__atexit0)
                  20204708    00000008     libsysbm.a : hostopen.c.obj (.bss.parmbuf)
                  20204710    00000004     TExaS.o (.bss.TExaSLogic)
                  20204714    00000004     TExaS.o (.bss.TExaSadc)
                  20204718    00000004     libc.a : aeabi_atexit.c.obj (.bss.__atexit)
                  2020471c    00000004     Sound.o (.bss.curSound)
                  20204720    00000004     libc.a : memory.c.obj (.bss.sys_free)
                  20204724    00000001     ST7735.o (.bss._ZL8ColStart)
                  20204725    00000001     ST7735.o (.bss._ZL8Rotation)
                  20204726    00000001     ST7735.o (.bss._ZL8RowStart)
                  20204727    00000001     ST7735.o (.bss._ZL8TabColor)

.data      0    20204728    000005c5     UNINITIALIZED
                  20204728    00000168     menu.o (.data.menuFSM)
                  20204890    000000f0     libc.a : defs.c.obj (.data._ftable)
                  20204980    00000078     libsysbm.a : host_device.c.obj (.data._device)
                  202049f8    00000078     GamePlay.o (.data.gameRunner)
                  20204a70    00000060     menu.o (.data.langText)
                  20204ad0    00000060     menu.o (.data.mainText)
                  20204b30    00000060     menu.o (.data.settText)
                  20204b90    00000050     libsysbm.a : host_device.c.obj (.data._stream)
                  20204be0    00000028     Lab9HMain.o (.data.MainFSM)
                  20204c08    00000020     GamePlay.o (.data.cycleSprites)
                  20204c28    00000010     menu.o (.data.settChange)
                  20204c38    0000000c     menu.o (.data.langChange)
                  20204c44    0000000c     menu.o (.data.mainChange)
                  20204c50    0000000c     menu.o (.data.speeds)
                  20204c5c    00000008     libc.a : exit.c.obj (.data..L_MergedGlobals)
                  20204c64    00000008     Lab9HMain.o (.data.axes)
                  20204c6c    00000006     GamePlay.o (.data._ZL8redTrail)
                  20204c72    00000006     GamePlay.o (.data._ZL9blueTrail)
                  20204c78    00000004     Clock.o (.data.BusFreq)
                  20204c7c    00000004     ST7735.o (.data.StX)
                  20204c80    00000004     ST7735.o (.data.StY)
                  20204c84    00000004     libc.a : defs.c.obj (.data.__TI_ft_end)
                  20204c88    00000004     libc++abi.a : cxa_default_handlers.cpp.obj (.data.__cxa_new_handler)
                  20204c8c    00000004     libc.a : exit.c.obj (.data.__dso_handle)
                  20204c90    00000004            : _lock.c.obj (.data._lock)
                  20204c94    00000004            : _lock.c.obj (.data._unlock)
                  20204c98    00000004     menu.o (.data.bikeSpeed)
                  20204c9c    00000004     Lab9HMain.o (.data.buttonInput)
                  20204ca0    00000004     menu.o (.data.col)
                  20204ca4    00000004     menu.o (.data.currInd)
                  20204ca8    00000004     menu.o (.data.currLang)
                  20204cac    00000004     Lab9HMain.o (.data.currState)
                  20204cb0    00000004     Sound.o (.data.ind)
                  20204cb4    00000004     Lab9HMain.o (.data.joystickPacket)
                  20204cb8    00000004     menu.o (.data.lasInd)
                  20204cbc    00000004     menu.o (.data.lastInput)
                  20204cc0    00000004     menu.o (.data.off)
                  20204cc4    00000004     Sound.o (.data.period)
                  20204cc8    00000004     Sound.o (.data.priority)
                  20204ccc    00000004     menu.o (.data.row)
                  20204cd0    00000004     Sound.o (.data.size)
                  20204cd4    00000004     Lab9HMain.o (.data.xInput)
                  20204cd8    00000004     Lab9HMain.o (.data.yInput)
                  20204cdc    00000002     ST7735.o (.data.StTextColor)
                  20204cde    00000002     ST7735.o (.data._ZL6_width)
                  20204ce0    00000002     ST7735.o (.data._ZL7_height)
                  20204ce2    00000001     menu.o (.data.abilityEnabled)
                  20204ce3    00000001     menu.o (.data.done)
                  20204ce4    00000001     libsysbm.a : add_device.c.obj (.data.add_device.device_init)
                  20204ce5    00000001     Lab9HMain.o (.data.semaphore)
                  20204ce6    00000002     --HOLE--
                  20204ce8    00000001     libc.a : memory.c.obj (.data.memory_is_initialized)
                  20204ce9    00000003     --HOLE--
                  20204cec    00000001     libsysbm.a : open.c.obj (.data.open.stream_init)

.sysmem    0    20204cf0    00000200     UNINITIALIZED
                  20204cf0    00000010     libc.a : memory.c.obj (.sysmem)
                  20204d00    000001f0     --HOLE--

.stack     0    20207e00    00000200     UNINITIALIZED
                  20207e00    00000004     libc.a : boot_cortex_m.c.obj (.stack)
                  20207e04    000001fc     --HOLE--

__llvm_prf_cnts 
*          0    20200000    00000000     UNINITIALIZED

__llvm_prf_bits 
*          0    20200000    00000000     UNINITIALIZED

MODULE SUMMARY

       Module                         code    ro data   rw data
       ------                         ----    -------   -------
    .\
       menu.o                         2816    41103     734    
       GamePlay.o                     2896    10892     17764  
       Sound.o                        304     9984      20     
       ST7735.o                       2930    1449      18     
       TExaS.o                        720     0         8      
       Lab9HMain.o                    458     4         69     
       Clock.o                        516     0         4      
       SPI.o                          440     0         0      
       Timer.o                        316     0         0      
       Joystick2.o                    282     0         0      
       LaunchPad.o                    180     0         0      
       LED.o                          164     0         0      
       Switch.o                       132     0         0      
       DAC5.o                         96      0         0      
    +--+------------------------------+-------+---------+---------+
       Total:                         12250   63432     18617  
                                                               
    .\ticlang\
       startup_mspm0g3507_ticlang.o   12      192       0      
    +--+------------------------------+-------+---------+---------+
       Total:                         12      192       0      
                                                               
    C:\ti\ccs1260\ccs\tools\compiler\ti-cgt-armllvm_3.2.1.LTS\lib\armv6m-ti-none-eabi/c/libc.a
       memory.c.obj                   730     0         5      
       fopen.c.obj                    568     0         0      
       aeabi_atexit.c.obj             292     0         140    
       defs.c.obj                     0       0         404    
       setvbuf.c.obj                  220     0         0      
       getdevice.c.obj                160     0         0      
       fclose.c.obj                   124     0         0      
       copy_decompress_lzss.c.obj     120     0         0      
       autoinit.c.obj                 84      0         0      
       fflush.c.obj                   82      0         0      
       exit.c.obj                     56      0         12     
       boot_cortex_m.c.obj            40      0         0      
       memmov.c.obj                   40      0         0      
       copy_decompress_none.c.obj     18      0         0      
       memcpy16.S.obj                 18      0         0      
       copy_zero_init.c.obj           16      0         0      
       memset16.S.obj                 14      0         0      
       strlen.c.obj                   14      0         0      
       _lock.c.obj                    2       0         8      
       pre_init.c.obj                 4       0         0      
    +--+------------------------------+-------+---------+---------+
       Total:                         2602    0         569    
                                                               
    C:\ti\ccs1260\ccs\tools\compiler\ti-cgt-armllvm_3.2.1.LTS\lib\armv6m-ti-none-eabi/c/libsysbm.a
       trgmsg.c.obj                   104     0         288    
       add_device.c.obj               236     0         1      
       host_device.c.obj              0       0         200    
       open.c.obj                     168     0         1      
       hostrename.c.obj               140     0         0      
       hostlseek.c.obj                108     0         0      
       hostopen.c.obj                 96      0         8      
       hostread.c.obj                 88      0         0      
       hostwrite.c.obj                88      0         0      
       close.c.obj                    80      0         0      
       hostclose.c.obj                72      0         0      
       hostunlink.c.obj               72      0         0      
       unlink.c.obj                   44      0         0      
       write.c.obj                    40      0         0      
       remove.c.obj                   8       0         0      
    +--+------------------------------+-------+---------+---------+
       Total:                         1344    0         498    
                                                               
    C:\ti\ccs1260\ccs\tools\compiler\ti-cgt-armllvm_3.2.1.LTS\lib\armv6m-ti-none-eabi/libc++.a
       string.cpp.obj                 400     0         0      
    +--+------------------------------+-------+---------+---------+
       Total:                         400     0         0      
                                                               
    C:\ti\ccs1260\ccs\tools\compiler\ti-cgt-armllvm_3.2.1.LTS\lib\armv6m-ti-none-eabi/libc++abi.a
       stdlib_new_delete.cpp.obj      92      0         0      
       cxa_handlers.cpp.obj           12      0         0      
       cxa_default_handlers.cpp.obj   0       0         4      
    +--+------------------------------+-------+---------+---------+
       Total:                         104     0         4      
                                                               
    C:\ti\ccs1260\ccs\tools\compiler\ti-cgt-armllvm_3.2.1.LTS\lib\clang/15.0.7/lib/armv6m-ti-none-eabi/libclang_rt.builtins.a
       aeabi_idivmod.S.obj            86      0         0      
       aeabi_uidivmod.S.obj           64      0         0      
       aeabi_memset.S.obj             12      0         0      
       aeabi_memcpy.S.obj             8       0         0      
       aeabi_memmove.S.obj            8       0         0      
       aeabi_div0.c.obj               2       0         0      
    +--+------------------------------+-------+---------+---------+
       Total:                         180     0         0      
                                                               
       Heap:                          0       0         512    
       Stack:                         0       0         512    
       Linker Generated:              0       252       0      
    +--+------------------------------+-------+---------+---------+
       Grand Total:                   16892   63876     20712  


LINKER GENERATED COPY TABLES

__TI_cinit_table @ 00013b8c records: 2, size/record: 8, table size: 16
	.data: load addr=00013aa0, load size=000000d8 bytes, run addr=20204728, run size=000005c5 bytes, compression=lzss
	.bss: load addr=00013b84, load size=00000008 bytes, run addr=20200000, run size=00004728 bytes, compression=zero_init


LINKER GENERATED HANDLER TABLE

__TI_handler_table @ 00013b78 records: 3, size/record: 4, table size: 12
	index: 0, handler: __TI_decompress_lzss
	index: 1, handler: __TI_decompress_none
	index: 2, handler: __TI_zero_init


GLOBAL SYMBOLS: SORTED ALPHABETICALLY BY Name 

address   name                                                                                                                                            
-------   ----                                                                                                                                            
00013a7d  ADC0_IRQHandler                                                                                                                                 
00013a7d  ADC1_IRQHandler                                                                                                                                 
00013a7d  AES_IRQHandler                                                                                                                                  
20204c78  BusFreq                                                                                                                                         
00013a8c  C$$EXIT                                                                                                                                         
00013101  C$$IO$$                                                                                                                                         
00013a7d  CANFD0_IRQHandler                                                                                                                               
00013a7d  DAC0_IRQHandler                                                                                                                                 
00013a7d  DMA_IRQHandler                                                                                                                                  
00013a7d  Default_Handler                                                                                                                                 
00013a7d  GROUP0_IRQHandler                                                                                                                               
00013a7d  GROUP1_IRQHandler                                                                                                                               
00012b0d  HOSTclose                                                                                                                                       
00012421  HOSTlseek                                                                                                                                       
00012701  HOSTopen                                                                                                                                        
00012761  HOSTread                                                                                                                                        
0001248d  HOSTrename                                                                                                                                      
00012b55  HOSTunlink                                                                                                                                      
000127b9  HOSTwrite                                                                                                                                       
00013a81  HardFault_Handler                                                                                                                               
00013a7d  I2C0_IRQHandler                                                                                                                                 
00013a7d  I2C1_IRQHandler                                                                                                                                 
20204be0  MainFSM                                                                                                                                         
00013a7d  NMI_Handler                                                                                                                                     
00013a7d  PendSV_Handler                                                                                                                                  
00013a7d  RTC_IRQHandler                                                                                                                                  
00013a85  Reset_Handler                                                                                                                                   
00013a90  SHT$$INIT_ARRAY$$Base                                                                                                                           
00013a9c  SHT$$INIT_ARRAY$$Limit                                                                                                                          
00013a7d  SPI0_IRQHandler                                                                                                                                 
00013a7d  SPI1_IRQHandler                                                                                                                                 
00013a7d  SVC_Handler                                                                                                                                     
20204cdc  StTextColor                                                                                                                                     
20204c7c  StX                                                                                                                                             
20204c80  StY                                                                                                                                             
00012be5  SysTick_Handler                                                                                                                                 
20204710  TExaSLogic                                                                                                                                      
20204714  TExaSadc                                                                                                                                        
00013a7d  TIMA0_IRQHandler                                                                                                                                
00013a7d  TIMA1_IRQHandler                                                                                                                                
00013a7d  TIMG0_IRQHandler                                                                                                                                
000112ed  TIMG12_IRQHandler                                                                                                                               
00013a7d  TIMG6_IRQHandler                                                                                                                                
00012cf5  TIMG7_IRQHandler                                                                                                                                
00013a7d  TIMG8_IRQHandler                                                                                                                                
00013861  TI_memcpy_small                                                                                                                                 
0001397d  TI_memset_small                                                                                                                                 
00013a7d  UART0_IRQHandler                                                                                                                                
00013a7d  UART1_IRQHandler                                                                                                                                
00013a7d  UART2_IRQHandler                                                                                                                                
00013a7d  UART3_IRQHandler                                                                                                                                
202044c0  _CIOBUF_                                                                                                                                        
0001398d  _Z10Clock_Freqv                                                                                                                                 
00012919  _Z10Sound_Initv                                                                                                                                 
0001379d  _Z10Sound_Menuv                                                                                                                                 
00013999  _Z10Sound_Stopv                                                                                                                                 
00012811  _Z10TExaS_InitP10ADC12_RegsjPFhvE                                                                                                               
000136cd  _Z10gameUpdatei                                                                                                                                 
00013895  _Z10menuIsDonev                                                                                                                                 
000138a5  _Z11Clock_Delayj                                                                                                                                
00012f29  _Z11SPI_OutDatac                                                                                                                                
00013705  _Z11ST7735_openPKcji                                                                                                                            
0001371b  _Z11ST7735_readiPcj                                                                                                                             
00012c29  _Z11Sound_StartPKhj                                                                                                                             
00012869  _Z11Switch_Initv                                                                                                                                
00010075  _Z11menu_updatev                                                                                                                                
00011c19  _Z12ST7735_InitR10initRFlags                                                                                                                    
000139e1  _Z12ST7735_closei                                                                                                                               
00013953  _Z12ST7735_lseekili                                                                                                                             
00012fd1  _Z12ST7735_writeiPKcj                                                                                                                           
000137b1  _Z12Sound_Selectv                                                                                                                               
000138b5  _Z12gameFinishedv                                                                                                                               
000133b5  _Z12tronMenuInitv                                                                                                                               
000139a5  _Z13ST7735_renamePKcS0_                                                                                                                         
000139eb  _Z13ST7735_unlinkPKc                                                                                                                            
00013005  _Z14Clock_Delay1msj                                                                                                                             
000121c5  _Z14LaunchPad_Initv                                                                                                                             
00012b9d  _Z14SPI_OutCommandc                                                                                                                             
000113c5  _Z14ST7735_OutCharc                                                                                                                             
00013671  _Z14SysTick_IntArmjj                                                                                                                            
00011849  _Z14TimerG7_IntArmtjj                                                                                                                           
00012f61  _Z15ActivatePortA_Bv                                                                                                                            
0000fd21  _Z15Clock_Init80MHzi                                                                                                                            
00013171  _Z15ST7735_Color565hhh                                                                                                                          
0001095d  _Z15ST7735_FillRectsssst                                                                                                                        
00011de1  _Z15TimerG12_IntArmjj                                                                                                                           
0000fed5  _Z16ST7735_DrawCharSsscssh                                                                                                                      
000123b1  _Z16ST7735_DrawPixelsst                                                                                                                         
00013039  _Z16ST7735_SetCursorjj                                                                                                                          
0000fb11  _Z17ST7735_DrawBitmapssPKtss                                                                                                                    
00012141  _Z17ST7735_DrawStringttPKcs                                                                                                                     
000133e1  _Z17ST7735_FillScreent                                                                                                                          
00011a3d  _Z17ST7735_InitPrintfv                                                                                                                          
00010d69  _Z18ST7735_SetRotationh                                                                                                                         
0001364d  _Z20ST7735_InvertDisplayi                                                                                                                       
00010a75  _Z20periodic_menu_updatei                                                                                                                       
000138c5  _Z28TExaS_LaunchPadLogicPB27PB26v                                                                                                               
00010e5d  _Z2upv                                                                                                                                          
00011495  _Z4downv                                                                                                                                        
00013209  _Z6LED_Onj                                                                                                                                      
00013239  _Z7LED_Offj                                                                                                                                     
000105ed  _Z8ADC_InitP10ADC12_Regsjj                                                                                                                      
00013605  _Z8DAC5_Outh                                                                                                                                    
00012c6d  _Z8LED_Initv                                                                                                                                    
000139f5  _Z8PLL_Initv                                                                                                                                    
00010c71  _Z8SPI_Initv                                                                                                                                    
00013269  _Z8gameInitv                                                                                                                                    
00013515  _Z9ADC_StartP10ADC12_Regs                                                                                                                       
00012e75  _Z9DAC5_Initv                                                                                                                                   
00012d35  _Z9SPI_Resetv                                                                                                                                   
0001340d  _Z9Switch_Inv                                                                                                                                   
00011129  _Z9UART_Initv                                                                                                                                   
00011561  _Z9changeSetv                                                                                                                                   
0001202d  _ZN4Bike10collisionsES_                                                                                                                         
00011cb1  _ZN4Bike12displayCrashEv                                                                                                                        
00012d75  _ZN4Bike12firstDisplayEv                                                                                                                        
0001083d  _ZN4Bike14updateLocationEi                                                                                                                      
00013731  _ZN4Bike5crashEv                                                                                                                                
00012cb1  _ZN4Bike5resetEv                                                                                                                                
000139b1  _ZN4Bike6healthEv                                                                                                                               
0000f881  _ZN4Bike7displayEv                                                                                                                              
00012241  _ZN4Bike8newPointEii                                                                                                                            
00012e35  _ZN4BikeC2Eibb                                                                                                                                  
000139ff  _ZN4BikeC2Ev                                                                                                                                    
00011add  _ZN4MenuC2EPA4_NSt3__112basic_stringIcNS0_11char_traitsIcEENS0_9allocatorIcEEEEiPKi                                                             
00013359  _ZN4MenuD2Ev                                                                                                                                    
000138d5  _ZN8Gameplay10isGameOverEv                                                                                                                      
00011e75  _ZN8Gameplay5resetEv                                                                                                                            
000101ed  _ZN8Gameplay6updateEii                                                                                                                          
000132c9  _ZN8Gameplay8gameOverEv                                                                                                                         
000131a3  _ZN8Gameplay8newRoundEv                                                                                                                         
00010b75  _ZN8Gameplay9countDownEv                                                                                                                        
00011f09  _ZN8GameplayC2Eiib                                                                                                                              
00011d49  _ZN9Joystick213JoyStick_InitEv                                                                                                                  
000124f9  _ZN9Joystick27ConvertEPiS0_                                                                                                                     
00013747  _ZN9Joystick2C1Ejj                                                                                                                              
00013747  _ZN9Joystick2C2Ejj                                                                                                                              
00013387  _ZNKSt3__112basic_stringIcNS_11char_traitsIcEENS_9allocatorIcEEE13__get_pointerB6v15007Ev                                                       
0001383d  _ZNKSt3__112basic_stringIcNS_11char_traitsIcEENS_9allocatorIcEEE18__get_long_pointerB6v15007Ev                                                  
0001375d  _ZNKSt3__112basic_stringIcNS_11char_traitsIcEENS_9allocatorIcEEE19__get_short_pointerB6v15007Ev                                                 
000137c5  _ZNKSt3__112basic_stringIcNS_11char_traitsIcEENS_9allocatorIcEEE4dataB6v15007Ev                                                                 
000138e5  _ZNKSt3__112basic_stringIcNS_11char_traitsIcEENS_9allocatorIcEEE5c_strB6v15007Ev                                                                
00013773  _ZNKSt3__112basic_stringIcNS_11char_traitsIcEENS_9allocatorIcEEE9__is_longB6v15007Ev                                                            
000138f5  _ZNKSt3__117__compressed_pairINS_12basic_stringIcNS_11char_traitsIcEENS_9allocatorIcEEE5__repES5_E5firstB6v15007Ev                              
00013a09  _ZNKSt3__122__compressed_pair_elemINS_12basic_stringIcNS_11char_traitsIcEENS_9allocatorIcEEE5__repELi0ELb0EE5__getB6v15007Ev                    
00013905  _ZNSt3__111char_traitsIcE6lengthEPKc                                                                                                            
00013a13  _ZNSt3__112__to_addressB6v15007IKcEEPT_S3_                                                                                                      
00013915  _ZNSt3__112basic_stringIcNS_11char_traitsIcEENS_9allocatorIcEEE14__default_initB6v15007Ev                                                       
0001296d  _ZNSt3__112basic_stringIcNS_11char_traitsIcEENS_9allocatorIcEEE6__initEPKcj                                                                     
000135dd  _ZNSt3__112basic_stringIcNS_11char_traitsIcEENS_9allocatorIcEEE6__zeroB6v15007Ev                                                                
00013629  _ZNSt3__112basic_stringIcNS_11char_traitsIcEENS_9allocatorIcEEEC2B6v15007Ev                                                                     
000131d5  _ZNSt3__112basic_stringIcNS_11char_traitsIcEENS_9allocatorIcEEEC2B6v15007IDnEEPKc                                                               
000137d9  _ZNSt3__112basic_stringIcNS_11char_traitsIcEENS_9allocatorIcEEED1Ev                                                                             
000137d9  _ZNSt3__112basic_stringIcNS_11char_traitsIcEENS_9allocatorIcEEED2Ev                                                                             
00010715  _ZNSt3__112basic_stringIcNS_11char_traitsIcEENS_9allocatorIcEEEaSERKS5_                                                                         
00013a1d  _ZNSt3__114pointer_traitsIPKcE10pointer_toB6v15007ERS1_                                                                                         
00013a27  _ZNSt3__116__non_trivial_ifILb1ENS_9allocatorIcEEEC2B6v15007Ev                                                                                  
00013925  _ZNSt3__117__compressed_pairINS_12basic_stringIcNS_11char_traitsIcEENS_9allocatorIcEEE5__repES5_E5firstB6v15007Ev                               
000136af  _ZNSt3__117__compressed_pairINS_12basic_stringIcNS_11char_traitsIcEENS_9allocatorIcEEE5__repES5_EC2B6v15007INS_18__default_init_tagESA_EEOT_OT0_
00013a4d  _ZNSt3__119__debug_db_insert_cB6v15007INS_12basic_stringIcNS_11char_traitsIcEENS_9allocatorIcEEEEEEvPT_                                         
00013a31  _ZNSt3__122__compressed_pair_elemINS_12basic_stringIcNS_11char_traitsIcEENS_9allocatorIcEEE5__repELi0ELb0EE5__getB6v15007Ev                     
00013a3b  _ZNSt3__122__compressed_pair_elemINS_12basic_stringIcNS_11char_traitsIcEENS_9allocatorIcEEE5__repELi0ELb0EEC2B6v15007ENS_18__default_init_tagE  
000137ed  _ZNSt3__122__compressed_pair_elemINS_9allocatorIcEELi1ELb1EEC2B6v15007ENS_18__default_init_tagE                                                 
00013801  _ZNSt3__19allocatorIcEC2B6v15007Ev                                                                                                              
000139bd  _ZSt15get_new_handlerv                                                                                                                          
00013a55  _ZdlPv                                                                                                                                          
000129c1  _Znwj                                                                                                                                           
202044c0  __CIOBUF_                                                                                                                                       
20208000  __STACK_END                                                                                                                                     
00000200  __STACK_SIZE                                                                                                                                    
00000200  __SYSMEM_SIZE                                                                                                                                   
00000000  __TI_ATRegion0_region_sz                                                                                                                        
00000000  __TI_ATRegion0_src_addr                                                                                                                         
00000000  __TI_ATRegion0_trg_addr                                                                                                                         
00000000  __TI_ATRegion1_region_sz                                                                                                                        
00000000  __TI_ATRegion1_src_addr                                                                                                                         
00000000  __TI_ATRegion1_trg_addr                                                                                                                         
00000000  __TI_ATRegion2_region_sz                                                                                                                        
00000000  __TI_ATRegion2_src_addr                                                                                                                         
00000000  __TI_ATRegion2_trg_addr                                                                                                                         
00013b8c  __TI_CINIT_Base                                                                                                                                 
00013b9c  __TI_CINIT_Limit                                                                                                                                
00013b9c  __TI_CINIT_Warm                                                                                                                                 
00013b78  __TI_Handler_Table_Base                                                                                                                         
00013b84  __TI_Handler_Table_Limit                                                                                                                        
00012a15  __TI_auto_init_nobinit                                                                                                                          
0001306d  __TI_cleanup                                                                                                                                    
20204c5c  __TI_cleanup_ptr                                                                                                                                
000122bd  __TI_closefile                                                                                                                                  
00012339  __TI_decompress_lzss                                                                                                                            
00013873  __TI_decompress_none                                                                                                                            
00012a69  __TI_doflush                                                                                                                                    
20204c60  __TI_dtors_ptr                                                                                                                                  
20204c84  __TI_ft_end                                                                                                                                     
ffffffff  __TI_pprof_out_hndl                                                                                                                             
ffffffff  __TI_prof_data_size                                                                                                                             
ffffffff  __TI_prof_data_start                                                                                                                            
000130a1  __TI_readmsg                                                                                                                                    
00000000  __TI_static_base__                                                                                                                              
202045e0  __TI_tmpnams                                                                                                                                    
000130d5  __TI_writemsg                                                                                                                                   
00013935  __TI_zero_init                                                                                                                                  
000128c1  __aeabi_idiv                                                                                                                                    
0001035f  __aeabi_idiv0                                                                                                                                   
000128c1  __aeabi_idivmod                                                                                                                                 
000139c9  __aeabi_memclr                                                                                                                                  
000139c9  __aeabi_memclr4                                                                                                                                 
000139c9  __aeabi_memclr8                                                                                                                                 
00013a5d  __aeabi_memcpy                                                                                                                                  
00013a5d  __aeabi_memcpy4                                                                                                                                 
00013a5d  __aeabi_memcpy8                                                                                                                                 
00013a65  __aeabi_memmove                                                                                                                                 
00013a65  __aeabi_memmove4                                                                                                                                
00013a65  __aeabi_memmove8                                                                                                                                
00012db5  __aeabi_uidiv                                                                                                                                   
00012db5  __aeabi_uidivmod                                                                                                                                
ffffffff  __binit__                                                                                                                                       
00013815  __cxa_atexit                                                                                                                                    
00012565  __cxa_finalize                                                                                                                                  
00013a6d  __cxa_ia64_exit                                                                                                                                 
20204c88  __cxa_new_handler                                                                                                                               
20204c8c  __dso_handle                                                                                                                                    
UNDEFED   __mpu_init                                                                                                                                      
20207e00  __stack                                                                                                                                         
20200000  __start___llvm_prf_bits                                                                                                                         
20200000  __start___llvm_prf_cnts                                                                                                                         
20200000  __stop___llvm_prf_bits                                                                                                                          
20200000  __stop___llvm_prf_cnts                                                                                                                          
000135b5  _c_int00_noargs                                                                                                                                 
20204980  _device                                                                                                                                         
20204890  _ftable                                                                                                                                         
20204c90  _lock                                                                                                                                           
0001095b  _nop                                                                                                                                            
20204b90  _stream                                                                                                                                         
20204cf0  _sys_memory                                                                                                                                     
UNDEFED   _system_post_cinit                                                                                                                              
00013a89  _system_pre_init                                                                                                                                
20204c94  _unlock                                                                                                                                         
20204ce2  abilityEnabled                                                                                                                                  
00013a8d  abort                                                                                                                                           
00010f51  add_device                                                                                                                                      
000104c1  aligned_alloc                                                                                                                                   
20204c64  axes                                                                                                                                            
20204c98  bikeSpeed                                                                                                                                       
ffffffff  binit                                                                                                                                           
20204c9c  buttonInput                                                                                                                                     
00012abd  close                                                                                                                                           
20204ca0  col                                                                                                                                             
2020471c  curSound                                                                                                                                        
20204ca4  currInd                                                                                                                                         
20204ca8  currLang                                                                                                                                        
20204cac  currState                                                                                                                                       
20204c08  cycleSprites                                                                                                                                    
20204ce3  done                                                                                                                                            
00013109  exit                                                                                                                                            
00012f99  finddevice                                                                                                                                      
00013329  fopen                                                                                                                                           
0001103d  free                                                                                                                                            
0001313d  freopen                                                                                                                                         
202049f8  gameRunner                                                                                                                                      
000125d1  getdevice                                                                                                                                       
20204cb0  ind                                                                                                                                             
00000000  interruptVectors                                                                                                                                
20204cb4  joystickPacket                                                                                                                                  
20204c38  langChange                                                                                                                                      
[...]
000139c9  __aeabi_memclr8                                                                                                                                 
000139d5  malloc                                                                                                                                          
000139e1  _Z12ST7735_closei                                                                                                                               
000139eb  _Z13ST7735_unlinkPKc                                                                                                                            
000139f5  _Z8PLL_Initv                                                                                                                                    
000139ff  _ZN4BikeC2Ev                                                                                                                                    
00013a09  _ZNKSt3__122__compressed_pair_elemINS_12basic_stringIcNS_11char_traitsIcEENS_9allocatorIcEEE5__repELi0ELb0EE5__getB6v15007Ev                    
00013a13  _ZNSt3__112__to_addressB6v15007IKcEEPT_S3_                                                                                                      
00013a1d  _ZNSt3__114pointer_traitsIPKcE10pointer_toB6v15007ERS1_                                                                                         
00013a27  _ZNSt3__116__non_trivial_ifILb1ENS_9allocatorIcEEEC2B6v15007Ev                                                                                  
00013a31  _ZNSt3__122__compressed_pair_elemINS_12basic_stringIcNS_11char_traitsIcEENS_9allocatorIcEEE5__repELi0ELb0EE5__getB6v15007Ev                     
00013a3b  _ZNSt3__122__compressed_pair_elemINS_12basic_stringIcNS_11char_traitsIcEENS_9allocatorIcEEE5__repELi0ELb0EEC2B6v15007ENS_18__default_init_tagE  
00013a4d  _ZNSt3__119__debug_db_insert_cB6v15007INS_12basic_stringIcNS_11char_traitsIcEENS_9allocatorIcEEEEEEvPT_                                         
00013a55  _ZdlPv                                                                                                                                          
00013a5d  __aeabi_memcpy                                                                                                                                  
00013a5d  __aeabi_memcpy4                                                                                                                                 
00013a5d  __aeabi_memcpy8                                                                                                                                 
00013a65  __aeabi_memmove                                                                                                                                 
00013a65  __aeabi_memmove4                                                                                                                                
00013a65  __aeabi_memmove8                                                                                                                                
00013a6d  __cxa_ia64_exit                                                                                                                                 
00013a75  remove                                                                                                                                          
00013a7d  ADC0_IRQHandler                                                                                                                                 
00013a7d  ADC1_IRQHandler                                                                                                                                 
00013a7d  AES_IRQHandler                                                                                                                                  
00013a7d  CANFD0_IRQHandler                                                                                                                               
00013a7d  DAC0_IRQHandler                                                                                                                                 
00013a7d  DMA_IRQHandler                                                                                                                                  
00013a7d  Default_Handler                                                                                                                                 
00013a7d  GROUP0_IRQHandler                                                                                                                               
00013a7d  GROUP1_IRQHandler                                                                                                                               
00013a7d  I2C0_IRQHandler                                                                                                                                 
00013a7d  I2C1_IRQHandler                                                                                                                                 
00013a7d  NMI_Handler                                                                                                                                     
00013a7d  PendSV_Handler                                                                                                                                  
00013a7d  RTC_IRQHandler                                                                                                                                  
00013a7d  SPI0_IRQHandler                                                                                                                                 
00013a7d  SPI1_IRQHandler                                                                                                                                 
00013a7d  SVC_Handler                                                                                                                                     
00013a7d  TIMA0_IRQHandler                                                                                                                                
00013a7d  TIMA1_IRQHandler                                                                                                                                
00013a7d  TIMG0_IRQHandler                                                                                                                                
00013a7d  TIMG6_IRQHandler                                                                                                                                
00013a7d  TIMG8_IRQHandler                                                                                                                                
00013a7d  UART0_IRQHandler                                                                                                                                
00013a7d  UART1_IRQHandler                                                                                                                                
00013a7d  UART2_IRQHandler                                                                                                                                
00013a7d  UART3_IRQHandler                                                                                                                                
00013a81  HardFault_Handler                                                                                                                               
00013a85  Reset_Handler                                                                                                                                   
00013a89  _system_pre_init                                                                                                                                
00013a8c  C$$EXIT                                                                                                                                         
00013a8d  abort                                                                                                                                           
00013a90  SHT$$INIT_ARRAY$$Base                                                                                                                           
00013a9c  SHT$$INIT_ARRAY$$Limit                                                                                                                          
00013b78  __TI_Handler_Table_Base                                                                                                                         
00013b84  __TI_Handler_Table_Limit                                                                                                                        
00013b8c  __TI_CINIT_Base                                                                                                                                 
00013b9c  __TI_CINIT_Limit                                                                                                                                
00013b9c  __TI_CINIT_Warm                                                                                                                                 
20200000  __start___llvm_prf_bits                                                                                                                         
20200000  __start___llvm_prf_cnts                                                                                                                         
20200000  __stop___llvm_prf_bits                                                                                                                          
20200000  __stop___llvm_prf_cnts                                                                                                                          
20200000  visitedMatrix                                                                                                                                   
202044c0  _CIOBUF_                                                                                                                                        
202044c0  __CIOBUF_                                                                                                                                       
202045e0  __TI_tmpnams                                                                                                                                    
20204708  parmbuf                                                                                                                                         
20204710  TExaSLogic                                                                                                                                      
20204714  TExaSadc                                                                                                                                        
2020471c  curSound                                                                                                                                        
20204728  menuFSM                                                                                                                                         
20204890  _ftable                                                                                                                                         
20204980  _device                                                                                                                                         
202049f8  gameRunner                                                                                                                                      
20204a70  langText                                                                                                                                        
20204ad0  mainText                                                                                                                                        
20204b30  settText                                                                                                                                        
20204b90  _stream                                                                                                                                         
20204be0  MainFSM                                                                                                                                         
20204c08  cycleSprites                                                                                                                                    
20204c28  settChange                                                                                                                                      
20204c38  langChange                                                                                                                                      
20204c44  mainChange                                                                                                                                      
20204c50  speeds                                                                                                                                          
20204c5c  __TI_cleanup_ptr                                                                                                                                
20204c60  __TI_dtors_ptr                                                                                                                                  
20204c64  axes                                                                                                                                            
20204c78  BusFreq                                                                                                                                         
20204c7c  StX                                                                                                                                             
20204c80  StY                                                                                                                                             
20204c84  __TI_ft_end                                                                                                                                     
20204c88  __cxa_new_handler                                                                                                                               
20204c8c  __dso_handle                                                                                                                                    
20204c90  _lock                                                                                                                                           
20204c94  _unlock                                                                                                                                         
20204c98  bikeSpeed                                                                                                                                       
20204c9c  buttonInput                                                                                                                                     
20204ca0  col                                                                                                                                             
20204ca4  currInd                                                                                                                                         
20204ca8  currLang                                                                                                                                        
20204cac  currState                                                                                                                                       
20204cb0  ind                                                                                                                                             
20204cb4  joystickPacket                                                                                                                                  
20204cb8  lasInd                                                                                                                                          
20204cbc  lastInput                                                                                                                                       
20204cc0  off                                                                                                                                             
20204cc4  period                                                                                                                                          
20204cc8  priority                                                                                                                                        
20204ccc  row                                                                                                                                             
20204cd0  size                                                                                                                                            
20204cd4  xInput                                                                                                                                          
20204cd8  yInput                                                                                                                                          
20204cdc  StTextColor                                                                                                                                     
20204ce2  abilityEnabled                                                                                                                                  
20204ce3  done                                                                                                                                            
20204ce5  semaphore                                                                                                                                       
20204cf0  _sys_memory                                                                                                                                     
20207e00  __stack                                                                                                                                         
20208000  __STACK_END                                                                                                                                     
ffffffff  __TI_pprof_out_hndl                                                                                                                             
ffffffff  __TI_prof_data_size                                                                                                                             
ffffffff  __TI_prof_data_start                                                                                                                            
ffffffff  __binit__                                                                                                                                       
ffffffff  binit                                                                                                                                           
UNDEFED   __mpu_init                                                                                                                                      
UNDEFED   _system_post_cinit                                                                                                                              

[294 symbols]
