******************************************************************************
            TI ARM Clang Linker PC v3.2.1                      
******************************************************************************
>> Linked Wed Apr 17 20:15:36 2024

OUTPUT FILE NAME:   <ECE319K_Lab9H.out>
ENTRY POINT SYMBOL: "_c_int00_noargs"  address: 00001d89


MEMORY CONFIGURATION

         name            origin    length      used     unused   attr    fill
----------------------  --------  ---------  --------  --------  ----  --------
  FLASH                 00000000   00020000  00002668  0001d998  R  X
  SRAM                  20200000   00008000  00000815  000077eb  RW X
  BCR_CONFIG            41c00000   00000080  00000000  00000080  R   
  BSL_CONFIG            41c00100   00000080  00000000  00000080  R   


SEGMENT ALLOCATION MAP

run origin  load origin   length   init length attrs members
----------  ----------- ---------- ----------- ----- -------
00000000    00000000    00002668   00002668    r-x
  00000000    00000000    000000c0   000000c0    r-- .intvecs
  000000c0    000000c0    00001ee0   00001ee0    r-x .text
  00001fa0    00001fa0    00000600   00000600    r-- .rodata
  000025a0    000025a0    00000008   00000008    r-- .init_array
  000025a8    000025a8    000000c0   000000c0    r-- .cinit
20200000    20200000    00000618   00000000    rw-
  20200000    20200000    0000022d   00000000    rw- .data
  20200230    20200230    00000200   00000000    rw- .sysmem
  20200430    20200430    000001e8   00000000    rw- .bss
20207e00    20207e00    00000200   00000000    rw-
  20207e00    20207e00    00000200   00000000    rw- .stack


SECTION ALLOCATION MAP

 output                                  attributes/
section   page    origin      length       input sections
--------  ----  ----------  ----------   ----------------
.intvecs   0    00000000    000000c0     
                  00000000    000000c0     startup_mspm0g3507_ticlang.o (.intvecs)

.binit     0    00000000    00000000     

.text      0    000000c0    00001ee0     
                  000000c0    000001b4     Clock.o (.text._Z15Clock_Init80MHzi)
                  00000274    000001a0     ST7735.o (.text._Z16ST7735_DrawCharSsscssh)
                  00000414    00000160     libc.a : fopen.c.obj (.text._openfile)
                  00000574    0000012c            : memory.c.obj (.text.aligned_alloc)
                  000006a0    0000011c     Lab9HMain.o (.text.main)
                  000007bc    00000118     ST7735.o (.text._Z15ST7735_FillRectsssst)
                  000008d4    000000f8     SPI.o (.text._Z8SPI_Initv)
                  000009cc    000000f4     ST7735.o (.text._Z18ST7735_SetRotationh)
                  00000ac0    000000ec     libsysbm.a : add_device.c.obj (.text.add_device)
                  00000bac    000000ec     libc.a : memory.c.obj (.text.free)
                  00000c98    000000dc            : setvbuf.c.obj (.text.setvbuf)
                  00000d74    000000d0     ST7735.o (.text._Z14ST7735_OutCharc)
                  00000e44    000000a8     libsysbm.a : open.c.obj (.text.open)
                  00000eec    000000a2     ST7735.o (.text._ZL11commandListPKh)
                  00000f8e    00000002     Sound.o (.text.SysTick_Handler)
                  00000f90    000000a0     ST7735.o (.text._Z17ST7735_InitPrintfv)
                  00001030    00000098     ST7735.o (.text._Z12ST7735_InitR10initRFlags)
                  000010c8    00000088     ST7735.o (.text._ZL13setAddrWindowhhhh)
                  00001150    00000084     ST7735.o (.text._Z14ST7735_OutUDecj)
                  000011d4    00000084     ST7735.o (.text._Z17ST7735_DrawStringttPcs)
                  00001258    0000007c     LaunchPad.o (.text._Z14LaunchPad_Initv)
                  000012d4    0000007c     libc.a : fclose.c.obj (.text.__TI_closefile)
                  00001350    00000078            : copy_decompress_lzss.c.obj (.text:decompress:lzss)
                  000013c8    00000070     ST7735.o (.text._Z16ST7735_DrawPixelsst)
                  00001438    0000006c     libsysbm.a : hostlseek.c.obj (.text.HOSTlseek)
                  000014a4    0000006c                : hostrename.c.obj (.text.HOSTrename)
                  00001510    00000068     libc.a : getdevice.c.obj (.text.getdevice)
                  00001578    00000064            : memory.c.obj (.text.split)
                  000015dc    00000060     libsysbm.a : hostopen.c.obj (.text.HOSTopen)
                  0000163c    00000058                : hostread.c.obj (.text.HOSTread)
                  00001694    00000058                : hostwrite.c.obj (.text.HOSTwrite)
                  000016ec    00000054     ST7735.o (.text._Z11fillmessagej)
                  00001740    00000054     libc.a : autoinit.c.obj (.text:__TI_auto_init_nobinit)
                  00001794    00000052            : fflush.c.obj (.text.__TI_doflush)
                  000017e6    00000002     libclang_rt.builtins.a : aeabi_div0.c.obj (.text.__aeabi_idiv0)
                  000017e8    00000050     libsysbm.a : close.c.obj (.text.close)
                  00001838    00000048                : hostclose.c.obj (.text.HOSTclose)
                  00001880    00000048                : hostunlink.c.obj (.text.HOSTunlink)
                  000018c8    00000048     SPI.o (.text._Z14SPI_OutCommandc)
                  00001910    00000040     TExaS.o (.text.TIMG7_IRQHandler)
                  00001950    00000040     SPI.o (.text._Z9SPI_Resetv)
                  00001990    00000040     libclang_rt.builtins.a : aeabi_uidivmod.S.obj (.text.__aeabi_uidivmod)
                  000019d0    00000040     libc.a : fopen.c.obj (.text._search_fp)
                  00001a10    00000038     SPI.o (.text._Z11SPI_OutDatac)
                  00001a48    00000038     LaunchPad.o (.text._Z15ActivatePortA_Bv)
                  00001a80    00000038     libc.a : getdevice.c.obj (.text.finddevice)
                  00001ab8    00000034     ST7735.o (.text._Z12ST7735_writeiPKcj)
                  00001aec    00000034     Clock.o (.text._Z14Clock_Delay1msj)
                  00001b20    00000034     ST7735.o (.text._Z16ST7735_SetCursorjj)
                  00001b54    00000034     libc.a : fopen.c.obj (.text.__TI_cleanup)
                  00001b88    00000034     libsysbm.a : trgmsg.c.obj (.text.__TI_readmsg)
                  00001bbc    00000034                : trgmsg.c.obj (.text.__TI_writemsg)
                  00001bf0    00000034     libc.a : exit.c.obj (.text.exit)
                  00001c24    00000034            : fopen.c.obj (.text.freopen)
                  00001c58    00000030     ST7735.o (.text._ZL10commonInitPKh)
                  00001c88    00000030     libc.a : fopen.c.obj (.text.fopen)
                  00001cb8    0000002c     ST7735.o (.text._Z17ST7735_FillScreent)
                  00001ce4    0000002c     libsysbm.a : unlink.c.obj (.text.unlink)
                  00001d10    00000028     Lab9HMain.o (.text.TIMG12_IRQHandler)
                  00001d38    00000028     libc.a : memory.c.obj (.text.free_list_insert)
                  00001d60    00000028     libsysbm.a : write.c.obj (.text.write)
                  00001d88    00000028     libc.a : boot_cortex_m.c.obj (.text:_c_int00_noargs)
                  00001db0    00000026     ST7735.o (.text._Z16ST7735_OutStringPc)
                  00001dd6    00000022     ST7735.o (.text._Z20ST7735_InvertDisplayi)
                  00001df8    0000001e     ST7735.o (.text._ZL9pushColort)
                  00001e16    00000002     libc.a : _lock.c.obj (.text._nop)
                  00001e18    0000001c            : memory.c.obj (.text.free_list_remove)
                  00001e34    00000018     Lab9HMain.o (.text.__cxx_global_var_init)
                  00001e4c    00000016     ST7735.o (.text._Z11ST7735_openPKcji)
                  00001e62    00000016     ST7735.o (.text._Z11ST7735_readiPcj)
                  00001e78    00000016     SlidePot.o (.text._ZN8SlidePotC2Ejj)
                  00001e8e    00000016     libc.a : copy_zero_init.c.obj (.text:decompress:ZI:__TI_zero_init_nomemset)
                  00001ea4    00000012     libsysbm.a : hostrename.c.obj (.text.strcpy)
                  00001eb6    00000012     libc.a : memcpy16.S.obj (.text:TI_memcpy_small)
                  00001ec8    00000012            : copy_decompress_none.c.obj (.text:decompress:none)
                  00001eda    00000010     Clock.o (.text._Z11Clock_Delayj)
                  00001eea    0000000e     libc.a : memory.c.obj (.text.OUTLINED_FUNCTION_0)
                  00001ef8    0000000e     ST7735.o (.text._Z12ST7735_lseekili)
                  00001f06    0000000e     libsysbm.a : hostrename.c.obj (.text.strlen)
                  00001f14    0000000e     libc.a : memset16.S.obj (.text:TI_memset_small)
                  00001f22    00000002     --HOLE-- [fill = 0]
                  00001f24    0000000c     Clock.o (.text._Z10Clock_Freqv)
                  00001f30    0000000c     ST7735.o (.text._Z13ST7735_renamePKcS0_)
                  00001f3c    0000000c     libclang_rt.builtins.a : aeabi_memset.S.obj (.text.__aeabi_memclr)
                  00001f48    0000000c     libc.a : memory.c.obj (.text.malloc)
                  00001f54    0000000a     ST7735.o (.text._Z12ST7735_closei)
                  00001f5e    0000000a     ST7735.o (.text._Z13ST7735_unlinkPKc)
                  00001f68    0000000a     Lab9HMain.o (.text._Z8PLL_Initv)
                  00001f72    00000008     Lab9HMain.o (.text._GLOBAL__sub_I_Lab9HMain.cpp)
                  00001f7a    00000002     --HOLE-- [fill = 0]
                  00001f7c    00000008     libclang_rt.builtins.a : aeabi_memcpy.S.obj (.text.__aeabi_memcpy)
                  00001f84    00000008     libsysbm.a : remove.c.obj (.text.remove)
                  00001f8c    00000004     startup_mspm0g3507_ticlang.o (.text.Default_Handler)
                  00001f90    00000004     startup_mspm0g3507_ticlang.o (.text.HardFault_Handler)
                  00001f94    00000004     startup_mspm0g3507_ticlang.o (.text.Reset_Handler)
                  00001f98    00000004     libc.a : pre_init.c.obj (.text._system_pre_init)
                  00001f9c    00000004            : exit.c.obj (.text:abort)

.cinit     0    000025a8    000000c0     
                  000025a8    00000097     (.cinit..data.load) [load image, compression = lzss]
                  0000263f    00000001     --HOLE-- [fill = 0]
                  00002640    0000000c     (__TI_handler_table)
                  0000264c    00000008     (.cinit..bss.load) [load image, compression = zero_init]
                  00002654    00000010     (__TI_cinit_table)
                  00002664    00000004     --HOLE-- [fill = 0]

.rodata    0    00001fa0    00000600     
                  00001fa0    000004fb     ST7735.o (.rodata._ZL4Font)
                  0000249b    0000003b     ST7735.o (.rodata._ZL5Rcmd1)
                  000024d6    0000002b     ST7735.o (.rodata._ZL5Rcmd3)
                  00002501    00000016     ST7735.o (.rodata.str1.151242922833174902491)
                  00002517    0000000d     ST7735.o (.rodata._ZL10Rcmd2green)
                  00002524    0000000d     ST7735.o (.rodata._ZL8Rcmd2red)
                  00002531    0000000a     Lab9HMain.o (.rodata._ZL14Goodbye_French)
                  0000253b    0000000a     Lab9HMain.o (.rodata._ZL19Language_Portuguese)
                  00002545    00000009     Lab9HMain.o (.rodata._ZL15Language_French)
                  0000254e    00000008     Lab9HMain.o (.rodata._ZL15Goodbye_English)
                  00002556    00000008     Lab9HMain.o (.rodata._ZL16Language_English)
                  0000255e    00000008     Lab9HMain.o (.rodata._ZL16Language_Spanish)
                  00002566    00000008     ST7735.o (.rodata.str1.32425923164416384231)
                  0000256e    00000007     Lab9HMain.o (.rodata._ZL13Hello_Spanish)
                  00002575    00000007     ST7735.o (.rodata.str1.43040408279739677101)
                  0000257c    00000007     ST7735.o (.rodata.str1.45660796252614259451)
                  00002583    00000006     Lab9HMain.o (.rodata._ZL13Hello_English)
                  00002589    00000006     Lab9HMain.o (.rodata._ZL15Goodbye_Spanish)
                  0000258f    00000006     Lab9HMain.o (.rodata._ZL18Goodbye_Portuguese)
                  00002595    00000005     Lab9HMain.o (.rodata._ZL12Hello_French)
                  0000259a    00000004     Lab9HMain.o (.rodata._ZL16Hello_Portuguese)
                  0000259e    00000002     ST7735.o (.rodata.str1.70247537590335144861)

.init_array 
*          0    000025a0    00000008     
                  000025a0    00000004     Lab9HMain.o (.init_array)
                  000025a4    00000004     --HOLE-- [fill = 0]

.data      0    20200000    0000022d     UNINITIALIZED
                  20200000    000000f0     libc.a : defs.c.obj (.data._ftable)
                  202000f0    00000078     libsysbm.a : host_device.c.obj (.data._device)
                  20200168    00000050                : host_device.c.obj (.data._stream)
                  202001b8    00000030     Lab9HMain.o (.data.Phrases)
                  202001e8    00000014     Lab9HMain.o (.data.Sensor)
                  202001fc    00000008     libc.a : exit.c.obj (.data..L_MergedGlobals)
                  20200204    00000004     Clock.o (.data.BusFreq)
                  20200208    00000004     ST7735.o (.data.StX)
                  2020020c    00000004     ST7735.o (.data.StY)
                  20200210    00000004     libc.a : defs.c.obj (.data.__TI_ft_end)
                  20200214    00000004            : _lock.c.obj (.data._lock)
                  20200218    00000004            : _lock.c.obj (.data._unlock)
                  2020021c    00000002     ST7735.o (.data.StTextColor)
                  2020021e    00000002     ST7735.o (.data._ZL6_width)
                  20200220    00000002     ST7735.o (.data._ZL7_height)
                  20200222    00000002     --HOLE--
                  20200224    00000001     libsysbm.a : add_device.c.obj (.data.add_device.device_init)
                  20200225    00000003     --HOLE--
                  20200228    00000001     libc.a : memory.c.obj (.data.memory_is_initialized)
                  20200229    00000003     --HOLE--
                  2020022c    00000001     libsysbm.a : open.c.obj (.data.open.stream_init)

.sysmem    0    20200230    00000200     UNINITIALIZED
                  20200230    00000010     libc.a : memory.c.obj (.sysmem)
                  20200240    000001f0     --HOLE--

.bss       0    20200430    000001e8     UNINITIALIZED
                  20200430    00000120     libsysbm.a : trgmsg.c.obj (.bss:_CIOBUF_)
                  20200550    000000a0     libc.a : defs.c.obj (.bss.__TI_tmpnams)
                  202005f0    0000000c     ST7735.o (.bss.Message)
                  202005fc    00000008     libsysbm.a : hostopen.c.obj (.bss.parmbuf)
                  20200604    00000004     ST7735.o (.bss.Messageindex)
                  20200608    00000004     TExaS.o (.bss.TExaSLogic)
                  2020060c    00000004     TExaS.o (.bss.TExaSadc)
                  20200610    00000004     libc.a : memory.c.obj (.bss.sys_free)
                  20200614    00000001     ST7735.o (.bss._ZL8ColStart)
                  20200615    00000001     ST7735.o (.bss._ZL8Rotation)
                  20200616    00000001     ST7735.o (.bss._ZL8RowStart)
                  20200617    00000001     ST7735.o (.bss._ZL8TabColor)

.stack     0    20207e00    00000200     UNINITIALIZED
                  20207e00    00000004     libc.a : boot_cortex_m.c.obj (.stack)
                  20207e04    000001fc     --HOLE--

__llvm_prf_cnts 
*          0    20200000    00000000     UNINITIALIZED

__llvm_prf_bits 
*          0    20200000    00000000     UNINITIALIZED

MODULE SUMMARY

       Module                         code   ro data   rw data
       ------                         ----   -------   -------
    .\
       ST7735.o                       2606   1449      34     
       Lab9HMain.o                    366    91        68     
       Clock.o                        516    0         4      
       SPI.o                          440    0         0      
       LaunchPad.o                    180    0         0      
       TExaS.o                        64     0         8      
       SlidePot.o                     22     0         0      
       Sound.o                        2      0         0      
    +--+------------------------------+------+---------+---------+
       Total:                         4196   1540      114    
                                                              
    .\ticlang\
       startup_mspm0g3507_ticlang.o   12     192       0      
    +--+------------------------------+------+---------+---------+
       Total:                         12     192       0      
                                                              
    C:\ti\ccs1260\ccs\tools\compiler\ti-cgt-armllvm_3.2.1.LTS\lib\armv6m-ti-none-eabi/c/libc.a
       memory.c.obj                   730    0         5      
       fopen.c.obj                    568    0         0      
       defs.c.obj                     0      0         404    
       setvbuf.c.obj                  220    0         0      
       getdevice.c.obj                160    0         0      
       fclose.c.obj                   124    0         0      
       copy_decompress_lzss.c.obj     120    0         0      
       autoinit.c.obj                 84     0         0      
       fflush.c.obj                   82     0         0      
       exit.c.obj                     56     0         8      
       boot_cortex_m.c.obj            40     0         0      
       copy_zero_init.c.obj           22     0         0      
       copy_decompress_none.c.obj     18     0         0      
       memcpy16.S.obj                 18     0         0      
       memset16.S.obj                 14     0         0      
       _lock.c.obj                    2      0         8      
       pre_init.c.obj                 4      0         0      
    +--+------------------------------+------+---------+---------+
       Total:                         2262   0         425    
                                                              
    C:\ti\ccs1260\ccs\tools\compiler\ti-cgt-armllvm_3.2.1.LTS\lib\armv6m-ti-none-eabi/c/libsysbm.a
       trgmsg.c.obj                   104    0         288    
       add_device.c.obj               236    0         1      
       host_device.c.obj              0      0         200    
       open.c.obj                     168    0         1      
       hostrename.c.obj               140    0         0      
       hostlseek.c.obj                108    0         0      
       hostopen.c.obj                 96     0         8      
       hostread.c.obj                 88     0         0      
       hostwrite.c.obj                88     0         0      
       close.c.obj                    80     0         0      
       hostclose.c.obj                72     0         0      
       hostunlink.c.obj               72     0         0      
       unlink.c.obj                   44     0         0      
       write.c.obj                    40     0         0      
       remove.c.obj                   8      0         0      
    +--+------------------------------+------+---------+---------+
       Total:                         1344   0         498    
                                                              
    C:\ti\ccs1260\ccs\tools\compiler\ti-cgt-armllvm_3.2.1.LTS\lib\clang/15.0.7/lib/armv6m-ti-none-eabi/libclang_rt.builtins.a
       aeabi_uidivmod.S.obj           64     0         0      
       aeabi_memset.S.obj             12     0         0      
       aeabi_memcpy.S.obj             8      0         0      
       aeabi_div0.c.obj               2      0         0      
    +--+------------------------------+------+---------+---------+
       Total:                         86     0         0      
                                                              
       Heap:                          0      0         512    
       Stack:                         0      0         512    
       Linker Generated:              0      187       0      
    +--+------------------------------+------+---------+---------+
       Grand Total:                   7900   1919      2061   


LINKER GENERATED COPY TABLES

__TI_cinit_table @ 00002654 records: 2, size/record: 8, table size: 16
	.data: load addr=000025a8, load size=00000097 bytes, run addr=20200000, run size=0000022d bytes, compression=lzss
	.bss: load addr=0000264c, load size=00000008 bytes, run addr=20200430, run size=000001e8 bytes, compression=zero_init


LINKER GENERATED HANDLER TABLE

__TI_handler_table @ 00002640 records: 3, size/record: 4, table size: 12
	index: 0, handler: __TI_decompress_lzss
	index: 1, handler: __TI_decompress_none
	index: 2, handler: __TI_zero_init


GLOBAL SYMBOLS: SORTED ALPHABETICALLY BY Name 

address   name                        
-------   ----                        
00001f8d  ADC0_IRQHandler             
00001f8d  ADC1_IRQHandler             
00001f8d  AES_IRQHandler              
20200204  BusFreq                     
00001f9c  C$$EXIT                     
00001be9  C$$IO$$                     
00001f8d  CANFD0_IRQHandler           
00001f8d  DAC0_IRQHandler             
00001f8d  DMA_IRQHandler              
00001f8d  Default_Handler             
00001f8d  GROUP0_IRQHandler           
00001f8d  GROUP1_IRQHandler           
00001839  HOSTclose                   
00001439  HOSTlseek                   
000015dd  HOSTopen                    
0000163d  HOSTread                    
000014a5  HOSTrename                  
00001881  HOSTunlink                  
00001695  HOSTwrite                   
00001f91  HardFault_Handler           
00001f8d  I2C0_IRQHandler             
00001f8d  I2C1_IRQHandler             
202005f0  Message                     
20200604  Messageindex                
00001f8d  NMI_Handler                 
00001f8d  PendSV_Handler              
202001b8  Phrases                     
00001f8d  RTC_IRQHandler              
00001f95  Reset_Handler               
000025a0  SHT$$INIT_ARRAY$$Base       
000025a4  SHT$$INIT_ARRAY$$Limit      
00001f8d  SPI0_IRQHandler             
00001f8d  SPI1_IRQHandler             
00001f8d  SVC_Handler                 
202001e8  Sensor                      
2020021c  StTextColor                 
20200208  StX                         
2020020c  StY                         
00000f8f  SysTick_Handler             
20200608  TExaSLogic                  
2020060c  TExaSadc                    
00001f8d  TIMA0_IRQHandler            
00001f8d  TIMA1_IRQHandler            
00001f8d  TIMG0_IRQHandler            
00001d11  TIMG12_IRQHandler           
00001f8d  TIMG6_IRQHandler            
00001911  TIMG7_IRQHandler            
00001f8d  TIMG8_IRQHandler            
00001eb7  TI_memcpy_small             
00001f15  TI_memset_small             
00001f8d  UART0_IRQHandler            
00001f8d  UART1_IRQHandler            
00001f8d  UART2_IRQHandler            
00001f8d  UART3_IRQHandler            
20200430  _CIOBUF_                    
00001f25  _Z10Clock_Freqv             
00001edb  _Z11Clock_Delayj            
00001a11  _Z11SPI_OutDatac            
00001e4d  _Z11ST7735_openPKcji        
00001e63  _Z11ST7735_readiPcj         
000016ed  _Z11fillmessagej            
00001031  _Z12ST7735_InitR10initRFlags
00001f55  _Z12ST7735_closei           
00001ef9  _Z12ST7735_lseekili         
00001ab9  _Z12ST7735_writeiPKcj       
00001f31  _Z13ST7735_renamePKcS0_     
00001f5f  _Z13ST7735_unlinkPKc        
00001aed  _Z14Clock_Delay1msj         
00001259  _Z14LaunchPad_Initv         
000018c9  _Z14SPI_OutCommandc         
00000d75  _Z14ST7735_OutCharc         
00001151  _Z14ST7735_OutUDecj         
00001a49  _Z15ActivatePortA_Bv        
000000c1  _Z15Clock_Init80MHzi        
000007bd  _Z15ST7735_FillRectsssst    
00000275  _Z16ST7735_DrawCharSsscssh  
000013c9  _Z16ST7735_DrawPixelsst     
00001db1  _Z16ST7735_OutStringPc      
00001b21  _Z16ST7735_SetCursorjj      
000011d5  _Z17ST7735_DrawStringttPcs  
00001cb9  _Z17ST7735_FillScreent      
00000f91  _Z17ST7735_InitPrintfv      
000009cd  _Z18ST7735_SetRotationh     
00001dd7  _Z20ST7735_InvertDisplayi   
00001f69  _Z8PLL_Initv                
000008d5  _Z8SPI_Initv                
00001951  _Z9SPI_Resetv               
00001e79  _ZN8SlidePotC1Ejj           
00001e79  _ZN8SlidePotC2Ejj           
20200430  __CIOBUF_                   
20208000  __STACK_END                 
00000200  __STACK_SIZE                
00000200  __SYSMEM_SIZE               
00000000  __TI_ATRegion0_region_sz    
00000000  __TI_ATRegion0_src_addr     
00000000  __TI_ATRegion0_trg_addr     
00000000  __TI_ATRegion1_region_sz    
00000000  __TI_ATRegion1_src_addr     
00000000  __TI_ATRegion1_trg_addr     
00000000  __TI_ATRegion2_region_sz    
00000000  __TI_ATRegion2_src_addr     
00000000  __TI_ATRegion2_trg_addr     
00002654  __TI_CINIT_Base             
00002664  __TI_CINIT_Limit            
00002664  __TI_CINIT_Warm             
00002640  __TI_Handler_Table_Base     
0000264c  __TI_Handler_Table_Limit    
00001741  __TI_auto_init_nobinit      
00001b55  __TI_cleanup                
202001fc  __TI_cleanup_ptr            
000012d5  __TI_closefile              
00001351  __TI_decompress_lzss        
00001ec9  __TI_decompress_none        
00001795  __TI_doflush                
20200200  __TI_dtors_ptr              
20200210  __TI_ft_end                 
ffffffff  __TI_pprof_out_hndl         
ffffffff  __TI_prof_data_size         
ffffffff  __TI_prof_data_start        
00001b89  __TI_readmsg                
00000000  __TI_static_base__          
20200550  __TI_tmpnams                
00001bbd  __TI_writemsg               
00001e8f  __TI_zero_init_nomemset     
000017e7  __aeabi_idiv0               
00001f3d  __aeabi_memclr              
00001f3d  __aeabi_memclr4             
00001f3d  __aeabi_memclr8             
00001f7d  __aeabi_memcpy              
00001f7d  __aeabi_memcpy4             
00001f7d  __aeabi_memcpy8             
00001991  __aeabi_uidiv               
00001991  __aeabi_uidivmod            
ffffffff  __binit__                   
UNDEFED   __mpu_init                  
20207e00  __stack                     
20200000  __start___llvm_prf_bits     
20200000  __start___llvm_prf_cnts     
20200000  __stop___llvm_prf_bits      
20200000  __stop___llvm_prf_cnts      
00001d89  _c_int00_noargs             
202000f0  _device                     
20200000  _ftable                     
20200214  _lock                       
00001e17  _nop                        
20200168  _stream                     
20200230  _sys_memory                 
UNDEFED   _system_post_cinit          
00001f99  _system_pre_init            
20200218  _unlock                     
00001f9d  abort                       
00000ac1  add_device                  
00000575  aligned_alloc               
ffffffff  binit                       
000017e9  close                       
00001bf1  exit                        
00001a81  finddevice                  
00001c89  fopen                       
00000bad  free                        
00001c25  freopen                     
00001511  getdevice                   
00000000  interruptVectors            
000006a1  main                        
00001f49  malloc                      
00000575  memalign                    
00000e45  open                        
202005fc  parmbuf                     
00001f85  remove                      
00000c99  setvbuf                     
00001ce5  unlink                      
00001d61  write                       


GLOBAL SYMBOLS: SORTED BY Symbol Address 

address   name                        
-------   ----                        
00000000  __TI_ATRegion0_region_sz    
00000000  __TI_ATRegion0_src_addr     
00000000  __TI_ATRegion0_trg_addr     
00000000  __TI_ATRegion1_region_sz    
00000000  __TI_ATRegion1_src_addr     
00000000  __TI_ATRegion1_trg_addr     
00000000  __TI_ATRegion2_region_sz    
00000000  __TI_ATRegion2_src_addr     
00000000  __TI_ATRegion2_trg_addr     
00000000  __TI_static_base__          
00000000  interruptVectors            
000000c1  _Z15Clock_Init80MHzi        
00000200  __STACK_SIZE                
00000200  __SYSMEM_SIZE               
00000275  _Z16ST7735_DrawCharSsscssh  
00000575  aligned_alloc               
00000575  memalign                    
000006a1  main                        
000007bd  _Z15ST7735_FillRectsssst    
000008d5  _Z8SPI_Initv                
000009cd  _Z18ST7735_SetRotationh     
00000ac1  add_device                  
00000bad  free                        
00000c99  setvbuf                     
00000d75  _Z14ST7735_OutCharc         
00000e45  open                        
00000f8f  SysTick_Handler             
00000f91  _Z17ST7735_InitPrintfv      
00001031  _Z12ST7735_InitR10initRFlags
00001151  _Z14ST7735_OutUDecj         
000011d5  _Z17ST7735_DrawStringttPcs  
00001259  _Z14LaunchPad_Initv         
000012d5  __TI_closefile              
00001351  __TI_decompress_lzss        
000013c9  _Z16ST7735_DrawPixelsst     
00001439  HOSTlseek                   
000014a5  HOSTrename                  
00001511  getdevice                   
000015dd  HOSTopen                    
0000163d  HOSTread                    
00001695  HOSTwrite                   
000016ed  _Z11fillmessagej            
00001741  __TI_auto_init_nobinit      
00001795  __TI_doflush                
000017e7  __aeabi_idiv0               
000017e9  close                       
00001839  HOSTclose                   
00001881  HOSTunlink                  
000018c9  _Z14SPI_OutCommandc         
00001911  TIMG7_IRQHandler            
00001951  _Z9SPI_Resetv               
00001991  __aeabi_uidiv               
00001991  __aeabi_uidivmod            
00001a11  _Z11SPI_OutDatac            
00001a49  _Z15ActivatePortA_Bv        
00001a81  finddevice                  
00001ab9  _Z12ST7735_writeiPKcj       
00001aed  _Z14Clock_Delay1msj         
00001b21  _Z16ST7735_SetCursorjj      
00001b55  __TI_cleanup                
00001b89  __TI_readmsg                
00001bbd  __TI_writemsg               
00001be9  C$$IO$$                     
00001bf1  exit                        
00001c25  freopen                     
00001c89  fopen                       
00001cb9  _Z17ST7735_FillScreent      
00001ce5  unlink                      
00001d11  TIMG12_IRQHandler           
00001d61  write                       
00001d89  _c_int00_noargs             
00001db1  _Z16ST7735_OutStringPc      
00001dd7  _Z20ST7735_InvertDisplayi   
00001e17  _nop                        
00001e4d  _Z11ST7735_openPKcji        
00001e63  _Z11ST7735_readiPcj         
00001e79  _ZN8SlidePotC1Ejj           
00001e79  _ZN8SlidePotC2Ejj           
00001e8f  __TI_zero_init_nomemset     
00001eb7  TI_memcpy_small             
00001ec9  __TI_decompress_none        
00001edb  _Z11Clock_Delayj            
00001ef9  _Z12ST7735_lseekili         
00001f15  TI_memset_small             
00001f25  _Z10Clock_Freqv             
00001f31  _Z13ST7735_renamePKcS0_     
00001f3d  __aeabi_memclr              
00001f3d  __aeabi_memclr4             
00001f3d  __aeabi_memclr8             
00001f49  malloc                      
00001f55  _Z12ST7735_closei           
00001f5f  _Z13ST7735_unlinkPKc        
00001f69  _Z8PLL_Initv                
00001f7d  __aeabi_memcpy              
00001f7d  __aeabi_memcpy4             
00001f7d  __aeabi_memcpy8             
00001f85  remove                      
00001f8d  ADC0_IRQHandler             
00001f8d  ADC1_IRQHandler             
00001f8d  AES_IRQHandler              
00001f8d  CANFD0_IRQHandler           
00001f8d  DAC0_IRQHandler             
00001f8d  DMA_IRQHandler              
00001f8d  Default_Handler             
00001f8d  GROUP0_IRQHandler           
00001f8d  GROUP1_IRQHandler           
00001f8d  I2C0_IRQHandler             
00001f8d  I2C1_IRQHandler             
00001f8d  NMI_Handler                 
00001f8d  PendSV_Handler              
00001f8d  RTC_IRQHandler              
00001f8d  SPI0_IRQHandler             
00001f8d  SPI1_IRQHandler             
00001f8d  SVC_Handler                 
00001f8d  TIMA0_IRQHandler            
00001f8d  TIMA1_IRQHandler            
00001f8d  TIMG0_IRQHandler            
00001f8d  TIMG6_IRQHandler            
00001f8d  TIMG8_IRQHandler            
00001f8d  UART0_IRQHandler            
00001f8d  UART1_IRQHandler            
00001f8d  UART2_IRQHandler            
00001f8d  UART3_IRQHandler            
00001f91  HardFault_Handler           
00001f95  Reset_Handler               
00001f99  _system_pre_init            
00001f9c  C$$EXIT                     
00001f9d  abort                       
000025a0  SHT$$INIT_ARRAY$$Base       
000025a4  SHT$$INIT_ARRAY$$Limit      
00002640  __TI_Handler_Table_Base     
0000264c  __TI_Handler_Table_Limit    
00002654  __TI_CINIT_Base             
00002664  __TI_CINIT_Limit            
00002664  __TI_CINIT_Warm             
20200000  __start___llvm_prf_bits     
20200000  __start___llvm_prf_cnts     
20200000  __stop___llvm_prf_bits      
20200000  __stop___llvm_prf_cnts      
20200000  _ftable                     
202000f0  _device                     
20200168  _stream                     
202001b8  Phrases                     
202001e8  Sensor                      
202001fc  __TI_cleanup_ptr            
20200200  __TI_dtors_ptr              
20200204  BusFreq                     
20200208  StX                         
2020020c  StY                         
20200210  __TI_ft_end                 
20200214  _lock                       
20200218  _unlock                     
2020021c  StTextColor                 
20200230  _sys_memory                 
20200430  _CIOBUF_                    
20200430  __CIOBUF_                   
20200550  __TI_tmpnams                
202005f0  Message                     
202005fc  parmbuf                     
20200604  Messageindex                
20200608  TExaSLogic                  
2020060c  TExaSadc                    
20207e00  __stack                     
20208000  __STACK_END                 
ffffffff  __TI_pprof_out_hndl         
ffffffff  __TI_prof_data_size         
ffffffff  __TI_prof_data_start        
ffffffff  __binit__                   
ffffffff  binit                       
UNDEFED   __mpu_init                  
UNDEFED   _system_post_cinit          

[171 symbols]
