******************************************************************************
            TI ARM Clang Linker PC v3.2.1                      
******************************************************************************
>> Linked Sat Apr 20 00:52:27 2024

OUTPUT FILE NAME:   <ECE319K_Lab9H.out>
ENTRY POINT SYMBOL: "_c_int00_noargs"  address: 0000d6d1


MEMORY CONFIGURATION

         name            origin    length      used     unused   attr    fill
----------------------  --------  ---------  --------  --------  ----  --------
  FLASH                 00000000   00020000  0000dbb8  00012448  R  X
  SRAM                  20200000   00008000  00000b79  00007487  RW X
  BCR_CONFIG            41c00000   00000080  00000000  00000080  R   
  BSL_CONFIG            41c00100   00000080  00000000  00000080  R   


SEGMENT ALLOCATION MAP

run origin  load origin   length   init length attrs members
----------  ----------- ---------- ----------- ----- -------
00000000    00000000    0000dbb8   0000dbb8    r-x
  00000000    00000000    000000c0   000000c0    r-- .intvecs
  000000c0    000000c0    0000a638   0000a638    r-- .rodata
  0000a6f8    0000a6f8    00003400   00003400    r-x .text
  0000daf8    0000daf8    00000008   00000008    r-- .init_array
  0000db00    0000db00    000000b8   000000b8    r-- .cinit
20200000    20200000    00000980   00000000    rw-
  20200000    20200000    00000515   00000000    rw- .data
  20200518    20200518    00000264   00000000    rw- .bss
  20200780    20200780    00000200   00000000    rw- .sysmem
20207e00    20207e00    00000200   00000000    rw-
  20207e00    20207e00    00000200   00000000    rw- .stack


SECTION ALLOCATION MAP

 output                                  attributes/
section   page    origin      length       input sections
--------  ----  ----------  ----------   ----------------
.intvecs   0    00000000    000000c0     
                  00000000    000000c0     startup_mspm0g3507_ticlang.o (.intvecs)

.binit     0    00000000    00000000     

.text      0    0000a6f8    00003400     
                  0000a6f8    00000210     ST7735.o (.text._Z17ST7735_DrawBitmapssPKtss)
                  0000a908    000001b4     Clock.o (.text._Z15Clock_Init80MHzi)
                  0000aabc    000001a0     ST7735.o (.text._Z16ST7735_DrawCharSsscssh)
                  0000ac5c    00000178     menu.o (.text._Z11menu_updatev)
                  0000add4    00000160     libc.a : fopen.c.obj (.text._openfile)
                  0000af34    0000012c            : memory.c.obj (.text.aligned_alloc)
                  0000b060    00000128     TExaS.o (.text._Z8ADC_InitP10ADC12_Regsjj)
                  0000b188    00000128     libc++.a : string.cpp.obj (.text._ZNSt3__112basic_stringIcNS_11char_traitsIcEENS_9allocatorIcEEEaSERKS5_)
                  0000b2b0    00000118     ST7735.o (.text._Z15ST7735_FillRectsssst)
                  0000b3c8    000000f8     SPI.o (.text._Z8SPI_Initv)
                  0000b4c0    000000f4     ST7735.o (.text._Z18ST7735_SetRotationh)
                  0000b5b4    000000f4     menu.o (.text._Z2upv)
                  0000b6a8    000000ec     libsysbm.a : add_device.c.obj (.text.add_device)
                  0000b794    000000ec     libc.a : memory.c.obj (.text.free)
                  0000b880    000000e8     TExaS.o (.text._Z9UART_Initv)
                  0000b968    000000dc     libc.a : setvbuf.c.obj (.text.setvbuf)
                  0000ba44    000000d0     ST7735.o (.text._Z14ST7735_OutCharc)
                  0000bb14    000000cc     menu.o (.text._Z4downv)
                  0000bbe0    000000c8     menu.o (.text._Z9changeSetv)
                  0000bca8    000000b4     menu.o (.text.__cxx_global_var_init.5)
                  0000bd5c    000000b0     menu.o (.text.__cxx_global_var_init)
                  0000be0c    000000a8     Timer.o (.text._Z14TimerG7_IntArmtjj)
                  0000beb4    000000a8     libsysbm.a : open.c.obj (.text.open)
                  0000bf5c    000000a2     ST7735.o (.text._ZL11commandListPKh)
                  0000bffe    00000002     Sound.o (.text.SysTick_Handler)
                  0000c000    000000a0     ST7735.o (.text._Z17ST7735_InitPrintfv)
                  0000c0a0    000000a0     menu.o (.text._ZN4MenuC2EPA4_NSt3__112basic_stringIcNS0_11char_traitsIcEENS0_9allocatorIcEEEEiPKi)
                  0000c140    0000009c     libc.a : aeabi_atexit.c.obj (.text.atexit_register)
                  0000c1dc    00000098     ST7735.o (.text._Z12ST7735_InitR10initRFlags)
                  0000c274    00000098     SlidePot.o (.text._ZN8SlidePot4InitEv)
                  0000c30c    00000094     Lab9HMain.o (.text.TIMG12_IRQHandler)
                  0000c3a0    00000094     Timer.o (.text._Z15TimerG12_IntArmjj)
                  0000c434    00000090     menu.o (.text.__cxx_global_var_init.13)
                  0000c4c4    00000088     ST7735.o (.text._ZL13setAddrWindowhhhh)
                  0000c54c    00000084     ST7735.o (.text._Z17ST7735_DrawStringttPKcs)
                  0000c5d0    00000084     Lab9HMain.o (.text.main)
                  0000c654    0000007c     LaunchPad.o (.text._Z14LaunchPad_Initv)
                  0000c6d0    0000007c     menu.o (.text._Z15periodic_updatei)
                  0000c74c    0000007c     libc.a : fclose.c.obj (.text.__TI_closefile)
                  0000c7c8    00000078     SlidePot.o (.text._ZN8SlidePot15JoystickConvertEj)
                  0000c840    00000078     libc.a : copy_decompress_lzss.c.obj (.text:decompress:lzss)
                  0000c8b8    00000070     ST7735.o (.text._Z16ST7735_DrawPixelsst)
                  0000c928    0000006c     libsysbm.a : hostlseek.c.obj (.text.HOSTlseek)
                  0000c994    0000006c                : hostrename.c.obj (.text.HOSTrename)
                  0000ca00    0000006c     libc.a : aeabi_atexit.c.obj (.text.__cxa_finalize)
                  0000ca6c    00000068            : getdevice.c.obj (.text.getdevice)
                  0000cad4    00000064     menu.o (.text.__cxx_global_var_init.21)
                  0000cb38    00000064     libc.a : memory.c.obj (.text.split)
                  0000cb9c    00000060     libsysbm.a : hostopen.c.obj (.text.HOSTopen)
                  0000cbfc    00000058                : hostread.c.obj (.text.HOSTread)
                  0000cc54    00000058                : hostwrite.c.obj (.text.HOSTwrite)
                  0000ccac    00000058     TExaS.o (.text._Z10TExaS_InitP10ADC12_RegsjPFhvE)
                  0000cd04    00000058     Switch.o (.text._Z11Switch_Initv)
                  0000cd5c    00000056     libclang_rt.builtins.a : aeabi_idivmod.S.obj (.text.__aeabi_idivmod)
                  0000cdb2    00000054     libc++.a : string.cpp.obj (.text._ZNSt3__112basic_stringIcNS_11char_traitsIcEENS_9allocatorIcEEE6__initEPKcj)
                  0000ce06    00000054     libc++abi.a : stdlib_new_delete.cpp.obj (.text._Znwj)
                  0000ce5a    00000002     Sound.o (.text._Z10Sound_Initv)
                  0000ce5c    00000054     libc.a : autoinit.c.obj (.text:__TI_auto_init_nobinit)
                  0000ceb0    00000052            : fflush.c.obj (.text.__TI_doflush)
                  0000cf02    00000002     libclang_rt.builtins.a : aeabi_div0.c.obj (.text.__aeabi_idiv0)
                  0000cf04    00000050     SlidePot.o (.text._ZN8SlidePot2InEv)
                  0000cf54    00000050     libsysbm.a : close.c.obj (.text.close)
                  0000cfa4    00000048                : hostclose.c.obj (.text.HOSTclose)
                  0000cfec    00000048                : hostunlink.c.obj (.text.HOSTunlink)
                  0000d034    00000048     SPI.o (.text._Z14SPI_OutCommandc)
                  0000d07c    00000044     LED.o (.text._Z8LED_Initv)
                  0000d0c0    00000040     TExaS.o (.text.TIMG7_IRQHandler)
                  0000d100    00000040     SPI.o (.text._Z9SPI_Resetv)
                  0000d140    00000040     libclang_rt.builtins.a : aeabi_uidivmod.S.obj (.text.__aeabi_uidivmod)
                  0000d180    00000040     libc.a : fopen.c.obj (.text._search_fp)
                  0000d1c0    00000038     SPI.o (.text._Z11SPI_OutDatac)
                  0000d1f8    00000038     LaunchPad.o (.text._Z15ActivatePortA_Bv)
                  0000d230    00000038     libc.a : getdevice.c.obj (.text.finddevice)
                  0000d268    00000034     ST7735.o (.text._Z12ST7735_writeiPKcj)
                  0000d29c    00000034     Clock.o (.text._Z14Clock_Delay1msj)
                  0000d2d0    00000034     ST7735.o (.text._Z16ST7735_SetCursorjj)
                  0000d304    00000034     libc.a : fopen.c.obj (.text.__TI_cleanup)
                  0000d338    00000034     libsysbm.a : trgmsg.c.obj (.text.__TI_readmsg)
                  0000d36c    00000034                : trgmsg.c.obj (.text.__TI_writemsg)
                  0000d3a0    00000034     libc.a : exit.c.obj (.text.exit)
                  0000d3d4    00000034            : fopen.c.obj (.text.freopen)
                  0000d408    00000032     menu.o (.text._ZNSt3__112basic_stringIcNS_11char_traitsIcEENS_9allocatorIcEEEC2B6v15007IDnEEPKc)
                  0000d43a    00000002     libc.a : _lock.c.obj (.text._nop)
                  0000d43c    00000030     ST7735.o (.text._ZL10commonInitPKh)
                  0000d46c    00000030     menu.o (.text.__cxx_global_array_dtor.22)
                  0000d49c    00000030     libc.a : fopen.c.obj (.text.fopen)
                  0000d4cc    0000002e     menu.o (.text._ZN4MenuD2Ev)
                  0000d4fa    0000002e     menu.o (.text._ZNKSt3__112basic_stringIcNS_11char_traitsIcEENS_9allocatorIcEEE13__get_pointerB6v15007Ev)
                  0000d528    0000002c     ST7735.o (.text._Z17ST7735_FillScreent)
                  0000d554    0000002c     Switch.o (.text._Z9Switch_Inv)
                  0000d580    0000002c     menu.o (.text.__cxx_global_array_dtor.12)
                  0000d5ac    0000002c     menu.o (.text.__cxx_global_array_dtor.20)
                  0000d5d8    0000002c     menu.o (.text.__cxx_global_array_dtor)
                  0000d604    0000002c     libsysbm.a : unlink.c.obj (.text.unlink)
                  0000d630    00000028     TExaS.o (.text._Z9ADC_StartP10ADC12_Regs)
                  0000d658    00000028     libc.a : memory.c.obj (.text.free_list_insert)
                  0000d680    00000028            : memmov.c.obj (.text.memmove)
                  0000d6a8    00000028     libsysbm.a : write.c.obj (.text.write)
                  0000d6d0    00000028     libc.a : boot_cortex_m.c.obj (.text:_c_int00_noargs)
                  0000d6f8    00000026     menu.o (.text._ZNSt3__112basic_stringIcNS_11char_traitsIcEENS_9allocatorIcEEE6__zeroB6v15007Ev)
                  0000d71e    00000024     menu.o (.text._ZNSt3__112basic_stringIcNS_11char_traitsIcEENS_9allocatorIcEEEC2B6v15007Ev)
                  0000d742    00000022     ST7735.o (.text._Z20ST7735_InvertDisplayi)
                  0000d764    00000020     menu.o (.text._Z12tronMenuInitv)
                  0000d784    00000020     SlidePot.o (.text._ZN8SlidePotC2Ejjt)
                  0000d7a4    0000001e     ST7735.o (.text._ZL9pushColort)
                  0000d7c2    0000001e     menu.o (.text._ZNSt3__117__compressed_pairINS_12basic_stringIcNS_11char_traitsIcEENS_9allocatorIcEEE5__repES5_EC2B6v15007INS_18__default_init_tagESA_EEOT_OT0_)
                  0000d7e0    0000001c     libc.a : memory.c.obj (.text.free_list_remove)
                  0000d7fc    00000016     ST7735.o (.text._Z11ST7735_openPKcji)
                  0000d812    00000016     ST7735.o (.text._Z11ST7735_readiPcj)
                  0000d828    00000016     menu.o (.text._ZNKSt3__112basic_stringIcNS_11char_traitsIcEENS_9allocatorIcEEE19__get_short_pointerB6v15007Ev)
                  0000d83e    00000016     menu.o (.text._ZNKSt3__112basic_stringIcNS_11char_traitsIcEENS_9allocatorIcEEE9__is_longB6v15007Ev)
                  0000d854    00000016     libc.a : copy_zero_init.c.obj (.text:decompress:ZI:__TI_zero_init_nomemset)
                  0000d86a    00000014     menu.o (.text._GLOBAL__sub_I_menu.cpp)
                  0000d87e    00000014     menu.o (.text._ZNKSt3__112basic_stringIcNS_11char_traitsIcEENS_9allocatorIcEEE4dataB6v15007Ev)
                  0000d892    00000014     libc++.a : string.cpp.obj (.text._ZNSt3__112basic_stringIcNS_11char_traitsIcEENS_9allocatorIcEEED2Ev)
                  0000d8a6    00000014     menu.o (.text._ZNSt3__122__compressed_pair_elemINS_9allocatorIcEELi1ELb1EEC2B6v15007ENS_18__default_init_tagE)
                  0000d8ba    00000014     menu.o (.text._ZNSt3__19allocatorIcEC2B6v15007Ev)
                  0000d8ce    00000014     libc.a : aeabi_atexit.c.obj (.text.__cxa_atexit)
                  0000d8e2    00000002     --HOLE-- [fill = 0]
                  0000d8e4    00000014     Lab9HMain.o (.text.__cxx_global_var_init.1)
                  0000d8f8    00000014     Lab9HMain.o (.text.__cxx_global_var_init)
                  0000d90c    00000012     menu.o (.text._ZNKSt3__112basic_stringIcNS_11char_traitsIcEENS_9allocatorIcEEE18__get_long_pointerB6v15007Ev)
                  0000d91e    00000012     libsysbm.a : hostrename.c.obj (.text.strcpy)
                  0000d930    00000012     libc.a : memcpy16.S.obj (.text:TI_memcpy_small)
                  0000d942    00000012            : copy_decompress_none.c.obj (.text:decompress:none)
                  0000d954    00000010     Clock.o (.text._Z11Clock_Delayj)
                  0000d964    00000010     Lab9HMain.o (.text._Z28TExaS_LaunchPadLogicPB27PB26v)
                  0000d974    00000010     menu.o (.text._ZNKSt3__112basic_stringIcNS_11char_traitsIcEENS_9allocatorIcEEE5c_strB6v15007Ev)
                  0000d984    00000010     menu.o (.text._ZNKSt3__117__compressed_pairINS_12basic_stringIcNS_11char_traitsIcEENS_9allocatorIcEEE5__repES5_E5firstB6v15007Ev)
                  0000d994    00000010     menu.o (.text._ZNSt3__111char_traitsIcE6lengthEPKc)
                  0000d9a4    00000010     menu.o (.text._ZNSt3__112basic_stringIcNS_11char_traitsIcEENS_9allocatorIcEEE14__default_initB6v15007Ev)
                  0000d9b4    00000010     menu.o (.text._ZNSt3__117__compressed_pairINS_12basic_stringIcNS_11char_traitsIcEENS_9allocatorIcEEE5__repES5_E5firstB6v15007Ev)
                  0000d9c4    0000000e     libc.a : memory.c.obj (.text.OUTLINED_FUNCTION_0)
                  0000d9d2    0000000e     ST7735.o (.text._Z12ST7735_lseekili)
                  0000d9e0    0000000e     libc.a : strlen.c.obj (.text.strlen)
                  0000d9ee    0000000e     libsysbm.a : hostrename.c.obj (.text.strlen)
                  0000d9fc    0000000e     libc.a : memset16.S.obj (.text:TI_memset_small)
                  0000da0a    0000000c     Lab9HMain.o (.text._GLOBAL__sub_I_Lab9HMain.cpp)
                  0000da16    00000002     --HOLE-- [fill = 0]
                  0000da18    0000000c     Clock.o (.text._Z10Clock_Freqv)
                  0000da24    0000000c     ST7735.o (.text._Z13ST7735_renamePKcS0_)
                  0000da30    0000000c     libc++abi.a : cxa_handlers.cpp.obj (.text._ZSt15get_new_handlerv)
                  0000da3c    0000000c     libclang_rt.builtins.a : aeabi_memset.S.obj (.text.__aeabi_memclr)
                  0000da48    0000000c     libc.a : memory.c.obj (.text.malloc)
                  0000da54    0000000a     ST7735.o (.text._Z12ST7735_closei)
                  0000da5e    0000000a     ST7735.o (.text._Z13ST7735_unlinkPKc)
                  0000da68    0000000a     Lab9HMain.o (.text._Z8PLL_Initv)
                  0000da72    0000000a     menu.o (.text._ZNKSt3__122__compressed_pair_elemINS_12basic_stringIcNS_11char_traitsIcEENS_9allocatorIcEEE5__repELi0ELb0EE5__getB6v15007Ev)
                  0000da7c    0000000a     menu.o (.text._ZNSt3__112__to_addressB6v15007IKcEEPT_S3_)
                  0000da86    0000000a     menu.o (.text._ZNSt3__114pointer_traitsIPKcE10pointer_toB6v15007ERS1_)
                  0000da90    0000000a     menu.o (.text._ZNSt3__116__non_trivial_ifILb1ENS_9allocatorIcEEEC2B6v15007Ev)
                  0000da9a    0000000a     menu.o (.text._ZNSt3__122__compressed_pair_elemINS_12basic_stringIcNS_11char_traitsIcEENS_9allocatorIcEEE5__repELi0ELb0EE5__getB6v15007Ev)
                  0000daa4    0000000a     menu.o (.text._ZNSt3__122__compressed_pair_elemINS_12basic_stringIcNS_11char_traitsIcEENS_9allocatorIcEEE5__repELi0ELb0EEC2B6v15007ENS_18__default_init_tagE)
                  0000daae    00000008     menu.o (.text._ZNSt3__119__debug_db_insert_cB6v15007INS_12basic_stringIcNS_11char_traitsIcEENS_9allocatorIcEEEEEEvPT_)
                  0000dab6    00000008     libc++abi.a : stdlib_new_delete.cpp.obj (.text._ZdlPv)
                  0000dabe    00000002     --HOLE-- [fill = 0]
                  0000dac0    00000008     libclang_rt.builtins.a : aeabi_memcpy.S.obj (.text.__aeabi_memcpy)
                  0000dac8    00000008                            : aeabi_memmove.S.obj (.text.__aeabi_memmove)
                  0000dad0    00000008     libc.a : aeabi_atexit.c.obj (.text.__cxa_ia64_exit)
                  0000dad8    00000008     libsysbm.a : remove.c.obj (.text.remove)
                  0000dae0    00000004     startup_mspm0g3507_ticlang.o (.text.Default_Handler)
                  0000dae4    00000004     startup_mspm0g3507_ticlang.o (.text.HardFault_Handler)
                  0000dae8    00000004     startup_mspm0g3507_ticlang.o (.text.Reset_Handler)
                  0000daec    00000004     libc.a : pre_init.c.obj (.text._system_pre_init)
                  0000daf0    00000004            : exit.c.obj (.text:abort)
                  0000daf4    00000004     --HOLE-- [fill = 0]

.cinit     0    0000db00    000000b8     
                  0000db00    00000092     (.cinit..data.load) [load image, compression = lzss]
                  0000db92    00000002     --HOLE-- [fill = 0]
                  0000db94    0000000c     (__TI_handler_table)
                  0000dba0    00000008     (.cinit..bss.load) [load image, compression = zero_init]
                  0000dba8    00000010     (__TI_cinit_table)

.rodata    0    000000c0    0000a638     
                  000000c0    0000a000     menu.o (.rodata._ZL13tron_menu_img)
                  0000a0c0    000004fb     ST7735.o (.rodata._ZL4Font)
                  0000a5bb    0000003b     ST7735.o (.rodata._ZL5Rcmd1)
                  0000a5f6    0000002b     ST7735.o (.rodata._ZL5Rcmd3)
                  0000a621    00000016     ST7735.o (.rodata.str1.21412624306788250691)
                  0000a637    0000000d     ST7735.o (.rodata._ZL10Rcmd2green)
                  0000a644    0000000d     ST7735.o (.rodata._ZL8Rcmd2red)
                  0000a651    00000009     menu.o (.rodata.str1.110986731793232197011)
                  0000a65a    00000009     menu.o (.rodata.str1.152844668465687054501)
                  0000a663    00000009     menu.o (.rodata.str1.43344253877813655741)
                  0000a66c    00000009     menu.o (.rodata.str1.55696074319151882151)
                  0000a675    00000009     menu.o (.rodata.str1.81609088239885430801)
                  0000a67e    00000008     menu.o (.rodata.str1.102567634636123109261)
                  0000a686    00000008     menu.o (.rodata.str1.173213289727903394671)
                  0000a68e    00000008     menu.o (.rodata.str1.18654542343258509881)
                  0000a696    00000008     ST7735.o (.rodata.str1.93016078013707483441)
                  0000a69e    00000007     menu.o (.rodata.str1.106080763620002280141)
                  0000a6a5    00000007     menu.o (.rodata.str1.114793701521291410291)
                  0000a6ac    00000007     menu.o (.rodata.str1.121165265712081410371)
                  0000a6b3    00000007     ST7735.o (.rodata.str1.21620223700419758931)
                  0000a6ba    00000007     menu.o (.rodata.str1.23717824096920018761)
                  0000a6c1    00000007     menu.o (.rodata.str1.4515836270289371911)
                  0000a6c8    00000007     menu.o (.rodata.str1.59352028943064177451)
                  0000a6cf    00000007     menu.o (.rodata.str1.74997160766714330521)
                  0000a6d6    00000007     ST7735.o (.rodata.str1.88028603354938635771)
                  0000a6dd    00000006     menu.o (.rodata.str1.180546244946655119331)
                  0000a6e3    00000005     menu.o (.rodata.str1.23545670429919334371)
                  0000a6e8    00000002     ST7735.o (.rodata.str1.110180589943863331191)
                  0000a6ea    00000002     menu.o (.rodata.str1.123183616927295083011)
                  0000a6ec    00000002     menu.o (.rodata.str1.142783162394880212271)
                  0000a6ee    00000002     menu.o (.rodata.str1.161462869409870619401)
                  0000a6f0    00000002     menu.o (.rodata.str1.175215292397905939431)
                  0000a6f2    00000002     menu.o (.rodata.str1.5226134088729676321)
                  0000a6f4    00000004     --HOLE-- [fill = 0]

.init_array 
*          0    0000daf8    00000008     
                  0000daf8    00000004     menu.o (.init_array)
                  0000dafc    00000004     Lab9HMain.o (.init_array)

.data      0    20200000    00000515     UNINITIALIZED
                  20200000    00000168     menu.o (.data.menuFSM)
                  20200168    000000f0     libc.a : defs.c.obj (.data._ftable)
                  20200258    00000078     libsysbm.a : host_device.c.obj (.data._device)
                  202002d0    00000060     menu.o (.data.langText)
                  20200330    00000060     menu.o (.data.mainText)
                  20200390    00000060     menu.o (.data.settText)
                  202003f0    00000050     libsysbm.a : host_device.c.obj (.data._stream)
                  20200440    0000001c     Lab9HMain.o (.data.AxisX)
                  2020045c    0000001c     Lab9HMain.o (.data.AxisY)
                  20200478    00000010     menu.o (.data.settChange)
                  20200488    0000000c     menu.o (.data.langChange)
                  20200494    0000000c     menu.o (.data.mainChange)
                  202004a0    0000000c     menu.o (.data.speeds)
                  202004ac    00000008     libc.a : exit.c.obj (.data..L_MergedGlobals)
                  202004b4    00000004     Clock.o (.data.BusFreq)
                  202004b8    00000004     ST7735.o (.data.StX)
                  202004bc    00000004     ST7735.o (.data.StY)
                  202004c0    00000004     libc.a : defs.c.obj (.data.__TI_ft_end)
                  202004c4    00000004     libc++abi.a : cxa_default_handlers.cpp.obj (.data.__cxa_new_handler)
                  202004c8    00000004     libc.a : exit.c.obj (.data.__dso_handle)
                  202004cc    00000004            : _lock.c.obj (.data._lock)
                  202004d0    00000004            : _lock.c.obj (.data._unlock)
                  202004d4    00000004     menu.o (.data.bikeSpeed)
                  202004d8    00000004     Lab9HMain.o (.data.buttonInput)
                  202004dc    00000004     menu.o (.data.col)
                  202004e0    00000004     menu.o (.data.currInd)
                  202004e4    00000004     menu.o (.data.currLang)
                  202004e8    00000004     menu.o (.data.lasInd)
                  202004ec    00000004     menu.o (.data.lastInput)
                  202004f0    00000004     menu.o (.data.off)
                  202004f4    00000004     menu.o (.data.row)
                  202004f8    00000004     Lab9HMain.o (.data.xInput)
                  202004fc    00000004     Lab9HMain.o (.data.yInput)
                  20200500    00000002     ST7735.o (.data.StTextColor)
                  20200502    00000002     ST7735.o (.data._ZL6_width)
                  20200504    00000002     ST7735.o (.data._ZL7_height)
                  20200506    00000002     SlidePot.o (.data._ZN8SlidePot5countE)
                  20200508    00000001     menu.o (.data.abilityEnabled)
                  20200509    00000001     Lab9HMain.o (.data.semaphore)
                  2020050a    00000002     --HOLE--
                  2020050c    00000001     libsysbm.a : add_device.c.obj (.data.add_device.device_init)
                  2020050d    00000003     --HOLE--
                  20200510    00000001     libc.a : memory.c.obj (.data.memory_is_initialized)
                  20200511    00000003     --HOLE--
                  20200514    00000001     libsysbm.a : open.c.obj (.data.open.stream_init)

.bss       0    20200518    00000264     UNINITIALIZED
                  20200518    00000120     libsysbm.a : trgmsg.c.obj (.bss:_CIOBUF_)
                  20200638    000000a0     libc.a : defs.c.obj (.bss.__TI_tmpnams)
                  202006d8    00000088            : aeabi_atexit.c.obj (.bss.atexit_register.__atexit0)
                  20200760    00000008     libsysbm.a : hostopen.c.obj (.bss.parmbuf)
                  20200768    00000004     TExaS.o (.bss.TExaSLogic)
                  2020076c    00000004     TExaS.o (.bss.TExaSadc)
                  20200770    00000004     libc.a : aeabi_atexit.c.obj (.bss.__atexit)
                  20200774    00000004            : memory.c.obj (.bss.sys_free)
                  20200778    00000001     ST7735.o (.bss._ZL8ColStart)
                  20200779    00000001     ST7735.o (.bss._ZL8Rotation)
                  2020077a    00000001     ST7735.o (.bss._ZL8RowStart)
                  2020077b    00000001     ST7735.o (.bss._ZL8TabColor)

.sysmem    0    20200780    00000200     UNINITIALIZED
                  20200780    00000010     libc.a : memory.c.obj (.sysmem)
                  20200790    000001f0     --HOLE--

.stack     0    20207e00    00000200     UNINITIALIZED
                  20207e00    00000004     libc.a : boot_cortex_m.c.obj (.stack)
                  20207e04    000001fc     --HOLE--

__llvm_prf_cnts 
*          0    20200000    00000000     UNINITIALIZED

__llvm_prf_bits 
*          0    20200000    00000000     UNINITIALIZED

MODULE SUMMARY

       Module                         code    ro data   rw data
       ------                         ----    -------   -------
    .\
       menu.o                         2656    41103     733    
       ST7735.o                       2880    1449      18     
       TExaS.o                        720     0         8      
       Clock.o                        516     0         4      
       SPI.o                          440     0         0      
       Lab9HMain.o                    358     4         69     
       SlidePot.o                     384     0         2      
       Timer.o                        316     0         0      
       LaunchPad.o                    180     0         0      
       Switch.o                       132     0         0      
       LED.o                          68      0         0      
       Sound.o                        4       0         0      
    +--+------------------------------+-------+---------+---------+
       Total:                         8654    42556     834    
                                                               
    .\ticlang\
       startup_mspm0g3507_ticlang.o   12      192       0      
    +--+------------------------------+-------+---------+---------+
       Total:                         12      192       0      
                                                               
    C:\ti\ccs1260\ccs\tools\compiler\ti-cgt-armllvm_3.2.1.LTS\lib\armv6m-ti-none-eabi/c/libc.a
       memory.c.obj                   730     0         5      
       fopen.c.obj                    568     0         0      
       aeabi_atexit.c.obj             292     0         140    
       defs.c.obj                     0       0         404    
       setvbuf.c.obj                  220     0         0      
       getdevice.c.obj                160     0         0      
       fclose.c.obj                   124     0         0      
       copy_decompress_lzss.c.obj     120     0         0      
       autoinit.c.obj                 84      0         0      
       fflush.c.obj                   82      0         0      
       exit.c.obj                     56      0         12     
       boot_cortex_m.c.obj            40      0         0      
       memmov.c.obj                   40      0         0      
       copy_zero_init.c.obj           22      0         0      
       copy_decompress_none.c.obj     18      0         0      
       memcpy16.S.obj                 18      0         0      
       memset16.S.obj                 14      0         0      
       strlen.c.obj                   14      0         0      
       _lock.c.obj                    2       0         8      
       pre_init.c.obj                 4       0         0      
    +--+------------------------------+-------+---------+---------+
       Total:                         2608    0         569    
                                                               
    C:\ti\ccs1260\ccs\tools\compiler\ti-cgt-armllvm_3.2.1.LTS\lib\armv6m-ti-none-eabi/c/libsysbm.a
       trgmsg.c.obj                   104     0         288    
       add_device.c.obj               236     0         1      
       host_device.c.obj              0       0         200    
       open.c.obj                     168     0         1      
       hostrename.c.obj               140     0         0      
       hostlseek.c.obj                108     0         0      
       hostopen.c.obj                 96      0         8      
       hostread.c.obj                 88      0         0      
       hostwrite.c.obj                88      0         0      
       close.c.obj                    80      0         0      
       hostclose.c.obj                72      0         0      
       hostunlink.c.obj               72      0         0      
       unlink.c.obj                   44      0         0      
       write.c.obj                    40      0         0      
       remove.c.obj                   8       0         0      
    +--+------------------------------+-------+---------+---------+
       Total:                         1344    0         498    
                                                               
    C:\ti\ccs1260\ccs\tools\compiler\ti-cgt-armllvm_3.2.1.LTS\lib\armv6m-ti-none-eabi/libc++.a
       string.cpp.obj                 400     0         0      
    +--+------------------------------+-------+---------+---------+
       Total:                         400     0         0      
                                                               
    C:\ti\ccs1260\ccs\tools\compiler\ti-cgt-armllvm_3.2.1.LTS\lib\armv6m-ti-none-eabi/libc++abi.a
       stdlib_new_delete.cpp.obj      92      0         0      
       cxa_handlers.cpp.obj           12      0         0      
       cxa_default_handlers.cpp.obj   0       0         4      
    +--+------------------------------+-------+---------+---------+
       Total:                         104     0         4      
                                                               
    C:\ti\ccs1260\ccs\tools\compiler\ti-cgt-armllvm_3.2.1.LTS\lib\clang/15.0.7/lib/armv6m-ti-none-eabi/libclang_rt.builtins.a
       aeabi_idivmod.S.obj            86      0         0      
       aeabi_uidivmod.S.obj           64      0         0      
       aeabi_memset.S.obj             12      0         0      
       aeabi_memcpy.S.obj             8       0         0      
       aeabi_memmove.S.obj            8       0         0      
       aeabi_div0.c.obj               2       0         0      
    +--+------------------------------+-------+---------+---------+
       Total:                         180     0         0      
                                                               
       Heap:                          0       0         512    
       Stack:                         0       0         512    
       Linker Generated:              0       182       0      
    +--+------------------------------+-------+---------+---------+
       Grand Total:                   13302   42930     2929   


LINKER GENERATED COPY TABLES

__TI_cinit_table @ 0000dba8 records: 2, size/record: 8, table size: 16
	.data: load addr=0000db00, load size=00000092 bytes, run addr=20200000, run size=00000515 bytes, compression=lzss
	.bss: load addr=0000dba0, load size=00000008 bytes, run addr=20200518, run size=00000264 bytes, compression=zero_init


LINKER GENERATED HANDLER TABLE

__TI_handler_table @ 0000db94 records: 3, size/record: 4, table size: 12
	index: 0, handler: __TI_decompress_lzss
	index: 1, handler: __TI_decompress_none
	index: 2, handler: __TI_zero_init


GLOBAL SYMBOLS: SORTED ALPHABETICALLY BY Name 

address   name                                                                                                                                            
-------   ----                                                                                                                                            
0000dae1  ADC0_IRQHandler                                                                                                                                 
0000dae1  ADC1_IRQHandler                                                                                                                                 
0000dae1  AES_IRQHandler                                                                                                                                  
20200440  AxisX                                                                                                                                           
2020045c  AxisY                                                                                                                                           
202004b4  BusFreq                                                                                                                                         
0000daf0  C$$EXIT                                                                                                                                         
0000d399  C$$IO$$                                                                                                                                         
0000dae1  CANFD0_IRQHandler                                                                                                                               
0000dae1  DAC0_IRQHandler                                                                                                                                 
0000dae1  DMA_IRQHandler                                                                                                                                  
0000dae1  Default_Handler                                                                                                                                 
0000dae1  GROUP0_IRQHandler                                                                                                                               
0000dae1  GROUP1_IRQHandler                                                                                                                               
0000cfa5  HOSTclose                                                                                                                                       
0000c929  HOSTlseek                                                                                                                                       
0000cb9d  HOSTopen                                                                                                                                        
0000cbfd  HOSTread                                                                                                                                        
0000c995  HOSTrename                                                                                                                                      
0000cfed  HOSTunlink                                                                                                                                      
0000cc55  HOSTwrite                                                                                                                                       
0000dae5  HardFault_Handler                                                                                                                               
0000dae1  I2C0_IRQHandler                                                                                                                                 
0000dae1  I2C1_IRQHandler                                                                                                                                 
0000dae1  NMI_Handler                                                                                                                                     
0000dae1  PendSV_Handler                                                                                                                                  
0000dae1  RTC_IRQHandler                                                                                                                                  
0000dae9  Reset_Handler                                                                                                                                   
0000daf8  SHT$$INIT_ARRAY$$Base                                                                                                                           
0000db00  SHT$$INIT_ARRAY$$Limit                                                                                                                          
0000dae1  SPI0_IRQHandler                                                                                                                                 
0000dae1  SPI1_IRQHandler                                                                                                                                 
0000dae1  SVC_Handler                                                                                                                                     
20200500  StTextColor                                                                                                                                     
202004b8  StX                                                                                                                                             
202004bc  StY                                                                                                                                             
0000bfff  SysTick_Handler                                                                                                                                 
20200768  TExaSLogic                                                                                                                                      
2020076c  TExaSadc                                                                                                                                        
0000dae1  TIMA0_IRQHandler                                                                                                                                
0000dae1  TIMA1_IRQHandler                                                                                                                                
0000dae1  TIMG0_IRQHandler                                                                                                                                
0000c30d  TIMG12_IRQHandler                                                                                                                               
0000dae1  TIMG6_IRQHandler                                                                                                                                
0000d0c1  TIMG7_IRQHandler                                                                                                                                
0000dae1  TIMG8_IRQHandler                                                                                                                                
0000d931  TI_memcpy_small                                                                                                                                 
0000d9fd  TI_memset_small                                                                                                                                 
0000dae1  UART0_IRQHandler                                                                                                                                
0000dae1  UART1_IRQHandler                                                                                                                                
0000dae1  UART2_IRQHandler                                                                                                                                
0000dae1  UART3_IRQHandler                                                                                                                                
20200518  _CIOBUF_                                                                                                                                        
0000da19  _Z10Clock_Freqv                                                                                                                                 
0000ce5b  _Z10Sound_Initv                                                                                                                                 
0000ccad  _Z10TExaS_InitP10ADC12_RegsjPFhvE                                                                                                               
0000d955  _Z11Clock_Delayj                                                                                                                                
0000d1c1  _Z11SPI_OutDatac                                                                                                                                
0000d7fd  _Z11ST7735_openPKcji                                                                                                                            
0000d813  _Z11ST7735_readiPcj                                                                                                                             
0000cd05  _Z11Switch_Initv                                                                                                                                
0000ac5d  _Z11menu_updatev                                                                                                                                
0000c1dd  _Z12ST7735_InitR10initRFlags                                                                                                                    
0000da55  _Z12ST7735_closei                                                                                                                               
0000d9d3  _Z12ST7735_lseekili                                                                                                                             
0000d269  _Z12ST7735_writeiPKcj                                                                                                                           
0000d765  _Z12tronMenuInitv                                                                                                                               
0000da25  _Z13ST7735_renamePKcS0_                                                                                                                         
0000da5f  _Z13ST7735_unlinkPKc                                                                                                                            
0000d29d  _Z14Clock_Delay1msj                                                                                                                             
0000c655  _Z14LaunchPad_Initv                                                                                                                             
0000d035  _Z14SPI_OutCommandc                                                                                                                             
0000ba45  _Z14ST7735_OutCharc                                                                                                                             
0000be0d  _Z14TimerG7_IntArmtjj                                                                                                                           
0000d1f9  _Z15ActivatePortA_Bv                                                                                                                            
0000a909  _Z15Clock_Init80MHzi                                                                                                                            
0000b2b1  _Z15ST7735_FillRectsssst                                                                                                                        
0000c3a1  _Z15TimerG12_IntArmjj                                                                                                                           
0000c6d1  _Z15periodic_updatei                                                                                                                            
0000aabd  _Z16ST7735_DrawCharSsscssh                                                                                                                      
0000c8b9  _Z16ST7735_DrawPixelsst                                                                                                                         
0000d2d1  _Z16ST7735_SetCursorjj                                                                                                                          
0000a6f9  _Z17ST7735_DrawBitmapssPKtss                                                                                                                    
0000c54d  _Z17ST7735_DrawStringttPKcs                                                                                                                     
0000d529  _Z17ST7735_FillScreent                                                                                                                          
0000c001  _Z17ST7735_InitPrintfv                                                                                                                          
0000b4c1  _Z18ST7735_SetRotationh                                                                                                                         
0000d743  _Z20ST7735_InvertDisplayi                                                                                                                       
0000d965  _Z28TExaS_LaunchPadLogicPB27PB26v                                                                                                               
0000b5b5  _Z2upv                                                                                                                                          
0000bb15  _Z4downv                                                                                                                                        
0000b061  _Z8ADC_InitP10ADC12_Regsjj                                                                                                                      
0000d07d  _Z8LED_Initv                                                                                                                                    
0000da69  _Z8PLL_Initv                                                                                                                                    
0000b3c9  _Z8SPI_Initv                                                                                                                                    
0000d631  _Z9ADC_StartP10ADC12_Regs                                                                                                                       
0000d101  _Z9SPI_Resetv                                                                                                                                   
0000d555  _Z9Switch_Inv                                                                                                                                   
0000b881  _Z9UART_Initv                                                                                                                                   
0000bbe1  _Z9changeSetv                                                                                                                                   
0000c0a1  _ZN4MenuC2EPA4_NSt3__112basic_stringIcNS0_11char_traitsIcEENS0_9allocatorIcEEEEiPKi                                                             
0000d4cd  _ZN4MenuD2Ev                                                                                                                                    
0000c7c9  _ZN8SlidePot15JoystickConvertEj                                                                                                                 
0000cf05  _ZN8SlidePot2InEv                                                                                                                               
0000c275  _ZN8SlidePot4InitEv                                                                                                                             
20200506  _ZN8SlidePot5countE                                                                                                                             
0000d785  _ZN8SlidePotC1Ejjt                                                                                                                              
0000d785  _ZN8SlidePotC2Ejjt                                                                                                                              
0000d4fb  _ZNKSt3__112basic_stringIcNS_11char_traitsIcEENS_9allocatorIcEEE13__get_pointerB6v15007Ev                                                       
0000d90d  _ZNKSt3__112basic_stringIcNS_11char_traitsIcEENS_9allocatorIcEEE18__get_long_pointerB6v15007Ev                                                  
0000d829  _ZNKSt3__112basic_stringIcNS_11char_traitsIcEENS_9allocatorIcEEE19__get_short_pointerB6v15007Ev                                                 
0000d87f  _ZNKSt3__112basic_stringIcNS_11char_traitsIcEENS_9allocatorIcEEE4dataB6v15007Ev                                                                 
0000d975  _ZNKSt3__112basic_stringIcNS_11char_traitsIcEENS_9allocatorIcEEE5c_strB6v15007Ev                                                                
0000d83f  _ZNKSt3__112basic_stringIcNS_11char_traitsIcEENS_9allocatorIcEEE9__is_longB6v15007Ev                                                            
0000d985  _ZNKSt3__117__compressed_pairINS_12basic_stringIcNS_11char_traitsIcEENS_9allocatorIcEEE5__repES5_E5firstB6v15007Ev                              
0000da73  _ZNKSt3__122__compressed_pair_elemINS_12basic_stringIcNS_11char_traitsIcEENS_9allocatorIcEEE5__repELi0ELb0EE5__getB6v15007Ev                    
0000d995  _ZNSt3__111char_traitsIcE6lengthEPKc                                                                                                            
0000da7d  _ZNSt3__112__to_addressB6v15007IKcEEPT_S3_                                                                                                      
0000d9a5  _ZNSt3__112basic_stringIcNS_11char_traitsIcEENS_9allocatorIcEEE14__default_initB6v15007Ev                                                       
0000cdb3  _ZNSt3__112basic_stringIcNS_11char_traitsIcEENS_9allocatorIcEEE6__initEPKcj                                                                     
0000d6f9  _ZNSt3__112basic_stringIcNS_11char_traitsIcEENS_9allocatorIcEEE6__zeroB6v15007Ev                                                                
0000d71f  _ZNSt3__112basic_stringIcNS_11char_traitsIcEENS_9allocatorIcEEEC2B6v15007Ev                                                                     
0000d409  _ZNSt3__112basic_stringIcNS_11char_traitsIcEENS_9allocatorIcEEEC2B6v15007IDnEEPKc                                                               
0000d893  _ZNSt3__112basic_stringIcNS_11char_traitsIcEENS_9allocatorIcEEED1Ev                                                                             
0000d893  _ZNSt3__112basic_stringIcNS_11char_traitsIcEENS_9allocatorIcEEED2Ev                                                                             
0000b189  _ZNSt3__112basic_stringIcNS_11char_traitsIcEENS_9allocatorIcEEEaSERKS5_                                                                         
0000da87  _ZNSt3__114pointer_traitsIPKcE10pointer_toB6v15007ERS1_                                                                                         
0000da91  _ZNSt3__116__non_trivial_ifILb1ENS_9allocatorIcEEEC2B6v15007Ev                                                                                  
0000d9b5  _ZNSt3__117__compressed_pairINS_12basic_stringIcNS_11char_traitsIcEENS_9allocatorIcEEE5__repES5_E5firstB6v15007Ev                               
0000d7c3  _ZNSt3__117__compressed_pairINS_12basic_stringIcNS_11char_traitsIcEENS_9allocatorIcEEE5__repES5_EC2B6v15007INS_18__default_init_tagESA_EEOT_OT0_
0000daaf  _ZNSt3__119__debug_db_insert_cB6v15007INS_12basic_stringIcNS_11char_traitsIcEENS_9allocatorIcEEEEEEvPT_                                         
0000da9b  _ZNSt3__122__compressed_pair_elemINS_12basic_stringIcNS_11char_traitsIcEENS_9allocatorIcEEE5__repELi0ELb0EE5__getB6v15007Ev                     
0000daa5  _ZNSt3__122__compressed_pair_elemINS_12basic_stringIcNS_11char_traitsIcEENS_9allocatorIcEEE5__repELi0ELb0EEC2B6v15007ENS_18__default_init_tagE  
0000d8a7  _ZNSt3__122__compressed_pair_elemINS_9allocatorIcEELi1ELb1EEC2B6v15007ENS_18__default_init_tagE                                                 
0000d8bb  _ZNSt3__19allocatorIcEC2B6v15007Ev                                                                                                              
0000da31  _ZSt15get_new_handlerv                                                                                                                          
0000dab7  _ZdlPv                                                                                                                                          
0000ce07  _Znwj                                                                                                                                           
20200518  __CIOBUF_                                                                                                                                       
20208000  __STACK_END                                                                                                                                     
00000200  __STACK_SIZE                                                                                                                                    
00000200  __SYSMEM_SIZE                                                                                                                                   
00000000  __TI_ATRegion0_region_sz                                                                                                                        
00000000  __TI_ATRegion0_src_addr                                                                                                                         
00000000  __TI_ATRegion0_trg_addr                                                                                                                         
00000000  __TI_ATRegion1_region_sz                                                                                                                        
00000000  __TI_ATRegion1_src_addr                                                                                                                         
00000000  __TI_ATRegion1_trg_addr                                                                                                                         
00000000  __TI_ATRegion2_region_sz                                                                                                                        
00000000  __TI_ATRegion2_src_addr                                                                                                                         
00000000  __TI_ATRegion2_trg_addr                                                                                                                         
0000dba8  __TI_CINIT_Base                                                                                                                                 
0000dbb8  __TI_CINIT_Limit                                                                                                                                
0000dbb8  __TI_CINIT_Warm                                                                                                                                 
0000db94  __TI_Handler_Table_Base                                                                                                                         
0000dba0  __TI_Handler_Table_Limit                                                                                                                        
0000ce5d  __TI_auto_init_nobinit                                                                                                                          
0000d305  __TI_cleanup                                                                                                                                    
202004ac  __TI_cleanup_ptr                                                                                                                                
0000c74d  __TI_closefile                                                                                                                                  
0000c841  __TI_decompress_lzss                                                                                                                            
0000d943  __TI_decompress_none                                                                                                                            
0000ceb1  __TI_doflush                                                                                                                                    
202004b0  __TI_dtors_ptr                                                                                                                                  
202004c0  __TI_ft_end                                                                                                                                     
ffffffff  __TI_pprof_out_hndl                                                                                                                             
ffffffff  __TI_prof_data_size                                                                                                                             
ffffffff  __TI_prof_data_start                                                                                                                            
0000d339  __TI_readmsg                                                                                                                                    
00000000  __TI_static_base__                                                                                                                              
20200638  __TI_tmpnams                                                                                                                                    
0000d36d  __TI_writemsg                                                                                                                                   
0000d855  __TI_zero_init_nomemset                                                                                                                         
0000cd5d  __aeabi_idiv                                                                                                                                    
0000cf03  __aeabi_idiv0                                                                                                                                   
0000cd5d  __aeabi_idivmod                                                                                                                                 
0000da3d  __aeabi_memclr                                                                                                                                  
0000da3d  __aeabi_memclr4                                                                                                                                 
0000da3d  __aeabi_memclr8                                                                                                                                 
0000dac1  __aeabi_memcpy                                                                                                                                  
0000dac1  __aeabi_memcpy4                                                                                                                                 
0000dac1  __aeabi_memcpy8                                                                                                                                 
0000dac9  __aeabi_memmove                                                                                                                                 
0000dac9  __aeabi_memmove4                                                                                                                                
0000dac9  __aeabi_memmove8                                                                                                                                
0000d141  __aeabi_uidiv                                                                                                                                   
0000d141  __aeabi_uidivmod                                                                                                                                
ffffffff  __binit__                                                                                                                                       
0000d8cf  __cxa_atexit                                                                                                                                    
0000ca01  __cxa_finalize                                                                                                                                  
0000dad1  __cxa_ia64_exit                                                                                                                                 
202004c4  __cxa_new_handler                                                                                                                               
202004c8  __dso_handle                                                                                                                                    
UNDEFED   __mpu_init                                                                                                                                      
20207e00  __stack                                                                                                                                         
20200000  __start___llvm_prf_bits                                                                                                                         
20200000  __start___llvm_prf_cnts                                                                                                                         
20200000  __stop___llvm_prf_bits                                                                                                                          
20200000  __stop___llvm_prf_cnts                                                                                                                          
0000d6d1  _c_int00_noargs                                                                                                                                 
20200258  _device                                                                                                                                         
20200168  _ftable                                                                                                                                         
202004cc  _lock                                                                                                                                           
0000d43b  _nop                                                                                                                                            
202003f0  _stream                                                                                                                                         
20200780  _sys_memory                                                                                                                                     
UNDEFED   _system_post_cinit                                                                                                                              
0000daed  _system_pre_init                                                                                                                                
202004d0  _unlock                                                                                                                                         
20200508  abilityEnabled                                                                                                                                  
0000daf1  abort                                                                                                                                           
0000b6a9  add_device                                                                                                                                      
0000af35  aligned_alloc                                                                                                                                   
202004d4  bikeSpeed                                                                                                                                       
ffffffff  binit                                                                                                                                           
202004d8  buttonInput                                                                                                                                     
0000cf55  close                                                                                                                                           
202004dc  col                                                                                                                                             
202004e0  currInd                                                                                                                                         
202004e4  currLang                                                                                                                                        
0000d3a1  exit                                                                                                                                            
0000d231  finddevice                                                                                                                                      
0000d49d  fopen                                                                                                                                           
0000b795  free                                                                                                                                            
0000d3d5  freopen                                                                                                                                         
0000ca6d  getdevice                                                                                                                                       
00000000  interruptVectors                                                                                                                                
20200488  langChange                                                                                                                                      
202002d0  langText                                                                                                                                        
202004e8  lasInd                                                                                                                                          
202004ec  lastInput                                                                                                                                       
0000c5d1  main                                                                                                                                            
20200494  mainChange                                                                                                                                      
20200330  mainText                                                                                                                                        
0000da49  malloc                                                                                                                                          
0000af35  memalign                                                                                                                                        
0000d681  memmove                                                                                                                                         
20200000  menuFSM                                                                                                                                         
202004f0  off                                                                                                                                             
0000beb5  open                                                                                                                                            
20200760  parmbuf                                                                                                                                         
0000dad9  remove                                                                                                                                          
202004f4  row                                                                                                                                             
20200509  semaphore                                                                                                                                       
20200478  settChange                                                                                                                                      
20200390  settText                                                                                                                                        
0000b969  setvbuf                                                                                                                                         
202004a0  speeds                                                                                                                                          
0000d9e1  strlen                                                                                                                                          
0000d605  unlink                                                                                                                                          
0000d6a9  write                                                                                                                                           
202004f8  xInput                                                                                                                                          
202004fc  yInput                                                                                                                                          


GLOBAL SYMBOLS: SORTED BY Symbol Address 

address   name                                                                                                                                            
-------   ----                                                                                                                                            
00000000  __TI_ATRegion0_region_sz                                                                                                                        
00000000  __TI_ATRegion0_src_addr                                                                                                                         
00000000  __TI_ATRegion0_trg_addr                                                                                                                         
00000000  __TI_ATRegion1_region_sz                                                                                                                        
00000000  __TI_ATRegion1_src_addr                                                                                                                         
00000000  __TI_ATRegion1_trg_addr                                                                                                                         
00000000  __TI_ATRegion2_region_sz                                                                                                                        
00000000  __TI_ATRegion2_src_addr                                                                                                                         
00000000  __TI_ATRegion2_trg_addr                                                                                                                         
00000000  __TI_static_base__                                                                                                                              
00000000  interruptVectors                                                                                                                                
00000200  __STACK_SIZE                                                                                                                                    
00000200  __SYSMEM_SIZE                                                                                                                                   
0000a6f9  _Z17ST7735_DrawBitmapssPKtss                                                                                                                    
0000a909  _Z15Clock_Init80MHzi                                                                                                                            
0000aabd  _Z16ST7735_DrawCharSsscssh                                                                                                                      
0000ac5d  _Z11menu_updatev                                                                                                                                
0000af35  aligned_alloc                                                                                                                                   
0000af35  memalign                                                                                                                                        
0000b061  _Z8ADC_InitP10ADC12_Regsjj                                                                                                                      
0000b189  _ZNSt3__112basic_stringIcNS_11char_traitsIcEENS_9allocatorIcEEEaSERKS5_                                                                         
0000b2b1  _Z15ST7735_FillRectsssst                                                                                                                        
0000b3c9  _Z8SPI_Initv                                                                                                                                    
0000b4c1  _Z18ST7735_SetRotationh                                                                                                                         
0000b5b5  _Z2upv                                                                                                                                          
0000b6a9  add_device                                                                                                                                      
0000b795  free                                                                                                                                            
0000b881  _Z9UART_Initv                                                                                                                                   
0000b969  setvbuf                                                                                                                                         
0000ba45  _Z14ST7735_OutCharc                                                                                                                             
0000bb15  _Z4downv                                                                                                                                        
0000bbe1  _Z9changeSetv                                                                                                                                   
0000be0d  _Z14TimerG7_IntArmtjj                                                                                                                           
0000beb5  open                                                                                                                                            
0000bfff  SysTick_Handler                                                                                                                                 
0000c001  _Z17ST7735_InitPrintfv                                                                                                                          
0000c0a1  _ZN4MenuC2EPA4_NSt3__112basic_stringIcNS0_11char_traitsIcEENS0_9allocatorIcEEEEiPKi                                                             
0000c1dd  _Z12ST7735_InitR10initRFlags                                                                                                                    
0000c275  _ZN8SlidePot4InitEv                                                                                                                             
0000c30d  TIMG12_IRQHandler                                                                                                                               
0000c3a1  _Z15TimerG12_IntArmjj                                                                                                                           
0000c54d  _Z17ST7735_DrawStringttPKcs                                                                                                                     
0000c5d1  main                                                                                                                                            
0000c655  _Z14LaunchPad_Initv                                                                                                                             
0000c6d1  _Z15periodic_updatei                                                                                                                            
0000c74d  __TI_closefile                                                                                                                                  
[...]
0000d995  _ZNSt3__111char_traitsIcE6lengthEPKc                                                                                                            
0000d9a5  _ZNSt3__112basic_stringIcNS_11char_traitsIcEENS_9allocatorIcEEE14__default_initB6v15007Ev                                                       
0000d9b5  _ZNSt3__117__compressed_pairINS_12basic_stringIcNS_11char_traitsIcEENS_9allocatorIcEEE5__repES5_E5firstB6v15007Ev                               
0000d9d3  _Z12ST7735_lseekili                                                                                                                             
0000d9e1  strlen                                                                                                                                          
0000d9fd  TI_memset_small                                                                                                                                 
0000da19  _Z10Clock_Freqv                                                                                                                                 
0000da25  _Z13ST7735_renamePKcS0_                                                                                                                         
0000da31  _ZSt15get_new_handlerv                                                                                                                          
0000da3d  __aeabi_memclr                                                                                                                                  
0000da3d  __aeabi_memclr4                                                                                                                                 
0000da3d  __aeabi_memclr8                                                                                                                                 
0000da49  malloc                                                                                                                                          
0000da55  _Z12ST7735_closei                                                                                                                               
0000da5f  _Z13ST7735_unlinkPKc                                                                                                                            
0000da69  _Z8PLL_Initv                                                                                                                                    
0000da73  _ZNKSt3__122__compressed_pair_elemINS_12basic_stringIcNS_11char_traitsIcEENS_9allocatorIcEEE5__repELi0ELb0EE5__getB6v15007Ev                    
0000da7d  _ZNSt3__112__to_addressB6v15007IKcEEPT_S3_                                                                                                      
0000da87  _ZNSt3__114pointer_traitsIPKcE10pointer_toB6v15007ERS1_                                                                                         
0000da91  _ZNSt3__116__non_trivial_ifILb1ENS_9allocatorIcEEEC2B6v15007Ev                                                                                  
0000da9b  _ZNSt3__122__compressed_pair_elemINS_12basic_stringIcNS_11char_traitsIcEENS_9allocatorIcEEE5__repELi0ELb0EE5__getB6v15007Ev                     
0000daa5  _ZNSt3__122__compressed_pair_elemINS_12basic_stringIcNS_11char_traitsIcEENS_9allocatorIcEEE5__repELi0ELb0EEC2B6v15007ENS_18__default_init_tagE  
0000daaf  _ZNSt3__119__debug_db_insert_cB6v15007INS_12basic_stringIcNS_11char_traitsIcEENS_9allocatorIcEEEEEEvPT_                                         
0000dab7  _ZdlPv                                                                                                                                          
0000dac1  __aeabi_memcpy                                                                                                                                  
0000dac1  __aeabi_memcpy4                                                                                                                                 
0000dac1  __aeabi_memcpy8                                                                                                                                 
0000dac9  __aeabi_memmove                                                                                                                                 
0000dac9  __aeabi_memmove4                                                                                                                                
0000dac9  __aeabi_memmove8                                                                                                                                
0000dad1  __cxa_ia64_exit                                                                                                                                 
0000dad9  remove                                                                                                                                          
0000dae1  ADC0_IRQHandler                                                                                                                                 
0000dae1  ADC1_IRQHandler                                                                                                                                 
0000dae1  AES_IRQHandler                                                                                                                                  
0000dae1  CANFD0_IRQHandler                                                                                                                               
0000dae1  DAC0_IRQHandler                                                                                                                                 
0000dae1  DMA_IRQHandler                                                                                                                                  
0000dae1  Default_Handler                                                                                                                                 
0000dae1  GROUP0_IRQHandler                                                                                                                               
0000dae1  GROUP1_IRQHandler                                                                                                                               
0000dae1  I2C0_IRQHandler                                                                                                                                 
0000dae1  I2C1_IRQHandler                                                                                                                                 
0000dae1  NMI_Handler                                                                                                                                     
0000dae1  PendSV_Handler                                                                                                                                  
0000dae1  RTC_IRQHandler                                                                                                                                  
0000dae1  SPI0_IRQHandler                                                                                                                                 
0000dae1  SPI1_IRQHandler                                                                                                                                 
0000dae1  SVC_Handler                                                                                                                                     
0000dae1  TIMA0_IRQHandler                                                                                                                                
0000dae1  TIMA1_IRQHandler                                                                                                                                
0000dae1  TIMG0_IRQHandler                                                                                                                                
0000dae1  TIMG6_IRQHandler                                                                                                                                
0000dae1  TIMG8_IRQHandler                                                                                                                                
0000dae1  UART0_IRQHandler                                                                                                                                
0000dae1  UART1_IRQHandler                                                                                                                                
0000dae1  UART2_IRQHandler                                                                                                                                
0000dae1  UART3_IRQHandler                                                                                                                                
0000dae5  HardFault_Handler                                                                                                                               
0000dae9  Reset_Handler                                                                                                                                   
0000daed  _system_pre_init                                                                                                                                
0000daf0  C$$EXIT                                                                                                                                         
0000daf1  abort                                                                                                                                           
0000daf8  SHT$$INIT_ARRAY$$Base                                                                                                                           
0000db00  SHT$$INIT_ARRAY$$Limit                                                                                                                          
0000db94  __TI_Handler_Table_Base                                                                                                                         
0000dba0  __TI_Handler_Table_Limit                                                                                                                        
0000dba8  __TI_CINIT_Base                                                                                                                                 
0000dbb8  __TI_CINIT_Limit                                                                                                                                
0000dbb8  __TI_CINIT_Warm                                                                                                                                 
20200000  __start___llvm_prf_bits                                                                                                                         
20200000  __start___llvm_prf_cnts                                                                                                                         
20200000  __stop___llvm_prf_bits                                                                                                                          
20200000  __stop___llvm_prf_cnts                                                                                                                          
20200000  menuFSM                                                                                                                                         
20200168  _ftable                                                                                                                                         
20200258  _device                                                                                                                                         
202002d0  langText                                                                                                                                        
20200330  mainText                                                                                                                                        
20200390  settText                                                                                                                                        
202003f0  _stream                                                                                                                                         
20200440  AxisX                                                                                                                                           
2020045c  AxisY                                                                                                                                           
20200478  settChange                                                                                                                                      
20200488  langChange                                                                                                                                      
20200494  mainChange                                                                                                                                      
202004a0  speeds                                                                                                                                          
202004ac  __TI_cleanup_ptr                                                                                                                                
202004b0  __TI_dtors_ptr                                                                                                                                  
202004b4  BusFreq                                                                                                                                         
202004b8  StX                                                                                                                                             
202004bc  StY                                                                                                                                             
202004c0  __TI_ft_end                                                                                                                                     
202004c4  __cxa_new_handler                                                                                                                               
202004c8  __dso_handle                                                                                                                                    
202004cc  _lock                                                                                                                                           
202004d0  _unlock                                                                                                                                         
202004d4  bikeSpeed                                                                                                                                       
202004d8  buttonInput                                                                                                                                     
202004dc  col                                                                                                                                             
202004e0  currInd                                                                                                                                         
202004e4  currLang                                                                                                                                        
202004e8  lasInd                                                                                                                                          
202004ec  lastInput                                                                                                                                       
202004f0  off                                                                                                                                             
202004f4  row                                                                                                                                             
202004f8  xInput                                                                                                                                          
202004fc  yInput                                                                                                                                          
20200500  StTextColor                                                                                                                                     
20200506  _ZN8SlidePot5countE                                                                                                                             
20200508  abilityEnabled                                                                                                                                  
20200509  semaphore                                                                                                                                       
20200518  _CIOBUF_                                                                                                                                        
20200518  __CIOBUF_                                                                                                                                       
20200638  __TI_tmpnams                                                                                                                                    
20200760  parmbuf                                                                                                                                         
20200768  TExaSLogic                                                                                                                                      
2020076c  TExaSadc                                                                                                                                        
20200780  _sys_memory                                                                                                                                     
20207e00  __stack                                                                                                                                         
20208000  __STACK_END                                                                                                                                     
ffffffff  __TI_pprof_out_hndl                                                                                                                             
ffffffff  __TI_prof_data_size                                                                                                                             
ffffffff  __TI_prof_data_start                                                                                                                            
ffffffff  __binit__                                                                                                                                       
ffffffff  binit                                                                                                                                           
UNDEFED   __mpu_init                                                                                                                                      
UNDEFED   _system_post_cinit                                                                                                                              

[253 symbols]
