******************************************************************************
            TI ARM Clang Linker PC v3.2.1                      
******************************************************************************
>> Linked Tue Apr 23 00:23:52 2024

OUTPUT FILE NAME:   <ECE319K_Lab9H.out>
ENTRY POINT SYMBOL: "_c_int00_noargs"  address: 0001dcc9


MEMORY CONFIGURATION

         name            origin    length      used     unused   attr    fill
----------------------  --------  ---------  --------  --------  ----  --------
  FLASH                 00000000   00020000  0001e388  00001c78  R  X
  SRAM                  20200000   00008000  00005135  00002ecb  RW X
  BCR_CONFIG            41c00000   00000080  00000000  00000080  R   
  BSL_CONFIG            41c00100   00000080  00000000  00000080  R   


SEGMENT ALLOCATION MAP

run origin  load origin   length   init length attrs members
----------  ----------- ---------- ----------- ----- -------
00000000    00000000    0001e388   0001e388    r-x
  00000000    00000000    000000c0   000000c0    r-- .intvecs
  000000c0    000000c0    00019128   00019128    r-- .rodata
  000191e8    000191e8    00005078   00005078    r-x .text
  0001e260    0001e260    00000010   00000010    r-- .init_array
  0001e270    0001e270    00000118   00000118    r-- .cinit
20200000    20200000    00004f38   00000000    rw-
  20200000    20200000    0000472c   00000000    rw- .bss
  2020472c    2020472c    00000609   00000000    rw- .data
  20204d38    20204d38    00000200   00000000    rw- .sysmem
20207e00    20207e00    00000200   00000000    rw-
  20207e00    20207e00    00000200   00000000    rw- .stack


SECTION ALLOCATION MAP

 output                                  attributes/
section   page    origin      length       input sections
--------  ----  ----------  ----------   ----------------
.intvecs   0    00000000    000000c0     
                  00000000    000000c0     startup_mspm0g3507_ticlang.o (.intvecs)

.binit     0    00000000    00000000     

.text      0    000191e8    00005078     
                  000191e8    000004a4     GamePlay.o (.text._ZN4Bike12updateCornerEPKt)
                  0001968c    00000394     GamePlay.o (.text._ZN4Bike7displayEv)
                  00019a20    00000210     ST7735.o (.text._Z17ST7735_DrawBitmapssPKtss)
                  00019c30    000001b4     Clock.o (.text._Z15Clock_Init80MHzi)
                  00019de4    000001b0     menu.o (.text._Z11menu_updatev)
                  00019f94    000001a0     ST7735.o (.text._Z16ST7735_DrawCharSsscssh)
                  0001a134    000001a0     GamePlay.o (.text._ZN4Bike14updateLocationEi)
                  0001a2d4    00000186     GamePlay.o (.text._ZN8Gameplay6updateEii)
                  0001a45a    00000002     libclang_rt.builtins.a : aeabi_div0.c.obj (.text.__aeabi_idiv0)
                  0001a45c    00000160     libc.a : fopen.c.obj (.text._openfile)
                  0001a5bc    00000138     GamePlay.o (.text._ZN8Gameplay9countDownEv)
                  0001a6f4    0000012c     libc.a : memory.c.obj (.text.aligned_alloc)
                  0001a820    00000128     TExaS.o (.text._Z8ADC_InitP10ADC12_Regsjj)
                  0001a948    00000128     libc++.a : string.cpp.obj (.text._ZNSt3__112basic_stringIcNS_11char_traitsIcEENS_9allocatorIcEEEaSERKS5_)
                  0001aa70    00000118     ST7735.o (.text._Z15ST7735_FillRectsssst)
                  0001ab88    00000100     menu.o (.text._Z20periodic_menu_updatei)
                  0001ac88    000000f8     SPI.o (.text._Z8SPI_Initv)
                  0001ad80    000000f4     ST7735.o (.text._Z18ST7735_SetRotationh)
                  0001ae74    000000f4     menu.o (.text._Z2upv)
                  0001af68    000000ec     libsysbm.a : add_device.c.obj (.text.add_device)
                  0001b054    000000ec     libc.a : memory.c.obj (.text.free)
                  0001b140    000000e8     TExaS.o (.text._Z9UART_Initv)
                  0001b228    000000e4     Lab9HMain.o (.text.TIMG12_IRQHandler)
                  0001b30c    000000dc     libc.a : setvbuf.c.obj (.text.setvbuf)
                  0001b3e8    000000d8     menu.o (.text._Z9changeSetv)
                  0001b4c0    000000d4     UART2.o (.text._Z10UART2_Initv)
                  0001b594    000000d0     ST7735.o (.text._Z14ST7735_OutCharc)
                  0001b664    000000cc     menu.o (.text._Z4downv)
                  0001b730    000000c4     Lab9HMain.o (.text.main)
                  0001b7f4    000000b8     GamePlay.o (.text._ZN8Gameplay11updateLivesEv)
                  0001b8ac    000000b4     menu.o (.text.__cxx_global_var_init.5)
                  0001b960    000000b0     ST7735.o (.text._Z20ST7735_DrawFastHLinessst)
                  0001ba10    000000b0     ST7735.o (.text._Z20ST7735_DrawFastVLinessst)
                  0001bac0    000000b0     menu.o (.text.__cxx_global_var_init)
                  0001bb70    000000a8     Timer.o (.text._Z14TimerG7_IntArmtjj)
                  0001bc18    000000a8     libsysbm.a : open.c.obj (.text.open)
                  0001bcc0    000000a2     ST7735.o (.text._ZL11commandListPKh)
                  0001bd62    00000002     libc.a : _lock.c.obj (.text._nop)
                  0001bd64    000000a0     ST7735.o (.text._Z17ST7735_InitPrintfv)
                  0001be04    000000a0     menu.o (.text._ZN4MenuC2EPA4_NSt3__112basic_stringIcNS0_11char_traitsIcEENS0_9allocatorIcEEEEiPKi)
                  0001bea4    0000009c     libc.a : aeabi_atexit.c.obj (.text.atexit_register)
                  0001bf40    00000098     ST7735.o (.text._Z12ST7735_InitR10initRFlags)
                  0001bfd8    00000098     GamePlay.o (.text._ZN4Bike12displayCrashEv)
                  0001c070    00000098     Joystick2.o (.text._ZN9Joystick213JoyStick_InitEv)
                  0001c108    00000094     Timer.o (.text._Z15TimerG12_IntArmjj)
                  0001c19c    00000094     GamePlay.o (.text._ZN8Gameplay5resetEv)
                  0001c230    00000092     GamePlay.o (.text._ZN4Bike10collisionsES_)
                  0001c2c2    00000092     GamePlay.o (.text._ZN8GameplayC2Eiib)
                  0001c354    00000090     GameDoneMenu.o (.text._Z12printWinLosev)
                  0001c3e4    00000090     menu.o (.text.__cxx_global_var_init.13)
                  0001c474    00000088     ST7735.o (.text._ZL13setAddrWindowhhhh)
                  0001c4fc    00000084     ST7735.o (.text._Z17ST7735_DrawStringttPKcs)
                  0001c580    0000007c     UART2.o (.text.UART2_IRQHandler)
                  0001c5fc    0000007c     LaunchPad.o (.text._Z14LaunchPad_Initv)
                  0001c678    0000007c     GamePlay.o (.text._ZN4Bike8newPointEii)
                  0001c6f4    0000007c     libc.a : fclose.c.obj (.text.__TI_closefile)
                  0001c770    00000078            : copy_decompress_lzss.c.obj (.text:decompress:lzss)
                  0001c7e8    00000070     ST7735.o (.text._Z16ST7735_DrawPixelsst)
                  0001c858    0000006c     libsysbm.a : hostlseek.c.obj (.text.HOSTlseek)
                  0001c8c4    0000006c                : hostrename.c.obj (.text.HOSTrename)
                  0001c930    0000006c     GamePlay.o (.text._Z10gameUpdatei)
                  0001c99c    0000006c     Joystick2.o (.text._ZN9Joystick27ConvertEPiS0_)
                  0001ca08    0000006c     libc.a : aeabi_atexit.c.obj (.text.__cxa_finalize)
                  0001ca74    00000068            : getdevice.c.obj (.text.getdevice)
                  0001cadc    00000064     menu.o (.text.__cxx_global_var_init.21)
                  0001cb40    00000064     libc.a : memory.c.obj (.text.split)
                  0001cba4    00000060     libsysbm.a : hostopen.c.obj (.text.HOSTopen)
                  0001cc04    00000060     IRxmt.o (.text._Z13IRxmt_SendBiti)
                  0001cc64    00000058     libsysbm.a : hostread.c.obj (.text.HOSTread)
                  0001ccbc    00000058                : hostwrite.c.obj (.text.HOSTwrite)
                  0001cd14    00000058     TExaS.o (.text._Z10TExaS_InitP10ADC12_RegsjPFhvE)
                  0001cd6c    00000058     Switch.o (.text._Z11Switch_Initv)
                  0001cdc4    00000056     GamePlay.o (.text._ZN4Bike5clearEv)
                  0001ce1a    00000002     --HOLE-- [fill = 0]
                  0001ce1c    00000056     libclang_rt.builtins.a : aeabi_idivmod.S.obj (.text.__aeabi_idivmod)
                  0001ce72    00000002     --HOLE-- [fill = 0]
                  0001ce74    00000054     Sound.o (.text._Z10Sound_Initv)
                  0001cec8    00000054     FIFO2.o (.text._ZN5Queue3GetEPc)
                  0001cf1c    00000054     FIFO2.o (.text._ZN5Queue3PutEc)
                  0001cf70    00000054     libc++.a : string.cpp.obj (.text._ZNSt3__112basic_stringIcNS_11char_traitsIcEENS_9allocatorIcEEE6__initEPKcj)
                  0001cfc4    00000054     libc++abi.a : stdlib_new_delete.cpp.obj (.text._Znwj)
                  0001d018    00000054     libc.a : autoinit.c.obj (.text:__TI_auto_init_nobinit)
                  0001d06c    00000052            : fflush.c.obj (.text.__TI_doflush)
                  0001d0be    00000002     --HOLE-- [fill = 0]
                  0001d0c0    00000050     libsysbm.a : close.c.obj (.text.close)
                  0001d110    00000048                : hostclose.c.obj (.text.HOSTclose)
                  0001d158    00000048                : hostunlink.c.obj (.text.HOSTunlink)
                  0001d1a0    00000048     SPI.o (.text._Z14SPI_OutCommandc)
                  0001d1e8    00000046     GamePlay.o (.text._ZN4BikeC2Eibb)
                  0001d22e    00000002     --HOLE-- [fill = 0]
                  0001d230    00000044     Sound.o (.text.SysTick_Handler)
                  0001d274    00000044     Sound.o (.text._Z11Sound_StartPKhj)
                  0001d2b8    00000044     IRxmt.o (.text._Z13IRxmt_OutCharc)
                  0001d2fc    00000044     LED.o (.text._Z8LED_Initv)
                  0001d340    00000044     GamePlay.o (.text._ZN4Bike5resetEv)
                  0001d384    00000040     TExaS.o (.text.TIMG7_IRQHandler)
                  0001d3c4    00000040     SPI.o (.text._Z9SPI_Resetv)
                  0001d404    00000040     GamePlay.o (.text._ZN4Bike12firstDisplayEv)
                  0001d444    00000040     GamePlay.o (.text._ZN8Gameplay8gameOverEv)
                  0001d484    00000040     libclang_rt.builtins.a : aeabi_uidivmod.S.obj (.text.__aeabi_uidivmod)
                  0001d4c4    00000040     libc.a : fopen.c.obj (.text._search_fp)
                  0001d504    0000003c     DAC5.o (.text._Z9DAC5_Initv)
                  0001d540    0000003c     GamePlay.o (.text._ZN8Gameplay15toggleAbilitiesEbb)
                  0001d57c    0000003c     GamePlay.o (.text.__cxx_global_var_init.1)
                  0001d5b8    0000003c     GamePlay.o (.text.__cxx_global_var_init)
                  0001d5f4    00000038     SPI.o (.text._Z11SPI_OutDatac)
                  0001d62c    00000038     GameDoneMenu.o (.text._Z12updateScreeni)
                  0001d664    00000038     LaunchPad.o (.text._Z15ActivatePortA_Bv)
                  0001d69c    00000038     GamePlay.o (.text._Z8gameInitv)
                  0001d6d4    00000038     GamePlay.o (.text._ZN8Gameplay8newRoundEv)
                  0001d70c    00000038     libc.a : getdevice.c.obj (.text.finddevice)
                  0001d744    00000034     ST7735.o (.text._Z12ST7735_writeiPKcj)
                  0001d778    00000034     UART2.o (.text._Z12UART2_InCharv)
                  0001d7ac    00000034     Clock.o (.text._Z14Clock_Delay1msj)
                  0001d7e0    00000034     ST7735.o (.text._Z16ST7735_SetCursorjj)
                  0001d814    00000034     libc.a : fopen.c.obj (.text.__TI_cleanup)
                  0001d848    00000034     libsysbm.a : trgmsg.c.obj (.text.__TI_readmsg)
                  0001d87c    00000034                : trgmsg.c.obj (.text.__TI_writemsg)
                  0001d8b0    00000034     libc.a : exit.c.obj (.text.exit)
                  0001d8e4    00000034            : fopen.c.obj (.text.freopen)
                  0001d918    00000032     ST7735.o (.text._Z15ST7735_Color565hhh)
                  0001d94a    00000032     menu.o (.text._ZNSt3__112basic_stringIcNS_11char_traitsIcEENS_9allocatorIcEEEC2B6v15007IDnEEPKc)
                  0001d97c    00000030     LED.o (.text._Z6LED_Onj)
                  0001d9ac    00000030     LED.o (.text._Z7LED_Offj)
                  0001d9dc    00000030     ST7735.o (.text._ZL10commonInitPKh)
                  0001da0c    00000030     menu.o (.text.__cxx_global_array_dtor.22)
                  0001da3c    00000030     libc.a : fopen.c.obj (.text.fopen)
                  0001da6c    0000002e     menu.o (.text._ZN4MenuD2Ev)
                  0001da9a    0000002e     menu.o (.text._ZNKSt3__112basic_stringIcNS_11char_traitsIcEENS_9allocatorIcEEE13__get_pointerB6v15007Ev)
                  0001dac8    0000002c     menu.o (.text._Z12tronMenuInitv)
                  0001daf4    0000002c     ST7735.o (.text._Z17ST7735_FillScreent)
                  0001db20    0000002c     Switch.o (.text._Z9Switch_Inv)
                  0001db4c    0000002c     menu.o (.text.__cxx_global_array_dtor.12)
                  0001db78    0000002c     menu.o (.text.__cxx_global_array_dtor.20)
                  0001dba4    0000002c     menu.o (.text.__cxx_global_array_dtor)
                  0001dbd0    0000002c     GamePlay.o (.text.__cxx_global_var_init.2)
                  0001dbfc    0000002c     libsysbm.a : unlink.c.obj (.text.unlink)
                  0001dc28    00000028     TExaS.o (.text._Z9ADC_StartP10ADC12_Regs)
                  0001dc50    00000028     libc.a : memory.c.obj (.text.free_list_insert)
                  0001dc78    00000028            : memmov.c.obj (.text.memmove)
                  0001dca0    00000028     libsysbm.a : write.c.obj (.text.write)
                  0001dcc8    00000028     libc.a : boot_cortex_m.c.obj (.text:_c_int00_noargs)
                  0001dcf0    00000026     menu.o (.text._ZNSt3__112basic_stringIcNS_11char_traitsIcEENS_9allocatorIcEEE6__zeroB6v15007Ev)
                  0001dd16    00000002     --HOLE-- [fill = 0]
                  0001dd18    00000024     DAC5.o (.text._Z8DAC5_Outh)
                  0001dd3c    00000024     menu.o (.text._ZNSt3__112basic_stringIcNS_11char_traitsIcEENS_9allocatorIcEEEC2B6v15007Ev)
                  0001dd60    00000022     ST7735.o (.text._Z20ST7735_InvertDisplayi)
                  0001dd82    00000022     GamePlay.o (.text._ZN8Gameplay9getPacketEv)
                  0001dda4    00000020     IRxmt.o (.text._Z10IRxmt_Initv)
                  0001ddc4    00000020     Sound.o (.text._Z14SysTick_IntArmjj)
                  0001dde4    0000001e     ST7735.o (.text._ZL9pushColort)
                  0001de02    0000001e     menu.o (.text._ZNSt3__117__compressed_pairINS_12basic_stringIcNS_11char_traitsIcEENS_9allocatorIcEEE5__repES5_EC2B6v15007INS_18__default_init_tagESA_EEOT_OT0_)
                  0001de20    0000001c     libc.a : memory.c.obj (.text.free_list_remove)
                  0001de3c    00000016     ST7735.o (.text._Z11ST7735_openPKcji)
                  0001de52    00000016     ST7735.o (.text._Z11ST7735_readiPcj)
                  0001de68    00000016     GamePlay.o (.text._ZN4Bike11turnOffLineEb)
                  0001de7e    00000016     GamePlay.o (.text._ZN4Bike5crashEv)
                  0001de94    00000016     Joystick2.o (.text._ZN9Joystick2C2Ejj)
                  0001deaa    00000016     menu.o (.text._ZNKSt3__112basic_stringIcNS_11char_traitsIcEENS_9allocatorIcEEE19__get_short_pointerB6v15007Ev)
                  0001dec0    00000016     menu.o (.text._ZNKSt3__112basic_stringIcNS_11char_traitsIcEENS_9allocatorIcEEE9__is_longB6v15007Ev)
                  0001ded6    00000014     menu.o (.text._GLOBAL__sub_I_menu.cpp)
                  0001deea    00000002     --HOLE-- [fill = 0]
                  0001deec    00000014     Sound.o (.text._Z10Sound_Menuv)
                  0001df00    00000014     Sound.o (.text._Z12Sound_Selectv)
                  0001df14    00000014     GamePlay.o (.text._ZN4BikeC2Ev)
                  0001df28    00000014     menu.o (.text._ZNKSt3__112basic_stringIcNS_11char_traitsIcEENS_9allocatorIcEEE4dataB6v15007Ev)
                  0001df3c    00000014     libc++.a : string.cpp.obj (.text._ZNSt3__112basic_stringIcNS_11char_traitsIcEENS_9allocatorIcEEED2Ev)
                  0001df50    00000014     menu.o (.text._ZNSt3__122__compressed_pair_elemINS_9allocatorIcEELi1ELb1EEC2B6v15007ENS_18__default_init_tagE)
                  0001df64    00000014     menu.o (.text._ZNSt3__19allocatorIcEC2B6v15007Ev)
                  0001df78    00000014     libc.a : aeabi_atexit.c.obj (.text.__cxa_atexit)
                  0001df8c    00000014     Lab9HMain.o (.text.__cxx_global_var_init)
                  0001dfa0    00000012     FIFO2.o (.text._ZN5Queue6IsFullEv)
                  0001dfb2    00000012     FIFO2.o (.text._ZN5QueueC2Ev)
                  0001dfc4    00000012     menu.o (.text._ZNKSt3__112basic_stringIcNS_11char_traitsIcEENS_9allocatorIcEEE18__get_long_pointerB6v15007Ev)
                  0001dfd6    00000012     libsysbm.a : hostrename.c.obj (.text.strcpy)
                  0001dfe8    00000012     libc.a : memcpy16.S.obj (.text:TI_memcpy_small)
                  0001dffa    00000012            : copy_decompress_none.c.obj (.text:decompress:none)
                  0001e00c    00000010     GamePlay.o (.text._GLOBAL__sub_I_GamePlay.cpp)
                  0001e01c    00000010     menu.o (.text._Z10menuIsDonev)
                  0001e02c    00000010     Clock.o (.text._Z11Clock_Delayj)
                  0001e03c    00000010     GamePlay.o (.text._Z12gameFinishedv)
                  0001e04c    00000010     GameDoneMenu.o (.text._Z12readyForMenuv)
                  0001e05c    00000010     Lab9HMain.o (.text._Z28TExaS_LaunchPadLogicPB27PB26v)
                  0001e06c    00000010     FIFO2.o (.text._ZN5Queue7IsEmptyEv)
                  0001e07c    00000010     GamePlay.o (.text._ZN8Gameplay10isGameOverEv)
                  0001e08c    00000010     menu.o (.text._ZNKSt3__112basic_stringIcNS_11char_traitsIcEENS_9allocatorIcEEE5c_strB6v15007Ev)
                  0001e09c    00000010     menu.o (.text._ZNKSt3__117__compressed_pairINS_12basic_stringIcNS_11char_traitsIcEENS_9allocatorIcEEE5__repES5_E5firstB6v15007Ev)
                  0001e0ac    00000010     menu.o (.text._ZNSt3__111char_traitsIcE6lengthEPKc)
                  0001e0bc    00000010     menu.o (.text._ZNSt3__112basic_stringIcNS_11char_traitsIcEENS_9allocatorIcEEE14__default_initB6v15007Ev)
                  0001e0cc    00000010     menu.o (.text._ZNSt3__117__compressed_pairINS_12basic_stringIcNS_11char_traitsIcEENS_9allocatorIcEEE5__repES5_E5firstB6v15007Ev)
                  0001e0dc    00000010     UART2.o (.text.__cxx_global_var_init)
                  0001e0ec    00000010     libc.a : copy_zero_init.c.obj (.text:decompress:ZI)
                  0001e0fc    0000000e            : memory.c.obj (.text.OUTLINED_FUNCTION_0)
                  0001e10a    0000000e     ST7735.o (.text._Z12ST7735_lseekili)
                  0001e118    0000000e     libc.a : strlen.c.obj (.text.strlen)
                  0001e126    0000000e     libsysbm.a : hostrename.c.obj (.text.strlen)
                  0001e134    0000000e     libc.a : memset16.S.obj (.text:TI_memset_small)
                  0001e142    00000002     --HOLE-- [fill = 0]
                  0001e144    0000000c     Clock.o (.text._Z10Clock_Freqv)
                  0001e150    0000000c     Sound.o (.text._Z10Sound_Stopv)
                  0001e15c    0000000c     GamePlay.o (.text._Z10gameWinnerv)
                  0001e168    0000000c     ST7735.o (.text._Z13ST7735_renamePKcS0_)
                  0001e174    0000000c     IRxmt.o (.text._Z5Delayj)
                  0001e180    0000000c     GamePlay.o (.text._ZN4Bike6healthEv)
                  0001e18c    0000000c     libc++abi.a : cxa_handlers.cpp.obj (.text._ZSt15get_new_handlerv)
                  0001e198    0000000c     libclang_rt.builtins.a : aeabi_memset.S.obj (.text.__aeabi_memclr)
                  0001e1a4    0000000c     libc.a : memory.c.obj (.text.malloc)
                  0001e1b0    0000000a     ST7735.o (.text._Z12ST7735_closei)
                  0001e1ba    0000000a     ST7735.o (.text._Z13ST7735_unlinkPKc)
                  0001e1c4    0000000a     Lab9HMain.o (.text._Z8PLL_Initv)
                  0001e1ce    0000000a     menu.o (.text._ZNKSt3__122__compressed_pair_elemINS_12basic_stringIcNS_11char_traitsIcEENS_9allocatorIcEEE5__repELi0ELb0EE5__getB6v15007Ev)
                  0001e1d8    0000000a     menu.o (.text._ZNSt3__112__to_addressB6v15007IKcEEPT_S3_)
                  0001e1e2    0000000a     menu.o (.text._ZNSt3__114pointer_traitsIPKcE10pointer_toB6v15007ERS1_)
                  0001e1ec    0000000a     menu.o (.text._ZNSt3__116__non_trivial_ifILb1ENS_9allocatorIcEEEC2B6v15007Ev)
                  0001e1f6    0000000a     menu.o (.text._ZNSt3__122__compressed_pair_elemINS_12basic_stringIcNS_11char_traitsIcEENS_9allocatorIcEEE5__repELi0ELb0EE5__getB6v15007Ev)
                  0001e200    0000000a     menu.o (.text._ZNSt3__122__compressed_pair_elemINS_12basic_stringIcNS_11char_traitsIcEENS_9allocatorIcEEE5__repELi0ELb0EEC2B6v15007ENS_18__default_init_tagE)
                  0001e20a    00000008     Lab9HMain.o (.text._GLOBAL__sub_I_Lab9HMain.cpp)
                  0001e212    00000008     UART2.o (.text._GLOBAL__sub_I_UART2.cpp)
                  0001e21a    00000008     menu.o (.text._ZNSt3__119__debug_db_insert_cB6v15007INS_12basic_stringIcNS_11char_traitsIcEENS_9allocatorIcEEEEEEvPT_)
                  0001e222    00000008     libc++abi.a : stdlib_new_delete.cpp.obj (.text._ZdlPv)
                  0001e22a    00000002     --HOLE-- [fill = 0]
                  0001e22c    00000008     libclang_rt.builtins.a : aeabi_memcpy.S.obj (.text.__aeabi_memcpy)
                  0001e234    00000008                            : aeabi_memmove.S.obj (.text.__aeabi_memmove)
                  0001e23c    00000008     libc.a : aeabi_atexit.c.obj (.text.__cxa_ia64_exit)
                  0001e244    00000008     libsysbm.a : remove.c.obj (.text.remove)
                  0001e24c    00000004     startup_mspm0g3507_ticlang.o (.text.Default_Handler)
                  0001e250    00000004     startup_mspm0g3507_ticlang.o (.text.HardFault_Handler)
                  0001e254    00000004     startup_mspm0g3507_ticlang.o (.text.Reset_Handler)
                  0001e258    00000004     libc.a : pre_init.c.obj (.text._system_pre_init)
                  0001e25c    00000004            : exit.c.obj (.text:abort)

.cinit     0    0001e270    00000118     
                  0001e270    000000ef     (.cinit..data.load) [load image, compression = lzss]
                  0001e35f    00000001     --HOLE-- [fill = 0]
                  0001e360    0000000c     (__TI_handler_table)
                  0001e36c    00000008     (.cinit..bss.load) [load image, compression = zero_init]
                  0001e374    00000010     (__TI_cinit_table)
                  0001e384    00000004     --HOLE-- [fill = 0]

.rodata    0    000000c0    00019128     
                  000000c0    0000a000     menu.o (.rodata._ZL13tron_menu_img)
                  0000a0c0    00002d9c     GameDoneMenu.o (.rodata._ZL13YouLoseGerman)
                  0000ce5c    00002d9c     GameDoneMenu.o (.rodata._ZL7YouLose)
                  0000fbf8    00001e78     GameDoneMenu.o (.rodata._ZL12YouWinGerman)
                  00011a70    00001e78     GameDoneMenu.o (.rodata._ZL6YouWin)
                  000138e8    00001800     Sound.o (.rodata._ZL14TronMenuSelect)
                  000150e8    00000f00     Sound.o (.rodata._ZL9MenuSound)
                  00015fe8    00000cd0     GamePlay.o (.rodata._ZL9one_image)
                  00016cb8    00000c80     GamePlay.o (.rodata._ZL11three_image)
                  00017938    00000c80     GamePlay.o (.rodata._ZL9two_image)
                  000185b8    000004fb     ST7735.o (.rodata._ZL4Font)
                  00018ab3    00000001     --HOLE-- [fill = 0]
                  00018ab4    000000a2     GamePlay.o (.rodata._ZL12ExplosionOne)
                  00018b56    000000a2     GamePlay.o (.rodata._ZL12ExplosionTwo)
                  00018bf8    000000a2     GamePlay.o (.rodata._ZL13ExplosionFour)
                  00018c9a    000000a2     GamePlay.o (.rodata._ZL14ExplosionThree)
                  00018d3c    000000a2     GamePlay.o (.rodata._ZL8RedHeart)
                  00018dde    000000a2     GamePlay.o (.rodata._ZL9BlueHeart)
                  00018e80    00000046     GamePlay.o (.rodata._ZL10UpRedCycle)
                  00018ec6    00000046     GamePlay.o (.rodata._ZL11UpBlueCycle)
                  00018f0c    00000046     GamePlay.o (.rodata._ZL12DownRedCycle)
                  00018f52    00000046     GamePlay.o (.rodata._ZL12LeftRedCycle)
                  00018f98    00000046     GamePlay.o (.rodata._ZL13DownBlueCycle)
                  00018fde    00000046     GamePlay.o (.rodata._ZL13LeftBlueCycle)
                  00019024    00000046     GamePlay.o (.rodata._ZL13RightRedCycle)
                  0001906a    00000046     GamePlay.o (.rodata._ZL14RightBlueCycle)
                  000190b0    0000003b     ST7735.o (.rodata._ZL5Rcmd1)
                  000190eb    0000002b     ST7735.o (.rodata._ZL5Rcmd3)
                  00019116    00000016     ST7735.o (.rodata.str1.131696582137495765941)
                  0001912c    0000000d     ST7735.o (.rodata._ZL10Rcmd2green)
                  00019139    0000000d     ST7735.o (.rodata._ZL8Rcmd2red)
                  00019146    00000009     menu.o (.rodata.str1.114793701521291410291)
                  0001914f    00000009     menu.o (.rodata.str1.152844668465687054501)
                  00019158    00000009     menu.o (.rodata.str1.43344253877813655741)
                  00019161    00000009     menu.o (.rodata.str1.59352028943064177451)
                  0001916a    00000009     menu.o (.rodata.str1.81609088239885430801)
                  00019173    00000008     menu.o (.rodata.str1.102567634636123109261)
                  0001917b    00000008     menu.o (.rodata.str1.173213289727903394671)
                  00019183    00000008     menu.o (.rodata.str1.18654542343258509881)
                  0001918b    00000008     ST7735.o (.rodata.str1.86012262618455636901)
                  00019193    00000007     menu.o (.rodata.str1.106080763620002280141)
                  0001919a    00000007     ST7735.o (.rodata.str1.114990493261766323881)
                  000191a1    00000007     menu.o (.rodata.str1.121165265712081410371)
                  000191a8    00000007     menu.o (.rodata.str1.23717824096920018761)
                  000191af    00000007     ST7735.o (.rodata.str1.34205522212527886751)
                  000191b6    00000007     menu.o (.rodata.str1.4515836270289371911)
                  000191bd    00000007     menu.o (.rodata.str1.74997160766714330521)
                  000191c4    00000006     menu.o (.rodata.str1.180546244946655119331)
                  000191ca    00000005     menu.o (.rodata.str1.110986731793232197011)
                  000191cf    00000005     menu.o (.rodata.str1.23545670429919334371)
                  000191d4    00000005     menu.o (.rodata.str1.55696074319151882151)
                  000191d9    00000002     ST7735.o (.rodata.str1.105087110211667939411)
                  000191db    00000002     menu.o (.rodata.str1.123183616927295083011)
                  000191dd    00000002     menu.o (.rodata.str1.142783162394880212271)
                  000191df    00000002     menu.o (.rodata.str1.161462869409870619401)
                  000191e1    00000002     menu.o (.rodata.str1.175215292397905939431)
                  000191e3    00000002     menu.o (.rodata.str1.5226134088729676321)
                  000191e5    00000003     --HOLE-- [fill = 0]

.init_array 
*          0    0001e260    00000010     
                  0001e260    00000004     menu.o (.init_array)
                  0001e264    00000004     UART2.o (.init_array)
                  0001e268    00000004     Lab9HMain.o (.init_array)
                  0001e26c    00000004     GamePlay.o (.init_array)

.bss       0    20200000    0000472c     UNINITIALIZED
                  20200000    000044c0     GamePlay.o (.bss.visitedMatrix)
                  202044c0    00000120     libsysbm.a : trgmsg.c.obj (.bss:_CIOBUF_)
                  202045e0    000000a0     libc.a : defs.c.obj (.bss.__TI_tmpnams)
                  20204680    00000088            : aeabi_atexit.c.obj (.bss.atexit_register.__atexit0)
                  20204708    00000008     libsysbm.a : hostopen.c.obj (.bss.parmbuf)
                  20204710    00000004     UART2.o (.bss.LostData)
                  20204714    00000004     TExaS.o (.bss.TExaSLogic)
                  20204718    00000004     TExaS.o (.bss.TExaSadc)
                  2020471c    00000004     libc.a : aeabi_atexit.c.obj (.bss.__atexit)
                  20204720    00000004     Sound.o (.bss.curSound)
                  20204724    00000004     libc.a : memory.c.obj (.bss.sys_free)
                  20204728    00000001     ST7735.o (.bss._ZL8ColStart)
                  20204729    00000001     ST7735.o (.bss._ZL8Rotation)
                  2020472a    00000001     ST7735.o (.bss._ZL8RowStart)
                  2020472b    00000001     ST7735.o (.bss._ZL8TabColor)

.data      0    2020472c    00000609     UNINITIALIZED
                  2020472c    00000168     menu.o (.data.menuFSM)
                  20204894    000000f0     libc.a : defs.c.obj (.data._ftable)
                  20204984    00000080     GamePlay.o (.data.gameRunner)
                  20204a04    00000078     libsysbm.a : host_device.c.obj (.data._device)
                  20204a7c    00000060     menu.o (.data.langText)
                  20204adc    00000060     menu.o (.data.mainText)
                  20204b3c    00000060     menu.o (.data.settText)
                  20204b9c    00000050     libsysbm.a : host_device.c.obj (.data._stream)
                  20204bec    0000003c     Lab9HMain.o (.data.MainFSM)
                  20204c28    0000002c     UART2.o (.data.FIFO2)
                  20204c54    00000020     GamePlay.o (.data.cycleSprites)
                  20204c74    00000010     menu.o (.data.settChange)
                  20204c84    0000000c     menu.o (.data.langChange)
                  20204c90    0000000c     menu.o (.data.mainChange)
                  20204c9c    0000000c     menu.o (.data.speeds)
                  20204ca8    00000008     libc.a : exit.c.obj (.data..L_MergedGlobals)
                  20204cb0    00000008     Lab9HMain.o (.data.axes)
                  20204cb8    00000006     GamePlay.o (.data._ZL8redTrail)
                  20204cbe    00000006     GamePlay.o (.data._ZL9blueTrail)
                  20204cc4    00000004     Clock.o (.data.BusFreq)
                  20204cc8    00000004     ST7735.o (.data.StX)
                  20204ccc    00000004     ST7735.o (.data.StY)
                  20204cd0    00000004     libc.a : defs.c.obj (.data.__TI_ft_end)
                  20204cd4    00000004     libc++abi.a : cxa_default_handlers.cpp.obj (.data.__cxa_new_handler)
                  20204cd8    00000004     libc.a : exit.c.obj (.data.__dso_handle)
                  20204cdc    00000004            : _lock.c.obj (.data._lock)
                  20204ce0    00000004            : _lock.c.obj (.data._unlock)
                  20204ce4    00000004     menu.o (.data.bikeSpeed)
                  20204ce8    00000004     Lab9HMain.o (.data.buttonInput)
                  20204cec    00000004     menu.o (.data.col)
                  20204cf0    00000004     menu.o (.data.currInd)
                  20204cf4    00000004     menu.o (.data.currLang)
                  20204cf8    00000004     Lab9HMain.o (.data.currState)
                  20204cfc    00000004     Sound.o (.data.ind)
                  20204d00    00000004     menu.o (.data.lasInd)
                  20204d04    00000004     menu.o (.data.lastInput)
                  20204d08    00000004     menu.o (.data.off)
                  20204d0c    00000004     Sound.o (.data.period)
                  20204d10    00000004     Sound.o (.data.priority)
                  20204d14    00000004     menu.o (.data.row)
                  20204d18    00000004     Sound.o (.data.size)
                  20204d1c    00000004     Lab9HMain.o (.data.xInput)
                  20204d20    00000004     Lab9HMain.o (.data.yInput)
                  20204d24    00000002     ST7735.o (.data.StTextColor)
                  20204d26    00000002     ST7735.o (.data._ZL6_width)
                  20204d28    00000002     ST7735.o (.data._ZL7_height)
                  20204d2a    00000001     menu.o (.data.abilityEnabled)
                  20204d2b    00000001     menu.o (.data.done)
                  20204d2c    00000001     libsysbm.a : add_device.c.obj (.data.add_device.device_init)
                  20204d2d    00000001     menu.o (.data.host)
                  20204d2e    00000001     Lab9HMain.o (.data.joystickPacket)
                  20204d2f    00000001     GameDoneMenu.o (.data.lastIn)
                  20204d30    00000001     libc.a : memory.c.obj (.data.memory_is_initialized)
                  20204d31    00000001     GameDoneMenu.o (.data.ready)
                  20204d32    00000001     Lab9HMain.o (.data.semaphore)
                  20204d33    00000001     --HOLE--
                  20204d34    00000001     libsysbm.a : open.c.obj (.data.open.stream_init)

.sysmem    0    20204d38    00000200     UNINITIALIZED
                  20204d38    00000010     libc.a : memory.c.obj (.sysmem)
                  20204d48    000001f0     --HOLE--

.stack     0    20207e00    00000200     UNINITIALIZED
                  20207e00    00000004     libc.a : boot_cortex_m.c.obj (.stack)
                  20207e04    000001fc     --HOLE--

__llvm_prf_cnts 
*          0    20200000    00000000     UNINITIALIZED

__llvm_prf_bits 
*          0    20200000    00000000     UNINITIALIZED

MODULE SUMMARY

       Module                         code    ro data   rw data
       ------                         ----    -------   -------
    .\
       menu.o                         2888    41099     735    
       GameDoneMenu.o                 216     38952     2      
       GamePlay.o                     5088    11216     17772  
       Sound.o                        304     9984      20     
       ST7735.o                       3282    1449      18     
       TExaS.o                        720     0         8      
       Lab9HMain.o                    478     4         86     
       Clock.o                        516     0         4      
       UART2.o                        412     4         48     
       SPI.o                          440     0         0      
       Timer.o                        316     0         0      
       Joystick2.o                    282     0         0      
       FIFO2.o                        220     0         0      
       IRxmt.o                        208     0         0      
       LaunchPad.o                    180     0         0      
       LED.o                          164     0         0      
       Switch.o                       132     0         0      
       DAC5.o                         96      0         0      
    +--+------------------------------+-------+---------+---------+
       Total:                         15942   102708    18693  
                                                               
    .\ticlang\
       startup_mspm0g3507_ticlang.o   12      192       0      
    +--+------------------------------+-------+---------+---------+
       Total:                         12      192       0      
                                                               
    C:\ti\ccs1260\ccs\tools\compiler\ti-cgt-armllvm_3.2.1.LTS\lib\armv6m-ti-none-eabi/c/libc.a
       memory.c.obj                   730     0         5      
       fopen.c.obj                    568     0         0      
       aeabi_atexit.c.obj             292     0         140    
       defs.c.obj                     0       0         404    
       setvbuf.c.obj                  220     0         0      
       getdevice.c.obj                160     0         0      
       fclose.c.obj                   124     0         0      
       copy_decompress_lzss.c.obj     120     0         0      
       autoinit.c.obj                 84      0         0      
       fflush.c.obj                   82      0         0      
       exit.c.obj                     56      0         12     
       boot_cortex_m.c.obj            40      0         0      
       memmov.c.obj                   40      0         0      
       copy_decompress_none.c.obj     18      0         0      
       memcpy16.S.obj                 18      0         0      
       copy_zero_init.c.obj           16      0         0      
       memset16.S.obj                 14      0         0      
       strlen.c.obj                   14      0         0      
       _lock.c.obj                    2       0         8      
       pre_init.c.obj                 4       0         0      
    +--+------------------------------+-------+---------+---------+
       Total:                         2602    0         569    
                                                               
    C:\ti\ccs1260\ccs\tools\compiler\ti-cgt-armllvm_3.2.1.LTS\lib\armv6m-ti-none-eabi/c/libsysbm.a
       trgmsg.c.obj                   104     0         288    
       add_device.c.obj               236     0         1      
       host_device.c.obj              0       0         200    
       open.c.obj                     168     0         1      
       hostrename.c.obj               140     0         0      
       hostlseek.c.obj                108     0         0      
       hostopen.c.obj                 96      0         8      
       hostread.c.obj                 88      0         0      
       hostwrite.c.obj                88      0         0      
       close.c.obj                    80      0         0      
       hostclose.c.obj                72      0         0      
       hostunlink.c.obj               72      0         0      
       unlink.c.obj                   44      0         0      
       write.c.obj                    40      0         0      
       remove.c.obj                   8       0         0      
    +--+------------------------------+-------+---------+---------+
       Total:                         1344    0         498    
                                                               
    C:\ti\ccs1260\ccs\tools\compiler\ti-cgt-armllvm_3.2.1.LTS\lib\armv6m-ti-none-eabi/libc++.a
       string.cpp.obj                 400     0         0      
    +--+------------------------------+-------+---------+---------+
       Total:                         400     0         0      
                                                               
    C:\ti\ccs1260\ccs\tools\compiler\ti-cgt-armllvm_3.2.1.LTS\lib\armv6m-ti-none-eabi/libc++abi.a
       stdlib_new_delete.cpp.obj      92      0         0      
       cxa_handlers.cpp.obj           12      0         0      
       cxa_default_handlers.cpp.obj   0       0         4      
    +--+------------------------------+-------+---------+---------+
       Total:                         104     0         4      
                                                               
    C:\ti\ccs1260\ccs\tools\compiler\ti-cgt-armllvm_3.2.1.LTS\lib\clang/15.0.7/lib/armv6m-ti-none-eabi/libclang_rt.builtins.a
       aeabi_idivmod.S.obj            86      0         0      
       aeabi_uidivmod.S.obj           64      0         0      
       aeabi_memset.S.obj             12      0         0      
       aeabi_memcpy.S.obj             8       0         0      
       aeabi_memmove.S.obj            8       0         0      
       aeabi_div0.c.obj               2       0         0      
    +--+------------------------------+-------+---------+---------+
       Total:                         180     0         0      
                                                               
       Heap:                          0       0         512    
       Stack:                         0       0         512    
       Linker Generated:              0       275       0      
    +--+------------------------------+-------+---------+---------+
       Grand Total:                   20584   103175    20788  


LINKER GENERATED COPY TABLES

__TI_cinit_table @ 0001e374 records: 2, size/record: 8, table size: 16
	.data: load addr=0001e270, load size=000000ef bytes, run addr=2020472c, run size=00000609 bytes, compression=lzss
	.bss: load addr=0001e36c, load size=00000008 bytes, run addr=20200000, run size=0000472c bytes, compression=zero_init


LINKER GENERATED HANDLER TABLE

__TI_handler_table @ 0001e360 records: 3, size/record: 4, table size: 12
	index: 0, handler: __TI_decompress_lzss
	index: 1, handler: __TI_decompress_none
	index: 2, handler: __TI_zero_init


GLOBAL SYMBOLS: SORTED ALPHABETICALLY BY Name 

address   name                                                                                                                                            
-------   ----                                                                                                                                            
0001e24d  ADC0_IRQHandler                                                                                                                                 
0001e24d  ADC1_IRQHandler                                                                                                                                 
0001e24d  AES_IRQHandler                                                                                                                                  
20204cc4  BusFreq                                                                                                                                         
0001e25c  C$$EXIT                                                                                                                                         
0001d8a9  C$$IO$$                                                                                                                                         
0001e24d  CANFD0_IRQHandler                                                                                                                               
0001e24d  DAC0_IRQHandler                                                                                                                                 
0001e24d  DMA_IRQHandler                                                                                                                                  
0001e24d  Default_Handler                                                                                                                                 
20204c28  FIFO2                                                                                                                                           
0001e24d  GROUP0_IRQHandler                                                                                                                               
0001e24d  GROUP1_IRQHandler                                                                                                                               
0001d111  HOSTclose                                                                                                                                       
0001c859  HOSTlseek                                                                                                                                       
0001cba5  HOSTopen                                                                                                                                        
0001cc65  HOSTread                                                                                                                                        
0001c8c5  HOSTrename                                                                                                                                      
0001d159  HOSTunlink                                                                                                                                      
0001ccbd  HOSTwrite                                                                                                                                       
0001e251  HardFault_Handler                                                                                                                               
0001e24d  I2C0_IRQHandler                                                                                                                                 
0001e24d  I2C1_IRQHandler                                                                                                                                 
20204710  LostData                                                                                                                                        
20204bec  MainFSM                                                                                                                                         
0001e24d  NMI_Handler                                                                                                                                     
0001e24d  PendSV_Handler                                                                                                                                  
0001e24d  RTC_IRQHandler                                                                                                                                  
0001e255  Reset_Handler                                                                                                                                   
0001e260  SHT$$INIT_ARRAY$$Base                                                                                                                           
0001e270  SHT$$INIT_ARRAY$$Limit                                                                                                                          
0001e24d  SPI0_IRQHandler                                                                                                                                 
0001e24d  SPI1_IRQHandler                                                                                                                                 
0001e24d  SVC_Handler                                                                                                                                     
20204d24  StTextColor                                                                                                                                     
20204cc8  StX                                                                                                                                             
20204ccc  StY                                                                                                                                             
0001d231  SysTick_Handler                                                                                                                                 
20204714  TExaSLogic                                                                                                                                      
20204718  TExaSadc                                                                                                                                        
0001e24d  TIMA0_IRQHandler                                                                                                                                
0001e24d  TIMA1_IRQHandler                                                                                                                                
0001e24d  TIMG0_IRQHandler                                                                                                                                
0001b229  TIMG12_IRQHandler                                                                                                                               
0001e24d  TIMG6_IRQHandler                                                                                                                                
0001d385  TIMG7_IRQHandler                                                                                                                                
0001e24d  TIMG8_IRQHandler                                                                                                                                
0001dfe9  TI_memcpy_small                                                                                                                                 
0001e135  TI_memset_small                                                                                                                                 
0001e24d  UART0_IRQHandler                                                                                                                                
0001e24d  UART1_IRQHandler                                                                                                                                
0001c581  UART2_IRQHandler                                                                                                                                
0001e24d  UART3_IRQHandler                                                                                                                                
202044c0  _CIOBUF_                                                                                                                                        
0001e145  _Z10Clock_Freqv                                                                                                                                 
0001dda5  _Z10IRxmt_Initv                                                                                                                                 
0001ce75  _Z10Sound_Initv                                                                                                                                 
0001deed  _Z10Sound_Menuv                                                                                                                                 
0001e151  _Z10Sound_Stopv                                                                                                                                 
0001cd15  _Z10TExaS_InitP10ADC12_RegsjPFhvE                                                                                                               
0001b4c1  _Z10UART2_Initv                                                                                                                                 
0001c931  _Z10gameUpdatei                                                                                                                                 
0001e15d  _Z10gameWinnerv                                                                                                                                 
0001e01d  _Z10menuIsDonev                                                                                                                                 
0001e02d  _Z11Clock_Delayj                                                                                                                                
0001d5f5  _Z11SPI_OutDatac                                                                                                                                
0001de3d  _Z11ST7735_openPKcji                                                                                                                            
0001de53  _Z11ST7735_readiPcj                                                                                                                             
0001d275  _Z11Sound_StartPKhj                                                                                                                             
0001cd6d  _Z11Switch_Initv                                                                                                                                
00019de5  _Z11menu_updatev                                                                                                                                
0001bf41  _Z12ST7735_InitR10initRFlags                                                                                                                    
0001e1b1  _Z12ST7735_closei                                                                                                                               
0001e10b  _Z12ST7735_lseekili                                                                                                                             
0001d745  _Z12ST7735_writeiPKcj                                                                                                                           
0001df01  _Z12Sound_Selectv                                                                                                                               
0001d779  _Z12UART2_InCharv                                                                                                                               
0001e03d  _Z12gameFinishedv                                                                                                                               
0001c355  _Z12printWinLosev                                                                                                                               
0001e04d  _Z12readyForMenuv                                                                                                                               
0001dac9  _Z12tronMenuInitv                                                                                                                               
0001d62d  _Z12updateScreeni                                                                                                                               
0001d2b9  _Z13IRxmt_OutCharc                                                                                                                              
0001cc05  _Z13IRxmt_SendBiti                                                                                                                              
0001e169  _Z13ST7735_renamePKcS0_                                                                                                                         
0001e1bb  _Z13ST7735_unlinkPKc                                                                                                                            
0001d7ad  _Z14Clock_Delay1msj                                                                                                                             
0001c5fd  _Z14LaunchPad_Initv                                                                                                                             
0001d1a1  _Z14SPI_OutCommandc                                                                                                                             
0001b595  _Z14ST7735_OutCharc                                                                                                                             
0001ddc5  _Z14SysTick_IntArmjj                                                                                                                            
0001bb71  _Z14TimerG7_IntArmtjj                                                                                                                           
0001d665  _Z15ActivatePortA_Bv                                                                                                                            
00019c31  _Z15Clock_Init80MHzi                                                                                                                            
0001d919  _Z15ST7735_Color565hhh                                                                                                                          
0001aa71  _Z15ST7735_FillRectsssst                                                                                                                        
0001c109  _Z15TimerG12_IntArmjj                                                                                                                           
00019f95  _Z16ST7735_DrawCharSsscssh                                                                                                                      
0001c7e9  _Z16ST7735_DrawPixelsst                                                                                                                         
0001d7e1  _Z16ST7735_SetCursorjj                                                                                                                          
00019a21  _Z17ST7735_DrawBitmapssPKtss                                                                                                                    
0001c4fd  _Z17ST7735_DrawStringttPKcs                                                                                                                     
0001daf5  _Z17ST7735_FillScreent                                                                                                                          
0001bd65  _Z17ST7735_InitPrintfv                                                                                                                          
0001ad81  _Z18ST7735_SetRotationh                                                                                                                         
0001b961  _Z20ST7735_DrawFastHLinessst                                                                                                                    
0001ba11  _Z20ST7735_DrawFastVLinessst                                                                                                                    
0001dd61  _Z20ST7735_InvertDisplayi                                                                                                                       
0001ab89  _Z20periodic_menu_updatei                                                                                                                       
0001e05d  _Z28TExaS_LaunchPadLogicPB27PB26v                                                                                                               
0001ae75  _Z2upv                                                                                                                                          
0001b665  _Z4downv                                                                                                                                        
0001e175  _Z5Delayj                                                                                                                                       
0001d97d  _Z6LED_Onj                                                                                                                                      
0001d9ad  _Z7LED_Offj                                                                                                                                     
0001a821  _Z8ADC_InitP10ADC12_Regsjj                                                                                                                      
0001dd19  _Z8DAC5_Outh                                                                                                                                    
0001d2fd  _Z8LED_Initv                                                                                                                                    
0001e1c5  _Z8PLL_Initv                                                                                                                                    
0001ac89  _Z8SPI_Initv                                                                                                                                    
0001d69d  _Z8gameInitv                                                                                                                                    
0001dc29  _Z9ADC_StartP10ADC12_Regs                                                                                                                       
0001d505  _Z9DAC5_Initv                                                                                                                                   
0001d3c5  _Z9SPI_Resetv                                                                                                                                   
0001db21  _Z9Switch_Inv                                                                                                                                   
0001b141  _Z9UART_Initv                                                                                                                                   
0001b3e9  _Z9changeSetv                                                                                                                                   
0001c231  _ZN4Bike10collisionsES_                                                                                                                         
0001de69  _ZN4Bike11turnOffLineEb                                                                                                                         
0001bfd9  _ZN4Bike12displayCrashEv                                                                                                                        
0001d405  _ZN4Bike12firstDisplayEv                                                                                                                        
000191e9  _ZN4Bike12updateCornerEPKt                                                                                                                      
0001a135  _ZN4Bike14updateLocationEi                                                                                                                      
0001cdc5  _ZN4Bike5clearEv                                                                                                                                
0001de7f  _ZN4Bike5crashEv                                                                                                                                
0001d341  _ZN4Bike5resetEv                                                                                                                                
0001e181  _ZN4Bike6healthEv                                                                                                                               
0001968d  _ZN4Bike7displayEv                                                                                                                              
0001c679  _ZN4Bike8newPointEii                                                                                                                            
0001d1e9  _ZN4BikeC2Eibb                                                                                                                                  
0001df15  _ZN4BikeC2Ev                                                                                                                                    
0001be05  _ZN4MenuC2EPA4_NSt3__112basic_stringIcNS0_11char_traitsIcEENS0_9allocatorIcEEEEiPKi                                                             
0001da6d  _ZN4MenuD2Ev                                                                                                                                    
0001cec9  _ZN5Queue3GetEPc                                                                                                                                
0001cf1d  _ZN5Queue3PutEc                                                                                                                                 
0001dfa1  _ZN5Queue6IsFullEv                                                                                                                              
0001e06d  _ZN5Queue7IsEmptyEv                                                                                                                             
0001dfb3  _ZN5QueueC1Ev                                                                                                                                   
0001dfb3  _ZN5QueueC2Ev                                                                                                                                   
0001e07d  _ZN8Gameplay10isGameOverEv                                                                                                                      
0001b7f5  _ZN8Gameplay11updateLivesEv                                                                                                                     
0001d541  _ZN8Gameplay15toggleAbilitiesEbb                                                                                                                
0001c19d  _ZN8Gameplay5resetEv                                                                                                                            
0001a2d5  _ZN8Gameplay6updateEii                                                                                                                          
0001d445  _ZN8Gameplay8gameOverEv                                                                                                                         
0001d6d5  _ZN8Gameplay8newRoundEv                                                                                                                         
0001a5bd  _ZN8Gameplay9countDownEv                                                                                                                        
0001dd83  _ZN8Gameplay9getPacketEv                                                                                                                        
0001c2c3  _ZN8GameplayC2Eiib                                                                                                                              
0001c071  _ZN9Joystick213JoyStick_InitEv                                                                                                                  
0001c99d  _ZN9Joystick27ConvertEPiS0_                                                                                                                     
0001de95  _ZN9Joystick2C1Ejj                                                                                                                              
0001de95  _ZN9Joystick2C2Ejj                                                                                                                              
0001da9b  _ZNKSt3__112basic_stringIcNS_11char_traitsIcEENS_9allocatorIcEEE13__get_pointerB6v15007Ev                                                       
0001dfc5  _ZNKSt3__112basic_stringIcNS_11char_traitsIcEENS_9allocatorIcEEE18__get_long_pointerB6v15007Ev                                                  
0001deab  _ZNKSt3__112basic_stringIcNS_11char_traitsIcEENS_9allocatorIcEEE19__get_short_pointerB6v15007Ev                                                 
0001df29  _ZNKSt3__112basic_stringIcNS_11char_traitsIcEENS_9allocatorIcEEE4dataB6v15007Ev                                                                 
0001e08d  _ZNKSt3__112basic_stringIcNS_11char_traitsIcEENS_9allocatorIcEEE5c_strB6v15007Ev                                                                
0001dec1  _ZNKSt3__112basic_stringIcNS_11char_traitsIcEENS_9allocatorIcEEE9__is_longB6v15007Ev                                                            
0001e09d  _ZNKSt3__117__compressed_pairINS_12basic_stringIcNS_11char_traitsIcEENS_9allocatorIcEEE5__repES5_E5firstB6v15007Ev                              
0001e1cf  _ZNKSt3__122__compressed_pair_elemINS_12basic_stringIcNS_11char_traitsIcEENS_9allocatorIcEEE5__repELi0ELb0EE5__getB6v15007Ev                    
0001e0ad  _ZNSt3__111char_traitsIcE6lengthEPKc                                                                                                            
0001e1d9  _ZNSt3__112__to_addressB6v15007IKcEEPT_S3_                                                                                                      
0001e0bd  _ZNSt3__112basic_stringIcNS_11char_traitsIcEENS_9allocatorIcEEE14__default_initB6v15007Ev                                                       
0001cf71  _ZNSt3__112basic_stringIcNS_11char_traitsIcEENS_9allocatorIcEEE6__initEPKcj                                                                     
0001dcf1  _ZNSt3__112basic_stringIcNS_11char_traitsIcEENS_9allocatorIcEEE6__zeroB6v15007Ev                                                                
0001dd3d  _ZNSt3__112basic_stringIcNS_11char_traitsIcEENS_9allocatorIcEEEC2B6v15007Ev                                                                     
0001d94b  _ZNSt3__112basic_stringIcNS_11char_traitsIcEENS_9allocatorIcEEEC2B6v15007IDnEEPKc                                                               
0001df3d  _ZNSt3__112basic_stringIcNS_11char_traitsIcEENS_9allocatorIcEEED1Ev                                                                             
0001df3d  _ZNSt3__112basic_stringIcNS_11char_traitsIcEENS_9allocatorIcEEED2Ev                                                                             
0001a949  _ZNSt3__112basic_stringIcNS_11char_traitsIcEENS_9allocatorIcEEEaSERKS5_                                                                         
0001e1e3  _ZNSt3__114pointer_traitsIPKcE10pointer_toB6v15007ERS1_                                                                                         
0001e1ed  _ZNSt3__116__non_trivial_ifILb1ENS_9allocatorIcEEEC2B6v15007Ev                                                                                  
0001e0cd  _ZNSt3__117__compressed_pairINS_12basic_stringIcNS_11char_traitsIcEENS_9allocatorIcEEE5__repES5_E5firstB6v15007Ev                               
0001de03  _ZNSt3__117__compressed_pairINS_12basic_stringIcNS_11char_traitsIcEENS_9allocatorIcEEE5__repES5_EC2B6v15007INS_18__default_init_tagESA_EEOT_OT0_
0001e21b  _ZNSt3__119__debug_db_insert_cB6v15007INS_12basic_stringIcNS_11char_traitsIcEENS_9allocatorIcEEEEEEvPT_                                         
0001e1f7  _ZNSt3__122__compressed_pair_elemINS_12basic_stringIcNS_11char_traitsIcEENS_9allocatorIcEEE5__repELi0ELb0EE5__getB6v15007Ev                     
0001e201  _ZNSt3__122__compressed_pair_elemINS_12basic_stringIcNS_11char_traitsIcEENS_9allocatorIcEEE5__repELi0ELb0EEC2B6v15007ENS_18__default_init_tagE  
0001df51  _ZNSt3__122__compressed_pair_elemINS_9allocatorIcEELi1ELb1EEC2B6v15007ENS_18__default_init_tagE                                                 
0001df65  _ZNSt3__19allocatorIcEC2B6v15007Ev                                                                                                              
0001e18d  _ZSt15get_new_handlerv                                                                                                                          
0001e223  _ZdlPv                                                                                                                                          
0001cfc5  _Znwj                                                                                                                                           
202044c0  __CIOBUF_                                                                                                                                       
20208000  __STACK_END                                                                                                                                     
00000200  __STACK_SIZE                                                                                                                                    
00000200  __SYSMEM_SIZE                                                                                                                                   
00000000  __TI_ATRegion0_region_sz                                                                                                                        
00000000  __TI_ATRegion0_src_addr                                                                                                                         
00000000  __TI_ATRegion0_trg_addr                                                                                                                         
00000000  __TI_ATRegion1_region_sz                                                                                                                        
00000000  __TI_ATRegion1_src_addr                                                                                                                         
00000000  __TI_ATRegion1_trg_addr                                                                                                                         
00000000  __TI_ATRegion2_region_sz                                                                                                                        
00000000  __TI_ATRegion2_src_addr                                                                                                                         
00000000  __TI_ATRegion2_trg_addr                                                                                                                         
0001e374  __TI_CINIT_Base                                                                                                                                 
0001e384  __TI_CINIT_Limit                                                                                                                                
0001e384  __TI_CINIT_Warm                                                                                                                                 
0001e360  __TI_Handler_Table_Base                                                                                                                         
0001e36c  __TI_Handler_Table_Limit                                                                                                                        
0001d019  __TI_auto_init_nobinit                                                                                                                          
0001d815  __TI_cleanup                                                                                                                                    
20204ca8  __TI_cleanup_ptr                                                                                                                                
0001c6f5  __TI_closefile                                                                                                                                  
0001c771  __TI_decompress_lzss                                                                                                                            
0001dffb  __TI_decompress_none                                                                                                                            
0001d06d  __TI_doflush                                                                                                                                    
20204cac  __TI_dtors_ptr                                                                                                                                  
20204cd0  __TI_ft_end                                                                                                                                     
ffffffff  __TI_pprof_out_hndl                                                                                                                             
ffffffff  __TI_prof_data_size                                                                                                                             
ffffffff  __TI_prof_data_start                                                                                                                            
0001d849  __TI_readmsg                                                                                                                                    
00000000  __TI_static_base__                                                                                                                              
202045e0  __TI_tmpnams                                                                                                                                    
0001d87d  __TI_writemsg                                                                                                                                   
0001e0ed  __TI_zero_init                                                                                                                                  
0001ce1d  __aeabi_idiv                                                                                                                                    
0001a45b  __aeabi_idiv0                                                                                                                                   
0001ce1d  __aeabi_idivmod                                                                                                                                 
0001e199  __aeabi_memclr                                                                                                                                  
0001e199  __aeabi_memclr4                                                                                                                                 
0001e199  __aeabi_memclr8                                                                                                                                 
0001e22d  __aeabi_memcpy                                                                                                                                  
0001e22d  __aeabi_memcpy4                                                                                                                                 
0001e22d  __aeabi_memcpy8                                                                                                                                 
0001e235  __aeabi_memmove                                                                                                                                 
0001e235  __aeabi_memmove4                                                                                                                                
0001e235  __aeabi_memmove8                                                                                                                                
0001d485  __aeabi_uidiv                                                                                                                                   
0001d485  __aeabi_uidivmod                                                                                                                                
ffffffff  __binit__                                                                                                                                       
0001df79  __cxa_atexit                                                                                                                                    
0001ca09  __cxa_finalize                                                                                                                                  
[...]
0001e1bb  _Z13ST7735_unlinkPKc                                                                                                                            
0001e1c5  _Z8PLL_Initv                                                                                                                                    
0001e1cf  _ZNKSt3__122__compressed_pair_elemINS_12basic_stringIcNS_11char_traitsIcEENS_9allocatorIcEEE5__repELi0ELb0EE5__getB6v15007Ev                    
0001e1d9  _ZNSt3__112__to_addressB6v15007IKcEEPT_S3_                                                                                                      
0001e1e3  _ZNSt3__114pointer_traitsIPKcE10pointer_toB6v15007ERS1_                                                                                         
0001e1ed  _ZNSt3__116__non_trivial_ifILb1ENS_9allocatorIcEEEC2B6v15007Ev                                                                                  
0001e1f7  _ZNSt3__122__compressed_pair_elemINS_12basic_stringIcNS_11char_traitsIcEENS_9allocatorIcEEE5__repELi0ELb0EE5__getB6v15007Ev                     
0001e201  _ZNSt3__122__compressed_pair_elemINS_12basic_stringIcNS_11char_traitsIcEENS_9allocatorIcEEE5__repELi0ELb0EEC2B6v15007ENS_18__default_init_tagE  
0001e21b  _ZNSt3__119__debug_db_insert_cB6v15007INS_12basic_stringIcNS_11char_traitsIcEENS_9allocatorIcEEEEEEvPT_                                         
0001e223  _ZdlPv                                                                                                                                          
0001e22d  __aeabi_memcpy                                                                                                                                  
0001e22d  __aeabi_memcpy4                                                                                                                                 
0001e22d  __aeabi_memcpy8                                                                                                                                 
0001e235  __aeabi_memmove                                                                                                                                 
0001e235  __aeabi_memmove4                                                                                                                                
0001e235  __aeabi_memmove8                                                                                                                                
0001e23d  __cxa_ia64_exit                                                                                                                                 
0001e245  remove                                                                                                                                          
0001e24d  ADC0_IRQHandler                                                                                                                                 
0001e24d  ADC1_IRQHandler                                                                                                                                 
0001e24d  AES_IRQHandler                                                                                                                                  
0001e24d  CANFD0_IRQHandler                                                                                                                               
0001e24d  DAC0_IRQHandler                                                                                                                                 
0001e24d  DMA_IRQHandler                                                                                                                                  
0001e24d  Default_Handler                                                                                                                                 
0001e24d  GROUP0_IRQHandler                                                                                                                               
0001e24d  GROUP1_IRQHandler                                                                                                                               
0001e24d  I2C0_IRQHandler                                                                                                                                 
0001e24d  I2C1_IRQHandler                                                                                                                                 
0001e24d  NMI_Handler                                                                                                                                     
0001e24d  PendSV_Handler                                                                                                                                  
0001e24d  RTC_IRQHandler                                                                                                                                  
0001e24d  SPI0_IRQHandler                                                                                                                                 
0001e24d  SPI1_IRQHandler                                                                                                                                 
0001e24d  SVC_Handler                                                                                                                                     
0001e24d  TIMA0_IRQHandler                                                                                                                                
0001e24d  TIMA1_IRQHandler                                                                                                                                
0001e24d  TIMG0_IRQHandler                                                                                                                                
0001e24d  TIMG6_IRQHandler                                                                                                                                
0001e24d  TIMG8_IRQHandler                                                                                                                                
0001e24d  UART0_IRQHandler                                                                                                                                
0001e24d  UART1_IRQHandler                                                                                                                                
0001e24d  UART3_IRQHandler                                                                                                                                
0001e251  HardFault_Handler                                                                                                                               
0001e255  Reset_Handler                                                                                                                                   
0001e259  _system_pre_init                                                                                                                                
0001e25c  C$$EXIT                                                                                                                                         
0001e25d  abort                                                                                                                                           
0001e260  SHT$$INIT_ARRAY$$Base                                                                                                                           
0001e270  SHT$$INIT_ARRAY$$Limit                                                                                                                          
0001e360  __TI_Handler_Table_Base                                                                                                                         
0001e36c  __TI_Handler_Table_Limit                                                                                                                        
0001e374  __TI_CINIT_Base                                                                                                                                 
0001e384  __TI_CINIT_Limit                                                                                                                                
0001e384  __TI_CINIT_Warm                                                                                                                                 
20200000  __start___llvm_prf_bits                                                                                                                         
20200000  __start___llvm_prf_cnts                                                                                                                         
20200000  __stop___llvm_prf_bits                                                                                                                          
20200000  __stop___llvm_prf_cnts                                                                                                                          
20200000  visitedMatrix                                                                                                                                   
202044c0  _CIOBUF_                                                                                                                                        
202044c0  __CIOBUF_                                                                                                                                       
202045e0  __TI_tmpnams                                                                                                                                    
20204708  parmbuf                                                                                                                                         
20204710  LostData                                                                                                                                        
20204714  TExaSLogic                                                                                                                                      
20204718  TExaSadc                                                                                                                                        
20204720  curSound                                                                                                                                        
2020472c  menuFSM                                                                                                                                         
20204894  _ftable                                                                                                                                         
20204984  gameRunner                                                                                                                                      
20204a04  _device                                                                                                                                         
20204a7c  langText                                                                                                                                        
20204adc  mainText                                                                                                                                        
20204b3c  settText                                                                                                                                        
20204b9c  _stream                                                                                                                                         
20204bec  MainFSM                                                                                                                                         
20204c28  FIFO2                                                                                                                                           
20204c54  cycleSprites                                                                                                                                    
20204c74  settChange                                                                                                                                      
20204c84  langChange                                                                                                                                      
20204c90  mainChange                                                                                                                                      
20204c9c  speeds                                                                                                                                          
20204ca8  __TI_cleanup_ptr                                                                                                                                
20204cac  __TI_dtors_ptr                                                                                                                                  
20204cb0  axes                                                                                                                                            
20204cc4  BusFreq                                                                                                                                         
20204cc8  StX                                                                                                                                             
20204ccc  StY                                                                                                                                             
20204cd0  __TI_ft_end                                                                                                                                     
20204cd4  __cxa_new_handler                                                                                                                               
20204cd8  __dso_handle                                                                                                                                    
20204cdc  _lock                                                                                                                                           
20204ce0  _unlock                                                                                                                                         
20204ce4  bikeSpeed                                                                                                                                       
20204ce8  buttonInput                                                                                                                                     
20204cec  col                                                                                                                                             
20204cf0  currInd                                                                                                                                         
20204cf4  currLang                                                                                                                                        
20204cf8  currState                                                                                                                                       
20204cfc  ind                                                                                                                                             
20204d00  lasInd                                                                                                                                          
20204d04  lastInput                                                                                                                                       
20204d08  off                                                                                                                                             
20204d0c  period                                                                                                                                          
20204d10  priority                                                                                                                                        
20204d14  row                                                                                                                                             
20204d18  size                                                                                                                                            
20204d1c  xInput                                                                                                                                          
20204d20  yInput                                                                                                                                          
20204d24  StTextColor                                                                                                                                     
20204d2a  abilityEnabled                                                                                                                                  
20204d2b  done                                                                                                                                            
20204d2d  host                                                                                                                                            
20204d2e  joystickPacket                                                                                                                                  
20204d2f  lastIn                                                                                                                                          
20204d31  ready                                                                                                                                           
20204d32  semaphore                                                                                                                                       
20204d38  _sys_memory                                                                                                                                     
20207e00  __stack                                                                                                                                         
20208000  __STACK_END                                                                                                                                     
ffffffff  __TI_pprof_out_hndl                                                                                                                             
ffffffff  __TI_prof_data_size                                                                                                                             
ffffffff  __TI_prof_data_start                                                                                                                            
ffffffff  __binit__                                                                                                                                       
ffffffff  binit                                                                                                                                           
UNDEFED   __mpu_init                                                                                                                                      
UNDEFED   _system_post_cinit                                                                                                                              

[323 symbols]
