******************************************************************************
            TI ARM Clang Linker PC v3.2.1                      
******************************************************************************
>> Linked Mon Apr 22 23:53:59 2024

OUTPUT FILE NAME:   <ECE319K_Lab9H.out>
ENTRY POINT SYMBOL: "_c_int00_noargs"  address: 00019081


MEMORY CONFIGURATION

         name            origin    length      used     unused   attr    fill
----------------------  --------  ---------  --------  --------  ----  --------
  FLASH                 00000000   00020000  00019740  000068c0  R  X
  SRAM                  20200000   00008000  00005135  00002ecb  RW X
  BCR_CONFIG            41c00000   00000080  00000000  00000080  R   
  BSL_CONFIG            41c00100   00000080  00000000  00000080  R   


SEGMENT ALLOCATION MAP

run origin  load origin   length   init length attrs members
----------  ----------- ---------- ----------- ----- -------
00000000    00000000    00019740   00019740    r-x
  00000000    00000000    000000c0   000000c0    r-- .intvecs
  000000c0    000000c0    00014518   00014518    r-- .rodata
  000145d8    000145d8    00005040   00005040    r-x .text
  00019618    00019618    00000010   00000010    r-- .init_array
  00019628    00019628    00000118   00000118    r-- .cinit
20200000    20200000    00004f38   00000000    rw-
  20200000    20200000    0000472c   00000000    rw- .bss
  2020472c    2020472c    00000609   00000000    rw- .data
  20204d38    20204d38    00000200   00000000    rw- .sysmem
20207e00    20207e00    00000200   00000000    rw-
  20207e00    20207e00    00000200   00000000    rw- .stack


SECTION ALLOCATION MAP

 output                                  attributes/
section   page    origin      length       input sections
--------  ----  ----------  ----------   ----------------
.intvecs   0    00000000    000000c0     
                  00000000    000000c0     startup_mspm0g3507_ticlang.o (.intvecs)

.binit     0    00000000    00000000     

.text      0    000145d8    00005040     
                  000145d8    000004a4     GamePlay.o (.text._ZN4Bike12updateCornerEPKt)
                  00014a7c    00000394     GamePlay.o (.text._ZN4Bike7displayEv)
                  00014e10    00000210     ST7735.o (.text._Z17ST7735_DrawBitmapssPKtss)
                  00015020    000001b4     Clock.o (.text._Z15Clock_Init80MHzi)
                  000151d4    000001b0     menu.o (.text._Z11menu_updatev)
                  00015384    000001a0     ST7735.o (.text._Z16ST7735_DrawCharSsscssh)
                  00015524    000001a0     GamePlay.o (.text._ZN4Bike14updateLocationEi)
                  000156c4    00000186     GamePlay.o (.text._ZN8Gameplay6updateEii)
                  0001584a    00000002     libclang_rt.builtins.a : aeabi_div0.c.obj (.text.__aeabi_idiv0)
                  0001584c    00000160     libc.a : fopen.c.obj (.text._openfile)
                  000159ac    00000138     GamePlay.o (.text._ZN8Gameplay9countDownEv)
                  00015ae4    0000012c     libc.a : memory.c.obj (.text.aligned_alloc)
                  00015c10    00000128     TExaS.o (.text._Z8ADC_InitP10ADC12_Regsjj)
                  00015d38    00000128     libc++.a : string.cpp.obj (.text._ZNSt3__112basic_stringIcNS_11char_traitsIcEENS_9allocatorIcEEEaSERKS5_)
                  00015e60    00000118     ST7735.o (.text._Z15ST7735_FillRectsssst)
                  00015f78    00000100     menu.o (.text._Z20periodic_menu_updatei)
                  00016078    000000f8     SPI.o (.text._Z8SPI_Initv)
                  00016170    000000f4     ST7735.o (.text._Z18ST7735_SetRotationh)
                  00016264    000000f4     menu.o (.text._Z2upv)
                  00016358    000000ec     libsysbm.a : add_device.c.obj (.text.add_device)
                  00016444    000000ec     libc.a : memory.c.obj (.text.free)
                  00016530    000000e8     TExaS.o (.text._Z9UART_Initv)
                  00016618    000000e4     Lab9HMain.o (.text.TIMG12_IRQHandler)
                  000166fc    000000dc     libc.a : setvbuf.c.obj (.text.setvbuf)
                  000167d8    000000d8     menu.o (.text._Z9changeSetv)
                  000168b0    000000d4     UART2.o (.text._Z10UART2_Initv)
                  00016984    000000d0     ST7735.o (.text._Z14ST7735_OutCharc)
                  00016a54    000000cc     menu.o (.text._Z4downv)
                  00016b20    000000c4     Lab9HMain.o (.text.main)
                  00016be4    000000b8     GamePlay.o (.text._ZN8Gameplay11updateLivesEv)
                  00016c9c    000000b4     menu.o (.text.__cxx_global_var_init.5)
                  00016d50    000000b0     ST7735.o (.text._Z20ST7735_DrawFastHLinessst)
                  00016e00    000000b0     ST7735.o (.text._Z20ST7735_DrawFastVLinessst)
                  00016eb0    000000b0     menu.o (.text.__cxx_global_var_init)
                  00016f60    000000a8     Timer.o (.text._Z14TimerG7_IntArmtjj)
                  00017008    000000a8     libsysbm.a : open.c.obj (.text.open)
                  000170b0    000000a2     ST7735.o (.text._ZL11commandListPKh)
                  00017152    00000002     libc.a : _lock.c.obj (.text._nop)
                  00017154    000000a0     ST7735.o (.text._Z17ST7735_InitPrintfv)
                  000171f4    000000a0     menu.o (.text._ZN4MenuC2EPA4_NSt3__112basic_stringIcNS0_11char_traitsIcEENS0_9allocatorIcEEEEiPKi)
                  00017294    0000009c     libc.a : aeabi_atexit.c.obj (.text.atexit_register)
                  00017330    00000098     ST7735.o (.text._Z12ST7735_InitR10initRFlags)
                  000173c8    00000098     GamePlay.o (.text._ZN4Bike12displayCrashEv)
                  00017460    00000098     Joystick2.o (.text._ZN9Joystick213JoyStick_InitEv)
                  000174f8    00000094     Timer.o (.text._Z15TimerG12_IntArmjj)
                  0001758c    00000094     GamePlay.o (.text._ZN8Gameplay5resetEv)
                  00017620    00000092     GamePlay.o (.text._ZN4Bike10collisionsES_)
                  000176b2    00000092     GamePlay.o (.text._ZN8GameplayC2Eiib)
                  00017744    00000090     menu.o (.text.__cxx_global_var_init.13)
                  000177d4    00000088     ST7735.o (.text._ZL13setAddrWindowhhhh)
                  0001785c    00000084     ST7735.o (.text._Z17ST7735_DrawStringttPKcs)
                  000178e0    0000007c     UART2.o (.text.UART2_IRQHandler)
                  0001795c    0000007c     LaunchPad.o (.text._Z14LaunchPad_Initv)
                  000179d8    0000007c     GamePlay.o (.text._ZN4Bike8newPointEii)
                  00017a54    0000007c     libc.a : fclose.c.obj (.text.__TI_closefile)
                  00017ad0    00000078            : copy_decompress_lzss.c.obj (.text:decompress:lzss)
                  00017b48    00000070     ST7735.o (.text._Z16ST7735_DrawPixelsst)
                  00017bb8    0000006c     libsysbm.a : hostlseek.c.obj (.text.HOSTlseek)
                  00017c24    0000006c                : hostrename.c.obj (.text.HOSTrename)
                  00017c90    0000006c     GamePlay.o (.text._Z10gameUpdatei)
                  00017cfc    0000006c     Joystick2.o (.text._ZN9Joystick27ConvertEPiS0_)
                  00017d68    0000006c     libc.a : aeabi_atexit.c.obj (.text.__cxa_finalize)
                  00017dd4    00000068            : getdevice.c.obj (.text.getdevice)
                  00017e3c    00000064     menu.o (.text.__cxx_global_var_init.21)
                  00017ea0    00000064     libc.a : memory.c.obj (.text.split)
                  00017f04    00000060     libsysbm.a : hostopen.c.obj (.text.HOSTopen)
                  00017f64    00000060     IRxmt.o (.text._Z13IRxmt_SendBiti)
                  00017fc4    00000058     libsysbm.a : hostread.c.obj (.text.HOSTread)
                  0001801c    00000058                : hostwrite.c.obj (.text.HOSTwrite)
                  00018074    00000058     TExaS.o (.text._Z10TExaS_InitP10ADC12_RegsjPFhvE)
                  000180cc    00000058     Switch.o (.text._Z11Switch_Initv)
                  00018124    00000056     GamePlay.o (.text._ZN4Bike5clearEv)
                  0001817a    00000002     --HOLE-- [fill = 0]
                  0001817c    00000056     libclang_rt.builtins.a : aeabi_idivmod.S.obj (.text.__aeabi_idivmod)
                  000181d2    00000002     --HOLE-- [fill = 0]
                  000181d4    00000054     Sound.o (.text._Z10Sound_Initv)
                  00018228    00000054     GameDoneMenu.o (.text._Z12printWinLosev)
                  0001827c    00000054     FIFO2.o (.text._ZN5Queue3GetEPc)
                  000182d0    00000054     FIFO2.o (.text._ZN5Queue3PutEc)
                  00018324    00000054     libc++.a : string.cpp.obj (.text._ZNSt3__112basic_stringIcNS_11char_traitsIcEENS_9allocatorIcEEE6__initEPKcj)
                  00018378    00000054     libc++abi.a : stdlib_new_delete.cpp.obj (.text._Znwj)
                  000183cc    00000054     libc.a : autoinit.c.obj (.text:__TI_auto_init_nobinit)
                  00018420    00000052            : fflush.c.obj (.text.__TI_doflush)
                  00018472    00000002     --HOLE-- [fill = 0]
                  00018474    00000050     libsysbm.a : close.c.obj (.text.close)
                  000184c4    00000048                : hostclose.c.obj (.text.HOSTclose)
                  0001850c    00000048                : hostunlink.c.obj (.text.HOSTunlink)
                  00018554    00000048     SPI.o (.text._Z14SPI_OutCommandc)
                  0001859c    00000046     GamePlay.o (.text._ZN4BikeC2Eibb)
                  000185e2    00000002     --HOLE-- [fill = 0]
                  000185e4    00000044     Sound.o (.text.SysTick_Handler)
                  00018628    00000044     Sound.o (.text._Z11Sound_StartPKhj)
                  0001866c    00000044     IRxmt.o (.text._Z13IRxmt_OutCharc)
                  000186b0    00000044     LED.o (.text._Z8LED_Initv)
                  000186f4    00000044     GamePlay.o (.text._ZN4Bike5resetEv)
                  00018738    00000040     TExaS.o (.text.TIMG7_IRQHandler)
                  00018778    00000040     SPI.o (.text._Z9SPI_Resetv)
                  000187b8    00000040     GamePlay.o (.text._ZN4Bike12firstDisplayEv)
                  000187f8    00000040     GamePlay.o (.text._ZN8Gameplay8gameOverEv)
                  00018838    00000040     libclang_rt.builtins.a : aeabi_uidivmod.S.obj (.text.__aeabi_uidivmod)
                  00018878    00000040     libc.a : fopen.c.obj (.text._search_fp)
                  000188b8    0000003c     GameDoneMenu.o (.text._Z12updateScreeni)
                  000188f4    0000003c     DAC5.o (.text._Z9DAC5_Initv)
                  00018930    0000003c     GamePlay.o (.text._ZN8Gameplay15toggleAbilitiesEbb)
                  0001896c    0000003c     GamePlay.o (.text.__cxx_global_var_init.1)
                  000189a8    0000003c     GamePlay.o (.text.__cxx_global_var_init)
                  000189e4    00000038     SPI.o (.text._Z11SPI_OutDatac)
                  00018a1c    00000038     LaunchPad.o (.text._Z15ActivatePortA_Bv)
                  00018a54    00000038     GamePlay.o (.text._Z8gameInitv)
                  00018a8c    00000038     GamePlay.o (.text._ZN8Gameplay8newRoundEv)
                  00018ac4    00000038     libc.a : getdevice.c.obj (.text.finddevice)
                  00018afc    00000034     ST7735.o (.text._Z12ST7735_writeiPKcj)
                  00018b30    00000034     UART2.o (.text._Z12UART2_InCharv)
                  00018b64    00000034     Clock.o (.text._Z14Clock_Delay1msj)
                  00018b98    00000034     ST7735.o (.text._Z16ST7735_SetCursorjj)
                  00018bcc    00000034     libc.a : fopen.c.obj (.text.__TI_cleanup)
                  00018c00    00000034     libsysbm.a : trgmsg.c.obj (.text.__TI_readmsg)
                  00018c34    00000034                : trgmsg.c.obj (.text.__TI_writemsg)
                  00018c68    00000034     libc.a : exit.c.obj (.text.exit)
                  00018c9c    00000034            : fopen.c.obj (.text.freopen)
                  00018cd0    00000032     ST7735.o (.text._Z15ST7735_Color565hhh)
                  00018d02    00000032     menu.o (.text._ZNSt3__112basic_stringIcNS_11char_traitsIcEENS_9allocatorIcEEEC2B6v15007IDnEEPKc)
                  00018d34    00000030     LED.o (.text._Z6LED_Onj)
                  00018d64    00000030     LED.o (.text._Z7LED_Offj)
                  00018d94    00000030     ST7735.o (.text._ZL10commonInitPKh)
                  00018dc4    00000030     menu.o (.text.__cxx_global_array_dtor.22)
                  00018df4    00000030     libc.a : fopen.c.obj (.text.fopen)
                  00018e24    0000002e     menu.o (.text._ZN4MenuD2Ev)
                  00018e52    0000002e     menu.o (.text._ZNKSt3__112basic_stringIcNS_11char_traitsIcEENS_9allocatorIcEEE13__get_pointerB6v15007Ev)
                  00018e80    0000002c     menu.o (.text._Z12tronMenuInitv)
                  00018eac    0000002c     ST7735.o (.text._Z17ST7735_FillScreent)
                  00018ed8    0000002c     Switch.o (.text._Z9Switch_Inv)
                  00018f04    0000002c     menu.o (.text.__cxx_global_array_dtor.12)
                  00018f30    0000002c     menu.o (.text.__cxx_global_array_dtor.20)
                  00018f5c    0000002c     menu.o (.text.__cxx_global_array_dtor)
                  00018f88    0000002c     GamePlay.o (.text.__cxx_global_var_init.2)
                  00018fb4    0000002c     libsysbm.a : unlink.c.obj (.text.unlink)
                  00018fe0    00000028     TExaS.o (.text._Z9ADC_StartP10ADC12_Regs)
                  00019008    00000028     libc.a : memory.c.obj (.text.free_list_insert)
                  00019030    00000028            : memmov.c.obj (.text.memmove)
                  00019058    00000028     libsysbm.a : write.c.obj (.text.write)
                  00019080    00000028     libc.a : boot_cortex_m.c.obj (.text:_c_int00_noargs)
                  000190a8    00000026     menu.o (.text._ZNSt3__112basic_stringIcNS_11char_traitsIcEENS_9allocatorIcEEE6__zeroB6v15007Ev)
                  000190ce    00000002     --HOLE-- [fill = 0]
                  000190d0    00000024     DAC5.o (.text._Z8DAC5_Outh)
                  000190f4    00000024     menu.o (.text._ZNSt3__112basic_stringIcNS_11char_traitsIcEENS_9allocatorIcEEEC2B6v15007Ev)
                  00019118    00000022     ST7735.o (.text._Z20ST7735_InvertDisplayi)
                  0001913a    00000022     GamePlay.o (.text._ZN8Gameplay9getPacketEv)
                  0001915c    00000020     IRxmt.o (.text._Z10IRxmt_Initv)
                  0001917c    00000020     Sound.o (.text._Z14SysTick_IntArmjj)
                  0001919c    0000001e     ST7735.o (.text._ZL9pushColort)
                  000191ba    0000001e     menu.o (.text._ZNSt3__117__compressed_pairINS_12basic_stringIcNS_11char_traitsIcEENS_9allocatorIcEEE5__repES5_EC2B6v15007INS_18__default_init_tagESA_EEOT_OT0_)
                  000191d8    0000001c     libc.a : memory.c.obj (.text.free_list_remove)
                  000191f4    00000016     ST7735.o (.text._Z11ST7735_openPKcji)
                  0001920a    00000016     ST7735.o (.text._Z11ST7735_readiPcj)
                  00019220    00000016     GamePlay.o (.text._ZN4Bike11turnOffLineEb)
                  00019236    00000016     GamePlay.o (.text._ZN4Bike5crashEv)
                  0001924c    00000016     Joystick2.o (.text._ZN9Joystick2C2Ejj)
                  00019262    00000016     menu.o (.text._ZNKSt3__112basic_stringIcNS_11char_traitsIcEENS_9allocatorIcEEE19__get_short_pointerB6v15007Ev)
                  00019278    00000016     menu.o (.text._ZNKSt3__112basic_stringIcNS_11char_traitsIcEENS_9allocatorIcEEE9__is_longB6v15007Ev)
                  0001928e    00000014     menu.o (.text._GLOBAL__sub_I_menu.cpp)
                  000192a2    00000002     --HOLE-- [fill = 0]
                  000192a4    00000014     Sound.o (.text._Z10Sound_Menuv)
                  000192b8    00000014     Sound.o (.text._Z12Sound_Selectv)
                  000192cc    00000014     GamePlay.o (.text._ZN4BikeC2Ev)
                  000192e0    00000014     menu.o (.text._ZNKSt3__112basic_stringIcNS_11char_traitsIcEENS_9allocatorIcEEE4dataB6v15007Ev)
                  000192f4    00000014     libc++.a : string.cpp.obj (.text._ZNSt3__112basic_stringIcNS_11char_traitsIcEENS_9allocatorIcEEED2Ev)
                  00019308    00000014     menu.o (.text._ZNSt3__122__compressed_pair_elemINS_9allocatorIcEELi1ELb1EEC2B6v15007ENS_18__default_init_tagE)
                  0001931c    00000014     menu.o (.text._ZNSt3__19allocatorIcEC2B6v15007Ev)
                  00019330    00000014     libc.a : aeabi_atexit.c.obj (.text.__cxa_atexit)
                  00019344    00000014     Lab9HMain.o (.text.__cxx_global_var_init)
                  00019358    00000012     FIFO2.o (.text._ZN5Queue6IsFullEv)
                  0001936a    00000012     FIFO2.o (.text._ZN5QueueC2Ev)
                  0001937c    00000012     menu.o (.text._ZNKSt3__112basic_stringIcNS_11char_traitsIcEENS_9allocatorIcEEE18__get_long_pointerB6v15007Ev)
                  0001938e    00000012     libsysbm.a : hostrename.c.obj (.text.strcpy)
                  000193a0    00000012     libc.a : memcpy16.S.obj (.text:TI_memcpy_small)
                  000193b2    00000012            : copy_decompress_none.c.obj (.text:decompress:none)
                  000193c4    00000010     GamePlay.o (.text._GLOBAL__sub_I_GamePlay.cpp)
                  000193d4    00000010     menu.o (.text._Z10menuIsDonev)
                  000193e4    00000010     Clock.o (.text._Z11Clock_Delayj)
                  000193f4    00000010     GamePlay.o (.text._Z12gameFinishedv)
                  00019404    00000010     GameDoneMenu.o (.text._Z12readyForMenuv)
                  00019414    00000010     Lab9HMain.o (.text._Z28TExaS_LaunchPadLogicPB27PB26v)
                  00019424    00000010     FIFO2.o (.text._ZN5Queue7IsEmptyEv)
                  00019434    00000010     GamePlay.o (.text._ZN8Gameplay10isGameOverEv)
                  00019444    00000010     menu.o (.text._ZNKSt3__112basic_stringIcNS_11char_traitsIcEENS_9allocatorIcEEE5c_strB6v15007Ev)
                  00019454    00000010     menu.o (.text._ZNKSt3__117__compressed_pairINS_12basic_stringIcNS_11char_traitsIcEENS_9allocatorIcEEE5__repES5_E5firstB6v15007Ev)
                  00019464    00000010     menu.o (.text._ZNSt3__111char_traitsIcE6lengthEPKc)
                  00019474    00000010     menu.o (.text._ZNSt3__112basic_stringIcNS_11char_traitsIcEENS_9allocatorIcEEE14__default_initB6v15007Ev)
                  00019484    00000010     menu.o (.text._ZNSt3__117__compressed_pairINS_12basic_stringIcNS_11char_traitsIcEENS_9allocatorIcEEE5__repES5_E5firstB6v15007Ev)
                  00019494    00000010     UART2.o (.text.__cxx_global_var_init)
                  000194a4    00000010     libc.a : copy_zero_init.c.obj (.text:decompress:ZI)
                  000194b4    0000000e            : memory.c.obj (.text.OUTLINED_FUNCTION_0)
                  000194c2    0000000e     ST7735.o (.text._Z12ST7735_lseekili)
                  000194d0    0000000e     libc.a : strlen.c.obj (.text.strlen)
                  000194de    0000000e     libsysbm.a : hostrename.c.obj (.text.strlen)
                  000194ec    0000000e     libc.a : memset16.S.obj (.text:TI_memset_small)
                  000194fa    00000002     --HOLE-- [fill = 0]
                  000194fc    0000000c     Clock.o (.text._Z10Clock_Freqv)
                  00019508    0000000c     Sound.o (.text._Z10Sound_Stopv)
                  00019514    0000000c     GamePlay.o (.text._Z10gameWinnerv)
                  00019520    0000000c     ST7735.o (.text._Z13ST7735_renamePKcS0_)
                  0001952c    0000000c     IRxmt.o (.text._Z5Delayj)
                  00019538    0000000c     GamePlay.o (.text._ZN4Bike6healthEv)
                  00019544    0000000c     libc++abi.a : cxa_handlers.cpp.obj (.text._ZSt15get_new_handlerv)
                  00019550    0000000c     libclang_rt.builtins.a : aeabi_memset.S.obj (.text.__aeabi_memclr)
                  0001955c    0000000c     libc.a : memory.c.obj (.text.malloc)
                  00019568    0000000a     ST7735.o (.text._Z12ST7735_closei)
                  00019572    0000000a     ST7735.o (.text._Z13ST7735_unlinkPKc)
                  0001957c    0000000a     Lab9HMain.o (.text._Z8PLL_Initv)
                  00019586    0000000a     menu.o (.text._ZNKSt3__122__compressed_pair_elemINS_12basic_stringIcNS_11char_traitsIcEENS_9allocatorIcEEE5__repELi0ELb0EE5__getB6v15007Ev)
                  00019590    0000000a     menu.o (.text._ZNSt3__112__to_addressB6v15007IKcEEPT_S3_)
                  0001959a    0000000a     menu.o (.text._ZNSt3__114pointer_traitsIPKcE10pointer_toB6v15007ERS1_)
                  000195a4    0000000a     menu.o (.text._ZNSt3__116__non_trivial_ifILb1ENS_9allocatorIcEEEC2B6v15007Ev)
                  000195ae    0000000a     menu.o (.text._ZNSt3__122__compressed_pair_elemINS_12basic_stringIcNS_11char_traitsIcEENS_9allocatorIcEEE5__repELi0ELb0EE5__getB6v15007Ev)
                  000195b8    0000000a     menu.o (.text._ZNSt3__122__compressed_pair_elemINS_12basic_stringIcNS_11char_traitsIcEENS_9allocatorIcEEE5__repELi0ELb0EEC2B6v15007ENS_18__default_init_tagE)
                  000195c2    00000008     Lab9HMain.o (.text._GLOBAL__sub_I_Lab9HMain.cpp)
                  000195ca    00000008     UART2.o (.text._GLOBAL__sub_I_UART2.cpp)
                  000195d2    00000008     menu.o (.text._ZNSt3__119__debug_db_insert_cB6v15007INS_12basic_stringIcNS_11char_traitsIcEENS_9allocatorIcEEEEEEvPT_)
                  000195da    00000008     libc++abi.a : stdlib_new_delete.cpp.obj (.text._ZdlPv)
                  000195e2    00000002     --HOLE-- [fill = 0]
                  000195e4    00000008     libclang_rt.builtins.a : aeabi_memcpy.S.obj (.text.__aeabi_memcpy)
                  000195ec    00000008                            : aeabi_memmove.S.obj (.text.__aeabi_memmove)
                  000195f4    00000008     libc.a : aeabi_atexit.c.obj (.text.__cxa_ia64_exit)
                  000195fc    00000008     libsysbm.a : remove.c.obj (.text.remove)
                  00019604    00000004     startup_mspm0g3507_ticlang.o (.text.Default_Handler)
                  00019608    00000004     startup_mspm0g3507_ticlang.o (.text.HardFault_Handler)
                  0001960c    00000004     startup_mspm0g3507_ticlang.o (.text.Reset_Handler)
                  00019610    00000004     libc.a : pre_init.c.obj (.text._system_pre_init)
                  00019614    00000004            : exit.c.obj (.text:abort)

.cinit     0    00019628    00000118     
                  00019628    000000f3     (.cinit..data.load) [load image, compression = lzss]
                  0001971b    00000001     --HOLE-- [fill = 0]
                  0001971c    0000000c     (__TI_handler_table)
                  00019728    00000008     (.cinit..bss.load) [load image, compression = zero_init]
                  00019730    00000010     (__TI_cinit_table)

.rodata    0    000000c0    00014518     
                  000000c0    0000a000     menu.o (.rodata._ZL13tron_menu_img)
                  0000a0c0    00002d9c     GameDoneMenu.o (.rodata._ZL7YouLose)
                  0000ce5c    00001e78     GameDoneMenu.o (.rodata._ZL6YouWin)
                  0000ecd4    00001800     Sound.o (.rodata._ZL14TronMenuSelect)
                  000104d4    00000f00     Sound.o (.rodata._ZL9MenuSound)
                  000113d4    00000cd0     GamePlay.o (.rodata._ZL9one_image)
                  000120a4    00000c80     GamePlay.o (.rodata._ZL11three_image)
                  00012d24    00000c80     GamePlay.o (.rodata._ZL9two_image)
                  000139a4    000004fb     ST7735.o (.rodata._ZL4Font)
                  00013e9f    00000001     --HOLE-- [fill = 0]
                  00013ea0    000000a2     GamePlay.o (.rodata._ZL12ExplosionOne)
                  00013f42    000000a2     GamePlay.o (.rodata._ZL12ExplosionTwo)
                  00013fe4    000000a2     GamePlay.o (.rodata._ZL13ExplosionFour)
                  00014086    000000a2     GamePlay.o (.rodata._ZL14ExplosionThree)
                  00014128    000000a2     GamePlay.o (.rodata._ZL8RedHeart)
                  000141ca    000000a2     GamePlay.o (.rodata._ZL9BlueHeart)
                  0001426c    00000046     GamePlay.o (.rodata._ZL10UpRedCycle)
                  000142b2    00000046     GamePlay.o (.rodata._ZL11UpBlueCycle)
                  000142f8    00000046     GamePlay.o (.rodata._ZL12DownRedCycle)
                  0001433e    00000046     GamePlay.o (.rodata._ZL12LeftRedCycle)
                  00014384    00000046     GamePlay.o (.rodata._ZL13DownBlueCycle)
                  000143ca    00000046     GamePlay.o (.rodata._ZL13LeftBlueCycle)
                  00014410    00000046     GamePlay.o (.rodata._ZL13RightRedCycle)
                  00014456    00000046     GamePlay.o (.rodata._ZL14RightBlueCycle)
                  0001449c    0000003b     ST7735.o (.rodata._ZL5Rcmd1)
                  000144d7    0000002b     ST7735.o (.rodata._ZL5Rcmd3)
                  00014502    00000016     ST7735.o (.rodata.str1.131696582137495765941)
                  00014518    0000000d     ST7735.o (.rodata._ZL10Rcmd2green)
                  00014525    0000000d     ST7735.o (.rodata._ZL8Rcmd2red)
                  00014532    00000009     menu.o (.rodata.str1.114793701521291410291)
                  0001453b    00000009     menu.o (.rodata.str1.152844668465687054501)
                  00014544    00000009     menu.o (.rodata.str1.43344253877813655741)
                  0001454d    00000009     menu.o (.rodata.str1.59352028943064177451)
                  00014556    00000009     menu.o (.rodata.str1.81609088239885430801)
                  0001455f    00000008     menu.o (.rodata.str1.102567634636123109261)
                  00014567    00000008     menu.o (.rodata.str1.173213289727903394671)
                  0001456f    00000008     menu.o (.rodata.str1.18654542343258509881)
                  00014577    00000008     ST7735.o (.rodata.str1.86012262618455636901)
                  0001457f    00000007     menu.o (.rodata.str1.106080763620002280141)
                  00014586    00000007     ST7735.o (.rodata.str1.114990493261766323881)
                  0001458d    00000007     menu.o (.rodata.str1.121165265712081410371)
                  00014594    00000007     menu.o (.rodata.str1.23717824096920018761)
                  0001459b    00000007     ST7735.o (.rodata.str1.34205522212527886751)
                  000145a2    00000007     menu.o (.rodata.str1.4515836270289371911)
                  000145a9    00000007     menu.o (.rodata.str1.74997160766714330521)
                  000145b0    00000006     menu.o (.rodata.str1.180546244946655119331)
                  000145b6    00000005     menu.o (.rodata.str1.110986731793232197011)
                  000145bb    00000005     menu.o (.rodata.str1.23545670429919334371)
                  000145c0    00000005     menu.o (.rodata.str1.55696074319151882151)
                  000145c5    00000002     ST7735.o (.rodata.str1.105087110211667939411)
                  000145c7    00000002     menu.o (.rodata.str1.123183616927295083011)
                  000145c9    00000002     menu.o (.rodata.str1.142783162394880212271)
                  000145cb    00000002     menu.o (.rodata.str1.161462869409870619401)
                  000145cd    00000002     menu.o (.rodata.str1.175215292397905939431)
                  000145cf    00000002     menu.o (.rodata.str1.5226134088729676321)
                  000145d1    00000007     --HOLE-- [fill = 0]

.init_array 
*          0    00019618    00000010     
                  00019618    00000004     menu.o (.init_array)
                  0001961c    00000004     UART2.o (.init_array)
                  00019620    00000004     Lab9HMain.o (.init_array)
                  00019624    00000004     GamePlay.o (.init_array)

.bss       0    20200000    0000472c     UNINITIALIZED
                  20200000    000044c0     GamePlay.o (.bss.visitedMatrix)
                  202044c0    00000120     libsysbm.a : trgmsg.c.obj (.bss:_CIOBUF_)
                  202045e0    000000a0     libc.a : defs.c.obj (.bss.__TI_tmpnams)
                  20204680    00000088            : aeabi_atexit.c.obj (.bss.atexit_register.__atexit0)
                  20204708    00000008     libsysbm.a : hostopen.c.obj (.bss.parmbuf)
                  20204710    00000004     UART2.o (.bss.LostData)
                  20204714    00000004     TExaS.o (.bss.TExaSLogic)
                  20204718    00000004     TExaS.o (.bss.TExaSadc)
                  2020471c    00000004     libc.a : aeabi_atexit.c.obj (.bss.__atexit)
                  20204720    00000004     Sound.o (.bss.curSound)
                  20204724    00000004     libc.a : memory.c.obj (.bss.sys_free)
                  20204728    00000001     ST7735.o (.bss._ZL8ColStart)
                  20204729    00000001     ST7735.o (.bss._ZL8Rotation)
                  2020472a    00000001     ST7735.o (.bss._ZL8RowStart)
                  2020472b    00000001     ST7735.o (.bss._ZL8TabColor)

.data      0    2020472c    00000609     UNINITIALIZED
                  2020472c    00000168     menu.o (.data.menuFSM)
                  20204894    000000f0     libc.a : defs.c.obj (.data._ftable)
                  20204984    00000080     GamePlay.o (.data.gameRunner)
                  20204a04    00000078     libsysbm.a : host_device.c.obj (.data._device)
                  20204a7c    00000060     menu.o (.data.langText)
                  20204adc    00000060     menu.o (.data.mainText)
                  20204b3c    00000060     menu.o (.data.settText)
                  20204b9c    00000050     libsysbm.a : host_device.c.obj (.data._stream)
                  20204bec    0000003c     Lab9HMain.o (.data.MainFSM)
                  20204c28    0000002c     UART2.o (.data.FIFO2)
                  20204c54    00000020     GamePlay.o (.data.cycleSprites)
                  20204c74    00000010     menu.o (.data.settChange)
                  20204c84    0000000c     menu.o (.data.langChange)
                  20204c90    0000000c     menu.o (.data.mainChange)
                  20204c9c    0000000c     menu.o (.data.speeds)
                  20204ca8    00000008     libc.a : exit.c.obj (.data..L_MergedGlobals)
                  20204cb0    00000008     Lab9HMain.o (.data.axes)
                  20204cb8    00000006     GamePlay.o (.data._ZL8redTrail)
                  20204cbe    00000006     GamePlay.o (.data._ZL9blueTrail)
                  20204cc4    00000004     Clock.o (.data.BusFreq)
                  20204cc8    00000004     ST7735.o (.data.StX)
                  20204ccc    00000004     ST7735.o (.data.StY)
                  20204cd0    00000004     libc.a : defs.c.obj (.data.__TI_ft_end)
                  20204cd4    00000004     libc++abi.a : cxa_default_handlers.cpp.obj (.data.__cxa_new_handler)
                  20204cd8    00000004     libc.a : exit.c.obj (.data.__dso_handle)
                  20204cdc    00000004            : _lock.c.obj (.data._lock)
                  20204ce0    00000004            : _lock.c.obj (.data._unlock)
                  20204ce4    00000004     menu.o (.data.bikeSpeed)
                  20204ce8    00000004     Lab9HMain.o (.data.buttonInput)
                  20204cec    00000004     menu.o (.data.col)
                  20204cf0    00000004     menu.o (.data.currInd)
                  20204cf4    00000004     menu.o (.data.currLang)
                  20204cf8    00000004     Lab9HMain.o (.data.currState)
                  20204cfc    00000004     Sound.o (.data.ind)
                  20204d00    00000004     menu.o (.data.lasInd)
                  20204d04    00000004     menu.o (.data.lastInput)
                  20204d08    00000004     menu.o (.data.off)
                  20204d0c    00000004     Sound.o (.data.period)
                  20204d10    00000004     Sound.o (.data.priority)
                  20204d14    00000004     menu.o (.data.row)
                  20204d18    00000004     Sound.o (.data.size)
                  20204d1c    00000004     Lab9HMain.o (.data.xInput)
                  20204d20    00000004     Lab9HMain.o (.data.yInput)
                  20204d24    00000002     ST7735.o (.data.StTextColor)
                  20204d26    00000002     ST7735.o (.data._ZL6_width)
                  20204d28    00000002     ST7735.o (.data._ZL7_height)
                  20204d2a    00000001     menu.o (.data.abilityEnabled)
                  20204d2b    00000001     menu.o (.data.done)
                  20204d2c    00000001     libsysbm.a : add_device.c.obj (.data.add_device.device_init)
                  20204d2d    00000001     menu.o (.data.host)
                  20204d2e    00000001     Lab9HMain.o (.data.joystickPacket)
                  20204d2f    00000001     GameDoneMenu.o (.data.lastIn)
                  20204d30    00000001     libc.a : memory.c.obj (.data.memory_is_initialized)
                  20204d31    00000001     GameDoneMenu.o (.data.ready)
                  20204d32    00000001     Lab9HMain.o (.data.semaphore)
                  20204d33    00000001     --HOLE--
                  20204d34    00000001     libsysbm.a : open.c.obj (.data.open.stream_init)

.sysmem    0    20204d38    00000200     UNINITIALIZED
                  20204d38    00000010     libc.a : memory.c.obj (.sysmem)
                  20204d48    000001f0     --HOLE--

.stack     0    20207e00    00000200     UNINITIALIZED
                  20207e00    00000004     libc.a : boot_cortex_m.c.obj (.stack)
                  20207e04    000001fc     --HOLE--

__llvm_prf_cnts 
*          0    20200000    00000000     UNINITIALIZED

__llvm_prf_bits 
*          0    20200000    00000000     UNINITIALIZED

MODULE SUMMARY

       Module                         code    ro data   rw data
       ------                         ----    -------   -------
    .\
       menu.o                         2888    41099     735    
       GamePlay.o                     5088    11216     17772  
       GameDoneMenu.o                 160     19476     2      
       Sound.o                        304     9984      20     
       ST7735.o                       3282    1449      18     
       TExaS.o                        720     0         8      
       Lab9HMain.o                    478     4         86     
       Clock.o                        516     0         4      
       UART2.o                        412     4         48     
       SPI.o                          440     0         0      
       Timer.o                        316     0         0      
       Joystick2.o                    282     0         0      
       FIFO2.o                        220     0         0      
       IRxmt.o                        208     0         0      
       LaunchPad.o                    180     0         0      
       LED.o                          164     0         0      
       Switch.o                       132     0         0      
       DAC5.o                         96      0         0      
    +--+------------------------------+-------+---------+---------+
       Total:                         15886   83232     18693  
                                                               
    .\ticlang\
       startup_mspm0g3507_ticlang.o   12      192       0      
    +--+------------------------------+-------+---------+---------+
       Total:                         12      192       0      
                                                               
    C:\ti\ccs1260\ccs\tools\compiler\ti-cgt-armllvm_3.2.1.LTS\lib\armv6m-ti-none-eabi/c/libc.a
       memory.c.obj                   730     0         5      
       fopen.c.obj                    568     0         0      
       aeabi_atexit.c.obj             292     0         140    
       defs.c.obj                     0       0         404    
       setvbuf.c.obj                  220     0         0      
       getdevice.c.obj                160     0         0      
       fclose.c.obj                   124     0         0      
       copy_decompress_lzss.c.obj     120     0         0      
       autoinit.c.obj                 84      0         0      
       fflush.c.obj                   82      0         0      
       exit.c.obj                     56      0         12     
       boot_cortex_m.c.obj            40      0         0      
       memmov.c.obj                   40      0         0      
       copy_decompress_none.c.obj     18      0         0      
       memcpy16.S.obj                 18      0         0      
       copy_zero_init.c.obj           16      0         0      
       memset16.S.obj                 14      0         0      
       strlen.c.obj                   14      0         0      
       _lock.c.obj                    2       0         8      
       pre_init.c.obj                 4       0         0      
    +--+------------------------------+-------+---------+---------+
       Total:                         2602    0         569    
                                                               
    C:\ti\ccs1260\ccs\tools\compiler\ti-cgt-armllvm_3.2.1.LTS\lib\armv6m-ti-none-eabi/c/libsysbm.a
       trgmsg.c.obj                   104     0         288    
       add_device.c.obj               236     0         1      
       host_device.c.obj              0       0         200    
       open.c.obj                     168     0         1      
       hostrename.c.obj               140     0         0      
       hostlseek.c.obj                108     0         0      
       hostopen.c.obj                 96      0         8      
       hostread.c.obj                 88      0         0      
       hostwrite.c.obj                88      0         0      
       close.c.obj                    80      0         0      
       hostclose.c.obj                72      0         0      
       hostunlink.c.obj               72      0         0      
       unlink.c.obj                   44      0         0      
       write.c.obj                    40      0         0      
       remove.c.obj                   8       0         0      
    +--+------------------------------+-------+---------+---------+
       Total:                         1344    0         498    
                                                               
    C:\ti\ccs1260\ccs\tools\compiler\ti-cgt-armllvm_3.2.1.LTS\lib\armv6m-ti-none-eabi/libc++.a
       string.cpp.obj                 400     0         0      
    +--+------------------------------+-------+---------+---------+
       Total:                         400     0         0      
                                                               
    C:\ti\ccs1260\ccs\tools\compiler\ti-cgt-armllvm_3.2.1.LTS\lib\armv6m-ti-none-eabi/libc++abi.a
       stdlib_new_delete.cpp.obj      92      0         0      
       cxa_handlers.cpp.obj           12      0         0      
       cxa_default_handlers.cpp.obj   0       0         4      
    +--+------------------------------+-------+---------+---------+
       Total:                         104     0         4      
                                                               
    C:\ti\ccs1260\ccs\tools\compiler\ti-cgt-armllvm_3.2.1.LTS\lib\clang/15.0.7/lib/armv6m-ti-none-eabi/libclang_rt.builtins.a
       aeabi_idivmod.S.obj            86      0         0      
       aeabi_uidivmod.S.obj           64      0         0      
       aeabi_memset.S.obj             12      0         0      
       aeabi_memcpy.S.obj             8       0         0      
       aeabi_memmove.S.obj            8       0         0      
       aeabi_div0.c.obj               2       0         0      
    +--+------------------------------+-------+---------+---------+
       Total:                         180     0         0      
                                                               
       Heap:                          0       0         512    
       Stack:                         0       0         512    
       Linker Generated:              0       279       0      
    +--+------------------------------+-------+---------+---------+
       Grand Total:                   20528   83703     20788  


LINKER GENERATED COPY TABLES

__TI_cinit_table @ 00019730 records: 2, size/record: 8, table size: 16
	.data: load addr=00019628, load size=000000f3 bytes, run addr=2020472c, run size=00000609 bytes, compression=lzss
	.bss: load addr=00019728, load size=00000008 bytes, run addr=20200000, run size=0000472c bytes, compression=zero_init


LINKER GENERATED HANDLER TABLE

__TI_handler_table @ 0001971c records: 3, size/record: 4, table size: 12
	index: 0, handler: __TI_decompress_lzss
	index: 1, handler: __TI_decompress_none
	index: 2, handler: __TI_zero_init


GLOBAL SYMBOLS: SORTED ALPHABETICALLY BY Name 

address   name                                                                                                                                            
-------   ----                                                                                                                                            
00019605  ADC0_IRQHandler                                                                                                                                 
00019605  ADC1_IRQHandler                                                                                                                                 
00019605  AES_IRQHandler                                                                                                                                  
20204cc4  BusFreq                                                                                                                                         
00019614  C$$EXIT                                                                                                                                         
00018c61  C$$IO$$                                                                                                                                         
00019605  CANFD0_IRQHandler                                                                                                                               
00019605  DAC0_IRQHandler                                                                                                                                 
00019605  DMA_IRQHandler                                                                                                                                  
00019605  Default_Handler                                                                                                                                 
20204c28  FIFO2                                                                                                                                           
00019605  GROUP0_IRQHandler                                                                                                                               
00019605  GROUP1_IRQHandler                                                                                                                               
000184c5  HOSTclose                                                                                                                                       
00017bb9  HOSTlseek                                                                                                                                       
00017f05  HOSTopen                                                                                                                                        
00017fc5  HOSTread                                                                                                                                        
00017c25  HOSTrename                                                                                                                                      
0001850d  HOSTunlink                                                                                                                                      
0001801d  HOSTwrite                                                                                                                                       
00019609  HardFault_Handler                                                                                                                               
00019605  I2C0_IRQHandler                                                                                                                                 
00019605  I2C1_IRQHandler                                                                                                                                 
20204710  LostData                                                                                                                                        
20204bec  MainFSM                                                                                                                                         
00019605  NMI_Handler                                                                                                                                     
00019605  PendSV_Handler                                                                                                                                  
00019605  RTC_IRQHandler                                                                                                                                  
0001960d  Reset_Handler                                                                                                                                   
00019618  SHT$$INIT_ARRAY$$Base                                                                                                                           
00019628  SHT$$INIT_ARRAY$$Limit                                                                                                                          
00019605  SPI0_IRQHandler                                                                                                                                 
00019605  SPI1_IRQHandler                                                                                                                                 
00019605  SVC_Handler                                                                                                                                     
20204d24  StTextColor                                                                                                                                     
20204cc8  StX                                                                                                                                             
20204ccc  StY                                                                                                                                             
000185e5  SysTick_Handler                                                                                                                                 
20204714  TExaSLogic                                                                                                                                      
20204718  TExaSadc                                                                                                                                        
00019605  TIMA0_IRQHandler                                                                                                                                
00019605  TIMA1_IRQHandler                                                                                                                                
00019605  TIMG0_IRQHandler                                                                                                                                
00016619  TIMG12_IRQHandler                                                                                                                               
00019605  TIMG6_IRQHandler                                                                                                                                
00018739  TIMG7_IRQHandler                                                                                                                                
00019605  TIMG8_IRQHandler                                                                                                                                
000193a1  TI_memcpy_small                                                                                                                                 
000194ed  TI_memset_small                                                                                                                                 
00019605  UART0_IRQHandler                                                                                                                                
00019605  UART1_IRQHandler                                                                                                                                
000178e1  UART2_IRQHandler                                                                                                                                
00019605  UART3_IRQHandler                                                                                                                                
202044c0  _CIOBUF_                                                                                                                                        
000194fd  _Z10Clock_Freqv                                                                                                                                 
0001915d  _Z10IRxmt_Initv                                                                                                                                 
000181d5  _Z10Sound_Initv                                                                                                                                 
000192a5  _Z10Sound_Menuv                                                                                                                                 
00019509  _Z10Sound_Stopv                                                                                                                                 
00018075  _Z10TExaS_InitP10ADC12_RegsjPFhvE                                                                                                               
000168b1  _Z10UART2_Initv                                                                                                                                 
00017c91  _Z10gameUpdatei                                                                                                                                 
00019515  _Z10gameWinnerv                                                                                                                                 
000193d5  _Z10menuIsDonev                                                                                                                                 
000193e5  _Z11Clock_Delayj                                                                                                                                
000189e5  _Z11SPI_OutDatac                                                                                                                                
000191f5  _Z11ST7735_openPKcji                                                                                                                            
0001920b  _Z11ST7735_readiPcj                                                                                                                             
00018629  _Z11Sound_StartPKhj                                                                                                                             
000180cd  _Z11Switch_Initv                                                                                                                                
000151d5  _Z11menu_updatev                                                                                                                                
00017331  _Z12ST7735_InitR10initRFlags                                                                                                                    
00019569  _Z12ST7735_closei                                                                                                                               
000194c3  _Z12ST7735_lseekili                                                                                                                             
00018afd  _Z12ST7735_writeiPKcj                                                                                                                           
000192b9  _Z12Sound_Selectv                                                                                                                               
00018b31  _Z12UART2_InCharv                                                                                                                               
000193f5  _Z12gameFinishedv                                                                                                                               
00018229  _Z12printWinLosev                                                                                                                               
00019405  _Z12readyForMenuv                                                                                                                               
00018e81  _Z12tronMenuInitv                                                                                                                               
000188b9  _Z12updateScreeni                                                                                                                               
0001866d  _Z13IRxmt_OutCharc                                                                                                                              
00017f65  _Z13IRxmt_SendBiti                                                                                                                              
00019521  _Z13ST7735_renamePKcS0_                                                                                                                         
00019573  _Z13ST7735_unlinkPKc                                                                                                                            
00018b65  _Z14Clock_Delay1msj                                                                                                                             
0001795d  _Z14LaunchPad_Initv                                                                                                                             
00018555  _Z14SPI_OutCommandc                                                                                                                             
00016985  _Z14ST7735_OutCharc                                                                                                                             
0001917d  _Z14SysTick_IntArmjj                                                                                                                            
00016f61  _Z14TimerG7_IntArmtjj                                                                                                                           
00018a1d  _Z15ActivatePortA_Bv                                                                                                                            
00015021  _Z15Clock_Init80MHzi                                                                                                                            
00018cd1  _Z15ST7735_Color565hhh                                                                                                                          
00015e61  _Z15ST7735_FillRectsssst                                                                                                                        
000174f9  _Z15TimerG12_IntArmjj                                                                                                                           
00015385  _Z16ST7735_DrawCharSsscssh                                                                                                                      
00017b49  _Z16ST7735_DrawPixelsst                                                                                                                         
00018b99  _Z16ST7735_SetCursorjj                                                                                                                          
00014e11  _Z17ST7735_DrawBitmapssPKtss                                                                                                                    
0001785d  _Z17ST7735_DrawStringttPKcs                                                                                                                     
00018ead  _Z17ST7735_FillScreent                                                                                                                          
00017155  _Z17ST7735_InitPrintfv                                                                                                                          
00016171  _Z18ST7735_SetRotationh                                                                                                                         
00016d51  _Z20ST7735_DrawFastHLinessst                                                                                                                    
00016e01  _Z20ST7735_DrawFastVLinessst                                                                                                                    
00019119  _Z20ST7735_InvertDisplayi                                                                                                                       
00015f79  _Z20periodic_menu_updatei                                                                                                                       
00019415  _Z28TExaS_LaunchPadLogicPB27PB26v                                                                                                               
00016265  _Z2upv                                                                                                                                          
00016a55  _Z4downv                                                                                                                                        
0001952d  _Z5Delayj                                                                                                                                       
00018d35  _Z6LED_Onj                                                                                                                                      
00018d65  _Z7LED_Offj                                                                                                                                     
00015c11  _Z8ADC_InitP10ADC12_Regsjj                                                                                                                      
000190d1  _Z8DAC5_Outh                                                                                                                                    
000186b1  _Z8LED_Initv                                                                                                                                    
0001957d  _Z8PLL_Initv                                                                                                                                    
00016079  _Z8SPI_Initv                                                                                                                                    
00018a55  _Z8gameInitv                                                                                                                                    
00018fe1  _Z9ADC_StartP10ADC12_Regs                                                                                                                       
000188f5  _Z9DAC5_Initv                                                                                                                                   
00018779  _Z9SPI_Resetv                                                                                                                                   
00018ed9  _Z9Switch_Inv                                                                                                                                   
00016531  _Z9UART_Initv                                                                                                                                   
000167d9  _Z9changeSetv                                                                                                                                   
00017621  _ZN4Bike10collisionsES_                                                                                                                         
00019221  _ZN4Bike11turnOffLineEb                                                                                                                         
000173c9  _ZN4Bike12displayCrashEv                                                                                                                        
000187b9  _ZN4Bike12firstDisplayEv                                                                                                                        
000145d9  _ZN4Bike12updateCornerEPKt                                                                                                                      
00015525  _ZN4Bike14updateLocationEi                                                                                                                      
00018125  _ZN4Bike5clearEv                                                                                                                                
00019237  _ZN4Bike5crashEv                                                                                                                                
000186f5  _ZN4Bike5resetEv                                                                                                                                
00019539  _ZN4Bike6healthEv                                                                                                                               
00014a7d  _ZN4Bike7displayEv                                                                                                                              
000179d9  _ZN4Bike8newPointEii                                                                                                                            
0001859d  _ZN4BikeC2Eibb                                                                                                                                  
000192cd  _ZN4BikeC2Ev                                                                                                                                    
000171f5  _ZN4MenuC2EPA4_NSt3__112basic_stringIcNS0_11char_traitsIcEENS0_9allocatorIcEEEEiPKi                                                             
00018e25  _ZN4MenuD2Ev                                                                                                                                    
0001827d  _ZN5Queue3GetEPc                                                                                                                                
000182d1  _ZN5Queue3PutEc                                                                                                                                 
00019359  _ZN5Queue6IsFullEv                                                                                                                              
00019425  _ZN5Queue7IsEmptyEv                                                                                                                             
0001936b  _ZN5QueueC1Ev                                                                                                                                   
0001936b  _ZN5QueueC2Ev                                                                                                                                   
00019435  _ZN8Gameplay10isGameOverEv                                                                                                                      
00016be5  _ZN8Gameplay11updateLivesEv                                                                                                                     
00018931  _ZN8Gameplay15toggleAbilitiesEbb                                                                                                                
0001758d  _ZN8Gameplay5resetEv                                                                                                                            
000156c5  _ZN8Gameplay6updateEii                                                                                                                          
000187f9  _ZN8Gameplay8gameOverEv                                                                                                                         
00018a8d  _ZN8Gameplay8newRoundEv                                                                                                                         
000159ad  _ZN8Gameplay9countDownEv                                                                                                                        
0001913b  _ZN8Gameplay9getPacketEv                                                                                                                        
000176b3  _ZN8GameplayC2Eiib                                                                                                                              
00017461  _ZN9Joystick213JoyStick_InitEv                                                                                                                  
00017cfd  _ZN9Joystick27ConvertEPiS0_                                                                                                                     
0001924d  _ZN9Joystick2C1Ejj                                                                                                                              
0001924d  _ZN9Joystick2C2Ejj                                                                                                                              
00018e53  _ZNKSt3__112basic_stringIcNS_11char_traitsIcEENS_9allocatorIcEEE13__get_pointerB6v15007Ev                                                       
0001937d  _ZNKSt3__112basic_stringIcNS_11char_traitsIcEENS_9allocatorIcEEE18__get_long_pointerB6v15007Ev                                                  
00019263  _ZNKSt3__112basic_stringIcNS_11char_traitsIcEENS_9allocatorIcEEE19__get_short_pointerB6v15007Ev                                                 
000192e1  _ZNKSt3__112basic_stringIcNS_11char_traitsIcEENS_9allocatorIcEEE4dataB6v15007Ev                                                                 
00019445  _ZNKSt3__112basic_stringIcNS_11char_traitsIcEENS_9allocatorIcEEE5c_strB6v15007Ev                                                                
00019279  _ZNKSt3__112basic_stringIcNS_11char_traitsIcEENS_9allocatorIcEEE9__is_longB6v15007Ev                                                            
00019455  _ZNKSt3__117__compressed_pairINS_12basic_stringIcNS_11char_traitsIcEENS_9allocatorIcEEE5__repES5_E5firstB6v15007Ev                              
00019587  _ZNKSt3__122__compressed_pair_elemINS_12basic_stringIcNS_11char_traitsIcEENS_9allocatorIcEEE5__repELi0ELb0EE5__getB6v15007Ev                    
00019465  _ZNSt3__111char_traitsIcE6lengthEPKc                                                                                                            
00019591  _ZNSt3__112__to_addressB6v15007IKcEEPT_S3_                                                                                                      
00019475  _ZNSt3__112basic_stringIcNS_11char_traitsIcEENS_9allocatorIcEEE14__default_initB6v15007Ev                                                       
00018325  _ZNSt3__112basic_stringIcNS_11char_traitsIcEENS_9allocatorIcEEE6__initEPKcj                                                                     
000190a9  _ZNSt3__112basic_stringIcNS_11char_traitsIcEENS_9allocatorIcEEE6__zeroB6v15007Ev                                                                
000190f5  _ZNSt3__112basic_stringIcNS_11char_traitsIcEENS_9allocatorIcEEEC2B6v15007Ev                                                                     
00018d03  _ZNSt3__112basic_stringIcNS_11char_traitsIcEENS_9allocatorIcEEEC2B6v15007IDnEEPKc                                                               
000192f5  _ZNSt3__112basic_stringIcNS_11char_traitsIcEENS_9allocatorIcEEED1Ev                                                                             
000192f5  _ZNSt3__112basic_stringIcNS_11char_traitsIcEENS_9allocatorIcEEED2Ev                                                                             
00015d39  _ZNSt3__112basic_stringIcNS_11char_traitsIcEENS_9allocatorIcEEEaSERKS5_                                                                         
0001959b  _ZNSt3__114pointer_traitsIPKcE10pointer_toB6v15007ERS1_                                                                                         
000195a5  _ZNSt3__116__non_trivial_ifILb1ENS_9allocatorIcEEEC2B6v15007Ev                                                                                  
00019485  _ZNSt3__117__compressed_pairINS_12basic_stringIcNS_11char_traitsIcEENS_9allocatorIcEEE5__repES5_E5firstB6v15007Ev                               
000191bb  _ZNSt3__117__compressed_pairINS_12basic_stringIcNS_11char_traitsIcEENS_9allocatorIcEEE5__repES5_EC2B6v15007INS_18__default_init_tagESA_EEOT_OT0_
000195d3  _ZNSt3__119__debug_db_insert_cB6v15007INS_12basic_stringIcNS_11char_traitsIcEENS_9allocatorIcEEEEEEvPT_                                         
000195af  _ZNSt3__122__compressed_pair_elemINS_12basic_stringIcNS_11char_traitsIcEENS_9allocatorIcEEE5__repELi0ELb0EE5__getB6v15007Ev                     
000195b9  _ZNSt3__122__compressed_pair_elemINS_12basic_stringIcNS_11char_traitsIcEENS_9allocatorIcEEE5__repELi0ELb0EEC2B6v15007ENS_18__default_init_tagE  
00019309  _ZNSt3__122__compressed_pair_elemINS_9allocatorIcEELi1ELb1EEC2B6v15007ENS_18__default_init_tagE                                                 
0001931d  _ZNSt3__19allocatorIcEC2B6v15007Ev                                                                                                              
00019545  _ZSt15get_new_handlerv                                                                                                                          
000195db  _ZdlPv                                                                                                                                          
00018379  _Znwj                                                                                                                                           
202044c0  __CIOBUF_                                                                                                                                       
20208000  __STACK_END                                                                                                                                     
00000200  __STACK_SIZE                                                                                                                                    
00000200  __SYSMEM_SIZE                                                                                                                                   
00000000  __TI_ATRegion0_region_sz                                                                                                                        
00000000  __TI_ATRegion0_src_addr                                                                                                                         
00000000  __TI_ATRegion0_trg_addr                                                                                                                         
00000000  __TI_ATRegion1_region_sz                                                                                                                        
00000000  __TI_ATRegion1_src_addr                                                                                                                         
00000000  __TI_ATRegion1_trg_addr                                                                                                                         
00000000  __TI_ATRegion2_region_sz                                                                                                                        
00000000  __TI_ATRegion2_src_addr                                                                                                                         
00000000  __TI_ATRegion2_trg_addr                                                                                                                         
00019730  __TI_CINIT_Base                                                                                                                                 
00019740  __TI_CINIT_Limit                                                                                                                                
00019740  __TI_CINIT_Warm                                                                                                                                 
0001971c  __TI_Handler_Table_Base                                                                                                                         
00019728  __TI_Handler_Table_Limit                                                                                                                        
000183cd  __TI_auto_init_nobinit                                                                                                                          
00018bcd  __TI_cleanup                                                                                                                                    
20204ca8  __TI_cleanup_ptr                                                                                                                                
00017a55  __TI_closefile                                                                                                                                  
00017ad1  __TI_decompress_lzss                                                                                                                            
000193b3  __TI_decompress_none                                                                                                                            
00018421  __TI_doflush                                                                                                                                    
20204cac  __TI_dtors_ptr                                                                                                                                  
20204cd0  __TI_ft_end                                                                                                                                     
ffffffff  __TI_pprof_out_hndl                                                                                                                             
ffffffff  __TI_prof_data_size                                                                                                                             
ffffffff  __TI_prof_data_start                                                                                                                            
00018c01  __TI_readmsg                                                                                                                                    
00000000  __TI_static_base__                                                                                                                              
202045e0  __TI_tmpnams                                                                                                                                    
00018c35  __TI_writemsg                                                                                                                                   
000194a5  __TI_zero_init                                                                                                                                  
0001817d  __aeabi_idiv                                                                                                                                    
0001584b  __aeabi_idiv0                                                                                                                                   
0001817d  __aeabi_idivmod                                                                                                                                 
00019551  __aeabi_memclr                                                                                                                                  
00019551  __aeabi_memclr4                                                                                                                                 
00019551  __aeabi_memclr8                                                                                                                                 
000195e5  __aeabi_memcpy                                                                                                                                  
000195e5  __aeabi_memcpy4                                                                                                                                 
000195e5  __aeabi_memcpy8                                                                                                                                 
000195ed  __aeabi_memmove                                                                                                                                 
000195ed  __aeabi_memmove4                                                                                                                                
000195ed  __aeabi_memmove8                                                                                                                                
00018839  __aeabi_uidiv                                                                                                                                   
00018839  __aeabi_uidivmod                                                                                                                                
ffffffff  __binit__                                                                                                                                       
00019331  __cxa_atexit                                                                                                                                    
00017d69  __cxa_finalize                                                                                                                                  
000195f5  __cxa_ia64_exit                                                                                                                                 
20204cd4  __cxa_new_handler                                                                                                                               
[...]
00019573  _Z13ST7735_unlinkPKc                                                                                                                            
0001957d  _Z8PLL_Initv                                                                                                                                    
00019587  _ZNKSt3__122__compressed_pair_elemINS_12basic_stringIcNS_11char_traitsIcEENS_9allocatorIcEEE5__repELi0ELb0EE5__getB6v15007Ev                    
00019591  _ZNSt3__112__to_addressB6v15007IKcEEPT_S3_                                                                                                      
0001959b  _ZNSt3__114pointer_traitsIPKcE10pointer_toB6v15007ERS1_                                                                                         
000195a5  _ZNSt3__116__non_trivial_ifILb1ENS_9allocatorIcEEEC2B6v15007Ev                                                                                  
000195af  _ZNSt3__122__compressed_pair_elemINS_12basic_stringIcNS_11char_traitsIcEENS_9allocatorIcEEE5__repELi0ELb0EE5__getB6v15007Ev                     
000195b9  _ZNSt3__122__compressed_pair_elemINS_12basic_stringIcNS_11char_traitsIcEENS_9allocatorIcEEE5__repELi0ELb0EEC2B6v15007ENS_18__default_init_tagE  
000195d3  _ZNSt3__119__debug_db_insert_cB6v15007INS_12basic_stringIcNS_11char_traitsIcEENS_9allocatorIcEEEEEEvPT_                                         
000195db  _ZdlPv                                                                                                                                          
000195e5  __aeabi_memcpy                                                                                                                                  
000195e5  __aeabi_memcpy4                                                                                                                                 
000195e5  __aeabi_memcpy8                                                                                                                                 
000195ed  __aeabi_memmove                                                                                                                                 
000195ed  __aeabi_memmove4                                                                                                                                
000195ed  __aeabi_memmove8                                                                                                                                
000195f5  __cxa_ia64_exit                                                                                                                                 
000195fd  remove                                                                                                                                          
00019605  ADC0_IRQHandler                                                                                                                                 
00019605  ADC1_IRQHandler                                                                                                                                 
00019605  AES_IRQHandler                                                                                                                                  
00019605  CANFD0_IRQHandler                                                                                                                               
00019605  DAC0_IRQHandler                                                                                                                                 
00019605  DMA_IRQHandler                                                                                                                                  
00019605  Default_Handler                                                                                                                                 
00019605  GROUP0_IRQHandler                                                                                                                               
00019605  GROUP1_IRQHandler                                                                                                                               
00019605  I2C0_IRQHandler                                                                                                                                 
00019605  I2C1_IRQHandler                                                                                                                                 
00019605  NMI_Handler                                                                                                                                     
00019605  PendSV_Handler                                                                                                                                  
00019605  RTC_IRQHandler                                                                                                                                  
00019605  SPI0_IRQHandler                                                                                                                                 
00019605  SPI1_IRQHandler                                                                                                                                 
00019605  SVC_Handler                                                                                                                                     
00019605  TIMA0_IRQHandler                                                                                                                                
00019605  TIMA1_IRQHandler                                                                                                                                
00019605  TIMG0_IRQHandler                                                                                                                                
00019605  TIMG6_IRQHandler                                                                                                                                
00019605  TIMG8_IRQHandler                                                                                                                                
00019605  UART0_IRQHandler                                                                                                                                
00019605  UART1_IRQHandler                                                                                                                                
00019605  UART3_IRQHandler                                                                                                                                
00019609  HardFault_Handler                                                                                                                               
0001960d  Reset_Handler                                                                                                                                   
00019611  _system_pre_init                                                                                                                                
00019614  C$$EXIT                                                                                                                                         
00019615  abort                                                                                                                                           
00019618  SHT$$INIT_ARRAY$$Base                                                                                                                           
00019628  SHT$$INIT_ARRAY$$Limit                                                                                                                          
0001971c  __TI_Handler_Table_Base                                                                                                                         
00019728  __TI_Handler_Table_Limit                                                                                                                        
00019730  __TI_CINIT_Base                                                                                                                                 
00019740  __TI_CINIT_Limit                                                                                                                                
00019740  __TI_CINIT_Warm                                                                                                                                 
20200000  __start___llvm_prf_bits                                                                                                                         
20200000  __start___llvm_prf_cnts                                                                                                                         
20200000  __stop___llvm_prf_bits                                                                                                                          
20200000  __stop___llvm_prf_cnts                                                                                                                          
20200000  visitedMatrix                                                                                                                                   
202044c0  _CIOBUF_                                                                                                                                        
202044c0  __CIOBUF_                                                                                                                                       
202045e0  __TI_tmpnams                                                                                                                                    
20204708  parmbuf                                                                                                                                         
20204710  LostData                                                                                                                                        
20204714  TExaSLogic                                                                                                                                      
20204718  TExaSadc                                                                                                                                        
20204720  curSound                                                                                                                                        
2020472c  menuFSM                                                                                                                                         
20204894  _ftable                                                                                                                                         
20204984  gameRunner                                                                                                                                      
20204a04  _device                                                                                                                                         
20204a7c  langText                                                                                                                                        
20204adc  mainText                                                                                                                                        
20204b3c  settText                                                                                                                                        
20204b9c  _stream                                                                                                                                         
20204bec  MainFSM                                                                                                                                         
20204c28  FIFO2                                                                                                                                           
20204c54  cycleSprites                                                                                                                                    
20204c74  settChange                                                                                                                                      
20204c84  langChange                                                                                                                                      
20204c90  mainChange                                                                                                                                      
20204c9c  speeds                                                                                                                                          
20204ca8  __TI_cleanup_ptr                                                                                                                                
20204cac  __TI_dtors_ptr                                                                                                                                  
20204cb0  axes                                                                                                                                            
20204cc4  BusFreq                                                                                                                                         
20204cc8  StX                                                                                                                                             
20204ccc  StY                                                                                                                                             
20204cd0  __TI_ft_end                                                                                                                                     
20204cd4  __cxa_new_handler                                                                                                                               
20204cd8  __dso_handle                                                                                                                                    
20204cdc  _lock                                                                                                                                           
20204ce0  _unlock                                                                                                                                         
20204ce4  bikeSpeed                                                                                                                                       
20204ce8  buttonInput                                                                                                                                     
20204cec  col                                                                                                                                             
20204cf0  currInd                                                                                                                                         
20204cf4  currLang                                                                                                                                        
20204cf8  currState                                                                                                                                       
20204cfc  ind                                                                                                                                             
20204d00  lasInd                                                                                                                                          
20204d04  lastInput                                                                                                                                       
20204d08  off                                                                                                                                             
20204d0c  period                                                                                                                                          
20204d10  priority                                                                                                                                        
20204d14  row                                                                                                                                             
20204d18  size                                                                                                                                            
20204d1c  xInput                                                                                                                                          
20204d20  yInput                                                                                                                                          
20204d24  StTextColor                                                                                                                                     
20204d2a  abilityEnabled                                                                                                                                  
20204d2b  done                                                                                                                                            
20204d2d  host                                                                                                                                            
20204d2e  joystickPacket                                                                                                                                  
20204d2f  lastIn                                                                                                                                          
20204d31  ready                                                                                                                                           
20204d32  semaphore                                                                                                                                       
20204d38  _sys_memory                                                                                                                                     
20207e00  __stack                                                                                                                                         
20208000  __STACK_END                                                                                                                                     
ffffffff  __TI_pprof_out_hndl                                                                                                                             
ffffffff  __TI_prof_data_size                                                                                                                             
ffffffff  __TI_prof_data_start                                                                                                                            
ffffffff  __binit__                                                                                                                                       
ffffffff  binit                                                                                                                                           
UNDEFED   __mpu_init                                                                                                                                      
UNDEFED   _system_post_cinit                                                                                                                              

[323 symbols]
