******************************************************************************
            TI ARM Clang Linker PC v3.2.1                      
******************************************************************************
>> Linked Mon Apr 22 18:31:24 2024

OUTPUT FILE NAME:   <ECE319K_Lab9H.out>
ENTRY POINT SYMBOL: "_c_int00_noargs"  address: 000143d9


MEMORY CONFIGURATION

         name            origin    length      used     unused   attr    fill
----------------------  --------  ---------  --------  --------  ----  --------
  FLASH                 00000000   00020000  00014a68  0000b598  R  X
  SRAM                  20200000   00008000  00005121  00002edf  RW X
  BCR_CONFIG            41c00000   00000080  00000000  00000080  R   
  BSL_CONFIG            41c00100   00000080  00000000  00000080  R   


SEGMENT ALLOCATION MAP

run origin  load origin   length   init length attrs members
----------  ----------- ---------- ----------- ----- -------
00000000    00000000    00014a68   00014a68    r-x
  00000000    00000000    000000c0   000000c0    r-- .intvecs
  000000c0    000000c0    0000f900   0000f900    r-- .rodata
  0000f9c0    0000f9c0    00004f98   00004f98    r-x .text
  00014958    00014958    00000010   00000010    r-- .init_array
  00014968    00014968    00000100   00000100    r-- .cinit
20200000    20200000    00004f28   00000000    rw-
  20200000    20200000    0000472c   00000000    rw- .bss
  2020472c    2020472c    000005f5   00000000    rw- .data
  20204d28    20204d28    00000200   00000000    rw- .sysmem
20207e00    20207e00    00000200   00000000    rw-
  20207e00    20207e00    00000200   00000000    rw- .stack


SECTION ALLOCATION MAP

 output                                  attributes/
section   page    origin      length       input sections
--------  ----  ----------  ----------   ----------------
.intvecs   0    00000000    000000c0     
                  00000000    000000c0     startup_mspm0g3507_ticlang.o (.intvecs)

.binit     0    00000000    00000000     

.text      0    0000f9c0    00004f98     
                  0000f9c0    000004a4     GamePlay.o (.text._ZN4Bike12updateCornerEPKt)
                  0000fe64    00000394     GamePlay.o (.text._ZN4Bike7displayEv)
                  000101f8    00000210     ST7735.o (.text._Z17ST7735_DrawBitmapssPKtss)
                  00010408    000001b4     Clock.o (.text._Z15Clock_Init80MHzi)
                  000105bc    000001b0     menu.o (.text._Z11menu_updatev)
                  0001076c    000001a0     ST7735.o (.text._Z16ST7735_DrawCharSsscssh)
                  0001090c    000001a0     GamePlay.o (.text._ZN4Bike14updateLocationEi)
                  00010aac    00000186     GamePlay.o (.text._ZN8Gameplay6updateEii)
                  00010c32    00000002     libclang_rt.builtins.a : aeabi_div0.c.obj (.text.__aeabi_idiv0)
                  00010c34    00000160     libc.a : fopen.c.obj (.text._openfile)
                  00010d94    00000138     GamePlay.o (.text._ZN8Gameplay9countDownEv)
                  00010ecc    0000012c     libc.a : memory.c.obj (.text.aligned_alloc)
                  00010ff8    00000128     TExaS.o (.text._Z8ADC_InitP10ADC12_Regsjj)
                  00011120    00000128     libc++.a : string.cpp.obj (.text._ZNSt3__112basic_stringIcNS_11char_traitsIcEENS_9allocatorIcEEEaSERKS5_)
                  00011248    00000118     ST7735.o (.text._Z15ST7735_FillRectsssst)
                  00011360    00000100     menu.o (.text._Z20periodic_menu_updatei)
                  00011460    000000f8     SPI.o (.text._Z8SPI_Initv)
                  00011558    000000f4     ST7735.o (.text._Z18ST7735_SetRotationh)
                  0001164c    000000f4     menu.o (.text._Z2upv)
                  00011740    000000ec     libsysbm.a : add_device.c.obj (.text.add_device)
                  0001182c    000000ec     libc.a : memory.c.obj (.text.free)
                  00011918    000000e8     TExaS.o (.text._Z9UART_Initv)
                  00011a00    000000e4     Lab9HMain.o (.text.TIMG12_IRQHandler)
                  00011ae4    000000dc     libc.a : setvbuf.c.obj (.text.setvbuf)
                  00011bc0    000000d8     menu.o (.text._Z9changeSetv)
                  00011c98    000000d4     UART2.o (.text._Z10UART2_Initv)
                  00011d6c    000000d0     ST7735.o (.text._Z14ST7735_OutCharc)
                  00011e3c    000000cc     menu.o (.text._Z4downv)
                  00011f08    000000c4     Lab9HMain.o (.text.main)
                  00011fcc    000000b8     GamePlay.o (.text._ZN8Gameplay11updateLivesEv)
                  00012084    000000b4     menu.o (.text.__cxx_global_var_init.5)
                  00012138    000000b0     ST7735.o (.text._Z20ST7735_DrawFastHLinessst)
                  000121e8    000000b0     ST7735.o (.text._Z20ST7735_DrawFastVLinessst)
                  00012298    000000b0     menu.o (.text.__cxx_global_var_init)
                  00012348    000000a8     Timer.o (.text._Z14TimerG7_IntArmtjj)
                  000123f0    000000a8     libsysbm.a : open.c.obj (.text.open)
                  00012498    000000a2     ST7735.o (.text._ZL11commandListPKh)
                  0001253a    00000002     libc.a : _lock.c.obj (.text._nop)
                  0001253c    000000a0     ST7735.o (.text._Z17ST7735_InitPrintfv)
                  000125dc    000000a0     menu.o (.text._ZN4MenuC2EPA4_NSt3__112basic_stringIcNS0_11char_traitsIcEENS0_9allocatorIcEEEEiPKi)
                  0001267c    0000009c     libc.a : aeabi_atexit.c.obj (.text.atexit_register)
                  00012718    00000098     ST7735.o (.text._Z12ST7735_InitR10initRFlags)
                  000127b0    00000098     GamePlay.o (.text._ZN4Bike12displayCrashEv)
                  00012848    00000098     Joystick2.o (.text._ZN9Joystick213JoyStick_InitEv)
                  000128e0    00000094     Timer.o (.text._Z15TimerG12_IntArmjj)
                  00012974    00000094     GamePlay.o (.text._ZN8Gameplay5resetEv)
                  00012a08    00000092     GamePlay.o (.text._ZN4Bike10collisionsES_)
                  00012a9a    00000092     GamePlay.o (.text._ZN8GameplayC2Eiib)
                  00012b2c    00000090     menu.o (.text.__cxx_global_var_init.13)
                  00012bbc    00000088     ST7735.o (.text._ZL13setAddrWindowhhhh)
                  00012c44    00000084     ST7735.o (.text._Z17ST7735_DrawStringttPKcs)
                  00012cc8    0000007c     UART2.o (.text.UART2_IRQHandler)
                  00012d44    0000007c     LaunchPad.o (.text._Z14LaunchPad_Initv)
                  00012dc0    0000007c     GamePlay.o (.text._ZN4Bike8newPointEii)
                  00012e3c    0000007c     libc.a : fclose.c.obj (.text.__TI_closefile)
                  00012eb8    00000078            : copy_decompress_lzss.c.obj (.text:decompress:lzss)
                  00012f30    00000070     ST7735.o (.text._Z16ST7735_DrawPixelsst)
                  00012fa0    0000006c     libsysbm.a : hostlseek.c.obj (.text.HOSTlseek)
                  0001300c    0000006c                : hostrename.c.obj (.text.HOSTrename)
                  00013078    0000006c     GamePlay.o (.text._Z10gameUpdatei)
                  000130e4    0000006c     Joystick2.o (.text._ZN9Joystick27ConvertEPiS0_)
                  00013150    0000006c     libc.a : aeabi_atexit.c.obj (.text.__cxa_finalize)
                  000131bc    00000068            : getdevice.c.obj (.text.getdevice)
                  00013224    00000064     menu.o (.text.__cxx_global_var_init.21)
                  00013288    00000064     libc.a : memory.c.obj (.text.split)
                  000132ec    00000060     libsysbm.a : hostopen.c.obj (.text.HOSTopen)
                  0001334c    00000060     IRxmt.o (.text._Z13IRxmt_SendBiti)
                  000133ac    00000058     libsysbm.a : hostread.c.obj (.text.HOSTread)
                  00013404    00000058                : hostwrite.c.obj (.text.HOSTwrite)
                  0001345c    00000058     TExaS.o (.text._Z10TExaS_InitP10ADC12_RegsjPFhvE)
                  000134b4    00000058     Switch.o (.text._Z11Switch_Initv)
                  0001350c    00000056     GamePlay.o (.text._ZN4Bike5clearEv)
                  00013562    00000002     --HOLE-- [fill = 0]
                  00013564    00000056     libclang_rt.builtins.a : aeabi_idivmod.S.obj (.text.__aeabi_idivmod)
                  000135ba    00000002     --HOLE-- [fill = 0]
                  000135bc    00000054     Sound.o (.text._Z10Sound_Initv)
                  00013610    00000054     FIFO2.o (.text._ZN5Queue3GetEPc)
                  00013664    00000054     FIFO2.o (.text._ZN5Queue3PutEc)
                  000136b8    00000054     libc++.a : string.cpp.obj (.text._ZNSt3__112basic_stringIcNS_11char_traitsIcEENS_9allocatorIcEEE6__initEPKcj)
                  0001370c    00000054     libc++abi.a : stdlib_new_delete.cpp.obj (.text._Znwj)
                  00013760    00000054     libc.a : autoinit.c.obj (.text:__TI_auto_init_nobinit)
                  000137b4    00000052            : fflush.c.obj (.text.__TI_doflush)
                  00013806    00000002     --HOLE-- [fill = 0]
                  00013808    00000050     libsysbm.a : close.c.obj (.text.close)
                  00013858    00000048                : hostclose.c.obj (.text.HOSTclose)
                  000138a0    00000048                : hostunlink.c.obj (.text.HOSTunlink)
                  000138e8    00000048     SPI.o (.text._Z14SPI_OutCommandc)
                  00013930    00000046     GamePlay.o (.text._ZN4BikeC2Eibb)
                  00013976    00000002     --HOLE-- [fill = 0]
                  00013978    00000044     Sound.o (.text.SysTick_Handler)
                  000139bc    00000044     Sound.o (.text._Z11Sound_StartPKhj)
                  00013a00    00000044     IRxmt.o (.text._Z13IRxmt_OutCharc)
                  00013a44    00000044     LED.o (.text._Z8LED_Initv)
                  00013a88    00000044     GamePlay.o (.text._ZN4Bike5resetEv)
                  00013acc    00000040     TExaS.o (.text.TIMG7_IRQHandler)
                  00013b0c    00000040     SPI.o (.text._Z9SPI_Resetv)
                  00013b4c    00000040     GamePlay.o (.text._ZN4Bike12firstDisplayEv)
                  00013b8c    00000040     GamePlay.o (.text._ZN8Gameplay8gameOverEv)
                  00013bcc    00000040     libclang_rt.builtins.a : aeabi_uidivmod.S.obj (.text.__aeabi_uidivmod)
                  00013c0c    00000040     libc.a : fopen.c.obj (.text._search_fp)
                  00013c4c    0000003c     DAC5.o (.text._Z9DAC5_Initv)
                  00013c88    0000003c     GamePlay.o (.text._ZN8Gameplay15toggleAbilitiesEbb)
                  00013cc4    0000003c     GamePlay.o (.text.__cxx_global_var_init.1)
                  00013d00    0000003c     GamePlay.o (.text.__cxx_global_var_init)
                  00013d3c    00000038     SPI.o (.text._Z11SPI_OutDatac)
                  00013d74    00000038     LaunchPad.o (.text._Z15ActivatePortA_Bv)
                  00013dac    00000038     GamePlay.o (.text._Z8gameInitv)
                  00013de4    00000038     GamePlay.o (.text._ZN8Gameplay8newRoundEv)
                  00013e1c    00000038     libc.a : getdevice.c.obj (.text.finddevice)
                  00013e54    00000034     ST7735.o (.text._Z12ST7735_writeiPKcj)
                  00013e88    00000034     UART2.o (.text._Z12UART2_InCharv)
                  00013ebc    00000034     Clock.o (.text._Z14Clock_Delay1msj)
                  00013ef0    00000034     ST7735.o (.text._Z16ST7735_SetCursorjj)
                  00013f24    00000034     libc.a : fopen.c.obj (.text.__TI_cleanup)
                  00013f58    00000034     libsysbm.a : trgmsg.c.obj (.text.__TI_readmsg)
                  00013f8c    00000034                : trgmsg.c.obj (.text.__TI_writemsg)
                  00013fc0    00000034     libc.a : exit.c.obj (.text.exit)
                  00013ff4    00000034            : fopen.c.obj (.text.freopen)
                  00014028    00000032     ST7735.o (.text._Z15ST7735_Color565hhh)
                  0001405a    00000032     menu.o (.text._ZNSt3__112basic_stringIcNS_11char_traitsIcEENS_9allocatorIcEEEC2B6v15007IDnEEPKc)
                  0001408c    00000030     LED.o (.text._Z6LED_Onj)
                  000140bc    00000030     LED.o (.text._Z7LED_Offj)
                  000140ec    00000030     ST7735.o (.text._ZL10commonInitPKh)
                  0001411c    00000030     menu.o (.text.__cxx_global_array_dtor.22)
                  0001414c    00000030     libc.a : fopen.c.obj (.text.fopen)
                  0001417c    0000002e     menu.o (.text._ZN4MenuD2Ev)
                  000141aa    0000002e     menu.o (.text._ZNKSt3__112basic_stringIcNS_11char_traitsIcEENS_9allocatorIcEEE13__get_pointerB6v15007Ev)
                  000141d8    0000002c     menu.o (.text._Z12tronMenuInitv)
                  00014204    0000002c     ST7735.o (.text._Z17ST7735_FillScreent)
                  00014230    0000002c     Switch.o (.text._Z9Switch_Inv)
                  0001425c    0000002c     menu.o (.text.__cxx_global_array_dtor.12)
                  00014288    0000002c     menu.o (.text.__cxx_global_array_dtor.20)
                  000142b4    0000002c     menu.o (.text.__cxx_global_array_dtor)
                  000142e0    0000002c     GamePlay.o (.text.__cxx_global_var_init.2)
                  0001430c    0000002c     libsysbm.a : unlink.c.obj (.text.unlink)
                  00014338    00000028     TExaS.o (.text._Z9ADC_StartP10ADC12_Regs)
                  00014360    00000028     libc.a : memory.c.obj (.text.free_list_insert)
                  00014388    00000028            : memmov.c.obj (.text.memmove)
                  000143b0    00000028     libsysbm.a : write.c.obj (.text.write)
                  000143d8    00000028     libc.a : boot_cortex_m.c.obj (.text:_c_int00_noargs)
                  00014400    00000026     menu.o (.text._ZNSt3__112basic_stringIcNS_11char_traitsIcEENS_9allocatorIcEEE6__zeroB6v15007Ev)
                  00014426    00000002     --HOLE-- [fill = 0]
                  00014428    00000024     DAC5.o (.text._Z8DAC5_Outh)
                  0001444c    00000024     menu.o (.text._ZNSt3__112basic_stringIcNS_11char_traitsIcEENS_9allocatorIcEEEC2B6v15007Ev)
                  00014470    00000022     ST7735.o (.text._Z20ST7735_InvertDisplayi)
                  00014492    00000022     GamePlay.o (.text._ZN8Gameplay9getPacketEv)
                  000144b4    00000020     IRxmt.o (.text._Z10IRxmt_Initv)
                  000144d4    00000020     Sound.o (.text._Z14SysTick_IntArmjj)
                  000144f4    0000001e     ST7735.o (.text._ZL9pushColort)
                  00014512    0000001e     menu.o (.text._ZNSt3__117__compressed_pairINS_12basic_stringIcNS_11char_traitsIcEENS_9allocatorIcEEE5__repES5_EC2B6v15007INS_18__default_init_tagESA_EEOT_OT0_)
                  00014530    0000001c     libc.a : memory.c.obj (.text.free_list_remove)
                  0001454c    00000016     ST7735.o (.text._Z11ST7735_openPKcji)
                  00014562    00000016     ST7735.o (.text._Z11ST7735_readiPcj)
                  00014578    00000016     GamePlay.o (.text._ZN4Bike11turnOffLineEb)
                  0001458e    00000016     GamePlay.o (.text._ZN4Bike5crashEv)
                  000145a4    00000016     Joystick2.o (.text._ZN9Joystick2C2Ejj)
                  000145ba    00000016     menu.o (.text._ZNKSt3__112basic_stringIcNS_11char_traitsIcEENS_9allocatorIcEEE19__get_short_pointerB6v15007Ev)
                  000145d0    00000016     menu.o (.text._ZNKSt3__112basic_stringIcNS_11char_traitsIcEENS_9allocatorIcEEE9__is_longB6v15007Ev)
                  000145e6    00000014     menu.o (.text._GLOBAL__sub_I_menu.cpp)
                  000145fa    00000002     --HOLE-- [fill = 0]
                  000145fc    00000014     Sound.o (.text._Z10Sound_Menuv)
                  00014610    00000014     Sound.o (.text._Z12Sound_Selectv)
                  00014624    00000014     GamePlay.o (.text._ZN4BikeC2Ev)
                  00014638    00000014     menu.o (.text._ZNKSt3__112basic_stringIcNS_11char_traitsIcEENS_9allocatorIcEEE4dataB6v15007Ev)
                  0001464c    00000014     libc++.a : string.cpp.obj (.text._ZNSt3__112basic_stringIcNS_11char_traitsIcEENS_9allocatorIcEEED2Ev)
                  00014660    00000014     menu.o (.text._ZNSt3__122__compressed_pair_elemINS_9allocatorIcEELi1ELb1EEC2B6v15007ENS_18__default_init_tagE)
                  00014674    00000014     menu.o (.text._ZNSt3__19allocatorIcEC2B6v15007Ev)
                  00014688    00000014     libc.a : aeabi_atexit.c.obj (.text.__cxa_atexit)
                  0001469c    00000014     Lab9HMain.o (.text.__cxx_global_var_init)
                  000146b0    00000012     FIFO2.o (.text._ZN5Queue6IsFullEv)
                  000146c2    00000012     FIFO2.o (.text._ZN5QueueC2Ev)
                  000146d4    00000012     menu.o (.text._ZNKSt3__112basic_stringIcNS_11char_traitsIcEENS_9allocatorIcEEE18__get_long_pointerB6v15007Ev)
                  000146e6    00000012     libsysbm.a : hostrename.c.obj (.text.strcpy)
                  000146f8    00000012     libc.a : memcpy16.S.obj (.text:TI_memcpy_small)
                  0001470a    00000012            : copy_decompress_none.c.obj (.text:decompress:none)
                  0001471c    00000010     GamePlay.o (.text._GLOBAL__sub_I_GamePlay.cpp)
                  0001472c    00000010     menu.o (.text._Z10menuIsDonev)
                  0001473c    00000010     Clock.o (.text._Z11Clock_Delayj)
                  0001474c    00000010     GamePlay.o (.text._Z12gameFinishedv)
                  0001475c    00000010     Lab9HMain.o (.text._Z28TExaS_LaunchPadLogicPB27PB26v)
                  0001476c    00000010     FIFO2.o (.text._ZN5Queue7IsEmptyEv)
                  0001477c    00000010     GamePlay.o (.text._ZN8Gameplay10isGameOverEv)
                  0001478c    00000010     menu.o (.text._ZNKSt3__112basic_stringIcNS_11char_traitsIcEENS_9allocatorIcEEE5c_strB6v15007Ev)
                  0001479c    00000010     menu.o (.text._ZNKSt3__117__compressed_pairINS_12basic_stringIcNS_11char_traitsIcEENS_9allocatorIcEEE5__repES5_E5firstB6v15007Ev)
                  000147ac    00000010     menu.o (.text._ZNSt3__111char_traitsIcE6lengthEPKc)
                  000147bc    00000010     menu.o (.text._ZNSt3__112basic_stringIcNS_11char_traitsIcEENS_9allocatorIcEEE14__default_initB6v15007Ev)
                  000147cc    00000010     menu.o (.text._ZNSt3__117__compressed_pairINS_12basic_stringIcNS_11char_traitsIcEENS_9allocatorIcEEE5__repES5_E5firstB6v15007Ev)
                  000147dc    00000010     UART2.o (.text.__cxx_global_var_init)
                  000147ec    00000010     libc.a : copy_zero_init.c.obj (.text:decompress:ZI)
                  000147fc    0000000e            : memory.c.obj (.text.OUTLINED_FUNCTION_0)
                  0001480a    0000000e     ST7735.o (.text._Z12ST7735_lseekili)
                  00014818    0000000e     libc.a : strlen.c.obj (.text.strlen)
                  00014826    0000000e     libsysbm.a : hostrename.c.obj (.text.strlen)
                  00014834    0000000e     libc.a : memset16.S.obj (.text:TI_memset_small)
                  00014842    00000002     --HOLE-- [fill = 0]
                  00014844    0000000c     Clock.o (.text._Z10Clock_Freqv)
                  00014850    0000000c     Sound.o (.text._Z10Sound_Stopv)
                  0001485c    0000000c     ST7735.o (.text._Z13ST7735_renamePKcS0_)
                  00014868    0000000c     IRxmt.o (.text._Z5Delayj)
                  00014874    0000000c     GamePlay.o (.text._ZN4Bike6healthEv)
                  00014880    0000000c     libc++abi.a : cxa_handlers.cpp.obj (.text._ZSt15get_new_handlerv)
                  0001488c    0000000c     libclang_rt.builtins.a : aeabi_memset.S.obj (.text.__aeabi_memclr)
                  00014898    0000000c     libc.a : memory.c.obj (.text.malloc)
                  000148a4    0000000a     ST7735.o (.text._Z12ST7735_closei)
                  000148ae    0000000a     ST7735.o (.text._Z13ST7735_unlinkPKc)
                  000148b8    0000000a     Lab9HMain.o (.text._Z8PLL_Initv)
                  000148c2    0000000a     menu.o (.text._ZNKSt3__122__compressed_pair_elemINS_12basic_stringIcNS_11char_traitsIcEENS_9allocatorIcEEE5__repELi0ELb0EE5__getB6v15007Ev)
                  000148cc    0000000a     menu.o (.text._ZNSt3__112__to_addressB6v15007IKcEEPT_S3_)
                  000148d6    0000000a     menu.o (.text._ZNSt3__114pointer_traitsIPKcE10pointer_toB6v15007ERS1_)
                  000148e0    0000000a     menu.o (.text._ZNSt3__116__non_trivial_ifILb1ENS_9allocatorIcEEEC2B6v15007Ev)
                  000148ea    0000000a     menu.o (.text._ZNSt3__122__compressed_pair_elemINS_12basic_stringIcNS_11char_traitsIcEENS_9allocatorIcEEE5__repELi0ELb0EE5__getB6v15007Ev)
                  000148f4    0000000a     menu.o (.text._ZNSt3__122__compressed_pair_elemINS_12basic_stringIcNS_11char_traitsIcEENS_9allocatorIcEEE5__repELi0ELb0EEC2B6v15007ENS_18__default_init_tagE)
                  000148fe    00000008     Lab9HMain.o (.text._GLOBAL__sub_I_Lab9HMain.cpp)
                  00014906    00000008     UART2.o (.text._GLOBAL__sub_I_UART2.cpp)
                  0001490e    00000008     menu.o (.text._ZNSt3__119__debug_db_insert_cB6v15007INS_12basic_stringIcNS_11char_traitsIcEENS_9allocatorIcEEEEEEvPT_)
                  00014916    00000008     libc++abi.a : stdlib_new_delete.cpp.obj (.text._ZdlPv)
                  0001491e    00000002     --HOLE-- [fill = 0]
                  00014920    00000008     libclang_rt.builtins.a : aeabi_memcpy.S.obj (.text.__aeabi_memcpy)
                  00014928    00000008                            : aeabi_memmove.S.obj (.text.__aeabi_memmove)
                  00014930    00000008     libc.a : aeabi_atexit.c.obj (.text.__cxa_ia64_exit)
                  00014938    00000008     libsysbm.a : remove.c.obj (.text.remove)
                  00014940    00000004     startup_mspm0g3507_ticlang.o (.text.Default_Handler)
                  00014944    00000004     startup_mspm0g3507_ticlang.o (.text.HardFault_Handler)
                  00014948    00000004     startup_mspm0g3507_ticlang.o (.text.Reset_Handler)
                  0001494c    00000004     libc.a : pre_init.c.obj (.text._system_pre_init)
                  00014950    00000004            : exit.c.obj (.text:abort)
                  00014954    00000004     --HOLE-- [fill = 0]

.cinit     0    00014968    00000100     
                  00014968    000000dc     (.cinit..data.load) [load image, compression = lzss]
                  00014a44    0000000c     (__TI_handler_table)
                  00014a50    00000008     (.cinit..bss.load) [load image, compression = zero_init]
                  00014a58    00000010     (__TI_cinit_table)

.rodata    0    000000c0    0000f900     
                  000000c0    0000a000     menu.o (.rodata._ZL13tron_menu_img)
                  0000a0c0    00001800     Sound.o (.rodata._ZL14TronMenuSelect)
                  0000b8c0    00000f00     Sound.o (.rodata._ZL9MenuSound)
                  0000c7c0    00000cd0     GamePlay.o (.rodata._ZL9one_image)
                  0000d490    00000c80     GamePlay.o (.rodata._ZL11three_image)
                  0000e110    00000c80     GamePlay.o (.rodata._ZL9two_image)
                  0000ed90    000004fb     ST7735.o (.rodata._ZL4Font)
                  0000f28b    00000001     --HOLE-- [fill = 0]
                  0000f28c    000000a2     GamePlay.o (.rodata._ZL12ExplosionOne)
                  0000f32e    000000a2     GamePlay.o (.rodata._ZL12ExplosionTwo)
                  0000f3d0    000000a2     GamePlay.o (.rodata._ZL13ExplosionFour)
                  0000f472    000000a2     GamePlay.o (.rodata._ZL14ExplosionThree)
                  0000f514    000000a2     GamePlay.o (.rodata._ZL8RedHeart)
                  0000f5b6    000000a2     GamePlay.o (.rodata._ZL9BlueHeart)
                  0000f658    00000046     GamePlay.o (.rodata._ZL10UpRedCycle)
                  0000f69e    00000046     GamePlay.o (.rodata._ZL11UpBlueCycle)
                  0000f6e4    00000046     GamePlay.o (.rodata._ZL12DownRedCycle)
                  0000f72a    00000046     GamePlay.o (.rodata._ZL12LeftRedCycle)
                  0000f770    00000046     GamePlay.o (.rodata._ZL13DownBlueCycle)
                  0000f7b6    00000046     GamePlay.o (.rodata._ZL13LeftBlueCycle)
                  0000f7fc    00000046     GamePlay.o (.rodata._ZL13RightRedCycle)
                  0000f842    00000046     GamePlay.o (.rodata._ZL14RightBlueCycle)
                  0000f888    0000003b     ST7735.o (.rodata._ZL5Rcmd1)
                  0000f8c3    0000002b     ST7735.o (.rodata._ZL5Rcmd3)
                  0000f8ee    00000016     ST7735.o (.rodata.str1.131696582137495765941)
                  0000f904    0000000d     ST7735.o (.rodata._ZL10Rcmd2green)
                  0000f911    0000000d     ST7735.o (.rodata._ZL8Rcmd2red)
                  0000f91e    00000009     menu.o (.rodata.str1.114793701521291410291)
                  0000f927    00000009     menu.o (.rodata.str1.152844668465687054501)
                  0000f930    00000009     menu.o (.rodata.str1.43344253877813655741)
                  0000f939    00000009     menu.o (.rodata.str1.59352028943064177451)
                  0000f942    00000009     menu.o (.rodata.str1.81609088239885430801)
                  0000f94b    00000008     menu.o (.rodata.str1.102567634636123109261)
                  0000f953    00000008     menu.o (.rodata.str1.173213289727903394671)
                  0000f95b    00000008     menu.o (.rodata.str1.18654542343258509881)
                  0000f963    00000008     ST7735.o (.rodata.str1.86012262618455636901)
                  0000f96b    00000007     menu.o (.rodata.str1.106080763620002280141)
                  0000f972    00000007     ST7735.o (.rodata.str1.114990493261766323881)
                  0000f979    00000007     menu.o (.rodata.str1.121165265712081410371)
                  0000f980    00000007     menu.o (.rodata.str1.23717824096920018761)
                  0000f987    00000007     ST7735.o (.rodata.str1.34205522212527886751)
                  0000f98e    00000007     menu.o (.rodata.str1.4515836270289371911)
                  0000f995    00000007     menu.o (.rodata.str1.74997160766714330521)
                  0000f99c    00000006     menu.o (.rodata.str1.180546244946655119331)
                  0000f9a2    00000005     menu.o (.rodata.str1.110986731793232197011)
                  0000f9a7    00000005     menu.o (.rodata.str1.23545670429919334371)
                  0000f9ac    00000005     menu.o (.rodata.str1.55696074319151882151)
                  0000f9b1    00000002     ST7735.o (.rodata.str1.105087110211667939411)
                  0000f9b3    00000002     menu.o (.rodata.str1.123183616927295083011)
                  0000f9b5    00000002     menu.o (.rodata.str1.142783162394880212271)
                  0000f9b7    00000002     menu.o (.rodata.str1.161462869409870619401)
                  0000f9b9    00000002     menu.o (.rodata.str1.175215292397905939431)
                  0000f9bb    00000002     menu.o (.rodata.str1.5226134088729676321)
                  0000f9bd    00000003     --HOLE-- [fill = 0]

.init_array 
*          0    00014958    00000010     
                  00014958    00000004     menu.o (.init_array)
                  0001495c    00000004     UART2.o (.init_array)
                  00014960    00000004     Lab9HMain.o (.init_array)
                  00014964    00000004     GamePlay.o (.init_array)

.bss       0    20200000    0000472c     UNINITIALIZED
                  20200000    000044c0     GamePlay.o (.bss.visitedMatrix)
                  202044c0    00000120     libsysbm.a : trgmsg.c.obj (.bss:_CIOBUF_)
                  202045e0    000000a0     libc.a : defs.c.obj (.bss.__TI_tmpnams)
                  20204680    00000088            : aeabi_atexit.c.obj (.bss.atexit_register.__atexit0)
                  20204708    00000008     libsysbm.a : hostopen.c.obj (.bss.parmbuf)
                  20204710    00000004     UART2.o (.bss.LostData)
                  20204714    00000004     TExaS.o (.bss.TExaSLogic)
                  20204718    00000004     TExaS.o (.bss.TExaSadc)
                  2020471c    00000004     libc.a : aeabi_atexit.c.obj (.bss.__atexit)
                  20204720    00000004     Sound.o (.bss.curSound)
                  20204724    00000004     libc.a : memory.c.obj (.bss.sys_free)
                  20204728    00000001     ST7735.o (.bss._ZL8ColStart)
                  20204729    00000001     ST7735.o (.bss._ZL8Rotation)
                  2020472a    00000001     ST7735.o (.bss._ZL8RowStart)
                  2020472b    00000001     ST7735.o (.bss._ZL8TabColor)

.data      0    2020472c    000005f5     UNINITIALIZED
                  2020472c    00000168     menu.o (.data.menuFSM)
                  20204894    000000f0     libc.a : defs.c.obj (.data._ftable)
                  20204984    00000080     GamePlay.o (.data.gameRunner)
                  20204a04    00000078     libsysbm.a : host_device.c.obj (.data._device)
                  20204a7c    00000060     menu.o (.data.langText)
                  20204adc    00000060     menu.o (.data.mainText)
                  20204b3c    00000060     menu.o (.data.settText)
                  20204b9c    00000050     libsysbm.a : host_device.c.obj (.data._stream)
                  20204bec    0000002c     UART2.o (.data.FIFO2)
                  20204c18    00000028     Lab9HMain.o (.data.MainFSM)
                  20204c40    00000020     GamePlay.o (.data.cycleSprites)
                  20204c60    00000010     menu.o (.data.settChange)
                  20204c70    0000000c     menu.o (.data.langChange)
                  20204c7c    0000000c     menu.o (.data.mainChange)
                  20204c88    0000000c     menu.o (.data.speeds)
                  20204c94    00000008     libc.a : exit.c.obj (.data..L_MergedGlobals)
                  20204c9c    00000008     Lab9HMain.o (.data.axes)
                  20204ca4    00000006     GamePlay.o (.data._ZL8redTrail)
                  20204caa    00000006     GamePlay.o (.data._ZL9blueTrail)
                  20204cb0    00000004     Clock.o (.data.BusFreq)
                  20204cb4    00000004     ST7735.o (.data.StX)
                  20204cb8    00000004     ST7735.o (.data.StY)
                  20204cbc    00000004     libc.a : defs.c.obj (.data.__TI_ft_end)
                  20204cc0    00000004     libc++abi.a : cxa_default_handlers.cpp.obj (.data.__cxa_new_handler)
                  20204cc4    00000004     libc.a : exit.c.obj (.data.__dso_handle)
                  20204cc8    00000004            : _lock.c.obj (.data._lock)
                  20204ccc    00000004            : _lock.c.obj (.data._unlock)
                  20204cd0    00000004     menu.o (.data.bikeSpeed)
                  20204cd4    00000004     Lab9HMain.o (.data.buttonInput)
                  20204cd8    00000004     menu.o (.data.col)
                  20204cdc    00000004     menu.o (.data.currInd)
                  20204ce0    00000004     menu.o (.data.currLang)
                  20204ce4    00000004     Lab9HMain.o (.data.currState)
                  20204ce8    00000004     Sound.o (.data.ind)
                  20204cec    00000004     menu.o (.data.lasInd)
                  20204cf0    00000004     menu.o (.data.lastInput)
                  20204cf4    00000004     menu.o (.data.off)
                  20204cf8    00000004     Sound.o (.data.period)
                  20204cfc    00000004     Sound.o (.data.priority)
                  20204d00    00000004     menu.o (.data.row)
                  20204d04    00000004     Sound.o (.data.size)
                  20204d08    00000004     Lab9HMain.o (.data.xInput)
                  20204d0c    00000004     Lab9HMain.o (.data.yInput)
                  20204d10    00000002     ST7735.o (.data.StTextColor)
                  20204d12    00000002     ST7735.o (.data._ZL6_width)
                  20204d14    00000002     ST7735.o (.data._ZL7_height)
                  20204d16    00000001     menu.o (.data.abilityEnabled)
                  20204d17    00000001     menu.o (.data.done)
                  20204d18    00000001     libsysbm.a : add_device.c.obj (.data.add_device.device_init)
                  20204d19    00000001     menu.o (.data.host)
                  20204d1a    00000001     Lab9HMain.o (.data.joystickPacket)
                  20204d1b    00000001     Lab9HMain.o (.data.semaphore)
                  20204d1c    00000001     libc.a : memory.c.obj (.data.memory_is_initialized)
                  20204d1d    00000003     --HOLE--
                  20204d20    00000001     libsysbm.a : open.c.obj (.data.open.stream_init)

.sysmem    0    20204d28    00000200     UNINITIALIZED
                  20204d28    00000010     libc.a : memory.c.obj (.sysmem)
                  20204d38    000001f0     --HOLE--

.stack     0    20207e00    00000200     UNINITIALIZED
                  20207e00    00000004     libc.a : boot_cortex_m.c.obj (.stack)
                  20207e04    000001fc     --HOLE--

__llvm_prf_cnts 
*          0    20200000    00000000     UNINITIALIZED

__llvm_prf_bits 
*          0    20200000    00000000     UNINITIALIZED

MODULE SUMMARY

       Module                         code    ro data   rw data
       ------                         ----    -------   -------
    .\
       menu.o                         2888    41099     735    
       GamePlay.o                     5076    11216     17772  
       Sound.o                        304     9984      20     
       ST7735.o                       3282    1449      18     
       TExaS.o                        720     0         8      
       Lab9HMain.o                    478     4         66     
       Clock.o                        516     0         4      
       UART2.o                        412     4         48     
       SPI.o                          440     0         0      
       Timer.o                        316     0         0      
       Joystick2.o                    282     0         0      
       FIFO2.o                        220     0         0      
       IRxmt.o                        208     0         0      
       LaunchPad.o                    180     0         0      
       LED.o                          164     0         0      
       Switch.o                       132     0         0      
       DAC5.o                         96      0         0      
    +--+------------------------------+-------+---------+---------+
       Total:                         15714   63756     18671  
                                                               
    .\ticlang\
       startup_mspm0g3507_ticlang.o   12      192       0      
    +--+------------------------------+-------+---------+---------+
       Total:                         12      192       0      
                                                               
    C:\ti\ccs1260\ccs\tools\compiler\ti-cgt-armllvm_3.2.1.LTS\lib\armv6m-ti-none-eabi/c/libc.a
       memory.c.obj                   730     0         5      
       fopen.c.obj                    568     0         0      
       aeabi_atexit.c.obj             292     0         140    
       defs.c.obj                     0       0         404    
       setvbuf.c.obj                  220     0         0      
       getdevice.c.obj                160     0         0      
       fclose.c.obj                   124     0         0      
       copy_decompress_lzss.c.obj     120     0         0      
       autoinit.c.obj                 84      0         0      
       fflush.c.obj                   82      0         0      
       exit.c.obj                     56      0         12     
       boot_cortex_m.c.obj            40      0         0      
       memmov.c.obj                   40      0         0      
       copy_decompress_none.c.obj     18      0         0      
       memcpy16.S.obj                 18      0         0      
       copy_zero_init.c.obj           16      0         0      
       memset16.S.obj                 14      0         0      
       strlen.c.obj                   14      0         0      
       _lock.c.obj                    2       0         8      
       pre_init.c.obj                 4       0         0      
    +--+------------------------------+-------+---------+---------+
       Total:                         2602    0         569    
                                                               
    C:\ti\ccs1260\ccs\tools\compiler\ti-cgt-armllvm_3.2.1.LTS\lib\armv6m-ti-none-eabi/c/libsysbm.a
       trgmsg.c.obj                   104     0         288    
       add_device.c.obj               236     0         1      
       host_device.c.obj              0       0         200    
       open.c.obj                     168     0         1      
       hostrename.c.obj               140     0         0      
       hostlseek.c.obj                108     0         0      
       hostopen.c.obj                 96      0         8      
       hostread.c.obj                 88      0         0      
       hostwrite.c.obj                88      0         0      
       close.c.obj                    80      0         0      
       hostclose.c.obj                72      0         0      
       hostunlink.c.obj               72      0         0      
       unlink.c.obj                   44      0         0      
       write.c.obj                    40      0         0      
       remove.c.obj                   8       0         0      
    +--+------------------------------+-------+---------+---------+
       Total:                         1344    0         498    
                                                               
    C:\ti\ccs1260\ccs\tools\compiler\ti-cgt-armllvm_3.2.1.LTS\lib\armv6m-ti-none-eabi/libc++.a
       string.cpp.obj                 400     0         0      
    +--+------------------------------+-------+---------+---------+
       Total:                         400     0         0      
                                                               
    C:\ti\ccs1260\ccs\tools\compiler\ti-cgt-armllvm_3.2.1.LTS\lib\armv6m-ti-none-eabi/libc++abi.a
       stdlib_new_delete.cpp.obj      92      0         0      
       cxa_handlers.cpp.obj           12      0         0      
       cxa_default_handlers.cpp.obj   0       0         4      
    +--+------------------------------+-------+---------+---------+
       Total:                         104     0         4      
                                                               
    C:\ti\ccs1260\ccs\tools\compiler\ti-cgt-armllvm_3.2.1.LTS\lib\clang/15.0.7/lib/armv6m-ti-none-eabi/libclang_rt.builtins.a
       aeabi_idivmod.S.obj            86      0         0      
       aeabi_uidivmod.S.obj           64      0         0      
       aeabi_memset.S.obj             12      0         0      
       aeabi_memcpy.S.obj             8       0         0      
       aeabi_memmove.S.obj            8       0         0      
       aeabi_div0.c.obj               2       0         0      
    +--+------------------------------+-------+---------+---------+
       Total:                         180     0         0      
                                                               
       Heap:                          0       0         512    
       Stack:                         0       0         512    
       Linker Generated:              0       256       0      
    +--+------------------------------+-------+---------+---------+
       Grand Total:                   20356   64204     20766  


LINKER GENERATED COPY TABLES

__TI_cinit_table @ 00014a58 records: 2, size/record: 8, table size: 16
	.data: load addr=00014968, load size=000000dc bytes, run addr=2020472c, run size=000005f5 bytes, compression=lzss
	.bss: load addr=00014a50, load size=00000008 bytes, run addr=20200000, run size=0000472c bytes, compression=zero_init


LINKER GENERATED HANDLER TABLE

__TI_handler_table @ 00014a44 records: 3, size/record: 4, table size: 12
	index: 0, handler: __TI_decompress_lzss
	index: 1, handler: __TI_decompress_none
	index: 2, handler: __TI_zero_init


GLOBAL SYMBOLS: SORTED ALPHABETICALLY BY Name 

address   name                                                                                                                                            
-------   ----                                                                                                                                            
00014941  ADC0_IRQHandler                                                                                                                                 
00014941  ADC1_IRQHandler                                                                                                                                 
00014941  AES_IRQHandler                                                                                                                                  
20204cb0  BusFreq                                                                                                                                         
00014950  C$$EXIT                                                                                                                                         
00013fb9  C$$IO$$                                                                                                                                         
00014941  CANFD0_IRQHandler                                                                                                                               
00014941  DAC0_IRQHandler                                                                                                                                 
00014941  DMA_IRQHandler                                                                                                                                  
00014941  Default_Handler                                                                                                                                 
20204bec  FIFO2                                                                                                                                           
00014941  GROUP0_IRQHandler                                                                                                                               
00014941  GROUP1_IRQHandler                                                                                                                               
00013859  HOSTclose                                                                                                                                       
00012fa1  HOSTlseek                                                                                                                                       
000132ed  HOSTopen                                                                                                                                        
000133ad  HOSTread                                                                                                                                        
0001300d  HOSTrename                                                                                                                                      
000138a1  HOSTunlink                                                                                                                                      
00013405  HOSTwrite                                                                                                                                       
00014945  HardFault_Handler                                                                                                                               
00014941  I2C0_IRQHandler                                                                                                                                 
00014941  I2C1_IRQHandler                                                                                                                                 
20204710  LostData                                                                                                                                        
20204c18  MainFSM                                                                                                                                         
00014941  NMI_Handler                                                                                                                                     
00014941  PendSV_Handler                                                                                                                                  
00014941  RTC_IRQHandler                                                                                                                                  
00014949  Reset_Handler                                                                                                                                   
00014958  SHT$$INIT_ARRAY$$Base                                                                                                                           
00014968  SHT$$INIT_ARRAY$$Limit                                                                                                                          
00014941  SPI0_IRQHandler                                                                                                                                 
00014941  SPI1_IRQHandler                                                                                                                                 
00014941  SVC_Handler                                                                                                                                     
20204d10  StTextColor                                                                                                                                     
20204cb4  StX                                                                                                                                             
20204cb8  StY                                                                                                                                             
00013979  SysTick_Handler                                                                                                                                 
20204714  TExaSLogic                                                                                                                                      
20204718  TExaSadc                                                                                                                                        
00014941  TIMA0_IRQHandler                                                                                                                                
00014941  TIMA1_IRQHandler                                                                                                                                
00014941  TIMG0_IRQHandler                                                                                                                                
00011a01  TIMG12_IRQHandler                                                                                                                               
00014941  TIMG6_IRQHandler                                                                                                                                
00013acd  TIMG7_IRQHandler                                                                                                                                
00014941  TIMG8_IRQHandler                                                                                                                                
000146f9  TI_memcpy_small                                                                                                                                 
00014835  TI_memset_small                                                                                                                                 
00014941  UART0_IRQHandler                                                                                                                                
00014941  UART1_IRQHandler                                                                                                                                
00012cc9  UART2_IRQHandler                                                                                                                                
00014941  UART3_IRQHandler                                                                                                                                
202044c0  _CIOBUF_                                                                                                                                        
00014845  _Z10Clock_Freqv                                                                                                                                 
000144b5  _Z10IRxmt_Initv                                                                                                                                 
000135bd  _Z10Sound_Initv                                                                                                                                 
000145fd  _Z10Sound_Menuv                                                                                                                                 
00014851  _Z10Sound_Stopv                                                                                                                                 
0001345d  _Z10TExaS_InitP10ADC12_RegsjPFhvE                                                                                                               
00011c99  _Z10UART2_Initv                                                                                                                                 
00013079  _Z10gameUpdatei                                                                                                                                 
0001472d  _Z10menuIsDonev                                                                                                                                 
0001473d  _Z11Clock_Delayj                                                                                                                                
00013d3d  _Z11SPI_OutDatac                                                                                                                                
0001454d  _Z11ST7735_openPKcji                                                                                                                            
00014563  _Z11ST7735_readiPcj                                                                                                                             
000139bd  _Z11Sound_StartPKhj                                                                                                                             
000134b5  _Z11Switch_Initv                                                                                                                                
000105bd  _Z11menu_updatev                                                                                                                                
00012719  _Z12ST7735_InitR10initRFlags                                                                                                                    
000148a5  _Z12ST7735_closei                                                                                                                               
0001480b  _Z12ST7735_lseekili                                                                                                                             
00013e55  _Z12ST7735_writeiPKcj                                                                                                                           
00014611  _Z12Sound_Selectv                                                                                                                               
00013e89  _Z12UART2_InCharv                                                                                                                               
0001474d  _Z12gameFinishedv                                                                                                                               
000141d9  _Z12tronMenuInitv                                                                                                                               
00013a01  _Z13IRxmt_OutCharc                                                                                                                              
0001334d  _Z13IRxmt_SendBiti                                                                                                                              
0001485d  _Z13ST7735_renamePKcS0_                                                                                                                         
000148af  _Z13ST7735_unlinkPKc                                                                                                                            
00013ebd  _Z14Clock_Delay1msj                                                                                                                             
00012d45  _Z14LaunchPad_Initv                                                                                                                             
000138e9  _Z14SPI_OutCommandc                                                                                                                             
00011d6d  _Z14ST7735_OutCharc                                                                                                                             
000144d5  _Z14SysTick_IntArmjj                                                                                                                            
00012349  _Z14TimerG7_IntArmtjj                                                                                                                           
00013d75  _Z15ActivatePortA_Bv                                                                                                                            
00010409  _Z15Clock_Init80MHzi                                                                                                                            
00014029  _Z15ST7735_Color565hhh                                                                                                                          
00011249  _Z15ST7735_FillRectsssst                                                                                                                        
000128e1  _Z15TimerG12_IntArmjj                                                                                                                           
0001076d  _Z16ST7735_DrawCharSsscssh                                                                                                                      
00012f31  _Z16ST7735_DrawPixelsst                                                                                                                         
00013ef1  _Z16ST7735_SetCursorjj                                                                                                                          
000101f9  _Z17ST7735_DrawBitmapssPKtss                                                                                                                    
00012c45  _Z17ST7735_DrawStringttPKcs                                                                                                                     
00014205  _Z17ST7735_FillScreent                                                                                                                          
0001253d  _Z17ST7735_InitPrintfv                                                                                                                          
00011559  _Z18ST7735_SetRotationh                                                                                                                         
00012139  _Z20ST7735_DrawFastHLinessst                                                                                                                    
000121e9  _Z20ST7735_DrawFastVLinessst                                                                                                                    
00014471  _Z20ST7735_InvertDisplayi                                                                                                                       
00011361  _Z20periodic_menu_updatei                                                                                                                       
0001475d  _Z28TExaS_LaunchPadLogicPB27PB26v                                                                                                               
0001164d  _Z2upv                                                                                                                                          
00011e3d  _Z4downv                                                                                                                                        
00014869  _Z5Delayj                                                                                                                                       
0001408d  _Z6LED_Onj                                                                                                                                      
000140bd  _Z7LED_Offj                                                                                                                                     
00010ff9  _Z8ADC_InitP10ADC12_Regsjj                                                                                                                      
00014429  _Z8DAC5_Outh                                                                                                                                    
00013a45  _Z8LED_Initv                                                                                                                                    
000148b9  _Z8PLL_Initv                                                                                                                                    
00011461  _Z8SPI_Initv                                                                                                                                    
00013dad  _Z8gameInitv                                                                                                                                    
00014339  _Z9ADC_StartP10ADC12_Regs                                                                                                                       
00013c4d  _Z9DAC5_Initv                                                                                                                                   
00013b0d  _Z9SPI_Resetv                                                                                                                                   
00014231  _Z9Switch_Inv                                                                                                                                   
00011919  _Z9UART_Initv                                                                                                                                   
00011bc1  _Z9changeSetv                                                                                                                                   
00012a09  _ZN4Bike10collisionsES_                                                                                                                         
00014579  _ZN4Bike11turnOffLineEb                                                                                                                         
000127b1  _ZN4Bike12displayCrashEv                                                                                                                        
00013b4d  _ZN4Bike12firstDisplayEv                                                                                                                        
0000f9c1  _ZN4Bike12updateCornerEPKt                                                                                                                      
0001090d  _ZN4Bike14updateLocationEi                                                                                                                      
0001350d  _ZN4Bike5clearEv                                                                                                                                
0001458f  _ZN4Bike5crashEv                                                                                                                                
00013a89  _ZN4Bike5resetEv                                                                                                                                
00014875  _ZN4Bike6healthEv                                                                                                                               
0000fe65  _ZN4Bike7displayEv                                                                                                                              
00012dc1  _ZN4Bike8newPointEii                                                                                                                            
00013931  _ZN4BikeC2Eibb                                                                                                                                  
00014625  _ZN4BikeC2Ev                                                                                                                                    
000125dd  _ZN4MenuC2EPA4_NSt3__112basic_stringIcNS0_11char_traitsIcEENS0_9allocatorIcEEEEiPKi                                                             
0001417d  _ZN4MenuD2Ev                                                                                                                                    
00013611  _ZN5Queue3GetEPc                                                                                                                                
00013665  _ZN5Queue3PutEc                                                                                                                                 
000146b1  _ZN5Queue6IsFullEv                                                                                                                              
0001476d  _ZN5Queue7IsEmptyEv                                                                                                                             
000146c3  _ZN5QueueC1Ev                                                                                                                                   
000146c3  _ZN5QueueC2Ev                                                                                                                                   
0001477d  _ZN8Gameplay10isGameOverEv                                                                                                                      
00011fcd  _ZN8Gameplay11updateLivesEv                                                                                                                     
00013c89  _ZN8Gameplay15toggleAbilitiesEbb                                                                                                                
00012975  _ZN8Gameplay5resetEv                                                                                                                            
00010aad  _ZN8Gameplay6updateEii                                                                                                                          
00013b8d  _ZN8Gameplay8gameOverEv                                                                                                                         
00013de5  _ZN8Gameplay8newRoundEv                                                                                                                         
00010d95  _ZN8Gameplay9countDownEv                                                                                                                        
00014493  _ZN8Gameplay9getPacketEv                                                                                                                        
00012a9b  _ZN8GameplayC2Eiib                                                                                                                              
00012849  _ZN9Joystick213JoyStick_InitEv                                                                                                                  
000130e5  _ZN9Joystick27ConvertEPiS0_                                                                                                                     
000145a5  _ZN9Joystick2C1Ejj                                                                                                                              
000145a5  _ZN9Joystick2C2Ejj                                                                                                                              
000141ab  _ZNKSt3__112basic_stringIcNS_11char_traitsIcEENS_9allocatorIcEEE13__get_pointerB6v15007Ev                                                       
000146d5  _ZNKSt3__112basic_stringIcNS_11char_traitsIcEENS_9allocatorIcEEE18__get_long_pointerB6v15007Ev                                                  
000145bb  _ZNKSt3__112basic_stringIcNS_11char_traitsIcEENS_9allocatorIcEEE19__get_short_pointerB6v15007Ev                                                 
00014639  _ZNKSt3__112basic_stringIcNS_11char_traitsIcEENS_9allocatorIcEEE4dataB6v15007Ev                                                                 
0001478d  _ZNKSt3__112basic_stringIcNS_11char_traitsIcEENS_9allocatorIcEEE5c_strB6v15007Ev                                                                
000145d1  _ZNKSt3__112basic_stringIcNS_11char_traitsIcEENS_9allocatorIcEEE9__is_longB6v15007Ev                                                            
0001479d  _ZNKSt3__117__compressed_pairINS_12basic_stringIcNS_11char_traitsIcEENS_9allocatorIcEEE5__repES5_E5firstB6v15007Ev                              
000148c3  _ZNKSt3__122__compressed_pair_elemINS_12basic_stringIcNS_11char_traitsIcEENS_9allocatorIcEEE5__repELi0ELb0EE5__getB6v15007Ev                    
000147ad  _ZNSt3__111char_traitsIcE6lengthEPKc                                                                                                            
000148cd  _ZNSt3__112__to_addressB6v15007IKcEEPT_S3_                                                                                                      
000147bd  _ZNSt3__112basic_stringIcNS_11char_traitsIcEENS_9allocatorIcEEE14__default_initB6v15007Ev                                                       
000136b9  _ZNSt3__112basic_stringIcNS_11char_traitsIcEENS_9allocatorIcEEE6__initEPKcj                                                                     
00014401  _ZNSt3__112basic_stringIcNS_11char_traitsIcEENS_9allocatorIcEEE6__zeroB6v15007Ev                                                                
0001444d  _ZNSt3__112basic_stringIcNS_11char_traitsIcEENS_9allocatorIcEEEC2B6v15007Ev                                                                     
0001405b  _ZNSt3__112basic_stringIcNS_11char_traitsIcEENS_9allocatorIcEEEC2B6v15007IDnEEPKc                                                               
0001464d  _ZNSt3__112basic_stringIcNS_11char_traitsIcEENS_9allocatorIcEEED1Ev                                                                             
0001464d  _ZNSt3__112basic_stringIcNS_11char_traitsIcEENS_9allocatorIcEEED2Ev                                                                             
00011121  _ZNSt3__112basic_stringIcNS_11char_traitsIcEENS_9allocatorIcEEEaSERKS5_                                                                         
000148d7  _ZNSt3__114pointer_traitsIPKcE10pointer_toB6v15007ERS1_                                                                                         
000148e1  _ZNSt3__116__non_trivial_ifILb1ENS_9allocatorIcEEEC2B6v15007Ev                                                                                  
000147cd  _ZNSt3__117__compressed_pairINS_12basic_stringIcNS_11char_traitsIcEENS_9allocatorIcEEE5__repES5_E5firstB6v15007Ev                               
00014513  _ZNSt3__117__compressed_pairINS_12basic_stringIcNS_11char_traitsIcEENS_9allocatorIcEEE5__repES5_EC2B6v15007INS_18__default_init_tagESA_EEOT_OT0_
0001490f  _ZNSt3__119__debug_db_insert_cB6v15007INS_12basic_stringIcNS_11char_traitsIcEENS_9allocatorIcEEEEEEvPT_                                         
000148eb  _ZNSt3__122__compressed_pair_elemINS_12basic_stringIcNS_11char_traitsIcEENS_9allocatorIcEEE5__repELi0ELb0EE5__getB6v15007Ev                     
000148f5  _ZNSt3__122__compressed_pair_elemINS_12basic_stringIcNS_11char_traitsIcEENS_9allocatorIcEEE5__repELi0ELb0EEC2B6v15007ENS_18__default_init_tagE  
00014661  _ZNSt3__122__compressed_pair_elemINS_9allocatorIcEELi1ELb1EEC2B6v15007ENS_18__default_init_tagE                                                 
00014675  _ZNSt3__19allocatorIcEC2B6v15007Ev                                                                                                              
00014881  _ZSt15get_new_handlerv                                                                                                                          
00014917  _ZdlPv                                                                                                                                          
0001370d  _Znwj                                                                                                                                           
202044c0  __CIOBUF_                                                                                                                                       
20208000  __STACK_END                                                                                                                                     
00000200  __STACK_SIZE                                                                                                                                    
00000200  __SYSMEM_SIZE                                                                                                                                   
00000000  __TI_ATRegion0_region_sz                                                                                                                        
00000000  __TI_ATRegion0_src_addr                                                                                                                         
00000000  __TI_ATRegion0_trg_addr                                                                                                                         
00000000  __TI_ATRegion1_region_sz                                                                                                                        
00000000  __TI_ATRegion1_src_addr                                                                                                                         
00000000  __TI_ATRegion1_trg_addr                                                                                                                         
00000000  __TI_ATRegion2_region_sz                                                                                                                        
00000000  __TI_ATRegion2_src_addr                                                                                                                         
00000000  __TI_ATRegion2_trg_addr                                                                                                                         
00014a58  __TI_CINIT_Base                                                                                                                                 
00014a68  __TI_CINIT_Limit                                                                                                                                
00014a68  __TI_CINIT_Warm                                                                                                                                 
00014a44  __TI_Handler_Table_Base                                                                                                                         
00014a50  __TI_Handler_Table_Limit                                                                                                                        
00013761  __TI_auto_init_nobinit                                                                                                                          
00013f25  __TI_cleanup                                                                                                                                    
20204c94  __TI_cleanup_ptr                                                                                                                                
00012e3d  __TI_closefile                                                                                                                                  
00012eb9  __TI_decompress_lzss                                                                                                                            
0001470b  __TI_decompress_none                                                                                                                            
000137b5  __TI_doflush                                                                                                                                    
20204c98  __TI_dtors_ptr                                                                                                                                  
20204cbc  __TI_ft_end                                                                                                                                     
ffffffff  __TI_pprof_out_hndl                                                                                                                             
ffffffff  __TI_prof_data_size                                                                                                                             
ffffffff  __TI_prof_data_start                                                                                                                            
00013f59  __TI_readmsg                                                                                                                                    
00000000  __TI_static_base__                                                                                                                              
202045e0  __TI_tmpnams                                                                                                                                    
00013f8d  __TI_writemsg                                                                                                                                   
000147ed  __TI_zero_init                                                                                                                                  
00013565  __aeabi_idiv                                                                                                                                    
00010c33  __aeabi_idiv0                                                                                                                                   
00013565  __aeabi_idivmod                                                                                                                                 
0001488d  __aeabi_memclr                                                                                                                                  
0001488d  __aeabi_memclr4                                                                                                                                 
0001488d  __aeabi_memclr8                                                                                                                                 
00014921  __aeabi_memcpy                                                                                                                                  
00014921  __aeabi_memcpy4                                                                                                                                 
00014921  __aeabi_memcpy8                                                                                                                                 
00014929  __aeabi_memmove                                                                                                                                 
00014929  __aeabi_memmove4                                                                                                                                
00014929  __aeabi_memmove8                                                                                                                                
00013bcd  __aeabi_uidiv                                                                                                                                   
00013bcd  __aeabi_uidivmod                                                                                                                                
ffffffff  __binit__                                                                                                                                       
00014689  __cxa_atexit                                                                                                                                    
00013151  __cxa_finalize                                                                                                                                  
00014931  __cxa_ia64_exit                                                                                                                                 
20204cc0  __cxa_new_handler                                                                                                                               
20204cc4  __dso_handle                                                                                                                                    
UNDEFED   __mpu_init                                                                                                                                      
20207e00  __stack                                                                                                                                         
20200000  __start___llvm_prf_bits                                                                                                                         
20200000  __start___llvm_prf_cnts                                                                                                                         
20200000  __stop___llvm_prf_bits                                                                                                                          
20200000  __stop___llvm_prf_cnts                                                                                                                          
000143d9  _c_int00_noargs                                                                                                                                 
[...]
00014899  malloc                                                                                                                                          
000148a5  _Z12ST7735_closei                                                                                                                               
000148af  _Z13ST7735_unlinkPKc                                                                                                                            
000148b9  _Z8PLL_Initv                                                                                                                                    
000148c3  _ZNKSt3__122__compressed_pair_elemINS_12basic_stringIcNS_11char_traitsIcEENS_9allocatorIcEEE5__repELi0ELb0EE5__getB6v15007Ev                    
000148cd  _ZNSt3__112__to_addressB6v15007IKcEEPT_S3_                                                                                                      
000148d7  _ZNSt3__114pointer_traitsIPKcE10pointer_toB6v15007ERS1_                                                                                         
000148e1  _ZNSt3__116__non_trivial_ifILb1ENS_9allocatorIcEEEC2B6v15007Ev                                                                                  
000148eb  _ZNSt3__122__compressed_pair_elemINS_12basic_stringIcNS_11char_traitsIcEENS_9allocatorIcEEE5__repELi0ELb0EE5__getB6v15007Ev                     
000148f5  _ZNSt3__122__compressed_pair_elemINS_12basic_stringIcNS_11char_traitsIcEENS_9allocatorIcEEE5__repELi0ELb0EEC2B6v15007ENS_18__default_init_tagE  
0001490f  _ZNSt3__119__debug_db_insert_cB6v15007INS_12basic_stringIcNS_11char_traitsIcEENS_9allocatorIcEEEEEEvPT_                                         
00014917  _ZdlPv                                                                                                                                          
00014921  __aeabi_memcpy                                                                                                                                  
00014921  __aeabi_memcpy4                                                                                                                                 
00014921  __aeabi_memcpy8                                                                                                                                 
00014929  __aeabi_memmove                                                                                                                                 
00014929  __aeabi_memmove4                                                                                                                                
00014929  __aeabi_memmove8                                                                                                                                
00014931  __cxa_ia64_exit                                                                                                                                 
00014939  remove                                                                                                                                          
00014941  ADC0_IRQHandler                                                                                                                                 
00014941  ADC1_IRQHandler                                                                                                                                 
00014941  AES_IRQHandler                                                                                                                                  
00014941  CANFD0_IRQHandler                                                                                                                               
00014941  DAC0_IRQHandler                                                                                                                                 
00014941  DMA_IRQHandler                                                                                                                                  
00014941  Default_Handler                                                                                                                                 
00014941  GROUP0_IRQHandler                                                                                                                               
00014941  GROUP1_IRQHandler                                                                                                                               
00014941  I2C0_IRQHandler                                                                                                                                 
00014941  I2C1_IRQHandler                                                                                                                                 
00014941  NMI_Handler                                                                                                                                     
00014941  PendSV_Handler                                                                                                                                  
00014941  RTC_IRQHandler                                                                                                                                  
00014941  SPI0_IRQHandler                                                                                                                                 
00014941  SPI1_IRQHandler                                                                                                                                 
00014941  SVC_Handler                                                                                                                                     
00014941  TIMA0_IRQHandler                                                                                                                                
00014941  TIMA1_IRQHandler                                                                                                                                
00014941  TIMG0_IRQHandler                                                                                                                                
00014941  TIMG6_IRQHandler                                                                                                                                
00014941  TIMG8_IRQHandler                                                                                                                                
00014941  UART0_IRQHandler                                                                                                                                
00014941  UART1_IRQHandler                                                                                                                                
00014941  UART3_IRQHandler                                                                                                                                
00014945  HardFault_Handler                                                                                                                               
00014949  Reset_Handler                                                                                                                                   
0001494d  _system_pre_init                                                                                                                                
00014950  C$$EXIT                                                                                                                                         
00014951  abort                                                                                                                                           
00014958  SHT$$INIT_ARRAY$$Base                                                                                                                           
00014968  SHT$$INIT_ARRAY$$Limit                                                                                                                          
00014a44  __TI_Handler_Table_Base                                                                                                                         
00014a50  __TI_Handler_Table_Limit                                                                                                                        
00014a58  __TI_CINIT_Base                                                                                                                                 
00014a68  __TI_CINIT_Limit                                                                                                                                
00014a68  __TI_CINIT_Warm                                                                                                                                 
20200000  __start___llvm_prf_bits                                                                                                                         
20200000  __start___llvm_prf_cnts                                                                                                                         
20200000  __stop___llvm_prf_bits                                                                                                                          
20200000  __stop___llvm_prf_cnts                                                                                                                          
20200000  visitedMatrix                                                                                                                                   
202044c0  _CIOBUF_                                                                                                                                        
202044c0  __CIOBUF_                                                                                                                                       
202045e0  __TI_tmpnams                                                                                                                                    
20204708  parmbuf                                                                                                                                         
20204710  LostData                                                                                                                                        
20204714  TExaSLogic                                                                                                                                      
20204718  TExaSadc                                                                                                                                        
20204720  curSound                                                                                                                                        
2020472c  menuFSM                                                                                                                                         
20204894  _ftable                                                                                                                                         
20204984  gameRunner                                                                                                                                      
20204a04  _device                                                                                                                                         
20204a7c  langText                                                                                                                                        
20204adc  mainText                                                                                                                                        
20204b3c  settText                                                                                                                                        
20204b9c  _stream                                                                                                                                         
20204bec  FIFO2                                                                                                                                           
20204c18  MainFSM                                                                                                                                         
20204c40  cycleSprites                                                                                                                                    
20204c60  settChange                                                                                                                                      
20204c70  langChange                                                                                                                                      
20204c7c  mainChange                                                                                                                                      
20204c88  speeds                                                                                                                                          
20204c94  __TI_cleanup_ptr                                                                                                                                
20204c98  __TI_dtors_ptr                                                                                                                                  
20204c9c  axes                                                                                                                                            
20204cb0  BusFreq                                                                                                                                         
20204cb4  StX                                                                                                                                             
20204cb8  StY                                                                                                                                             
20204cbc  __TI_ft_end                                                                                                                                     
20204cc0  __cxa_new_handler                                                                                                                               
20204cc4  __dso_handle                                                                                                                                    
20204cc8  _lock                                                                                                                                           
20204ccc  _unlock                                                                                                                                         
20204cd0  bikeSpeed                                                                                                                                       
20204cd4  buttonInput                                                                                                                                     
20204cd8  col                                                                                                                                             
20204cdc  currInd                                                                                                                                         
20204ce0  currLang                                                                                                                                        
20204ce4  currState                                                                                                                                       
20204ce8  ind                                                                                                                                             
20204cec  lasInd                                                                                                                                          
20204cf0  lastInput                                                                                                                                       
20204cf4  off                                                                                                                                             
20204cf8  period                                                                                                                                          
20204cfc  priority                                                                                                                                        
20204d00  row                                                                                                                                             
20204d04  size                                                                                                                                            
20204d08  xInput                                                                                                                                          
20204d0c  yInput                                                                                                                                          
20204d10  StTextColor                                                                                                                                     
20204d16  abilityEnabled                                                                                                                                  
20204d17  done                                                                                                                                            
20204d19  host                                                                                                                                            
20204d1a  joystickPacket                                                                                                                                  
20204d1b  semaphore                                                                                                                                       
20204d28  _sys_memory                                                                                                                                     
20207e00  __stack                                                                                                                                         
20208000  __STACK_END                                                                                                                                     
ffffffff  __TI_pprof_out_hndl                                                                                                                             
ffffffff  __TI_prof_data_size                                                                                                                             
ffffffff  __TI_prof_data_start                                                                                                                            
ffffffff  __binit__                                                                                                                                       
ffffffff  binit                                                                                                                                           
UNDEFED   __mpu_init                                                                                                                                      
UNDEFED   _system_post_cinit                                                                                                                              

[317 symbols]
