******************************************************************************
            TI ARM Clang Linker PC v3.2.1                      
******************************************************************************
>> Linked Sun Apr 21 14:16:49 2024

OUTPUT FILE NAME:   <ECE319K_Lab9H.out>
ENTRY POINT SYMBOL: "_c_int00_noargs"  address: 0000ff71


MEMORY CONFIGURATION

         name            origin    length      used     unused   attr    fill
----------------------  --------  ---------  --------  --------  ----  --------
  FLASH                 00000000   00020000  000104b0  0000fb50  R  X
  SRAM                  20200000   00008000  00000b5d  000074a3  RW X
  BCR_CONFIG            41c00000   00000080  00000000  00000080  R   
  BSL_CONFIG            41c00100   00000080  00000000  00000080  R   


SEGMENT ALLOCATION MAP

run origin  load origin   length   init length attrs members
----------  ----------- ---------- ----------- ----- -------
00000000    00000000    000104b0   000104b0    r-x
  00000000    00000000    000000c0   000000c0    r-- .intvecs
  000000c0    000000c0    0000cd38   0000cd38    r-- .rodata
  0000cdf8    0000cdf8    000035f8   000035f8    r-x .text
  000103f0    000103f0    00000008   00000008    r-- .init_array
  000103f8    000103f8    000000b8   000000b8    r-- .cinit
20200000    20200000    00000960   00000000    rw-
  20200000    20200000    000004f5   00000000    rw- .data
  202004f8    202004f8    00000268   00000000    rw- .bss
  20200760    20200760    00000200   00000000    rw- .sysmem
20207e00    20207e00    00000200   00000000    rw-
  20207e00    20207e00    00000200   00000000    rw- .stack


SECTION ALLOCATION MAP

 output                                  attributes/
section   page    origin      length       input sections
--------  ----  ----------  ----------   ----------------
.intvecs   0    00000000    000000c0     
                  00000000    000000c0     startup_mspm0g3507_ticlang.o (.intvecs)

.binit     0    00000000    00000000     

.text      0    0000cdf8    000035f8     
                  0000cdf8    00000210     ST7735.o (.text._Z17ST7735_DrawBitmapssPKtss)
                  0000d008    000001b4     Clock.o (.text._Z15Clock_Init80MHzi)
                  0000d1bc    000001a0     ST7735.o (.text._Z16ST7735_DrawCharSsscssh)
                  0000d35c    00000178     menu.o (.text._Z11menu_updatev)
                  0000d4d4    00000160     libc.a : fopen.c.obj (.text._openfile)
                  0000d634    0000012c            : memory.c.obj (.text.aligned_alloc)
                  0000d760    00000128     TExaS.o (.text._Z8ADC_InitP10ADC12_Regsjj)
                  0000d888    00000128     libc++.a : string.cpp.obj (.text._ZNSt3__112basic_stringIcNS_11char_traitsIcEENS_9allocatorIcEEEaSERKS5_)
                  0000d9b0    00000118     ST7735.o (.text._Z15ST7735_FillRectsssst)
                  0000dac8    000000f8     SPI.o (.text._Z8SPI_Initv)
                  0000dbc0    000000f4     ST7735.o (.text._Z18ST7735_SetRotationh)
                  0000dcb4    000000f4     menu.o (.text._Z2upv)
                  0000dda8    000000ec     libsysbm.a : add_device.c.obj (.text.add_device)
                  0000de94    000000ec     libc.a : memory.c.obj (.text.free)
                  0000df80    000000e8     TExaS.o (.text._Z9UART_Initv)
                  0000e068    000000dc     libc.a : setvbuf.c.obj (.text.setvbuf)
                  0000e144    000000d8     Lab9HMain.o (.text.TIMG12_IRQHandler)
                  0000e21c    000000d4     menu.o (.text._Z15periodic_updatei)
                  0000e2f0    000000d0     ST7735.o (.text._Z14ST7735_OutCharc)
                  0000e3c0    000000cc     menu.o (.text._Z4downv)
                  0000e48c    000000c8     menu.o (.text._Z9changeSetv)
                  0000e554    000000b4     menu.o (.text.__cxx_global_var_init.5)
                  0000e608    000000b0     menu.o (.text.__cxx_global_var_init)
                  0000e6b8    000000a8     Timer.o (.text._Z14TimerG7_IntArmtjj)
                  0000e760    000000a8     libsysbm.a : open.c.obj (.text.open)
                  0000e808    000000a2     ST7735.o (.text._ZL11commandListPKh)
                  0000e8aa    00000002     libclang_rt.builtins.a : aeabi_div0.c.obj (.text.__aeabi_idiv0)
                  0000e8ac    000000a0     ST7735.o (.text._Z17ST7735_InitPrintfv)
                  0000e94c    000000a0     menu.o (.text._ZN4MenuC2EPA4_NSt3__112basic_stringIcNS0_11char_traitsIcEENS0_9allocatorIcEEEEiPKi)
                  0000e9ec    0000009c     libc.a : aeabi_atexit.c.obj (.text.atexit_register)
                  0000ea88    0000009c     Lab9HMain.o (.text.main)
                  0000eb24    00000098     ST7735.o (.text._Z12ST7735_InitR10initRFlags)
                  0000ebbc    00000098     Joystick2.o (.text._ZN9Joystick213JoyStick_InitEv)
                  0000ec54    00000094     Timer.o (.text._Z15TimerG12_IntArmjj)
                  0000ece8    00000090     menu.o (.text.__cxx_global_var_init.13)
                  0000ed78    00000088     ST7735.o (.text._ZL13setAddrWindowhhhh)
                  0000ee00    00000084     ST7735.o (.text._Z17ST7735_DrawStringttPKcs)
                  0000ee84    0000007c     LaunchPad.o (.text._Z14LaunchPad_Initv)
                  0000ef00    0000007c     libc.a : fclose.c.obj (.text.__TI_closefile)
                  0000ef7c    00000078            : copy_decompress_lzss.c.obj (.text:decompress:lzss)
                  0000eff4    00000070     ST7735.o (.text._Z16ST7735_DrawPixelsst)
                  0000f064    0000006c     libsysbm.a : hostlseek.c.obj (.text.HOSTlseek)
                  0000f0d0    0000006c                : hostrename.c.obj (.text.HOSTrename)
                  0000f13c    0000006c     Joystick2.o (.text._ZN9Joystick27ConvertEPiS0_)
                  0000f1a8    0000006c     libc.a : aeabi_atexit.c.obj (.text.__cxa_finalize)
                  0000f214    00000068            : getdevice.c.obj (.text.getdevice)
                  0000f27c    00000064     menu.o (.text.__cxx_global_var_init.21)
                  0000f2e0    00000064     libc.a : memory.c.obj (.text.split)
                  0000f344    00000060     libsysbm.a : hostopen.c.obj (.text.HOSTopen)
                  0000f3a4    00000058                : hostread.c.obj (.text.HOSTread)
                  0000f3fc    00000058                : hostwrite.c.obj (.text.HOSTwrite)
                  0000f454    00000058     TExaS.o (.text._Z10TExaS_InitP10ADC12_RegsjPFhvE)
                  0000f4ac    00000058     Switch.o (.text._Z11Switch_Initv)
                  0000f504    00000056     libclang_rt.builtins.a : aeabi_idivmod.S.obj (.text.__aeabi_idivmod)
                  0000f55a    00000002     libc.a : _lock.c.obj (.text._nop)
                  0000f55c    00000054     Sound.o (.text._Z10Sound_Initv)
                  0000f5b0    00000054     libc++.a : string.cpp.obj (.text._ZNSt3__112basic_stringIcNS_11char_traitsIcEENS_9allocatorIcEEE6__initEPKcj)
                  0000f604    00000054     libc++abi.a : stdlib_new_delete.cpp.obj (.text._Znwj)
                  0000f658    00000054     libc.a : autoinit.c.obj (.text:__TI_auto_init_nobinit)
                  0000f6ac    00000052            : fflush.c.obj (.text.__TI_doflush)
                  0000f6fe    00000002     --HOLE-- [fill = 0]
                  0000f700    00000050     libsysbm.a : close.c.obj (.text.close)
                  0000f750    00000048                : hostclose.c.obj (.text.HOSTclose)
                  0000f798    00000048                : hostunlink.c.obj (.text.HOSTunlink)
                  0000f7e0    00000048     SPI.o (.text._Z14SPI_OutCommandc)
                  0000f828    00000044     Sound.o (.text.SysTick_Handler)
                  0000f86c    00000044     Sound.o (.text._Z11Sound_StartPKhj)
                  0000f8b0    00000044     LED.o (.text._Z8LED_Initv)
                  0000f8f4    00000040     TExaS.o (.text.TIMG7_IRQHandler)
                  0000f934    00000040     SPI.o (.text._Z9SPI_Resetv)
                  0000f974    00000040     libclang_rt.builtins.a : aeabi_uidivmod.S.obj (.text.__aeabi_uidivmod)
                  0000f9b4    00000040     libc.a : fopen.c.obj (.text._search_fp)
                  0000f9f4    0000003c     DAC5.o (.text._Z9DAC5_Initv)
                  0000fa30    00000038     SPI.o (.text._Z11SPI_OutDatac)
                  0000fa68    00000038     LaunchPad.o (.text._Z15ActivatePortA_Bv)
                  0000faa0    00000038     libc.a : getdevice.c.obj (.text.finddevice)
                  0000fad8    00000034     ST7735.o (.text._Z12ST7735_writeiPKcj)
                  0000fb0c    00000034     Clock.o (.text._Z14Clock_Delay1msj)
                  0000fb40    00000034     ST7735.o (.text._Z16ST7735_SetCursorjj)
                  0000fb74    00000034     libc.a : fopen.c.obj (.text.__TI_cleanup)
                  0000fba8    00000034     libsysbm.a : trgmsg.c.obj (.text.__TI_readmsg)
                  0000fbdc    00000034                : trgmsg.c.obj (.text.__TI_writemsg)
                  0000fc10    00000034     libc.a : exit.c.obj (.text.exit)
                  0000fc44    00000034            : fopen.c.obj (.text.freopen)
                  0000fc78    00000032     menu.o (.text._ZNSt3__112basic_stringIcNS_11char_traitsIcEENS_9allocatorIcEEEC2B6v15007IDnEEPKc)
                  0000fcaa    00000002     --HOLE-- [fill = 0]
                  0000fcac    00000030     LED.o (.text._Z6LED_Onj)
                  0000fcdc    00000030     ST7735.o (.text._ZL10commonInitPKh)
                  0000fd0c    00000030     menu.o (.text.__cxx_global_array_dtor.22)
                  0000fd3c    00000030     libc.a : fopen.c.obj (.text.fopen)
                  0000fd6c    0000002e     menu.o (.text._ZN4MenuD2Ev)
                  0000fd9a    0000002e     menu.o (.text._ZNKSt3__112basic_stringIcNS_11char_traitsIcEENS_9allocatorIcEEE13__get_pointerB6v15007Ev)
                  0000fdc8    0000002c     ST7735.o (.text._Z17ST7735_FillScreent)
                  0000fdf4    0000002c     Switch.o (.text._Z9Switch_Inv)
                  0000fe20    0000002c     menu.o (.text.__cxx_global_array_dtor.12)
                  0000fe4c    0000002c     menu.o (.text.__cxx_global_array_dtor.20)
                  0000fe78    0000002c     menu.o (.text.__cxx_global_array_dtor)
                  0000fea4    0000002c     libsysbm.a : unlink.c.obj (.text.unlink)
                  0000fed0    00000028     TExaS.o (.text._Z9ADC_StartP10ADC12_Regs)
                  0000fef8    00000028     libc.a : memory.c.obj (.text.free_list_insert)
                  0000ff20    00000028            : memmov.c.obj (.text.memmove)
                  0000ff48    00000028     libsysbm.a : write.c.obj (.text.write)
                  0000ff70    00000028     libc.a : boot_cortex_m.c.obj (.text:_c_int00_noargs)
                  0000ff98    00000026     menu.o (.text._ZNSt3__112basic_stringIcNS_11char_traitsIcEENS_9allocatorIcEEE6__zeroB6v15007Ev)
                  0000ffbe    00000002     --HOLE-- [fill = 0]
                  0000ffc0    00000024     DAC5.o (.text._Z8DAC5_Outh)
                  0000ffe4    00000024     menu.o (.text._ZNSt3__112basic_stringIcNS_11char_traitsIcEENS_9allocatorIcEEEC2B6v15007Ev)
                  00010008    00000022     ST7735.o (.text._Z20ST7735_InvertDisplayi)
                  0001002a    00000002     --HOLE-- [fill = 0]
                  0001002c    00000020     menu.o (.text._Z12tronMenuInitv)
                  0001004c    00000020     Sound.o (.text._Z14SysTick_IntArmjj)
                  0001006c    0000001e     ST7735.o (.text._ZL9pushColort)
                  0001008a    0000001e     menu.o (.text._ZNSt3__117__compressed_pairINS_12basic_stringIcNS_11char_traitsIcEENS_9allocatorIcEEE5__repES5_EC2B6v15007INS_18__default_init_tagESA_EEOT_OT0_)
                  000100a8    0000001c     libc.a : memory.c.obj (.text.free_list_remove)
                  000100c4    00000016     ST7735.o (.text._Z11ST7735_openPKcji)
                  000100da    00000016     ST7735.o (.text._Z11ST7735_readiPcj)
                  000100f0    00000016     Joystick2.o (.text._ZN9Joystick2C2Ejj)
                  00010106    00000016     menu.o (.text._ZNKSt3__112basic_stringIcNS_11char_traitsIcEENS_9allocatorIcEEE19__get_short_pointerB6v15007Ev)
                  0001011c    00000016     menu.o (.text._ZNKSt3__112basic_stringIcNS_11char_traitsIcEENS_9allocatorIcEEE9__is_longB6v15007Ev)
                  00010132    00000016     libc.a : copy_zero_init.c.obj (.text:decompress:ZI:__TI_zero_init_nomemset)
                  00010148    00000014     menu.o (.text._GLOBAL__sub_I_menu.cpp)
                  0001015c    00000014     Sound.o (.text._Z10Sound_Menuv)
                  00010170    00000014     Sound.o (.text._Z12Sound_Selectv)
                  00010184    00000014     menu.o (.text._ZNKSt3__112basic_stringIcNS_11char_traitsIcEENS_9allocatorIcEEE4dataB6v15007Ev)
                  00010198    00000014     libc++.a : string.cpp.obj (.text._ZNSt3__112basic_stringIcNS_11char_traitsIcEENS_9allocatorIcEEED2Ev)
                  000101ac    00000014     menu.o (.text._ZNSt3__122__compressed_pair_elemINS_9allocatorIcEELi1ELb1EEC2B6v15007ENS_18__default_init_tagE)
                  000101c0    00000014     menu.o (.text._ZNSt3__19allocatorIcEC2B6v15007Ev)
                  000101d4    00000014     libc.a : aeabi_atexit.c.obj (.text.__cxa_atexit)
                  000101e8    00000014     Lab9HMain.o (.text.__cxx_global_var_init)
                  000101fc    00000012     menu.o (.text._ZNKSt3__112basic_stringIcNS_11char_traitsIcEENS_9allocatorIcEEE18__get_long_pointerB6v15007Ev)
                  0001020e    00000012     libsysbm.a : hostrename.c.obj (.text.strcpy)
                  00010220    00000012     libc.a : memcpy16.S.obj (.text:TI_memcpy_small)
                  00010232    00000012            : copy_decompress_none.c.obj (.text:decompress:none)
                  00010244    00000010     Clock.o (.text._Z11Clock_Delayj)
                  00010254    00000010     Lab9HMain.o (.text._Z28TExaS_LaunchPadLogicPB27PB26v)
                  00010264    00000010     menu.o (.text._ZNKSt3__112basic_stringIcNS_11char_traitsIcEENS_9allocatorIcEEE5c_strB6v15007Ev)
                  00010274    00000010     menu.o (.text._ZNKSt3__117__compressed_pairINS_12basic_stringIcNS_11char_traitsIcEENS_9allocatorIcEEE5__repES5_E5firstB6v15007Ev)
                  00010284    00000010     menu.o (.text._ZNSt3__111char_traitsIcE6lengthEPKc)
                  00010294    00000010     menu.o (.text._ZNSt3__112basic_stringIcNS_11char_traitsIcEENS_9allocatorIcEEE14__default_initB6v15007Ev)
                  000102a4    00000010     menu.o (.text._ZNSt3__117__compressed_pairINS_12basic_stringIcNS_11char_traitsIcEENS_9allocatorIcEEE5__repES5_E5firstB6v15007Ev)
                  000102b4    0000000e     libc.a : memory.c.obj (.text.OUTLINED_FUNCTION_0)
                  000102c2    0000000e     ST7735.o (.text._Z12ST7735_lseekili)
                  000102d0    0000000e     libc.a : strlen.c.obj (.text.strlen)
                  000102de    0000000e     libsysbm.a : hostrename.c.obj (.text.strlen)
                  000102ec    0000000e     libc.a : memset16.S.obj (.text:TI_memset_small)
                  000102fa    00000002     --HOLE-- [fill = 0]
                  000102fc    0000000c     Clock.o (.text._Z10Clock_Freqv)
                  00010308    0000000c     Sound.o (.text._Z10Sound_Stopv)
                  00010314    0000000c     ST7735.o (.text._Z13ST7735_renamePKcS0_)
                  00010320    0000000c     libc++abi.a : cxa_handlers.cpp.obj (.text._ZSt15get_new_handlerv)
                  0001032c    0000000c     libclang_rt.builtins.a : aeabi_memset.S.obj (.text.__aeabi_memclr)
                  00010338    0000000c     libc.a : memory.c.obj (.text.malloc)
                  00010344    0000000a     ST7735.o (.text._Z12ST7735_closei)
                  0001034e    0000000a     ST7735.o (.text._Z13ST7735_unlinkPKc)
                  00010358    0000000a     Lab9HMain.o (.text._Z8PLL_Initv)
                  00010362    0000000a     menu.o (.text._ZNKSt3__122__compressed_pair_elemINS_12basic_stringIcNS_11char_traitsIcEENS_9allocatorIcEEE5__repELi0ELb0EE5__getB6v15007Ev)
                  0001036c    0000000a     menu.o (.text._ZNSt3__112__to_addressB6v15007IKcEEPT_S3_)
                  00010376    0000000a     menu.o (.text._ZNSt3__114pointer_traitsIPKcE10pointer_toB6v15007ERS1_)
                  00010380    0000000a     menu.o (.text._ZNSt3__116__non_trivial_ifILb1ENS_9allocatorIcEEEC2B6v15007Ev)
                  0001038a    0000000a     menu.o (.text._ZNSt3__122__compressed_pair_elemINS_12basic_stringIcNS_11char_traitsIcEENS_9allocatorIcEEE5__repELi0ELb0EE5__getB6v15007Ev)
                  00010394    0000000a     menu.o (.text._ZNSt3__122__compressed_pair_elemINS_12basic_stringIcNS_11char_traitsIcEENS_9allocatorIcEEE5__repELi0ELb0EEC2B6v15007ENS_18__default_init_tagE)
                  0001039e    00000008     Lab9HMain.o (.text._GLOBAL__sub_I_Lab9HMain.cpp)
                  000103a6    00000008     menu.o (.text._ZNSt3__119__debug_db_insert_cB6v15007INS_12basic_stringIcNS_11char_traitsIcEENS_9allocatorIcEEEEEEvPT_)
                  000103ae    00000008     libc++abi.a : stdlib_new_delete.cpp.obj (.text._ZdlPv)
                  000103b6    00000002     --HOLE-- [fill = 0]
                  000103b8    00000008     libclang_rt.builtins.a : aeabi_memcpy.S.obj (.text.__aeabi_memcpy)
                  000103c0    00000008                            : aeabi_memmove.S.obj (.text.__aeabi_memmove)
                  000103c8    00000008     libc.a : aeabi_atexit.c.obj (.text.__cxa_ia64_exit)
                  000103d0    00000008     libsysbm.a : remove.c.obj (.text.remove)
                  000103d8    00000004     startup_mspm0g3507_ticlang.o (.text.Default_Handler)
                  000103dc    00000004     startup_mspm0g3507_ticlang.o (.text.HardFault_Handler)
                  000103e0    00000004     startup_mspm0g3507_ticlang.o (.text.Reset_Handler)
                  000103e4    00000004     libc.a : pre_init.c.obj (.text._system_pre_init)
                  000103e8    00000004            : exit.c.obj (.text:abort)
                  000103ec    00000004     --HOLE-- [fill = 0]

.cinit     0    000103f8    000000b8     
                  000103f8    00000092     (.cinit..data.load) [load image, compression = lzss]
                  0001048a    00000002     --HOLE-- [fill = 0]
                  0001048c    0000000c     (__TI_handler_table)
                  00010498    00000008     (.cinit..bss.load) [load image, compression = zero_init]
                  000104a0    00000010     (__TI_cinit_table)

.rodata    0    000000c0    0000cd38     
                  000000c0    0000a000     menu.o (.rodata._ZL13tron_menu_img)
                  0000a0c0    00001800     Sound.o (.rodata._ZL14TronMenuSelect)
                  0000b8c0    00000f00     Sound.o (.rodata._ZL9MenuSound)
                  0000c7c0    000004fb     ST7735.o (.rodata._ZL4Font)
                  0000ccbb    0000003b     ST7735.o (.rodata._ZL5Rcmd1)
                  0000ccf6    0000002b     ST7735.o (.rodata._ZL5Rcmd3)
                  0000cd21    00000016     ST7735.o (.rodata.str1.131696582137495765941)
                  0000cd37    0000000d     ST7735.o (.rodata._ZL10Rcmd2green)
                  0000cd44    0000000d     ST7735.o (.rodata._ZL8Rcmd2red)
                  0000cd51    00000009     menu.o (.rodata.str1.110986731793232197011)
                  0000cd5a    00000009     menu.o (.rodata.str1.152844668465687054501)
                  0000cd63    00000009     menu.o (.rodata.str1.43344253877813655741)
                  0000cd6c    00000009     menu.o (.rodata.str1.55696074319151882151)
                  0000cd75    00000009     menu.o (.rodata.str1.81609088239885430801)
                  0000cd7e    00000008     menu.o (.rodata.str1.102567634636123109261)
                  0000cd86    00000008     menu.o (.rodata.str1.173213289727903394671)
                  0000cd8e    00000008     menu.o (.rodata.str1.18654542343258509881)
                  0000cd96    00000008     ST7735.o (.rodata.str1.86012262618455636901)
                  0000cd9e    00000007     menu.o (.rodata.str1.106080763620002280141)
                  0000cda5    00000007     menu.o (.rodata.str1.114793701521291410291)
                  0000cdac    00000007     ST7735.o (.rodata.str1.114990493261766323881)
                  0000cdb3    00000007     menu.o (.rodata.str1.121165265712081410371)
                  0000cdba    00000007     menu.o (.rodata.str1.23717824096920018761)
                  0000cdc1    00000007     ST7735.o (.rodata.str1.34205522212527886751)
                  0000cdc8    00000007     menu.o (.rodata.str1.4515836270289371911)
                  0000cdcf    00000007     menu.o (.rodata.str1.59352028943064177451)
                  0000cdd6    00000007     menu.o (.rodata.str1.74997160766714330521)
                  0000cddd    00000006     menu.o (.rodata.str1.180546244946655119331)
                  0000cde3    00000005     menu.o (.rodata.str1.23545670429919334371)
                  0000cde8    00000002     ST7735.o (.rodata.str1.105087110211667939411)
                  0000cdea    00000002     menu.o (.rodata.str1.123183616927295083011)
                  0000cdec    00000002     menu.o (.rodata.str1.142783162394880212271)
                  0000cdee    00000002     menu.o (.rodata.str1.161462869409870619401)
                  0000cdf0    00000002     menu.o (.rodata.str1.175215292397905939431)
                  0000cdf2    00000002     menu.o (.rodata.str1.5226134088729676321)
                  0000cdf4    00000004     --HOLE-- [fill = 0]

.init_array 
*          0    000103f0    00000008     
                  000103f0    00000004     menu.o (.init_array)
                  000103f4    00000004     Lab9HMain.o (.init_array)

.data      0    20200000    000004f5     UNINITIALIZED
                  20200000    00000168     menu.o (.data.menuFSM)
                  20200168    000000f0     libc.a : defs.c.obj (.data._ftable)
                  20200258    00000078     libsysbm.a : host_device.c.obj (.data._device)
                  202002d0    00000060     menu.o (.data.langText)
                  20200330    00000060     menu.o (.data.mainText)
                  20200390    00000060     menu.o (.data.settText)
                  202003f0    00000050     libsysbm.a : host_device.c.obj (.data._stream)
                  20200440    00000010     menu.o (.data.settChange)
                  20200450    0000000c     menu.o (.data.langChange)
                  2020045c    0000000c     menu.o (.data.mainChange)
                  20200468    0000000c     menu.o (.data.speeds)
                  20200474    00000008     libc.a : exit.c.obj (.data..L_MergedGlobals)
                  2020047c    00000008     Lab9HMain.o (.data.axes)
                  20200484    00000004     Clock.o (.data.BusFreq)
                  20200488    00000004     ST7735.o (.data.StX)
                  2020048c    00000004     ST7735.o (.data.StY)
                  20200490    00000004     libc.a : defs.c.obj (.data.__TI_ft_end)
                  20200494    00000004     libc++abi.a : cxa_default_handlers.cpp.obj (.data.__cxa_new_handler)
                  20200498    00000004     libc.a : exit.c.obj (.data.__dso_handle)
                  2020049c    00000004            : _lock.c.obj (.data._lock)
                  202004a0    00000004            : _lock.c.obj (.data._unlock)
                  202004a4    00000004     menu.o (.data.bikeSpeed)
                  202004a8    00000004     Lab9HMain.o (.data.buttonInput)
                  202004ac    00000004     menu.o (.data.col)
                  202004b0    00000004     menu.o (.data.currInd)
                  202004b4    00000004     menu.o (.data.currLang)
                  202004b8    00000004     Sound.o (.data.ind)
                  202004bc    00000004     Lab9HMain.o (.data.joystickPacket)
                  202004c0    00000004     menu.o (.data.lasInd)
                  202004c4    00000004     menu.o (.data.lastInput)
                  202004c8    00000004     menu.o (.data.off)
                  202004cc    00000004     Sound.o (.data.period)
                  202004d0    00000004     Sound.o (.data.priority)
                  202004d4    00000004     menu.o (.data.row)
                  202004d8    00000004     Sound.o (.data.size)
                  202004dc    00000004     Lab9HMain.o (.data.xInput)
                  202004e0    00000004     Lab9HMain.o (.data.yInput)
                  202004e4    00000002     ST7735.o (.data.StTextColor)
                  202004e6    00000002     ST7735.o (.data._ZL6_width)
                  202004e8    00000002     ST7735.o (.data._ZL7_height)
                  202004ea    00000001     menu.o (.data.abilityEnabled)
                  202004eb    00000001     Lab9HMain.o (.data.semaphore)
                  202004ec    00000001     libsysbm.a : add_device.c.obj (.data.add_device.device_init)
                  202004ed    00000003     --HOLE--
                  202004f0    00000001     libc.a : memory.c.obj (.data.memory_is_initialized)
                  202004f1    00000003     --HOLE--
                  202004f4    00000001     libsysbm.a : open.c.obj (.data.open.stream_init)

.bss       0    202004f8    00000268     UNINITIALIZED
                  202004f8    00000120     libsysbm.a : trgmsg.c.obj (.bss:_CIOBUF_)
                  20200618    000000a0     libc.a : defs.c.obj (.bss.__TI_tmpnams)
                  202006b8    00000088            : aeabi_atexit.c.obj (.bss.atexit_register.__atexit0)
                  20200740    00000008     libsysbm.a : hostopen.c.obj (.bss.parmbuf)
                  20200748    00000004     TExaS.o (.bss.TExaSLogic)
                  2020074c    00000004     TExaS.o (.bss.TExaSadc)
                  20200750    00000004     libc.a : aeabi_atexit.c.obj (.bss.__atexit)
                  20200754    00000004     Sound.o (.bss.curSound)
                  20200758    00000004     libc.a : memory.c.obj (.bss.sys_free)
                  2020075c    00000001     ST7735.o (.bss._ZL8ColStart)
                  2020075d    00000001     ST7735.o (.bss._ZL8Rotation)
                  2020075e    00000001     ST7735.o (.bss._ZL8RowStart)
                  2020075f    00000001     ST7735.o (.bss._ZL8TabColor)

.sysmem    0    20200760    00000200     UNINITIALIZED
                  20200760    00000010     libc.a : memory.c.obj (.sysmem)
                  20200770    000001f0     --HOLE--

.stack     0    20207e00    00000200     UNINITIALIZED
                  20207e00    00000004     libc.a : boot_cortex_m.c.obj (.stack)
                  20207e04    000001fc     --HOLE--

__llvm_prf_cnts 
*          0    20200000    00000000     UNINITIALIZED

__llvm_prf_bits 
*          0    20200000    00000000     UNINITIALIZED

MODULE SUMMARY

       Module                         code    ro data   rw data
       ------                         ----    -------   -------
    .\
       menu.o                         2744    41103     733    
       Sound.o                        304     9984      20     
       ST7735.o                       2880    1449      18     
       TExaS.o                        720     0         8      
       Clock.o                        516     0         4      
       Lab9HMain.o                    426     4         25     
       SPI.o                          440     0         0      
       Timer.o                        316     0         0      
       Joystick2.o                    282     0         0      
       LaunchPad.o                    180     0         0      
       Switch.o                       132     0         0      
       LED.o                          116     0         0      
       DAC5.o                         96      0         0      
    +--+------------------------------+-------+---------+---------+
       Total:                         9152    52540     808    
                                                               
    .\ticlang\
       startup_mspm0g3507_ticlang.o   12      192       0      
    +--+------------------------------+-------+---------+---------+
       Total:                         12      192       0      
                                                               
    C:\ti\ccs1260\ccs\tools\compiler\ti-cgt-armllvm_3.2.1.LTS\lib\armv6m-ti-none-eabi/c/libc.a
       memory.c.obj                   730     0         5      
       fopen.c.obj                    568     0         0      
       aeabi_atexit.c.obj             292     0         140    
       defs.c.obj                     0       0         404    
       setvbuf.c.obj                  220     0         0      
       getdevice.c.obj                160     0         0      
       fclose.c.obj                   124     0         0      
       copy_decompress_lzss.c.obj     120     0         0      
       autoinit.c.obj                 84      0         0      
       fflush.c.obj                   82      0         0      
       exit.c.obj                     56      0         12     
       boot_cortex_m.c.obj            40      0         0      
       memmov.c.obj                   40      0         0      
       copy_zero_init.c.obj           22      0         0      
       copy_decompress_none.c.obj     18      0         0      
       memcpy16.S.obj                 18      0         0      
       memset16.S.obj                 14      0         0      
       strlen.c.obj                   14      0         0      
       _lock.c.obj                    2       0         8      
       pre_init.c.obj                 4       0         0      
    +--+------------------------------+-------+---------+---------+
       Total:                         2608    0         569    
                                                               
    C:\ti\ccs1260\ccs\tools\compiler\ti-cgt-armllvm_3.2.1.LTS\lib\armv6m-ti-none-eabi/c/libsysbm.a
       trgmsg.c.obj                   104     0         288    
       add_device.c.obj               236     0         1      
       host_device.c.obj              0       0         200    
       open.c.obj                     168     0         1      
       hostrename.c.obj               140     0         0      
       hostlseek.c.obj                108     0         0      
       hostopen.c.obj                 96      0         8      
       hostread.c.obj                 88      0         0      
       hostwrite.c.obj                88      0         0      
       close.c.obj                    80      0         0      
       hostclose.c.obj                72      0         0      
       hostunlink.c.obj               72      0         0      
       unlink.c.obj                   44      0         0      
       write.c.obj                    40      0         0      
       remove.c.obj                   8       0         0      
    +--+------------------------------+-------+---------+---------+
       Total:                         1344    0         498    
                                                               
    C:\ti\ccs1260\ccs\tools\compiler\ti-cgt-armllvm_3.2.1.LTS\lib\armv6m-ti-none-eabi/libc++.a
       string.cpp.obj                 400     0         0      
    +--+------------------------------+-------+---------+---------+
       Total:                         400     0         0      
                                                               
    C:\ti\ccs1260\ccs\tools\compiler\ti-cgt-armllvm_3.2.1.LTS\lib\armv6m-ti-none-eabi/libc++abi.a
       stdlib_new_delete.cpp.obj      92      0         0      
       cxa_handlers.cpp.obj           12      0         0      
       cxa_default_handlers.cpp.obj   0       0         4      
    +--+------------------------------+-------+---------+---------+
       Total:                         104     0         4      
                                                               
    C:\ti\ccs1260\ccs\tools\compiler\ti-cgt-armllvm_3.2.1.LTS\lib\clang/15.0.7/lib/armv6m-ti-none-eabi/libclang_rt.builtins.a
       aeabi_idivmod.S.obj            86      0         0      
       aeabi_uidivmod.S.obj           64      0         0      
       aeabi_memset.S.obj             12      0         0      
       aeabi_memcpy.S.obj             8       0         0      
       aeabi_memmove.S.obj            8       0         0      
       aeabi_div0.c.obj               2       0         0      
    +--+------------------------------+-------+---------+---------+
       Total:                         180     0         0      
                                                               
       Heap:                          0       0         512    
       Stack:                         0       0         512    
       Linker Generated:              0       182       0      
    +--+------------------------------+-------+---------+---------+
       Grand Total:                   13800   52914     2903   


LINKER GENERATED COPY TABLES

__TI_cinit_table @ 000104a0 records: 2, size/record: 8, table size: 16
	.data: load addr=000103f8, load size=00000092 bytes, run addr=20200000, run size=000004f5 bytes, compression=lzss
	.bss: load addr=00010498, load size=00000008 bytes, run addr=202004f8, run size=00000268 bytes, compression=zero_init


LINKER GENERATED HANDLER TABLE

__TI_handler_table @ 0001048c records: 3, size/record: 4, table size: 12
	index: 0, handler: __TI_decompress_lzss
	index: 1, handler: __TI_decompress_none
	index: 2, handler: __TI_zero_init


GLOBAL SYMBOLS: SORTED ALPHABETICALLY BY Name 

address   name                                                                                                                                            
-------   ----                                                                                                                                            
000103d9  ADC0_IRQHandler                                                                                                                                 
000103d9  ADC1_IRQHandler                                                                                                                                 
000103d9  AES_IRQHandler                                                                                                                                  
20200484  BusFreq                                                                                                                                         
000103e8  C$$EXIT                                                                                                                                         
0000fc09  C$$IO$$                                                                                                                                         
000103d9  CANFD0_IRQHandler                                                                                                                               
000103d9  DAC0_IRQHandler                                                                                                                                 
000103d9  DMA_IRQHandler                                                                                                                                  
000103d9  Default_Handler                                                                                                                                 
000103d9  GROUP0_IRQHandler                                                                                                                               
000103d9  GROUP1_IRQHandler                                                                                                                               
0000f751  HOSTclose                                                                                                                                       
0000f065  HOSTlseek                                                                                                                                       
0000f345  HOSTopen                                                                                                                                        
0000f3a5  HOSTread                                                                                                                                        
0000f0d1  HOSTrename                                                                                                                                      
0000f799  HOSTunlink                                                                                                                                      
0000f3fd  HOSTwrite                                                                                                                                       
000103dd  HardFault_Handler                                                                                                                               
000103d9  I2C0_IRQHandler                                                                                                                                 
000103d9  I2C1_IRQHandler                                                                                                                                 
000103d9  NMI_Handler                                                                                                                                     
000103d9  PendSV_Handler                                                                                                                                  
000103d9  RTC_IRQHandler                                                                                                                                  
000103e1  Reset_Handler                                                                                                                                   
000103f0  SHT$$INIT_ARRAY$$Base                                                                                                                           
000103f8  SHT$$INIT_ARRAY$$Limit                                                                                                                          
000103d9  SPI0_IRQHandler                                                                                                                                 
000103d9  SPI1_IRQHandler                                                                                                                                 
000103d9  SVC_Handler                                                                                                                                     
202004e4  StTextColor                                                                                                                                     
20200488  StX                                                                                                                                             
2020048c  StY                                                                                                                                             
0000f829  SysTick_Handler                                                                                                                                 
20200748  TExaSLogic                                                                                                                                      
2020074c  TExaSadc                                                                                                                                        
000103d9  TIMA0_IRQHandler                                                                                                                                
000103d9  TIMA1_IRQHandler                                                                                                                                
000103d9  TIMG0_IRQHandler                                                                                                                                
0000e145  TIMG12_IRQHandler                                                                                                                               
000103d9  TIMG6_IRQHandler                                                                                                                                
0000f8f5  TIMG7_IRQHandler                                                                                                                                
000103d9  TIMG8_IRQHandler                                                                                                                                
00010221  TI_memcpy_small                                                                                                                                 
000102ed  TI_memset_small                                                                                                                                 
000103d9  UART0_IRQHandler                                                                                                                                
000103d9  UART1_IRQHandler                                                                                                                                
000103d9  UART2_IRQHandler                                                                                                                                
000103d9  UART3_IRQHandler                                                                                                                                
202004f8  _CIOBUF_                                                                                                                                        
000102fd  _Z10Clock_Freqv                                                                                                                                 
0000f55d  _Z10Sound_Initv                                                                                                                                 
0001015d  _Z10Sound_Menuv                                                                                                                                 
00010309  _Z10Sound_Stopv                                                                                                                                 
0000f455  _Z10TExaS_InitP10ADC12_RegsjPFhvE                                                                                                               
00010245  _Z11Clock_Delayj                                                                                                                                
0000fa31  _Z11SPI_OutDatac                                                                                                                                
000100c5  _Z11ST7735_openPKcji                                                                                                                            
000100db  _Z11ST7735_readiPcj                                                                                                                             
0000f86d  _Z11Sound_StartPKhj                                                                                                                             
0000f4ad  _Z11Switch_Initv                                                                                                                                
0000d35d  _Z11menu_updatev                                                                                                                                
0000eb25  _Z12ST7735_InitR10initRFlags                                                                                                                    
00010345  _Z12ST7735_closei                                                                                                                               
000102c3  _Z12ST7735_lseekili                                                                                                                             
0000fad9  _Z12ST7735_writeiPKcj                                                                                                                           
00010171  _Z12Sound_Selectv                                                                                                                               
0001002d  _Z12tronMenuInitv                                                                                                                               
00010315  _Z13ST7735_renamePKcS0_                                                                                                                         
0001034f  _Z13ST7735_unlinkPKc                                                                                                                            
0000fb0d  _Z14Clock_Delay1msj                                                                                                                             
0000ee85  _Z14LaunchPad_Initv                                                                                                                             
0000f7e1  _Z14SPI_OutCommandc                                                                                                                             
0000e2f1  _Z14ST7735_OutCharc                                                                                                                             
0001004d  _Z14SysTick_IntArmjj                                                                                                                            
0000e6b9  _Z14TimerG7_IntArmtjj                                                                                                                           
0000fa69  _Z15ActivatePortA_Bv                                                                                                                            
0000d009  _Z15Clock_Init80MHzi                                                                                                                            
0000d9b1  _Z15ST7735_FillRectsssst                                                                                                                        
0000ec55  _Z15TimerG12_IntArmjj                                                                                                                           
0000e21d  _Z15periodic_updatei                                                                                                                            
0000d1bd  _Z16ST7735_DrawCharSsscssh                                                                                                                      
0000eff5  _Z16ST7735_DrawPixelsst                                                                                                                         
0000fb41  _Z16ST7735_SetCursorjj                                                                                                                          
0000cdf9  _Z17ST7735_DrawBitmapssPKtss                                                                                                                    
0000ee01  _Z17ST7735_DrawStringttPKcs                                                                                                                     
0000fdc9  _Z17ST7735_FillScreent                                                                                                                          
0000e8ad  _Z17ST7735_InitPrintfv                                                                                                                          
0000dbc1  _Z18ST7735_SetRotationh                                                                                                                         
00010009  _Z20ST7735_InvertDisplayi                                                                                                                       
00010255  _Z28TExaS_LaunchPadLogicPB27PB26v                                                                                                               
0000dcb5  _Z2upv                                                                                                                                          
0000e3c1  _Z4downv                                                                                                                                        
0000fcad  _Z6LED_Onj                                                                                                                                      
0000d761  _Z8ADC_InitP10ADC12_Regsjj                                                                                                                      
0000ffc1  _Z8DAC5_Outh                                                                                                                                    
0000f8b1  _Z8LED_Initv                                                                                                                                    
00010359  _Z8PLL_Initv                                                                                                                                    
0000dac9  _Z8SPI_Initv                                                                                                                                    
0000fed1  _Z9ADC_StartP10ADC12_Regs                                                                                                                       
0000f9f5  _Z9DAC5_Initv                                                                                                                                   
0000f935  _Z9SPI_Resetv                                                                                                                                   
0000fdf5  _Z9Switch_Inv                                                                                                                                   
0000df81  _Z9UART_Initv                                                                                                                                   
0000e48d  _Z9changeSetv                                                                                                                                   
0000e94d  _ZN4MenuC2EPA4_NSt3__112basic_stringIcNS0_11char_traitsIcEENS0_9allocatorIcEEEEiPKi                                                             
0000fd6d  _ZN4MenuD2Ev                                                                                                                                    
0000ebbd  _ZN9Joystick213JoyStick_InitEv                                                                                                                  
0000f13d  _ZN9Joystick27ConvertEPiS0_                                                                                                                     
000100f1  _ZN9Joystick2C1Ejj                                                                                                                              
000100f1  _ZN9Joystick2C2Ejj                                                                                                                              
0000fd9b  _ZNKSt3__112basic_stringIcNS_11char_traitsIcEENS_9allocatorIcEEE13__get_pointerB6v15007Ev                                                       
000101fd  _ZNKSt3__112basic_stringIcNS_11char_traitsIcEENS_9allocatorIcEEE18__get_long_pointerB6v15007Ev                                                  
00010107  _ZNKSt3__112basic_stringIcNS_11char_traitsIcEENS_9allocatorIcEEE19__get_short_pointerB6v15007Ev                                                 
00010185  _ZNKSt3__112basic_stringIcNS_11char_traitsIcEENS_9allocatorIcEEE4dataB6v15007Ev                                                                 
00010265  _ZNKSt3__112basic_stringIcNS_11char_traitsIcEENS_9allocatorIcEEE5c_strB6v15007Ev                                                                
0001011d  _ZNKSt3__112basic_stringIcNS_11char_traitsIcEENS_9allocatorIcEEE9__is_longB6v15007Ev                                                            
00010275  _ZNKSt3__117__compressed_pairINS_12basic_stringIcNS_11char_traitsIcEENS_9allocatorIcEEE5__repES5_E5firstB6v15007Ev                              
00010363  _ZNKSt3__122__compressed_pair_elemINS_12basic_stringIcNS_11char_traitsIcEENS_9allocatorIcEEE5__repELi0ELb0EE5__getB6v15007Ev                    
00010285  _ZNSt3__111char_traitsIcE6lengthEPKc                                                                                                            
0001036d  _ZNSt3__112__to_addressB6v15007IKcEEPT_S3_                                                                                                      
00010295  _ZNSt3__112basic_stringIcNS_11char_traitsIcEENS_9allocatorIcEEE14__default_initB6v15007Ev                                                       
0000f5b1  _ZNSt3__112basic_stringIcNS_11char_traitsIcEENS_9allocatorIcEEE6__initEPKcj                                                                     
0000ff99  _ZNSt3__112basic_stringIcNS_11char_traitsIcEENS_9allocatorIcEEE6__zeroB6v15007Ev                                                                
0000ffe5  _ZNSt3__112basic_stringIcNS_11char_traitsIcEENS_9allocatorIcEEEC2B6v15007Ev                                                                     
0000fc79  _ZNSt3__112basic_stringIcNS_11char_traitsIcEENS_9allocatorIcEEEC2B6v15007IDnEEPKc                                                               
00010199  _ZNSt3__112basic_stringIcNS_11char_traitsIcEENS_9allocatorIcEEED1Ev                                                                             
00010199  _ZNSt3__112basic_stringIcNS_11char_traitsIcEENS_9allocatorIcEEED2Ev                                                                             
0000d889  _ZNSt3__112basic_stringIcNS_11char_traitsIcEENS_9allocatorIcEEEaSERKS5_                                                                         
00010377  _ZNSt3__114pointer_traitsIPKcE10pointer_toB6v15007ERS1_                                                                                         
00010381  _ZNSt3__116__non_trivial_ifILb1ENS_9allocatorIcEEEC2B6v15007Ev                                                                                  
000102a5  _ZNSt3__117__compressed_pairINS_12basic_stringIcNS_11char_traitsIcEENS_9allocatorIcEEE5__repES5_E5firstB6v15007Ev                               
0001008b  _ZNSt3__117__compressed_pairINS_12basic_stringIcNS_11char_traitsIcEENS_9allocatorIcEEE5__repES5_EC2B6v15007INS_18__default_init_tagESA_EEOT_OT0_
000103a7  _ZNSt3__119__debug_db_insert_cB6v15007INS_12basic_stringIcNS_11char_traitsIcEENS_9allocatorIcEEEEEEvPT_                                         
0001038b  _ZNSt3__122__compressed_pair_elemINS_12basic_stringIcNS_11char_traitsIcEENS_9allocatorIcEEE5__repELi0ELb0EE5__getB6v15007Ev                     
00010395  _ZNSt3__122__compressed_pair_elemINS_12basic_stringIcNS_11char_traitsIcEENS_9allocatorIcEEE5__repELi0ELb0EEC2B6v15007ENS_18__default_init_tagE  
000101ad  _ZNSt3__122__compressed_pair_elemINS_9allocatorIcEELi1ELb1EEC2B6v15007ENS_18__default_init_tagE                                                 
000101c1  _ZNSt3__19allocatorIcEC2B6v15007Ev                                                                                                              
00010321  _ZSt15get_new_handlerv                                                                                                                          
000103af  _ZdlPv                                                                                                                                          
0000f605  _Znwj                                                                                                                                           
202004f8  __CIOBUF_                                                                                                                                       
20208000  __STACK_END                                                                                                                                     
00000200  __STACK_SIZE                                                                                                                                    
00000200  __SYSMEM_SIZE                                                                                                                                   
00000000  __TI_ATRegion0_region_sz                                                                                                                        
00000000  __TI_ATRegion0_src_addr                                                                                                                         
00000000  __TI_ATRegion0_trg_addr                                                                                                                         
00000000  __TI_ATRegion1_region_sz                                                                                                                        
00000000  __TI_ATRegion1_src_addr                                                                                                                         
00000000  __TI_ATRegion1_trg_addr                                                                                                                         
00000000  __TI_ATRegion2_region_sz                                                                                                                        
00000000  __TI_ATRegion2_src_addr                                                                                                                         
00000000  __TI_ATRegion2_trg_addr                                                                                                                         
000104a0  __TI_CINIT_Base                                                                                                                                 
000104b0  __TI_CINIT_Limit                                                                                                                                
000104b0  __TI_CINIT_Warm                                                                                                                                 
0001048c  __TI_Handler_Table_Base                                                                                                                         
00010498  __TI_Handler_Table_Limit                                                                                                                        
0000f659  __TI_auto_init_nobinit                                                                                                                          
0000fb75  __TI_cleanup                                                                                                                                    
20200474  __TI_cleanup_ptr                                                                                                                                
0000ef01  __TI_closefile                                                                                                                                  
0000ef7d  __TI_decompress_lzss                                                                                                                            
00010233  __TI_decompress_none                                                                                                                            
0000f6ad  __TI_doflush                                                                                                                                    
20200478  __TI_dtors_ptr                                                                                                                                  
20200490  __TI_ft_end                                                                                                                                     
ffffffff  __TI_pprof_out_hndl                                                                                                                             
ffffffff  __TI_prof_data_size                                                                                                                             
ffffffff  __TI_prof_data_start                                                                                                                            
0000fba9  __TI_readmsg                                                                                                                                    
00000000  __TI_static_base__                                                                                                                              
20200618  __TI_tmpnams                                                                                                                                    
0000fbdd  __TI_writemsg                                                                                                                                   
00010133  __TI_zero_init_nomemset                                                                                                                         
0000f505  __aeabi_idiv                                                                                                                                    
0000e8ab  __aeabi_idiv0                                                                                                                                   
0000f505  __aeabi_idivmod                                                                                                                                 
0001032d  __aeabi_memclr                                                                                                                                  
0001032d  __aeabi_memclr4                                                                                                                                 
0001032d  __aeabi_memclr8                                                                                                                                 
000103b9  __aeabi_memcpy                                                                                                                                  
000103b9  __aeabi_memcpy4                                                                                                                                 
000103b9  __aeabi_memcpy8                                                                                                                                 
000103c1  __aeabi_memmove                                                                                                                                 
000103c1  __aeabi_memmove4                                                                                                                                
000103c1  __aeabi_memmove8                                                                                                                                
0000f975  __aeabi_uidiv                                                                                                                                   
0000f975  __aeabi_uidivmod                                                                                                                                
ffffffff  __binit__                                                                                                                                       
000101d5  __cxa_atexit                                                                                                                                    
0000f1a9  __cxa_finalize                                                                                                                                  
000103c9  __cxa_ia64_exit                                                                                                                                 
20200494  __cxa_new_handler                                                                                                                               
20200498  __dso_handle                                                                                                                                    
UNDEFED   __mpu_init                                                                                                                                      
20207e00  __stack                                                                                                                                         
20200000  __start___llvm_prf_bits                                                                                                                         
20200000  __start___llvm_prf_cnts                                                                                                                         
20200000  __stop___llvm_prf_bits                                                                                                                          
20200000  __stop___llvm_prf_cnts                                                                                                                          
0000ff71  _c_int00_noargs                                                                                                                                 
20200258  _device                                                                                                                                         
20200168  _ftable                                                                                                                                         
2020049c  _lock                                                                                                                                           
0000f55b  _nop                                                                                                                                            
202003f0  _stream                                                                                                                                         
20200760  _sys_memory                                                                                                                                     
UNDEFED   _system_post_cinit                                                                                                                              
000103e5  _system_pre_init                                                                                                                                
202004a0  _unlock                                                                                                                                         
202004ea  abilityEnabled                                                                                                                                  
000103e9  abort                                                                                                                                           
0000dda9  add_device                                                                                                                                      
0000d635  aligned_alloc                                                                                                                                   
2020047c  axes                                                                                                                                            
202004a4  bikeSpeed                                                                                                                                       
ffffffff  binit                                                                                                                                           
202004a8  buttonInput                                                                                                                                     
0000f701  close                                                                                                                                           
202004ac  col                                                                                                                                             
20200754  curSound                                                                                                                                        
202004b0  currInd                                                                                                                                         
202004b4  currLang                                                                                                                                        
0000fc11  exit                                                                                                                                            
0000faa1  finddevice                                                                                                                                      
0000fd3d  fopen                                                                                                                                           
0000de95  free                                                                                                                                            
0000fc45  freopen                                                                                                                                         
0000f215  getdevice                                                                                                                                       
202004b8  ind                                                                                                                                             
00000000  interruptVectors                                                                                                                                
202004bc  joystickPacket                                                                                                                                  
20200450  langChange                                                                                                                                      
202002d0  langText                                                                                                                                        
202004c0  lasInd                                                                                                                                          
202004c4  lastInput                                                                                                                                       
0000ea89  main                                                                                                                                            
2020045c  mainChange                                                                                                                                      
20200330  mainText                                                                                                                                        
00010339  malloc                                                                                                                                          
0000d635  memalign                                                                                                                                        
0000ff21  memmove                                                                                                                                         
20200000  menuFSM                                                                                                                                         
202004c8  off                                                                                                                                             
0000e761  open                                                                                                                                            
20200740  parmbuf                                                                                                                                         
202004cc  period                                                                                                                                          
202004d0  priority                                                                                                                                        
000103d1  remove                                                                                                                                          
202004d4  row                                                                                                                                             
202004eb  semaphore                                                                                                                                       
20200440  settChange                                                                                                                                      
20200390  settText                                                                                                                                        
0000e069  setvbuf                                                                                                                                         
202004d8  size                                                                                                                                            
20200468  speeds                                                                                                                                          
000102d1  strlen                                                                                                                                          
0000fea5  unlink                                                                                                                                          
0000ff49  write                                                                                                                                           
202004dc  xInput                                                                                                                                          
202004e0  yInput                                                                                                                                          


GLOBAL SYMBOLS: SORTED BY Symbol Address 

address   name                                                                                                                                            
-------   ----                                                                                                                                            
00000000  __TI_ATRegion0_region_sz                                                                                                                        
00000000  __TI_ATRegion0_src_addr                                                                                                                         
00000000  __TI_ATRegion0_trg_addr                                                                                                                         
00000000  __TI_ATRegion1_region_sz                                                                                                                        
00000000  __TI_ATRegion1_src_addr                                                                                                                         
00000000  __TI_ATRegion1_trg_addr                                                                                                                         
00000000  __TI_ATRegion2_region_sz                                                                                                                        
00000000  __TI_ATRegion2_src_addr                                                                                                                         
00000000  __TI_ATRegion2_trg_addr                                                                                                                         
00000000  __TI_static_base__                                                                                                                              
00000000  interruptVectors                                                                                                                                
00000200  __STACK_SIZE                                                                                                                                    
00000200  __SYSMEM_SIZE                                                                                                                                   
0000cdf9  _Z17ST7735_DrawBitmapssPKtss                                                                                                                    
0000d009  _Z15Clock_Init80MHzi                                                                                                                            
0000d1bd  _Z16ST7735_DrawCharSsscssh                                                                                                                      
0000d35d  _Z11menu_updatev                                                                                                                                
0000d635  aligned_alloc                                                                                                                                   
0000d635  memalign                                                                                                                                        
0000d761  _Z8ADC_InitP10ADC12_Regsjj                                                                                                                      
0000d889  _ZNSt3__112basic_stringIcNS_11char_traitsIcEENS_9allocatorIcEEEaSERKS5_                                                                         
0000d9b1  _Z15ST7735_FillRectsssst                                                                                                                        
0000dac9  _Z8SPI_Initv                                                                                                                                    
0000dbc1  _Z18ST7735_SetRotationh                                                                                                                         
0000dcb5  _Z2upv                                                                                                                                          
0000dda9  add_device                                                                                                                                      
0000de95  free                                                                                                                                            
0000df81  _Z9UART_Initv                                                                                                                                   
[...]
000102ed  TI_memset_small                                                                                                                                 
000102fd  _Z10Clock_Freqv                                                                                                                                 
00010309  _Z10Sound_Stopv                                                                                                                                 
00010315  _Z13ST7735_renamePKcS0_                                                                                                                         
00010321  _ZSt15get_new_handlerv                                                                                                                          
0001032d  __aeabi_memclr                                                                                                                                  
0001032d  __aeabi_memclr4                                                                                                                                 
0001032d  __aeabi_memclr8                                                                                                                                 
00010339  malloc                                                                                                                                          
00010345  _Z12ST7735_closei                                                                                                                               
0001034f  _Z13ST7735_unlinkPKc                                                                                                                            
00010359  _Z8PLL_Initv                                                                                                                                    
00010363  _ZNKSt3__122__compressed_pair_elemINS_12basic_stringIcNS_11char_traitsIcEENS_9allocatorIcEEE5__repELi0ELb0EE5__getB6v15007Ev                    
0001036d  _ZNSt3__112__to_addressB6v15007IKcEEPT_S3_                                                                                                      
00010377  _ZNSt3__114pointer_traitsIPKcE10pointer_toB6v15007ERS1_                                                                                         
00010381  _ZNSt3__116__non_trivial_ifILb1ENS_9allocatorIcEEEC2B6v15007Ev                                                                                  
0001038b  _ZNSt3__122__compressed_pair_elemINS_12basic_stringIcNS_11char_traitsIcEENS_9allocatorIcEEE5__repELi0ELb0EE5__getB6v15007Ev                     
00010395  _ZNSt3__122__compressed_pair_elemINS_12basic_stringIcNS_11char_traitsIcEENS_9allocatorIcEEE5__repELi0ELb0EEC2B6v15007ENS_18__default_init_tagE  
000103a7  _ZNSt3__119__debug_db_insert_cB6v15007INS_12basic_stringIcNS_11char_traitsIcEENS_9allocatorIcEEEEEEvPT_                                         
000103af  _ZdlPv                                                                                                                                          
000103b9  __aeabi_memcpy                                                                                                                                  
000103b9  __aeabi_memcpy4                                                                                                                                 
000103b9  __aeabi_memcpy8                                                                                                                                 
000103c1  __aeabi_memmove                                                                                                                                 
000103c1  __aeabi_memmove4                                                                                                                                
000103c1  __aeabi_memmove8                                                                                                                                
000103c9  __cxa_ia64_exit                                                                                                                                 
000103d1  remove                                                                                                                                          
000103d9  ADC0_IRQHandler                                                                                                                                 
000103d9  ADC1_IRQHandler                                                                                                                                 
000103d9  AES_IRQHandler                                                                                                                                  
000103d9  CANFD0_IRQHandler                                                                                                                               
000103d9  DAC0_IRQHandler                                                                                                                                 
000103d9  DMA_IRQHandler                                                                                                                                  
000103d9  Default_Handler                                                                                                                                 
000103d9  GROUP0_IRQHandler                                                                                                                               
000103d9  GROUP1_IRQHandler                                                                                                                               
000103d9  I2C0_IRQHandler                                                                                                                                 
000103d9  I2C1_IRQHandler                                                                                                                                 
000103d9  NMI_Handler                                                                                                                                     
000103d9  PendSV_Handler                                                                                                                                  
000103d9  RTC_IRQHandler                                                                                                                                  
000103d9  SPI0_IRQHandler                                                                                                                                 
000103d9  SPI1_IRQHandler                                                                                                                                 
000103d9  SVC_Handler                                                                                                                                     
000103d9  TIMA0_IRQHandler                                                                                                                                
000103d9  TIMA1_IRQHandler                                                                                                                                
000103d9  TIMG0_IRQHandler                                                                                                                                
000103d9  TIMG6_IRQHandler                                                                                                                                
000103d9  TIMG8_IRQHandler                                                                                                                                
000103d9  UART0_IRQHandler                                                                                                                                
000103d9  UART1_IRQHandler                                                                                                                                
000103d9  UART2_IRQHandler                                                                                                                                
000103d9  UART3_IRQHandler                                                                                                                                
000103dd  HardFault_Handler                                                                                                                               
000103e1  Reset_Handler                                                                                                                                   
000103e5  _system_pre_init                                                                                                                                
000103e8  C$$EXIT                                                                                                                                         
000103e9  abort                                                                                                                                           
000103f0  SHT$$INIT_ARRAY$$Base                                                                                                                           
000103f8  SHT$$INIT_ARRAY$$Limit                                                                                                                          
0001048c  __TI_Handler_Table_Base                                                                                                                         
00010498  __TI_Handler_Table_Limit                                                                                                                        
000104a0  __TI_CINIT_Base                                                                                                                                 
000104b0  __TI_CINIT_Limit                                                                                                                                
000104b0  __TI_CINIT_Warm                                                                                                                                 
20200000  __start___llvm_prf_bits                                                                                                                         
20200000  __start___llvm_prf_cnts                                                                                                                         
20200000  __stop___llvm_prf_bits                                                                                                                          
20200000  __stop___llvm_prf_cnts                                                                                                                          
20200000  menuFSM                                                                                                                                         
20200168  _ftable                                                                                                                                         
20200258  _device                                                                                                                                         
202002d0  langText                                                                                                                                        
20200330  mainText                                                                                                                                        
20200390  settText                                                                                                                                        
202003f0  _stream                                                                                                                                         
20200440  settChange                                                                                                                                      
20200450  langChange                                                                                                                                      
2020045c  mainChange                                                                                                                                      
20200468  speeds                                                                                                                                          
20200474  __TI_cleanup_ptr                                                                                                                                
20200478  __TI_dtors_ptr                                                                                                                                  
2020047c  axes                                                                                                                                            
20200484  BusFreq                                                                                                                                         
20200488  StX                                                                                                                                             
2020048c  StY                                                                                                                                             
20200490  __TI_ft_end                                                                                                                                     
20200494  __cxa_new_handler                                                                                                                               
20200498  __dso_handle                                                                                                                                    
2020049c  _lock                                                                                                                                           
202004a0  _unlock                                                                                                                                         
202004a4  bikeSpeed                                                                                                                                       
202004a8  buttonInput                                                                                                                                     
202004ac  col                                                                                                                                             
202004b0  currInd                                                                                                                                         
202004b4  currLang                                                                                                                                        
202004b8  ind                                                                                                                                             
202004bc  joystickPacket                                                                                                                                  
202004c0  lasInd                                                                                                                                          
202004c4  lastInput                                                                                                                                       
202004c8  off                                                                                                                                             
202004cc  period                                                                                                                                          
202004d0  priority                                                                                                                                        
202004d4  row                                                                                                                                             
202004d8  size                                                                                                                                            
202004dc  xInput                                                                                                                                          
202004e0  yInput                                                                                                                                          
202004e4  StTextColor                                                                                                                                     
202004ea  abilityEnabled                                                                                                                                  
202004eb  semaphore                                                                                                                                       
202004f8  _CIOBUF_                                                                                                                                        
202004f8  __CIOBUF_                                                                                                                                       
20200618  __TI_tmpnams                                                                                                                                    
20200740  parmbuf                                                                                                                                         
20200748  TExaSLogic                                                                                                                                      
2020074c  TExaSadc                                                                                                                                        
20200754  curSound                                                                                                                                        
20200760  _sys_memory                                                                                                                                     
20207e00  __stack                                                                                                                                         
20208000  __STACK_END                                                                                                                                     
ffffffff  __TI_pprof_out_hndl                                                                                                                             
ffffffff  __TI_prof_data_size                                                                                                                             
ffffffff  __TI_prof_data_start                                                                                                                            
ffffffff  __binit__                                                                                                                                       
ffffffff  binit                                                                                                                                           
UNDEFED   __mpu_init                                                                                                                                      
UNDEFED   _system_post_cinit                                                                                                                              

[264 symbols]
