******************************************************************************
            TI ARM Clang Linker PC v3.2.1                      
******************************************************************************
>> Linked Mon Apr 22 17:54:12 2024

OUTPUT FILE NAME:   <ECE319K_Lab9H.out>
ENTRY POINT SYMBOL: "_c_int00_noargs"  address: 000140f5


MEMORY CONFIGURATION

         name            origin    length      used     unused   attr    fill
----------------------  --------  ---------  --------  --------  ----  --------
  FLASH                 00000000   00020000  000146f0  0000b910  R  X
  SRAM                  20200000   00008000  000050f1  00002f0f  RW X
  BCR_CONFIG            41c00000   00000080  00000000  00000080  R   
  BSL_CONFIG            41c00100   00000080  00000000  00000080  R   


SEGMENT ALLOCATION MAP

run origin  load origin   length   init length attrs members
----------  ----------- ---------- ----------- ----- -------
00000000    00000000    000146f0   000146f0    r-x
  00000000    00000000    000000c0   000000c0    r-- .intvecs
  000000c0    000000c0    0000f900   0000f900    r-- .rodata
  0000f9c0    0000f9c0    00004c20   00004c20    r-x .text
  000145e0    000145e0    00000010   00000010    r-- .init_array
  000145f0    000145f0    00000100   00000100    r-- .cinit
20200000    20200000    00004ef8   00000000    rw-
  20200000    20200000    00004728   00000000    rw- .bss
  20204728    20204728    000005c9   00000000    rw- .data
  20204cf8    20204cf8    00000200   00000000    rw- .sysmem
20207e00    20207e00    00000200   00000000    rw-
  20207e00    20207e00    00000200   00000000    rw- .stack


SECTION ALLOCATION MAP

 output                                  attributes/
section   page    origin      length       input sections
--------  ----  ----------  ----------   ----------------
.intvecs   0    00000000    000000c0     
                  00000000    000000c0     startup_mspm0g3507_ticlang.o (.intvecs)

.binit     0    00000000    00000000     

.text      0    0000f9c0    00004c20     
                  0000f9c0    000004a4     GamePlay.o (.text._ZN4Bike12updateCornerEPKt)
                  0000fe64    00000394     GamePlay.o (.text._ZN4Bike7displayEv)
                  000101f8    00000210     ST7735.o (.text._Z17ST7735_DrawBitmapssPKtss)
                  00010408    000001b4     Clock.o (.text._Z15Clock_Init80MHzi)
                  000105bc    000001b0     menu.o (.text._Z11menu_updatev)
                  0001076c    000001a0     ST7735.o (.text._Z16ST7735_DrawCharSsscssh)
                  0001090c    000001a0     GamePlay.o (.text._ZN4Bike14updateLocationEi)
                  00010aac    00000186     GamePlay.o (.text._ZN8Gameplay6updateEii)
                  00010c32    00000002     libclang_rt.builtins.a : aeabi_div0.c.obj (.text.__aeabi_idiv0)
                  00010c34    00000160     libc.a : fopen.c.obj (.text._openfile)
                  00010d94    00000138     GamePlay.o (.text._ZN8Gameplay9countDownEv)
                  00010ecc    0000012c     libc.a : memory.c.obj (.text.aligned_alloc)
                  00010ff8    00000128     TExaS.o (.text._Z8ADC_InitP10ADC12_Regsjj)
                  00011120    00000128     libc++.a : string.cpp.obj (.text._ZNSt3__112basic_stringIcNS_11char_traitsIcEENS_9allocatorIcEEEaSERKS5_)
                  00011248    00000118     ST7735.o (.text._Z15ST7735_FillRectsssst)
                  00011360    00000100     menu.o (.text._Z20periodic_menu_updatei)
                  00011460    000000f8     SPI.o (.text._Z8SPI_Initv)
                  00011558    000000f4     ST7735.o (.text._Z18ST7735_SetRotationh)
                  0001164c    000000f4     menu.o (.text._Z2upv)
                  00011740    000000ec     libsysbm.a : add_device.c.obj (.text.add_device)
                  0001182c    000000ec     libc.a : memory.c.obj (.text.free)
                  00011918    000000e8     TExaS.o (.text._Z9UART_Initv)
                  00011a00    000000dc     libc.a : setvbuf.c.obj (.text.setvbuf)
                  00011adc    000000d8     Lab9HMain.o (.text.TIMG12_IRQHandler)
                  00011bb4    000000d8     menu.o (.text._Z9changeSetv)
                  00011c8c    000000d0     ST7735.o (.text._Z14ST7735_OutCharc)
                  00011d5c    000000cc     menu.o (.text._Z4downv)
                  00011e28    000000bc     Lab9HMain.o (.text.main)
                  00011ee4    000000b8     GamePlay.o (.text._ZN8Gameplay11updateLivesEv)
                  00011f9c    000000b4     menu.o (.text.__cxx_global_var_init.5)
                  00012050    000000b0     ST7735.o (.text._Z20ST7735_DrawFastHLinessst)
                  00012100    000000b0     ST7735.o (.text._Z20ST7735_DrawFastVLinessst)
                  000121b0    000000b0     menu.o (.text.__cxx_global_var_init)
                  00012260    000000a8     Timer.o (.text._Z14TimerG7_IntArmtjj)
                  00012308    000000a8     libsysbm.a : open.c.obj (.text.open)
                  000123b0    000000a2     ST7735.o (.text._ZL11commandListPKh)
                  00012452    00000002     libc.a : _lock.c.obj (.text._nop)
                  00012454    000000a0     ST7735.o (.text._Z17ST7735_InitPrintfv)
                  000124f4    000000a0     menu.o (.text._ZN4MenuC2EPA4_NSt3__112basic_stringIcNS0_11char_traitsIcEENS0_9allocatorIcEEEEiPKi)
                  00012594    0000009c     libc.a : aeabi_atexit.c.obj (.text.atexit_register)
                  00012630    00000098     ST7735.o (.text._Z12ST7735_InitR10initRFlags)
                  000126c8    00000098     GamePlay.o (.text._ZN4Bike12displayCrashEv)
                  00012760    00000098     Joystick2.o (.text._ZN9Joystick213JoyStick_InitEv)
                  000127f8    00000094     Timer.o (.text._Z15TimerG12_IntArmjj)
                  0001288c    00000094     GamePlay.o (.text._ZN8Gameplay5resetEv)
                  00012920    00000092     GamePlay.o (.text._ZN4Bike10collisionsES_)
                  000129b2    00000092     GamePlay.o (.text._ZN8GameplayC2Eiib)
                  00012a44    00000090     menu.o (.text.__cxx_global_var_init.13)
                  00012ad4    00000088     ST7735.o (.text._ZL13setAddrWindowhhhh)
                  00012b5c    00000084     ST7735.o (.text._Z17ST7735_DrawStringttPKcs)
                  00012be0    0000007c     LaunchPad.o (.text._Z14LaunchPad_Initv)
                  00012c5c    0000007c     GamePlay.o (.text._ZN4Bike8newPointEii)
                  00012cd8    0000007c     libc.a : fclose.c.obj (.text.__TI_closefile)
                  00012d54    00000078            : copy_decompress_lzss.c.obj (.text:decompress:lzss)
                  00012dcc    00000070     ST7735.o (.text._Z16ST7735_DrawPixelsst)
                  00012e3c    0000006c     libsysbm.a : hostlseek.c.obj (.text.HOSTlseek)
                  00012ea8    0000006c                : hostrename.c.obj (.text.HOSTrename)
                  00012f14    0000006c     GamePlay.o (.text._Z10gameUpdatei)
                  00012f80    0000006c     Joystick2.o (.text._ZN9Joystick27ConvertEPiS0_)
                  00012fec    0000006c     libc.a : aeabi_atexit.c.obj (.text.__cxa_finalize)
                  00013058    00000068            : getdevice.c.obj (.text.getdevice)
                  000130c0    00000064     menu.o (.text.__cxx_global_var_init.21)
                  00013124    00000064     libc.a : memory.c.obj (.text.split)
                  00013188    00000060     libsysbm.a : hostopen.c.obj (.text.HOSTopen)
                  000131e8    00000058                : hostread.c.obj (.text.HOSTread)
                  00013240    00000058                : hostwrite.c.obj (.text.HOSTwrite)
                  00013298    00000058     TExaS.o (.text._Z10TExaS_InitP10ADC12_RegsjPFhvE)
                  000132f0    00000058     Switch.o (.text._Z11Switch_Initv)
                  00013348    00000056     GamePlay.o (.text._ZN4Bike5clearEv)
                  0001339e    00000002     --HOLE-- [fill = 0]
                  000133a0    00000056     libclang_rt.builtins.a : aeabi_idivmod.S.obj (.text.__aeabi_idivmod)
                  000133f6    00000002     --HOLE-- [fill = 0]
                  000133f8    00000054     Sound.o (.text._Z10Sound_Initv)
                  0001344c    00000054     libc++.a : string.cpp.obj (.text._ZNSt3__112basic_stringIcNS_11char_traitsIcEENS_9allocatorIcEEE6__initEPKcj)
                  000134a0    00000054     libc++abi.a : stdlib_new_delete.cpp.obj (.text._Znwj)
                  000134f4    00000054     libc.a : autoinit.c.obj (.text:__TI_auto_init_nobinit)
                  00013548    00000052            : fflush.c.obj (.text.__TI_doflush)
                  0001359a    00000002     --HOLE-- [fill = 0]
                  0001359c    00000050     libsysbm.a : close.c.obj (.text.close)
                  000135ec    00000048                : hostclose.c.obj (.text.HOSTclose)
                  00013634    00000048                : hostunlink.c.obj (.text.HOSTunlink)
                  0001367c    00000048     SPI.o (.text._Z14SPI_OutCommandc)
                  000136c4    00000046     GamePlay.o (.text._ZN4BikeC2Eibb)
                  0001370a    00000002     --HOLE-- [fill = 0]
                  0001370c    00000044     Sound.o (.text.SysTick_Handler)
                  00013750    00000044     Sound.o (.text._Z11Sound_StartPKhj)
                  00013794    00000044     LED.o (.text._Z8LED_Initv)
                  000137d8    00000044     GamePlay.o (.text._ZN4Bike5resetEv)
                  0001381c    00000040     TExaS.o (.text.TIMG7_IRQHandler)
                  0001385c    00000040     SPI.o (.text._Z9SPI_Resetv)
                  0001389c    00000040     GamePlay.o (.text._ZN4Bike12firstDisplayEv)
                  000138dc    00000040     GamePlay.o (.text._ZN8Gameplay8gameOverEv)
                  0001391c    00000040     libclang_rt.builtins.a : aeabi_uidivmod.S.obj (.text.__aeabi_uidivmod)
                  0001395c    00000040     libc.a : fopen.c.obj (.text._search_fp)
                  0001399c    0000003c     DAC5.o (.text._Z9DAC5_Initv)
                  000139d8    0000003c     GamePlay.o (.text._ZN8Gameplay15toggleAbilitiesEbb)
                  00013a14    0000003c     GamePlay.o (.text.__cxx_global_var_init.1)
                  00013a50    0000003c     GamePlay.o (.text.__cxx_global_var_init)
                  00013a8c    00000038     SPI.o (.text._Z11SPI_OutDatac)
                  00013ac4    00000038     LaunchPad.o (.text._Z15ActivatePortA_Bv)
                  00013afc    00000038     GamePlay.o (.text._Z8gameInitv)
                  00013b34    00000038     GamePlay.o (.text._ZN8Gameplay8newRoundEv)
                  00013b6c    00000038     libc.a : getdevice.c.obj (.text.finddevice)
                  00013ba4    00000034     ST7735.o (.text._Z12ST7735_writeiPKcj)
                  00013bd8    00000034     Clock.o (.text._Z14Clock_Delay1msj)
                  00013c0c    00000034     ST7735.o (.text._Z16ST7735_SetCursorjj)
                  00013c40    00000034     libc.a : fopen.c.obj (.text.__TI_cleanup)
                  00013c74    00000034     libsysbm.a : trgmsg.c.obj (.text.__TI_readmsg)
                  00013ca8    00000034                : trgmsg.c.obj (.text.__TI_writemsg)
                  00013cdc    00000034     libc.a : exit.c.obj (.text.exit)
                  00013d10    00000034            : fopen.c.obj (.text.freopen)
                  00013d44    00000032     ST7735.o (.text._Z15ST7735_Color565hhh)
                  00013d76    00000032     menu.o (.text._ZNSt3__112basic_stringIcNS_11char_traitsIcEENS_9allocatorIcEEEC2B6v15007IDnEEPKc)
                  00013da8    00000030     LED.o (.text._Z6LED_Onj)
                  00013dd8    00000030     LED.o (.text._Z7LED_Offj)
                  00013e08    00000030     ST7735.o (.text._ZL10commonInitPKh)
                  00013e38    00000030     menu.o (.text.__cxx_global_array_dtor.22)
                  00013e68    00000030     libc.a : fopen.c.obj (.text.fopen)
                  00013e98    0000002e     menu.o (.text._ZN4MenuD2Ev)
                  00013ec6    0000002e     menu.o (.text._ZNKSt3__112basic_stringIcNS_11char_traitsIcEENS_9allocatorIcEEE13__get_pointerB6v15007Ev)
                  00013ef4    0000002c     menu.o (.text._Z12tronMenuInitv)
                  00013f20    0000002c     ST7735.o (.text._Z17ST7735_FillScreent)
                  00013f4c    0000002c     Switch.o (.text._Z9Switch_Inv)
                  00013f78    0000002c     menu.o (.text.__cxx_global_array_dtor.12)
                  00013fa4    0000002c     menu.o (.text.__cxx_global_array_dtor.20)
                  00013fd0    0000002c     menu.o (.text.__cxx_global_array_dtor)
                  00013ffc    0000002c     GamePlay.o (.text.__cxx_global_var_init.2)
                  00014028    0000002c     libsysbm.a : unlink.c.obj (.text.unlink)
                  00014054    00000028     TExaS.o (.text._Z9ADC_StartP10ADC12_Regs)
                  0001407c    00000028     libc.a : memory.c.obj (.text.free_list_insert)
                  000140a4    00000028            : memmov.c.obj (.text.memmove)
                  000140cc    00000028     libsysbm.a : write.c.obj (.text.write)
                  000140f4    00000028     libc.a : boot_cortex_m.c.obj (.text:_c_int00_noargs)
                  0001411c    00000026     menu.o (.text._ZNSt3__112basic_stringIcNS_11char_traitsIcEENS_9allocatorIcEEE6__zeroB6v15007Ev)
                  00014142    00000002     --HOLE-- [fill = 0]
                  00014144    00000024     DAC5.o (.text._Z8DAC5_Outh)
                  00014168    00000024     menu.o (.text._ZNSt3__112basic_stringIcNS_11char_traitsIcEENS_9allocatorIcEEEC2B6v15007Ev)
                  0001418c    00000022     ST7735.o (.text._Z20ST7735_InvertDisplayi)
                  000141ae    00000002     --HOLE-- [fill = 0]
                  000141b0    00000020     Sound.o (.text._Z14SysTick_IntArmjj)
                  000141d0    0000001e     ST7735.o (.text._ZL9pushColort)
                  000141ee    0000001e     menu.o (.text._ZNSt3__117__compressed_pairINS_12basic_stringIcNS_11char_traitsIcEENS_9allocatorIcEEE5__repES5_EC2B6v15007INS_18__default_init_tagESA_EEOT_OT0_)
                  0001420c    0000001c     libc.a : memory.c.obj (.text.free_list_remove)
                  00014228    00000016     ST7735.o (.text._Z11ST7735_openPKcji)
                  0001423e    00000016     ST7735.o (.text._Z11ST7735_readiPcj)
                  00014254    00000016     GamePlay.o (.text._ZN4Bike11turnOffLineEb)
                  0001426a    00000016     GamePlay.o (.text._ZN4Bike5crashEv)
                  00014280    00000016     Joystick2.o (.text._ZN9Joystick2C2Ejj)
                  00014296    00000016     menu.o (.text._ZNKSt3__112basic_stringIcNS_11char_traitsIcEENS_9allocatorIcEEE19__get_short_pointerB6v15007Ev)
                  000142ac    00000016     menu.o (.text._ZNKSt3__112basic_stringIcNS_11char_traitsIcEENS_9allocatorIcEEE9__is_longB6v15007Ev)
                  000142c2    00000014     menu.o (.text._GLOBAL__sub_I_menu.cpp)
                  000142d6    00000002     --HOLE-- [fill = 0]
                  000142d8    00000014     Sound.o (.text._Z10Sound_Menuv)
                  000142ec    00000014     Sound.o (.text._Z12Sound_Selectv)
                  00014300    00000014     GamePlay.o (.text._ZN4BikeC2Ev)
                  00014314    00000014     menu.o (.text._ZNKSt3__112basic_stringIcNS_11char_traitsIcEENS_9allocatorIcEEE4dataB6v15007Ev)
                  00014328    00000014     libc++.a : string.cpp.obj (.text._ZNSt3__112basic_stringIcNS_11char_traitsIcEENS_9allocatorIcEEED2Ev)
                  0001433c    00000014     menu.o (.text._ZNSt3__122__compressed_pair_elemINS_9allocatorIcEELi1ELb1EEC2B6v15007ENS_18__default_init_tagE)
                  00014350    00000014     menu.o (.text._ZNSt3__19allocatorIcEC2B6v15007Ev)
                  00014364    00000014     libc.a : aeabi_atexit.c.obj (.text.__cxa_atexit)
                  00014378    00000014     Lab9HMain.o (.text.__cxx_global_var_init)
                  0001438c    00000012     menu.o (.text._ZNKSt3__112basic_stringIcNS_11char_traitsIcEENS_9allocatorIcEEE18__get_long_pointerB6v15007Ev)
                  0001439e    00000012     libsysbm.a : hostrename.c.obj (.text.strcpy)
                  000143b0    00000012     libc.a : memcpy16.S.obj (.text:TI_memcpy_small)
                  000143c2    00000012            : copy_decompress_none.c.obj (.text:decompress:none)
                  000143d4    00000010     GamePlay.o (.text._GLOBAL__sub_I_GamePlay.cpp)
                  000143e4    00000010     menu.o (.text._Z10menuIsDonev)
                  000143f4    00000010     Clock.o (.text._Z11Clock_Delayj)
                  00014404    00000010     GamePlay.o (.text._Z12gameFinishedv)
                  00014414    00000010     Lab9HMain.o (.text._Z28TExaS_LaunchPadLogicPB27PB26v)
                  00014424    00000010     GamePlay.o (.text._ZN8Gameplay10isGameOverEv)
                  00014434    00000010     menu.o (.text._ZNKSt3__112basic_stringIcNS_11char_traitsIcEENS_9allocatorIcEEE5c_strB6v15007Ev)
                  00014444    00000010     menu.o (.text._ZNKSt3__117__compressed_pairINS_12basic_stringIcNS_11char_traitsIcEENS_9allocatorIcEEE5__repES5_E5firstB6v15007Ev)
                  00014454    00000010     menu.o (.text._ZNSt3__111char_traitsIcE6lengthEPKc)
                  00014464    00000010     menu.o (.text._ZNSt3__112basic_stringIcNS_11char_traitsIcEENS_9allocatorIcEEE14__default_initB6v15007Ev)
                  00014474    00000010     menu.o (.text._ZNSt3__117__compressed_pairINS_12basic_stringIcNS_11char_traitsIcEENS_9allocatorIcEEE5__repES5_E5firstB6v15007Ev)
                  00014484    00000010     libc.a : copy_zero_init.c.obj (.text:decompress:ZI)
                  00014494    0000000e            : memory.c.obj (.text.OUTLINED_FUNCTION_0)
                  000144a2    0000000e     ST7735.o (.text._Z12ST7735_lseekili)
                  000144b0    0000000e     libc.a : strlen.c.obj (.text.strlen)
                  000144be    0000000e     libsysbm.a : hostrename.c.obj (.text.strlen)
                  000144cc    0000000e     libc.a : memset16.S.obj (.text:TI_memset_small)
                  000144da    00000002     --HOLE-- [fill = 0]
                  000144dc    0000000c     Clock.o (.text._Z10Clock_Freqv)
                  000144e8    0000000c     Sound.o (.text._Z10Sound_Stopv)
                  000144f4    0000000c     ST7735.o (.text._Z13ST7735_renamePKcS0_)
                  00014500    0000000c     GamePlay.o (.text._ZN4Bike6healthEv)
                  0001450c    0000000c     libc++abi.a : cxa_handlers.cpp.obj (.text._ZSt15get_new_handlerv)
                  00014518    0000000c     libclang_rt.builtins.a : aeabi_memset.S.obj (.text.__aeabi_memclr)
                  00014524    0000000c     libc.a : memory.c.obj (.text.malloc)
                  00014530    0000000a     ST7735.o (.text._Z12ST7735_closei)
                  0001453a    0000000a     ST7735.o (.text._Z13ST7735_unlinkPKc)
                  00014544    0000000a     Lab9HMain.o (.text._Z8PLL_Initv)
                  0001454e    0000000a     GamePlay.o (.text._ZN8Gameplay9getPacketEv)
                  00014558    0000000a     menu.o (.text._ZNKSt3__122__compressed_pair_elemINS_12basic_stringIcNS_11char_traitsIcEENS_9allocatorIcEEE5__repELi0ELb0EE5__getB6v15007Ev)
                  00014562    0000000a     menu.o (.text._ZNSt3__112__to_addressB6v15007IKcEEPT_S3_)
                  0001456c    0000000a     menu.o (.text._ZNSt3__114pointer_traitsIPKcE10pointer_toB6v15007ERS1_)
                  00014576    0000000a     menu.o (.text._ZNSt3__116__non_trivial_ifILb1ENS_9allocatorIcEEEC2B6v15007Ev)
                  00014580    0000000a     menu.o (.text._ZNSt3__122__compressed_pair_elemINS_12basic_stringIcNS_11char_traitsIcEENS_9allocatorIcEEE5__repELi0ELb0EE5__getB6v15007Ev)
                  0001458a    0000000a     menu.o (.text._ZNSt3__122__compressed_pair_elemINS_12basic_stringIcNS_11char_traitsIcEENS_9allocatorIcEEE5__repELi0ELb0EEC2B6v15007ENS_18__default_init_tagE)
                  00014594    00000008     Lab9HMain.o (.text._GLOBAL__sub_I_Lab9HMain.cpp)
                  0001459c    00000008     menu.o (.text._ZNSt3__119__debug_db_insert_cB6v15007INS_12basic_stringIcNS_11char_traitsIcEENS_9allocatorIcEEEEEEvPT_)
                  000145a4    00000008     libc++abi.a : stdlib_new_delete.cpp.obj (.text._ZdlPv)
                  000145ac    00000008     libclang_rt.builtins.a : aeabi_memcpy.S.obj (.text.__aeabi_memcpy)
                  000145b4    00000008                            : aeabi_memmove.S.obj (.text.__aeabi_memmove)
                  000145bc    00000008     libc.a : aeabi_atexit.c.obj (.text.__cxa_ia64_exit)
                  000145c4    00000008     libsysbm.a : remove.c.obj (.text.remove)
                  000145cc    00000004     startup_mspm0g3507_ticlang.o (.text.Default_Handler)
                  000145d0    00000004     startup_mspm0g3507_ticlang.o (.text.HardFault_Handler)
                  000145d4    00000004     startup_mspm0g3507_ticlang.o (.text.Reset_Handler)
                  000145d8    00000004     libc.a : pre_init.c.obj (.text._system_pre_init)
                  000145dc    00000004            : exit.c.obj (.text:abort)

.cinit     0    000145f0    00000100     
                  000145f0    000000dc     (.cinit..data.load) [load image, compression = lzss]
                  000146cc    0000000c     (__TI_handler_table)
                  000146d8    00000008     (.cinit..bss.load) [load image, compression = zero_init]
                  000146e0    00000010     (__TI_cinit_table)

.rodata    0    000000c0    0000f900     
                  000000c0    0000a000     menu.o (.rodata._ZL13tron_menu_img)
                  0000a0c0    00001800     Sound.o (.rodata._ZL14TronMenuSelect)
                  0000b8c0    00000f00     Sound.o (.rodata._ZL9MenuSound)
                  0000c7c0    00000cd0     GamePlay.o (.rodata._ZL9one_image)
                  0000d490    00000c80     GamePlay.o (.rodata._ZL11three_image)
                  0000e110    00000c80     GamePlay.o (.rodata._ZL9two_image)
                  0000ed90    000004fb     ST7735.o (.rodata._ZL4Font)
                  0000f28b    00000001     --HOLE-- [fill = 0]
                  0000f28c    000000a2     GamePlay.o (.rodata._ZL12ExplosionOne)
                  0000f32e    000000a2     GamePlay.o (.rodata._ZL12ExplosionTwo)
                  0000f3d0    000000a2     GamePlay.o (.rodata._ZL13ExplosionFour)
                  0000f472    000000a2     GamePlay.o (.rodata._ZL14ExplosionThree)
                  0000f514    000000a2     GamePlay.o (.rodata._ZL8RedHeart)
                  0000f5b6    000000a2     GamePlay.o (.rodata._ZL9BlueHeart)
                  0000f658    00000046     GamePlay.o (.rodata._ZL10UpRedCycle)
                  0000f69e    00000046     GamePlay.o (.rodata._ZL11UpBlueCycle)
                  0000f6e4    00000046     GamePlay.o (.rodata._ZL12DownRedCycle)
                  0000f72a    00000046     GamePlay.o (.rodata._ZL12LeftRedCycle)
                  0000f770    00000046     GamePlay.o (.rodata._ZL13DownBlueCycle)
                  0000f7b6    00000046     GamePlay.o (.rodata._ZL13LeftBlueCycle)
                  0000f7fc    00000046     GamePlay.o (.rodata._ZL13RightRedCycle)
                  0000f842    00000046     GamePlay.o (.rodata._ZL14RightBlueCycle)
                  0000f888    0000003b     ST7735.o (.rodata._ZL5Rcmd1)
                  0000f8c3    0000002b     ST7735.o (.rodata._ZL5Rcmd3)
                  0000f8ee    00000016     ST7735.o (.rodata.str1.131696582137495765941)
                  0000f904    0000000d     ST7735.o (.rodata._ZL10Rcmd2green)
                  0000f911    0000000d     ST7735.o (.rodata._ZL8Rcmd2red)
                  0000f91e    00000009     menu.o (.rodata.str1.114793701521291410291)
                  0000f927    00000009     menu.o (.rodata.str1.152844668465687054501)
                  0000f930    00000009     menu.o (.rodata.str1.43344253877813655741)
                  0000f939    00000009     menu.o (.rodata.str1.59352028943064177451)
                  0000f942    00000009     menu.o (.rodata.str1.81609088239885430801)
                  0000f94b    00000008     menu.o (.rodata.str1.102567634636123109261)
                  0000f953    00000008     menu.o (.rodata.str1.173213289727903394671)
                  0000f95b    00000008     menu.o (.rodata.str1.18654542343258509881)
                  0000f963    00000008     ST7735.o (.rodata.str1.86012262618455636901)
                  0000f96b    00000007     menu.o (.rodata.str1.106080763620002280141)
                  0000f972    00000007     ST7735.o (.rodata.str1.114990493261766323881)
                  0000f979    00000007     menu.o (.rodata.str1.121165265712081410371)
                  0000f980    00000007     menu.o (.rodata.str1.23717824096920018761)
                  0000f987    00000007     ST7735.o (.rodata.str1.34205522212527886751)
                  0000f98e    00000007     menu.o (.rodata.str1.4515836270289371911)
                  0000f995    00000007     menu.o (.rodata.str1.74997160766714330521)
                  0000f99c    00000006     menu.o (.rodata.str1.180546244946655119331)
                  0000f9a2    00000005     menu.o (.rodata.str1.110986731793232197011)
                  0000f9a7    00000005     menu.o (.rodata.str1.23545670429919334371)
                  0000f9ac    00000005     menu.o (.rodata.str1.55696074319151882151)
                  0000f9b1    00000002     ST7735.o (.rodata.str1.105087110211667939411)
                  0000f9b3    00000002     menu.o (.rodata.str1.123183616927295083011)
                  0000f9b5    00000002     menu.o (.rodata.str1.142783162394880212271)
                  0000f9b7    00000002     menu.o (.rodata.str1.161462869409870619401)
                  0000f9b9    00000002     menu.o (.rodata.str1.175215292397905939431)
                  0000f9bb    00000002     menu.o (.rodata.str1.5226134088729676321)
                  0000f9bd    00000003     --HOLE-- [fill = 0]

.init_array 
*          0    000145e0    00000010     
                  000145e0    00000004     menu.o (.init_array)
                  000145e4    00000004     Lab9HMain.o (.init_array)
                  000145e8    00000004     GamePlay.o (.init_array)
                  000145ec    00000004     --HOLE-- [fill = 0]

.bss       0    20200000    00004728     UNINITIALIZED
                  20200000    000044c0     GamePlay.o (.bss.visitedMatrix)
                  202044c0    00000120     libsysbm.a : trgmsg.c.obj (.bss:_CIOBUF_)
                  202045e0    000000a0     libc.a : defs.c.obj (.bss.__TI_tmpnams)
                  20204680    00000088            : aeabi_atexit.c.obj (.bss.atexit_register.__atexit0)
                  20204708    00000008     libsysbm.a : hostopen.c.obj (.bss.parmbuf)
                  20204710    00000004     TExaS.o (.bss.TExaSLogic)
                  20204714    00000004     TExaS.o (.bss.TExaSadc)
                  20204718    00000004     libc.a : aeabi_atexit.c.obj (.bss.__atexit)
                  2020471c    00000004     Sound.o (.bss.curSound)
                  20204720    00000004     libc.a : memory.c.obj (.bss.sys_free)
                  20204724    00000001     ST7735.o (.bss._ZL8ColStart)
                  20204725    00000001     ST7735.o (.bss._ZL8Rotation)
                  20204726    00000001     ST7735.o (.bss._ZL8RowStart)
                  20204727    00000001     ST7735.o (.bss._ZL8TabColor)

.data      0    20204728    000005c9     UNINITIALIZED
                  20204728    00000168     menu.o (.data.menuFSM)
                  20204890    000000f0     libc.a : defs.c.obj (.data._ftable)
                  20204980    00000080     GamePlay.o (.data.gameRunner)
                  20204a00    00000078     libsysbm.a : host_device.c.obj (.data._device)
                  20204a78    00000060     menu.o (.data.langText)
                  20204ad8    00000060     menu.o (.data.mainText)
                  20204b38    00000060     menu.o (.data.settText)
                  20204b98    00000050     libsysbm.a : host_device.c.obj (.data._stream)
                  20204be8    00000028     Lab9HMain.o (.data.MainFSM)
                  20204c10    00000020     GamePlay.o (.data.cycleSprites)
                  20204c30    00000010     menu.o (.data.settChange)
                  20204c40    0000000c     menu.o (.data.langChange)
                  20204c4c    0000000c     menu.o (.data.mainChange)
                  20204c58    0000000c     menu.o (.data.speeds)
                  20204c64    00000008     libc.a : exit.c.obj (.data..L_MergedGlobals)
                  20204c6c    00000008     Lab9HMain.o (.data.axes)
                  20204c74    00000006     GamePlay.o (.data._ZL8redTrail)
                  20204c7a    00000006     GamePlay.o (.data._ZL9blueTrail)
                  20204c80    00000004     Clock.o (.data.BusFreq)
                  20204c84    00000004     ST7735.o (.data.StX)
                  20204c88    00000004     ST7735.o (.data.StY)
                  20204c8c    00000004     libc.a : defs.c.obj (.data.__TI_ft_end)
                  20204c90    00000004     libc++abi.a : cxa_default_handlers.cpp.obj (.data.__cxa_new_handler)
                  20204c94    00000004     libc.a : exit.c.obj (.data.__dso_handle)
                  20204c98    00000004            : _lock.c.obj (.data._lock)
                  20204c9c    00000004            : _lock.c.obj (.data._unlock)
                  20204ca0    00000004     menu.o (.data.bikeSpeed)
                  20204ca4    00000004     Lab9HMain.o (.data.buttonInput)
                  20204ca8    00000004     menu.o (.data.col)
                  20204cac    00000004     menu.o (.data.currInd)
                  20204cb0    00000004     menu.o (.data.currLang)
                  20204cb4    00000004     Lab9HMain.o (.data.currState)
                  20204cb8    00000004     Sound.o (.data.ind)
                  20204cbc    00000004     menu.o (.data.lasInd)
                  20204cc0    00000004     menu.o (.data.lastInput)
                  20204cc4    00000004     menu.o (.data.off)
                  20204cc8    00000004     Sound.o (.data.period)
                  20204ccc    00000004     Sound.o (.data.priority)
                  20204cd0    00000004     menu.o (.data.row)
                  20204cd4    00000004     Sound.o (.data.size)
                  20204cd8    00000004     Lab9HMain.o (.data.xInput)
                  20204cdc    00000004     Lab9HMain.o (.data.yInput)
                  20204ce0    00000002     ST7735.o (.data.StTextColor)
                  20204ce2    00000002     ST7735.o (.data._ZL6_width)
                  20204ce4    00000002     ST7735.o (.data._ZL7_height)
                  20204ce6    00000001     menu.o (.data.abilityEnabled)
                  20204ce7    00000001     menu.o (.data.done)
                  20204ce8    00000001     libsysbm.a : add_device.c.obj (.data.add_device.device_init)
                  20204ce9    00000001     menu.o (.data.host)
                  20204cea    00000001     Lab9HMain.o (.data.joystickPacket)
                  20204ceb    00000001     Lab9HMain.o (.data.semaphore)
                  20204cec    00000001     libc.a : memory.c.obj (.data.memory_is_initialized)
                  20204ced    00000003     --HOLE--
                  20204cf0    00000001     libsysbm.a : open.c.obj (.data.open.stream_init)

.sysmem    0    20204cf8    00000200     UNINITIALIZED
                  20204cf8    00000010     libc.a : memory.c.obj (.sysmem)
                  20204d08    000001f0     --HOLE--

.stack     0    20207e00    00000200     UNINITIALIZED
                  20207e00    00000004     libc.a : boot_cortex_m.c.obj (.stack)
                  20207e04    000001fc     --HOLE--

__llvm_prf_cnts 
*          0    20200000    00000000     UNINITIALIZED

__llvm_prf_bits 
*          0    20200000    00000000     UNINITIALIZED

MODULE SUMMARY

       Module                         code    ro data   rw data
       ------                         ----    -------   -------
    .\
       menu.o                         2888    41099     735    
       GamePlay.o                     5052    11216     17772  
       Sound.o                        304     9984      20     
       ST7735.o                       3282    1449      18     
       TExaS.o                        720     0         8      
       Lab9HMain.o                    458     4         66     
       Clock.o                        516     0         4      
       SPI.o                          440     0         0      
       Timer.o                        316     0         0      
       Joystick2.o                    282     0         0      
       LaunchPad.o                    180     0         0      
       LED.o                          164     0         0      
       Switch.o                       132     0         0      
       DAC5.o                         96      0         0      
    +--+------------------------------+-------+---------+---------+
       Total:                         14830   63752     18623  
                                                               
    .\ticlang\
       startup_mspm0g3507_ticlang.o   12      192       0      
    +--+------------------------------+-------+---------+---------+
       Total:                         12      192       0      
                                                               
    C:\ti\ccs1260\ccs\tools\compiler\ti-cgt-armllvm_3.2.1.LTS\lib\armv6m-ti-none-eabi/c/libc.a
       memory.c.obj                   730     0         5      
       fopen.c.obj                    568     0         0      
       aeabi_atexit.c.obj             292     0         140    
       defs.c.obj                     0       0         404    
       setvbuf.c.obj                  220     0         0      
       getdevice.c.obj                160     0         0      
       fclose.c.obj                   124     0         0      
       copy_decompress_lzss.c.obj     120     0         0      
       autoinit.c.obj                 84      0         0      
       fflush.c.obj                   82      0         0      
       exit.c.obj                     56      0         12     
       boot_cortex_m.c.obj            40      0         0      
       memmov.c.obj                   40      0         0      
       copy_decompress_none.c.obj     18      0         0      
       memcpy16.S.obj                 18      0         0      
       copy_zero_init.c.obj           16      0         0      
       memset16.S.obj                 14      0         0      
       strlen.c.obj                   14      0         0      
       _lock.c.obj                    2       0         8      
       pre_init.c.obj                 4       0         0      
    +--+------------------------------+-------+---------+---------+
       Total:                         2602    0         569    
                                                               
    C:\ti\ccs1260\ccs\tools\compiler\ti-cgt-armllvm_3.2.1.LTS\lib\armv6m-ti-none-eabi/c/libsysbm.a
       trgmsg.c.obj                   104     0         288    
       add_device.c.obj               236     0         1      
       host_device.c.obj              0       0         200    
       open.c.obj                     168     0         1      
       hostrename.c.obj               140     0         0      
       hostlseek.c.obj                108     0         0      
       hostopen.c.obj                 96      0         8      
       hostread.c.obj                 88      0         0      
       hostwrite.c.obj                88      0         0      
       close.c.obj                    80      0         0      
       hostclose.c.obj                72      0         0      
       hostunlink.c.obj               72      0         0      
       unlink.c.obj                   44      0         0      
       write.c.obj                    40      0         0      
       remove.c.obj                   8       0         0      
    +--+------------------------------+-------+---------+---------+
       Total:                         1344    0         498    
                                                               
    C:\ti\ccs1260\ccs\tools\compiler\ti-cgt-armllvm_3.2.1.LTS\lib\armv6m-ti-none-eabi/libc++.a
       string.cpp.obj                 400     0         0      
    +--+------------------------------+-------+---------+---------+
       Total:                         400     0         0      
                                                               
    C:\ti\ccs1260\ccs\tools\compiler\ti-cgt-armllvm_3.2.1.LTS\lib\armv6m-ti-none-eabi/libc++abi.a
       stdlib_new_delete.cpp.obj      92      0         0      
       cxa_handlers.cpp.obj           12      0         0      
       cxa_default_handlers.cpp.obj   0       0         4      
    +--+------------------------------+-------+---------+---------+
       Total:                         104     0         4      
                                                               
    C:\ti\ccs1260\ccs\tools\compiler\ti-cgt-armllvm_3.2.1.LTS\lib\clang/15.0.7/lib/armv6m-ti-none-eabi/libclang_rt.builtins.a
       aeabi_idivmod.S.obj            86      0         0      
       aeabi_uidivmod.S.obj           64      0         0      
       aeabi_memset.S.obj             12      0         0      
       aeabi_memcpy.S.obj             8       0         0      
       aeabi_memmove.S.obj            8       0         0      
       aeabi_div0.c.obj               2       0         0      
    +--+------------------------------+-------+---------+---------+
       Total:                         180     0         0      
                                                               
       Heap:                          0       0         512    
       Stack:                         0       0         512    
       Linker Generated:              0       256       0      
    +--+------------------------------+-------+---------+---------+
       Grand Total:                   19472   64200     20718  


LINKER GENERATED COPY TABLES

__TI_cinit_table @ 000146e0 records: 2, size/record: 8, table size: 16
	.data: load addr=000145f0, load size=000000dc bytes, run addr=20204728, run size=000005c9 bytes, compression=lzss
	.bss: load addr=000146d8, load size=00000008 bytes, run addr=20200000, run size=00004728 bytes, compression=zero_init


LINKER GENERATED HANDLER TABLE

__TI_handler_table @ 000146cc records: 3, size/record: 4, table size: 12
	index: 0, handler: __TI_decompress_lzss
	index: 1, handler: __TI_decompress_none
	index: 2, handler: __TI_zero_init


GLOBAL SYMBOLS: SORTED ALPHABETICALLY BY Name 

address   name                                                                                                                                            
-------   ----                                                                                                                                            
000145cd  ADC0_IRQHandler                                                                                                                                 
000145cd  ADC1_IRQHandler                                                                                                                                 
000145cd  AES_IRQHandler                                                                                                                                  
20204c80  BusFreq                                                                                                                                         
000145dc  C$$EXIT                                                                                                                                         
00013cd5  C$$IO$$                                                                                                                                         
000145cd  CANFD0_IRQHandler                                                                                                                               
000145cd  DAC0_IRQHandler                                                                                                                                 
000145cd  DMA_IRQHandler                                                                                                                                  
000145cd  Default_Handler                                                                                                                                 
000145cd  GROUP0_IRQHandler                                                                                                                               
000145cd  GROUP1_IRQHandler                                                                                                                               
000135ed  HOSTclose                                                                                                                                       
00012e3d  HOSTlseek                                                                                                                                       
00013189  HOSTopen                                                                                                                                        
000131e9  HOSTread                                                                                                                                        
00012ea9  HOSTrename                                                                                                                                      
00013635  HOSTunlink                                                                                                                                      
00013241  HOSTwrite                                                                                                                                       
000145d1  HardFault_Handler                                                                                                                               
000145cd  I2C0_IRQHandler                                                                                                                                 
000145cd  I2C1_IRQHandler                                                                                                                                 
20204be8  MainFSM                                                                                                                                         
000145cd  NMI_Handler                                                                                                                                     
000145cd  PendSV_Handler                                                                                                                                  
000145cd  RTC_IRQHandler                                                                                                                                  
000145d5  Reset_Handler                                                                                                                                   
000145e0  SHT$$INIT_ARRAY$$Base                                                                                                                           
000145ec  SHT$$INIT_ARRAY$$Limit                                                                                                                          
000145cd  SPI0_IRQHandler                                                                                                                                 
000145cd  SPI1_IRQHandler                                                                                                                                 
000145cd  SVC_Handler                                                                                                                                     
20204ce0  StTextColor                                                                                                                                     
20204c84  StX                                                                                                                                             
20204c88  StY                                                                                                                                             
0001370d  SysTick_Handler                                                                                                                                 
20204710  TExaSLogic                                                                                                                                      
20204714  TExaSadc                                                                                                                                        
000145cd  TIMA0_IRQHandler                                                                                                                                
000145cd  TIMA1_IRQHandler                                                                                                                                
000145cd  TIMG0_IRQHandler                                                                                                                                
00011add  TIMG12_IRQHandler                                                                                                                               
000145cd  TIMG6_IRQHandler                                                                                                                                
0001381d  TIMG7_IRQHandler                                                                                                                                
000145cd  TIMG8_IRQHandler                                                                                                                                
000143b1  TI_memcpy_small                                                                                                                                 
000144cd  TI_memset_small                                                                                                                                 
000145cd  UART0_IRQHandler                                                                                                                                
000145cd  UART1_IRQHandler                                                                                                                                
000145cd  UART2_IRQHandler                                                                                                                                
000145cd  UART3_IRQHandler                                                                                                                                
202044c0  _CIOBUF_                                                                                                                                        
000144dd  _Z10Clock_Freqv                                                                                                                                 
000133f9  _Z10Sound_Initv                                                                                                                                 
000142d9  _Z10Sound_Menuv                                                                                                                                 
000144e9  _Z10Sound_Stopv                                                                                                                                 
00013299  _Z10TExaS_InitP10ADC12_RegsjPFhvE                                                                                                               
00012f15  _Z10gameUpdatei                                                                                                                                 
000143e5  _Z10menuIsDonev                                                                                                                                 
000143f5  _Z11Clock_Delayj                                                                                                                                
00013a8d  _Z11SPI_OutDatac                                                                                                                                
00014229  _Z11ST7735_openPKcji                                                                                                                            
0001423f  _Z11ST7735_readiPcj                                                                                                                             
00013751  _Z11Sound_StartPKhj                                                                                                                             
000132f1  _Z11Switch_Initv                                                                                                                                
000105bd  _Z11menu_updatev                                                                                                                                
00012631  _Z12ST7735_InitR10initRFlags                                                                                                                    
00014531  _Z12ST7735_closei                                                                                                                               
000144a3  _Z12ST7735_lseekili                                                                                                                             
00013ba5  _Z12ST7735_writeiPKcj                                                                                                                           
000142ed  _Z12Sound_Selectv                                                                                                                               
00014405  _Z12gameFinishedv                                                                                                                               
00013ef5  _Z12tronMenuInitv                                                                                                                               
000144f5  _Z13ST7735_renamePKcS0_                                                                                                                         
0001453b  _Z13ST7735_unlinkPKc                                                                                                                            
00013bd9  _Z14Clock_Delay1msj                                                                                                                             
00012be1  _Z14LaunchPad_Initv                                                                                                                             
0001367d  _Z14SPI_OutCommandc                                                                                                                             
00011c8d  _Z14ST7735_OutCharc                                                                                                                             
000141b1  _Z14SysTick_IntArmjj                                                                                                                            
00012261  _Z14TimerG7_IntArmtjj                                                                                                                           
00013ac5  _Z15ActivatePortA_Bv                                                                                                                            
00010409  _Z15Clock_Init80MHzi                                                                                                                            
00013d45  _Z15ST7735_Color565hhh                                                                                                                          
00011249  _Z15ST7735_FillRectsssst                                                                                                                        
000127f9  _Z15TimerG12_IntArmjj                                                                                                                           
0001076d  _Z16ST7735_DrawCharSsscssh                                                                                                                      
00012dcd  _Z16ST7735_DrawPixelsst                                                                                                                         
00013c0d  _Z16ST7735_SetCursorjj                                                                                                                          
000101f9  _Z17ST7735_DrawBitmapssPKtss                                                                                                                    
00012b5d  _Z17ST7735_DrawStringttPKcs                                                                                                                     
00013f21  _Z17ST7735_FillScreent                                                                                                                          
00012455  _Z17ST7735_InitPrintfv                                                                                                                          
00011559  _Z18ST7735_SetRotationh                                                                                                                         
00012051  _Z20ST7735_DrawFastHLinessst                                                                                                                    
00012101  _Z20ST7735_DrawFastVLinessst                                                                                                                    
0001418d  _Z20ST7735_InvertDisplayi                                                                                                                       
00011361  _Z20periodic_menu_updatei                                                                                                                       
00014415  _Z28TExaS_LaunchPadLogicPB27PB26v                                                                                                               
0001164d  _Z2upv                                                                                                                                          
00011d5d  _Z4downv                                                                                                                                        
00013da9  _Z6LED_Onj                                                                                                                                      
00013dd9  _Z7LED_Offj                                                                                                                                     
00010ff9  _Z8ADC_InitP10ADC12_Regsjj                                                                                                                      
00014145  _Z8DAC5_Outh                                                                                                                                    
00013795  _Z8LED_Initv                                                                                                                                    
00014545  _Z8PLL_Initv                                                                                                                                    
00011461  _Z8SPI_Initv                                                                                                                                    
00013afd  _Z8gameInitv                                                                                                                                    
00014055  _Z9ADC_StartP10ADC12_Regs                                                                                                                       
0001399d  _Z9DAC5_Initv                                                                                                                                   
0001385d  _Z9SPI_Resetv                                                                                                                                   
00013f4d  _Z9Switch_Inv                                                                                                                                   
00011919  _Z9UART_Initv                                                                                                                                   
00011bb5  _Z9changeSetv                                                                                                                                   
00012921  _ZN4Bike10collisionsES_                                                                                                                         
00014255  _ZN4Bike11turnOffLineEb                                                                                                                         
000126c9  _ZN4Bike12displayCrashEv                                                                                                                        
0001389d  _ZN4Bike12firstDisplayEv                                                                                                                        
0000f9c1  _ZN4Bike12updateCornerEPKt                                                                                                                      
0001090d  _ZN4Bike14updateLocationEi                                                                                                                      
00013349  _ZN4Bike5clearEv                                                                                                                                
0001426b  _ZN4Bike5crashEv                                                                                                                                
000137d9  _ZN4Bike5resetEv                                                                                                                                
00014501  _ZN4Bike6healthEv                                                                                                                               
0000fe65  _ZN4Bike7displayEv                                                                                                                              
00012c5d  _ZN4Bike8newPointEii                                                                                                                            
000136c5  _ZN4BikeC2Eibb                                                                                                                                  
00014301  _ZN4BikeC2Ev                                                                                                                                    
000124f5  _ZN4MenuC2EPA4_NSt3__112basic_stringIcNS0_11char_traitsIcEENS0_9allocatorIcEEEEiPKi                                                             
00013e99  _ZN4MenuD2Ev                                                                                                                                    
00014425  _ZN8Gameplay10isGameOverEv                                                                                                                      
00011ee5  _ZN8Gameplay11updateLivesEv                                                                                                                     
000139d9  _ZN8Gameplay15toggleAbilitiesEbb                                                                                                                
0001288d  _ZN8Gameplay5resetEv                                                                                                                            
00010aad  _ZN8Gameplay6updateEii                                                                                                                          
000138dd  _ZN8Gameplay8gameOverEv                                                                                                                         
00013b35  _ZN8Gameplay8newRoundEv                                                                                                                         
00010d95  _ZN8Gameplay9countDownEv                                                                                                                        
0001454f  _ZN8Gameplay9getPacketEv                                                                                                                        
000129b3  _ZN8GameplayC2Eiib                                                                                                                              
00012761  _ZN9Joystick213JoyStick_InitEv                                                                                                                  
00012f81  _ZN9Joystick27ConvertEPiS0_                                                                                                                     
00014281  _ZN9Joystick2C1Ejj                                                                                                                              
00014281  _ZN9Joystick2C2Ejj                                                                                                                              
00013ec7  _ZNKSt3__112basic_stringIcNS_11char_traitsIcEENS_9allocatorIcEEE13__get_pointerB6v15007Ev                                                       
0001438d  _ZNKSt3__112basic_stringIcNS_11char_traitsIcEENS_9allocatorIcEEE18__get_long_pointerB6v15007Ev                                                  
00014297  _ZNKSt3__112basic_stringIcNS_11char_traitsIcEENS_9allocatorIcEEE19__get_short_pointerB6v15007Ev                                                 
00014315  _ZNKSt3__112basic_stringIcNS_11char_traitsIcEENS_9allocatorIcEEE4dataB6v15007Ev                                                                 
00014435  _ZNKSt3__112basic_stringIcNS_11char_traitsIcEENS_9allocatorIcEEE5c_strB6v15007Ev                                                                
000142ad  _ZNKSt3__112basic_stringIcNS_11char_traitsIcEENS_9allocatorIcEEE9__is_longB6v15007Ev                                                            
00014445  _ZNKSt3__117__compressed_pairINS_12basic_stringIcNS_11char_traitsIcEENS_9allocatorIcEEE5__repES5_E5firstB6v15007Ev                              
00014559  _ZNKSt3__122__compressed_pair_elemINS_12basic_stringIcNS_11char_traitsIcEENS_9allocatorIcEEE5__repELi0ELb0EE5__getB6v15007Ev                    
00014455  _ZNSt3__111char_traitsIcE6lengthEPKc                                                                                                            
00014563  _ZNSt3__112__to_addressB6v15007IKcEEPT_S3_                                                                                                      
00014465  _ZNSt3__112basic_stringIcNS_11char_traitsIcEENS_9allocatorIcEEE14__default_initB6v15007Ev                                                       
0001344d  _ZNSt3__112basic_stringIcNS_11char_traitsIcEENS_9allocatorIcEEE6__initEPKcj                                                                     
0001411d  _ZNSt3__112basic_stringIcNS_11char_traitsIcEENS_9allocatorIcEEE6__zeroB6v15007Ev                                                                
00014169  _ZNSt3__112basic_stringIcNS_11char_traitsIcEENS_9allocatorIcEEEC2B6v15007Ev                                                                     
00013d77  _ZNSt3__112basic_stringIcNS_11char_traitsIcEENS_9allocatorIcEEEC2B6v15007IDnEEPKc                                                               
00014329  _ZNSt3__112basic_stringIcNS_11char_traitsIcEENS_9allocatorIcEEED1Ev                                                                             
00014329  _ZNSt3__112basic_stringIcNS_11char_traitsIcEENS_9allocatorIcEEED2Ev                                                                             
00011121  _ZNSt3__112basic_stringIcNS_11char_traitsIcEENS_9allocatorIcEEEaSERKS5_                                                                         
0001456d  _ZNSt3__114pointer_traitsIPKcE10pointer_toB6v15007ERS1_                                                                                         
00014577  _ZNSt3__116__non_trivial_ifILb1ENS_9allocatorIcEEEC2B6v15007Ev                                                                                  
00014475  _ZNSt3__117__compressed_pairINS_12basic_stringIcNS_11char_traitsIcEENS_9allocatorIcEEE5__repES5_E5firstB6v15007Ev                               
000141ef  _ZNSt3__117__compressed_pairINS_12basic_stringIcNS_11char_traitsIcEENS_9allocatorIcEEE5__repES5_EC2B6v15007INS_18__default_init_tagESA_EEOT_OT0_
0001459d  _ZNSt3__119__debug_db_insert_cB6v15007INS_12basic_stringIcNS_11char_traitsIcEENS_9allocatorIcEEEEEEvPT_                                         
00014581  _ZNSt3__122__compressed_pair_elemINS_12basic_stringIcNS_11char_traitsIcEENS_9allocatorIcEEE5__repELi0ELb0EE5__getB6v15007Ev                     
0001458b  _ZNSt3__122__compressed_pair_elemINS_12basic_stringIcNS_11char_traitsIcEENS_9allocatorIcEEE5__repELi0ELb0EEC2B6v15007ENS_18__default_init_tagE  
0001433d  _ZNSt3__122__compressed_pair_elemINS_9allocatorIcEELi1ELb1EEC2B6v15007ENS_18__default_init_tagE                                                 
00014351  _ZNSt3__19allocatorIcEC2B6v15007Ev                                                                                                              
0001450d  _ZSt15get_new_handlerv                                                                                                                          
000145a5  _ZdlPv                                                                                                                                          
000134a1  _Znwj                                                                                                                                           
202044c0  __CIOBUF_                                                                                                                                       
20208000  __STACK_END                                                                                                                                     
00000200  __STACK_SIZE                                                                                                                                    
00000200  __SYSMEM_SIZE                                                                                                                                   
00000000  __TI_ATRegion0_region_sz                                                                                                                        
00000000  __TI_ATRegion0_src_addr                                                                                                                         
00000000  __TI_ATRegion0_trg_addr                                                                                                                         
00000000  __TI_ATRegion1_region_sz                                                                                                                        
00000000  __TI_ATRegion1_src_addr                                                                                                                         
00000000  __TI_ATRegion1_trg_addr                                                                                                                         
00000000  __TI_ATRegion2_region_sz                                                                                                                        
00000000  __TI_ATRegion2_src_addr                                                                                                                         
00000000  __TI_ATRegion2_trg_addr                                                                                                                         
000146e0  __TI_CINIT_Base                                                                                                                                 
000146f0  __TI_CINIT_Limit                                                                                                                                
000146f0  __TI_CINIT_Warm                                                                                                                                 
000146cc  __TI_Handler_Table_Base                                                                                                                         
000146d8  __TI_Handler_Table_Limit                                                                                                                        
000134f5  __TI_auto_init_nobinit                                                                                                                          
00013c41  __TI_cleanup                                                                                                                                    
20204c64  __TI_cleanup_ptr                                                                                                                                
00012cd9  __TI_closefile                                                                                                                                  
00012d55  __TI_decompress_lzss                                                                                                                            
000143c3  __TI_decompress_none                                                                                                                            
00013549  __TI_doflush                                                                                                                                    
20204c68  __TI_dtors_ptr                                                                                                                                  
20204c8c  __TI_ft_end                                                                                                                                     
ffffffff  __TI_pprof_out_hndl                                                                                                                             
ffffffff  __TI_prof_data_size                                                                                                                             
ffffffff  __TI_prof_data_start                                                                                                                            
00013c75  __TI_readmsg                                                                                                                                    
00000000  __TI_static_base__                                                                                                                              
202045e0  __TI_tmpnams                                                                                                                                    
00013ca9  __TI_writemsg                                                                                                                                   
00014485  __TI_zero_init                                                                                                                                  
000133a1  __aeabi_idiv                                                                                                                                    
00010c33  __aeabi_idiv0                                                                                                                                   
000133a1  __aeabi_idivmod                                                                                                                                 
00014519  __aeabi_memclr                                                                                                                                  
00014519  __aeabi_memclr4                                                                                                                                 
00014519  __aeabi_memclr8                                                                                                                                 
000145ad  __aeabi_memcpy                                                                                                                                  
000145ad  __aeabi_memcpy4                                                                                                                                 
000145ad  __aeabi_memcpy8                                                                                                                                 
000145b5  __aeabi_memmove                                                                                                                                 
000145b5  __aeabi_memmove4                                                                                                                                
000145b5  __aeabi_memmove8                                                                                                                                
0001391d  __aeabi_uidiv                                                                                                                                   
0001391d  __aeabi_uidivmod                                                                                                                                
ffffffff  __binit__                                                                                                                                       
00014365  __cxa_atexit                                                                                                                                    
00012fed  __cxa_finalize                                                                                                                                  
000145bd  __cxa_ia64_exit                                                                                                                                 
20204c90  __cxa_new_handler                                                                                                                               
20204c94  __dso_handle                                                                                                                                    
UNDEFED   __mpu_init                                                                                                                                      
20207e00  __stack                                                                                                                                         
20200000  __start___llvm_prf_bits                                                                                                                         
20200000  __start___llvm_prf_cnts                                                                                                                         
20200000  __stop___llvm_prf_bits                                                                                                                          
20200000  __stop___llvm_prf_cnts                                                                                                                          
000140f5  _c_int00_noargs                                                                                                                                 
20204a00  _device                                                                                                                                         
20204890  _ftable                                                                                                                                         
20204c98  _lock                                                                                                                                           
00012453  _nop                                                                                                                                            
20204b98  _stream                                                                                                                                         
20204cf8  _sys_memory                                                                                                                                     
UNDEFED   _system_post_cinit                                                                                                                              
000145d9  _system_pre_init                                                                                                                                
20204c9c  _unlock                                                                                                                                         
20204ce6  abilityEnabled                                                                                                                                  
000145dd  abort                                                                                                                                           
00011741  add_device                                                                                                                                      
00010ecd  aligned_alloc                                                                                                                                   
20204c6c  axes                                                                                                                                            
20204ca0  bikeSpeed                                                                                                                                       
ffffffff  binit                                                                                                                                           
20204ca4  buttonInput                                                                                                                                     
0001359d  close                                                                                                                                           
20204ca8  col                                                                                                                                             
2020471c  curSound                                                                                                                                        
20204cac  currInd                                                                                                                                         
20204cb0  currLang                                                                                                                                        
20204cb4  currState                                                                                                                                       
20204c10  cycleSprites                                                                                                                                    
[...]
00014525  malloc                                                                                                                                          
00014531  _Z12ST7735_closei                                                                                                                               
0001453b  _Z13ST7735_unlinkPKc                                                                                                                            
00014545  _Z8PLL_Initv                                                                                                                                    
0001454f  _ZN8Gameplay9getPacketEv                                                                                                                        
00014559  _ZNKSt3__122__compressed_pair_elemINS_12basic_stringIcNS_11char_traitsIcEENS_9allocatorIcEEE5__repELi0ELb0EE5__getB6v15007Ev                    
00014563  _ZNSt3__112__to_addressB6v15007IKcEEPT_S3_                                                                                                      
0001456d  _ZNSt3__114pointer_traitsIPKcE10pointer_toB6v15007ERS1_                                                                                         
00014577  _ZNSt3__116__non_trivial_ifILb1ENS_9allocatorIcEEEC2B6v15007Ev                                                                                  
00014581  _ZNSt3__122__compressed_pair_elemINS_12basic_stringIcNS_11char_traitsIcEENS_9allocatorIcEEE5__repELi0ELb0EE5__getB6v15007Ev                     
0001458b  _ZNSt3__122__compressed_pair_elemINS_12basic_stringIcNS_11char_traitsIcEENS_9allocatorIcEEE5__repELi0ELb0EEC2B6v15007ENS_18__default_init_tagE  
0001459d  _ZNSt3__119__debug_db_insert_cB6v15007INS_12basic_stringIcNS_11char_traitsIcEENS_9allocatorIcEEEEEEvPT_                                         
000145a5  _ZdlPv                                                                                                                                          
000145ad  __aeabi_memcpy                                                                                                                                  
000145ad  __aeabi_memcpy4                                                                                                                                 
000145ad  __aeabi_memcpy8                                                                                                                                 
000145b5  __aeabi_memmove                                                                                                                                 
000145b5  __aeabi_memmove4                                                                                                                                
000145b5  __aeabi_memmove8                                                                                                                                
000145bd  __cxa_ia64_exit                                                                                                                                 
000145c5  remove                                                                                                                                          
000145cd  ADC0_IRQHandler                                                                                                                                 
000145cd  ADC1_IRQHandler                                                                                                                                 
000145cd  AES_IRQHandler                                                                                                                                  
000145cd  CANFD0_IRQHandler                                                                                                                               
000145cd  DAC0_IRQHandler                                                                                                                                 
000145cd  DMA_IRQHandler                                                                                                                                  
000145cd  Default_Handler                                                                                                                                 
000145cd  GROUP0_IRQHandler                                                                                                                               
000145cd  GROUP1_IRQHandler                                                                                                                               
000145cd  I2C0_IRQHandler                                                                                                                                 
000145cd  I2C1_IRQHandler                                                                                                                                 
000145cd  NMI_Handler                                                                                                                                     
000145cd  PendSV_Handler                                                                                                                                  
000145cd  RTC_IRQHandler                                                                                                                                  
000145cd  SPI0_IRQHandler                                                                                                                                 
000145cd  SPI1_IRQHandler                                                                                                                                 
000145cd  SVC_Handler                                                                                                                                     
000145cd  TIMA0_IRQHandler                                                                                                                                
000145cd  TIMA1_IRQHandler                                                                                                                                
000145cd  TIMG0_IRQHandler                                                                                                                                
000145cd  TIMG6_IRQHandler                                                                                                                                
000145cd  TIMG8_IRQHandler                                                                                                                                
000145cd  UART0_IRQHandler                                                                                                                                
000145cd  UART1_IRQHandler                                                                                                                                
000145cd  UART2_IRQHandler                                                                                                                                
000145cd  UART3_IRQHandler                                                                                                                                
000145d1  HardFault_Handler                                                                                                                               
000145d5  Reset_Handler                                                                                                                                   
000145d9  _system_pre_init                                                                                                                                
000145dc  C$$EXIT                                                                                                                                         
000145dd  abort                                                                                                                                           
000145e0  SHT$$INIT_ARRAY$$Base                                                                                                                           
000145ec  SHT$$INIT_ARRAY$$Limit                                                                                                                          
000146cc  __TI_Handler_Table_Base                                                                                                                         
000146d8  __TI_Handler_Table_Limit                                                                                                                        
000146e0  __TI_CINIT_Base                                                                                                                                 
000146f0  __TI_CINIT_Limit                                                                                                                                
000146f0  __TI_CINIT_Warm                                                                                                                                 
20200000  __start___llvm_prf_bits                                                                                                                         
20200000  __start___llvm_prf_cnts                                                                                                                         
20200000  __stop___llvm_prf_bits                                                                                                                          
20200000  __stop___llvm_prf_cnts                                                                                                                          
20200000  visitedMatrix                                                                                                                                   
202044c0  _CIOBUF_                                                                                                                                        
202044c0  __CIOBUF_                                                                                                                                       
202045e0  __TI_tmpnams                                                                                                                                    
20204708  parmbuf                                                                                                                                         
20204710  TExaSLogic                                                                                                                                      
20204714  TExaSadc                                                                                                                                        
2020471c  curSound                                                                                                                                        
20204728  menuFSM                                                                                                                                         
20204890  _ftable                                                                                                                                         
20204980  gameRunner                                                                                                                                      
20204a00  _device                                                                                                                                         
20204a78  langText                                                                                                                                        
20204ad8  mainText                                                                                                                                        
20204b38  settText                                                                                                                                        
20204b98  _stream                                                                                                                                         
20204be8  MainFSM                                                                                                                                         
20204c10  cycleSprites                                                                                                                                    
20204c30  settChange                                                                                                                                      
20204c40  langChange                                                                                                                                      
20204c4c  mainChange                                                                                                                                      
20204c58  speeds                                                                                                                                          
20204c64  __TI_cleanup_ptr                                                                                                                                
20204c68  __TI_dtors_ptr                                                                                                                                  
20204c6c  axes                                                                                                                                            
20204c80  BusFreq                                                                                                                                         
20204c84  StX                                                                                                                                             
20204c88  StY                                                                                                                                             
20204c8c  __TI_ft_end                                                                                                                                     
20204c90  __cxa_new_handler                                                                                                                               
20204c94  __dso_handle                                                                                                                                    
20204c98  _lock                                                                                                                                           
20204c9c  _unlock                                                                                                                                         
20204ca0  bikeSpeed                                                                                                                                       
20204ca4  buttonInput                                                                                                                                     
20204ca8  col                                                                                                                                             
20204cac  currInd                                                                                                                                         
20204cb0  currLang                                                                                                                                        
20204cb4  currState                                                                                                                                       
20204cb8  ind                                                                                                                                             
20204cbc  lasInd                                                                                                                                          
20204cc0  lastInput                                                                                                                                       
20204cc4  off                                                                                                                                             
20204cc8  period                                                                                                                                          
20204ccc  priority                                                                                                                                        
20204cd0  row                                                                                                                                             
20204cd4  size                                                                                                                                            
20204cd8  xInput                                                                                                                                          
20204cdc  yInput                                                                                                                                          
20204ce0  StTextColor                                                                                                                                     
20204ce6  abilityEnabled                                                                                                                                  
20204ce7  done                                                                                                                                            
20204ce9  host                                                                                                                                            
20204cea  joystickPacket                                                                                                                                  
20204ceb  semaphore                                                                                                                                       
20204cf8  _sys_memory                                                                                                                                     
20207e00  __stack                                                                                                                                         
20208000  __STACK_END                                                                                                                                     
ffffffff  __TI_pprof_out_hndl                                                                                                                             
ffffffff  __TI_prof_data_size                                                                                                                             
ffffffff  __TI_prof_data_start                                                                                                                            
ffffffff  __binit__                                                                                                                                       
ffffffff  binit                                                                                                                                           
UNDEFED   __mpu_init                                                                                                                                      
UNDEFED   _system_post_cinit                                                                                                                              

[303 symbols]
